2023-07-18 14:51:57 [DEBUG]: balance class number: set every kind num to 490
2023-07-18 14:51:57 [DEBUG]: balance class number: set every kind num to 490
2023-07-18 14:52:23 [DEBUG]: balance class number: set every kind num to 490
2023-07-18 14:52:23 [DEBUG]: balance class number: set every kind num to 490
2023-07-18 14:54:02 [DEBUG]: balance class number: set every kind num to 490
2023-07-18 14:54:02 [DEBUG]: balance class number: set every kind num to 490
2023-07-18 14:54:47 [DEBUG]: balance class number: set every kind num to 490
2023-07-18 14:54:47 [DEBUG]: balance class number: set every kind num to 490
2023-07-18 14:55:30 [DEBUG]: balance class number: set every kind num to 490
2023-07-18 14:55:30 [DEBUG]: balance class number: set every kind num to 490
2023-07-18 15:04:36 [DEBUG]: balance class number: set every kind num to 490
2023-07-18 15:04:36 [DEBUG]: balance class number: set every kind num to 490
2023-07-18 15:04:47 [DEBUG]: balance class number: set every kind num to 490
2023-07-18 15:04:47 [DEBUG]: balance class number: set every kind num to 490
2023-07-18 15:04:53 [DEBUG]: 
              precision    recall  f1-score   support

           1     1.0000    1.0000    1.0000      1062
           2     1.0000    1.0000    1.0000      1613

    accuracy                         1.0000      2675
   macro avg     1.0000    1.0000    1.0000      2675
weighted avg     1.0000    1.0000    1.0000      2675

2023-07-18 15:04:53 [DEBUG]: 
              precision    recall  f1-score   support

           1     0.5740    0.9578    0.7178       166
           2     0.8833    0.3099    0.4589       171

    accuracy                         0.6291       337
   macro avg     0.7287    0.6339    0.5884       337
weighted avg     0.7310    0.6291    0.5864       337

2023-07-18 15:05:59 [DEBUG]: balance class number: set every kind num to 490
2023-07-18 15:05:59 [DEBUG]: balance class number: set every kind num to 490
2023-07-18 15:06:04 [DEBUG]: 
              precision    recall  f1-score   support

           1     1.0000    1.0000    1.0000      1062
           2     1.0000    1.0000    1.0000      1613

    accuracy                         1.0000      2675
   macro avg     1.0000    1.0000    1.0000      2675
weighted avg     1.0000    1.0000    1.0000      2675

2023-07-18 15:06:04 [DEBUG]: 
              precision    recall  f1-score   support

           1     0.5740    0.9578    0.7178       166
           2     0.8833    0.3099    0.4589       171

    accuracy                         0.6291       337
   macro avg     0.7287    0.6339    0.5884       337
weighted avg     0.7310    0.6291    0.5864       337

2023-07-18 15:08:38 [DEBUG]: balance class number: set every kind num to 490
2023-07-18 15:08:38 [DEBUG]: balance class number: set every kind num to 490
2023-07-18 15:08:44 [DEBUG]: 
              precision    recall  f1-score   support

           1     1.0000    1.0000    1.0000      1062
           2     1.0000    1.0000    1.0000      1613

    accuracy                         1.0000      2675
   macro avg     1.0000    1.0000    1.0000      2675
weighted avg     1.0000    1.0000    1.0000      2675

2023-07-18 15:08:44 [DEBUG]: 
              precision    recall  f1-score   support

           1     0.5740    0.9578    0.7178       166
           2     0.8833    0.3099    0.4589       171

    accuracy                         0.6291       337
   macro avg     0.7287    0.6339    0.5884       337
weighted avg     0.7310    0.6291    0.5864       337

2023-07-18 15:09:07 [DEBUG]: balance class number: set every kind num to 490
2023-07-18 15:09:07 [DEBUG]: balance class number: set every kind num to 490
2023-07-18 15:09:12 [DEBUG]: 
              precision    recall  f1-score   support

           1     1.0000    1.0000    1.0000      1062
           2     1.0000    1.0000    1.0000      1613

    accuracy                         1.0000      2675
   macro avg     1.0000    1.0000    1.0000      2675
weighted avg     1.0000    1.0000    1.0000      2675

2023-07-18 15:09:12 [DEBUG]: 
              precision    recall  f1-score   support

           1     0.5740    0.9578    0.7178       166
           2     0.8833    0.3099    0.4589       171

    accuracy                         0.6291       337
   macro avg     0.7287    0.6339    0.5884       337
weighted avg     0.7310    0.6291    0.5864       337

2023-07-18 15:10:37 [DEBUG]: balance class number: set every kind num to 490
2023-07-18 15:10:37 [DEBUG]: balance class number: set every kind num to 490
2023-07-18 15:10:43 [DEBUG]: 
              precision    recall  f1-score   support

           1     1.0000    1.0000    1.0000      1062
           2     1.0000    1.0000    1.0000      1613

    accuracy                         1.0000      2675
   macro avg     1.0000    1.0000    1.0000      2675
weighted avg     1.0000    1.0000    1.0000      2675

2023-07-18 15:10:43 [DEBUG]: 
              precision    recall  f1-score   support

           1     0.5740    0.9578    0.7178       166
           2     0.8833    0.3099    0.4589       171

    accuracy                         0.6291       337
   macro avg     0.7287    0.6339    0.5884       337
weighted avg     0.7310    0.6291    0.5864       337

2023-07-18 15:16:27 [DEBUG]: balance class number: set every kind num to 490
2023-07-18 15:16:27 [DEBUG]: balance class number: set every kind num to 490
2023-07-18 15:16:44 [DEBUG]: balance class number: set every kind num to 490
2023-07-18 15:16:44 [DEBUG]: balance class number: set every kind num to 490
2023-07-18 15:16:50 [DEBUG]: 
              precision    recall  f1-score   support

           1     1.0000    1.0000    1.0000      1062
           2     1.0000    1.0000    1.0000      1613

    accuracy                         1.0000      2675
   macro avg     1.0000    1.0000    1.0000      2675
weighted avg     1.0000    1.0000    1.0000      2675

2023-07-18 15:16:50 [DEBUG]: 
              precision    recall  f1-score   support

           1     0.5740    0.9578    0.7178       166
           2     0.8833    0.3099    0.4589       171

    accuracy                         0.6291       337
   macro avg     0.7287    0.6339    0.5884       337
weighted avg     0.7310    0.6291    0.5864       337

2023-07-18 15:18:15 [DEBUG]: balance class number: set every kind num to 490
2023-07-18 15:18:15 [DEBUG]: balance class number: set every kind num to 490
2023-07-18 15:18:20 [DEBUG]: 
              precision    recall  f1-score   support

           1     1.0000    1.0000    1.0000      1062
           2     1.0000    1.0000    1.0000      1613

    accuracy                         1.0000      2675
   macro avg     1.0000    1.0000    1.0000      2675
weighted avg     1.0000    1.0000    1.0000      2675

2023-07-18 15:18:20 [DEBUG]: 
              precision    recall  f1-score   support

           1     0.5288    0.9940    0.6904       166
           2     0.9600    0.1404    0.2449       171

    accuracy                         0.5608       337
   macro avg     0.7444    0.5672    0.4676       337
weighted avg     0.7476    0.5608    0.4643       337

2023-07-18 15:22:53 [DEBUG]: balance class number: set every kind num to 490
2023-07-18 15:22:53 [DEBUG]: balance class number: set every kind num to 490
2023-07-18 15:22:59 [DEBUG]: 
              precision    recall  f1-score   support

           1     1.0000    1.0000    1.0000      1062
           2     1.0000    1.0000    1.0000      1613

    accuracy                         1.0000      2675
   macro avg     1.0000    1.0000    1.0000      2675
weighted avg     1.0000    1.0000    1.0000      2675

2023-07-18 15:22:59 [DEBUG]: 
              precision    recall  f1-score   support

           1     0.5288    0.9940    0.6904       166
           2     0.9600    0.1404    0.2449       171

    accuracy                         0.5608       337
   macro avg     0.7444    0.5672    0.4676       337
weighted avg     0.7476    0.5608    0.4643       337

2023-07-18 15:23:23 [DEBUG]: balance class number: set every kind num to 490
2023-07-18 15:23:23 [DEBUG]: balance class number: set every kind num to 490
2023-07-18 15:23:29 [DEBUG]: 
              precision    recall  f1-score   support

           1     1.0000    1.0000    1.0000      1062
           2     1.0000    1.0000    1.0000      1613

    accuracy                         1.0000      2675
   macro avg     1.0000    1.0000    1.0000      2675
weighted avg     1.0000    1.0000    1.0000      2675

2023-07-18 15:23:29 [DEBUG]: 
              precision    recall  f1-score   support

           1     0.5288    0.9940    0.6904       166
           2     0.9600    0.1404    0.2449       171

    accuracy                         0.5608       337
   macro avg     0.7444    0.5672    0.4676       337
weighted avg     0.7476    0.5608    0.4643       337

2023-07-18 15:27:03 [DEBUG]: balance class number: set every kind num to 490
2023-07-18 15:27:03 [DEBUG]: balance class number: set every kind num to 490
2023-07-18 15:27:09 [DEBUG]: 
              precision    recall  f1-score   support

           1     1.0000    1.0000    1.0000      1062
           2     1.0000    1.0000    1.0000      1613

    accuracy                         1.0000      2675
   macro avg     1.0000    1.0000    1.0000      2675
weighted avg     1.0000    1.0000    1.0000      2675

2023-07-18 15:27:09 [DEBUG]: 
              precision    recall  f1-score   support

           1     0.5288    0.9940    0.6904       166
           2     0.9600    0.1404    0.2449       171

    accuracy                         0.5608       337
   macro avg     0.7444    0.5672    0.4676       337
weighted avg     0.7476    0.5608    0.4643       337

2023-07-18 15:27:24 [DEBUG]: balance class number: set every kind num to 490
2023-07-18 15:27:24 [DEBUG]: balance class number: set every kind num to 490
2023-07-18 15:27:30 [DEBUG]: 
              precision    recall  f1-score   support

           1     1.0000    1.0000    1.0000      1062
           2     1.0000    1.0000    1.0000      1613

    accuracy                         1.0000      2675
   macro avg     1.0000    1.0000    1.0000      2675
weighted avg     1.0000    1.0000    1.0000      2675

2023-07-18 15:27:30 [DEBUG]: 
              precision    recall  f1-score   support

           1     0.5288    0.9940    0.6904       166
           2     0.9600    0.1404    0.2449       171

    accuracy                         0.5608       337
   macro avg     0.7444    0.5672    0.4676       337
weighted avg     0.7476    0.5608    0.4643       337

2023-07-18 15:27:30 [DEBUG]: Loaded backend tkagg version 8.6.
2023-07-18 15:28:20 [DEBUG]: balance class number: set every kind num to 490
2023-07-18 15:28:20 [DEBUG]: balance class number: set every kind num to 490
2023-07-18 15:28:26 [DEBUG]: 
              precision    recall  f1-score   support

           1     1.0000    1.0000    1.0000      1062
           2     1.0000    1.0000    1.0000      1613

    accuracy                         1.0000      2675
   macro avg     1.0000    1.0000    1.0000      2675
weighted avg     1.0000    1.0000    1.0000      2675

2023-07-18 15:28:26 [DEBUG]: 
              precision    recall  f1-score   support

           1     0.5288    0.9940    0.6904       166
           2     0.9600    0.1404    0.2449       171

    accuracy                         0.5608       337
   macro avg     0.7444    0.5672    0.4676       337
weighted avg     0.7476    0.5608    0.4643       337

2023-07-18 15:38:00 [DEBUG]: balance class number: set every kind num to 490
2023-07-18 15:38:00 [DEBUG]: balance class number: set every kind num to 490
2023-07-18 15:38:06 [DEBUG]: 
              precision    recall  f1-score   support

           1     1.0000    1.0000    1.0000      1062
           2     1.0000    1.0000    1.0000      1613

    accuracy                         1.0000      2675
   macro avg     1.0000    1.0000    1.0000      2675
weighted avg     1.0000    1.0000    1.0000      2675

2023-07-18 15:38:06 [DEBUG]: 
              precision    recall  f1-score   support

           1     0.5740    0.9578    0.7178       166
           2     0.8833    0.3099    0.4589       171

    accuracy                         0.6291       337
   macro avg     0.7287    0.6339    0.5884       337
weighted avg     0.7310    0.6291    0.5864       337

2023-07-18 15:41:31 [DEBUG]: balance class number: set every kind num to 490
2023-07-18 15:41:31 [DEBUG]: balance class number: set every kind num to 490
2023-07-18 15:41:36 [DEBUG]: 
              precision    recall  f1-score   support

           1     1.0000    1.0000    1.0000      1062
           2     1.0000    1.0000    1.0000      1613

    accuracy                         1.0000      2675
   macro avg     1.0000    1.0000    1.0000      2675
weighted avg     1.0000    1.0000    1.0000      2675

2023-07-18 15:41:36 [DEBUG]: 
              precision    recall  f1-score   support

           1     0.5793    0.9458    0.7185       166
           2     0.8636    0.3333    0.4810       171

    accuracy                         0.6350       337
   macro avg     0.7215    0.6396    0.5998       337
weighted avg     0.7236    0.6350    0.5980       337

2023-07-18 15:43:38 [DEBUG]: balance class number: set every kind num to 490
2023-07-18 15:43:38 [DEBUG]: balance class number: set every kind num to 490
2023-07-18 15:43:44 [DEBUG]: 
              precision    recall  f1-score   support

           1     1.0000    1.0000    1.0000      1062
           2     1.0000    1.0000    1.0000      1613

    accuracy                         1.0000      2675
   macro avg     1.0000    1.0000    1.0000      2675
weighted avg     1.0000    1.0000    1.0000      2675

2023-07-18 15:43:44 [DEBUG]: 
              precision    recall  f1-score   support

           1     0.5740    0.9578    0.7178       166
           2     0.8833    0.3099    0.4589       171

    accuracy                         0.6291       337
   macro avg     0.7287    0.6339    0.5884       337
weighted avg     0.7310    0.6291    0.5864       337

2023-07-18 15:46:17 [DEBUG]: balance class number: set every kind num to 490
2023-07-18 15:46:17 [DEBUG]: balance class number: set every kind num to 490
2023-07-18 15:46:22 [DEBUG]: 
              precision    recall  f1-score   support

           1     1.0000    1.0000    1.0000      1062
           2     1.0000    1.0000    1.0000      1613

    accuracy                         1.0000      2675
   macro avg     1.0000    1.0000    1.0000      2675
weighted avg     1.0000    1.0000    1.0000      2675

2023-07-18 15:46:22 [DEBUG]: 
              precision    recall  f1-score   support

           1     0.5788    0.9518    0.7198       166
           2     0.8750    0.3275    0.4766       171

    accuracy                         0.6350       337
   macro avg     0.7269    0.6396    0.5982       337
weighted avg     0.7291    0.6350    0.5964       337

2023-07-18 15:48:09 [DEBUG]: balance class number: set every kind num to 490
2023-07-18 15:48:09 [DEBUG]: balance class number: set every kind num to 490
2023-07-18 15:48:15 [DEBUG]: 
              precision    recall  f1-score   support

           1     1.0000    1.0000    1.0000      1062
           2     1.0000    1.0000    1.0000      1613

    accuracy                         1.0000      2675
   macro avg     1.0000    1.0000    1.0000      2675
weighted avg     1.0000    1.0000    1.0000      2675

2023-07-18 15:48:15 [DEBUG]: 
              precision    recall  f1-score   support

           1     0.5930    0.9217    0.7217       166
           2     0.8354    0.3860    0.5280       171

    accuracy                         0.6499       337
   macro avg     0.7142    0.6538    0.6248       337
weighted avg     0.7160    0.6499    0.6234       337

2023-07-18 15:49:06 [DEBUG]: balance class number: set every kind num to 490
2023-07-18 15:49:06 [DEBUG]: balance class number: set every kind num to 490
2023-07-18 15:49:11 [DEBUG]: 
              precision    recall  f1-score   support

           1     1.0000    1.0000    1.0000      1062
           2     1.0000    1.0000    1.0000      1613

    accuracy                         1.0000      2675
   macro avg     1.0000    1.0000    1.0000      2675
weighted avg     1.0000    1.0000    1.0000      2675

2023-07-18 15:49:11 [DEBUG]: 
              precision    recall  f1-score   support

           1     0.5811    0.9277    0.7146       166
           2     0.8333    0.3509    0.4938       171

    accuracy                         0.6350       337
   macro avg     0.7072    0.6393    0.6042       337
weighted avg     0.7091    0.6350    0.6026       337

2023-07-18 15:49:36 [DEBUG]: balance class number: set every kind num to 490
2023-07-18 15:49:36 [DEBUG]: balance class number: set every kind num to 490
2023-07-18 15:49:41 [DEBUG]: 
              precision    recall  f1-score   support

           1     1.0000    1.0000    1.0000      1062
           2     1.0000    1.0000    1.0000      1613

    accuracy                         1.0000      2675
   macro avg     1.0000    1.0000    1.0000      2675
weighted avg     1.0000    1.0000    1.0000      2675

2023-07-18 15:49:41 [DEBUG]: 
              precision    recall  f1-score   support

           1     0.5788    0.9518    0.7198       166
           2     0.8750    0.3275    0.4766       171

    accuracy                         0.6350       337
   macro avg     0.7269    0.6396    0.5982       337
weighted avg     0.7291    0.6350    0.5964       337

2023-07-18 15:50:01 [DEBUG]: balance class number: set every kind num to 490
2023-07-18 15:50:01 [DEBUG]: balance class number: set every kind num to 490
2023-07-18 15:50:07 [DEBUG]: 
              precision    recall  f1-score   support

           1     1.0000    1.0000    1.0000      1062
           2     1.0000    1.0000    1.0000      1613

    accuracy                         1.0000      2675
   macro avg     1.0000    1.0000    1.0000      2675
weighted avg     1.0000    1.0000    1.0000      2675

2023-07-18 15:50:07 [DEBUG]: 
              precision    recall  f1-score   support

           1     0.5627    0.9458    0.7056       166
           2     0.8448    0.2865    0.4279       171

    accuracy                         0.6113       337
   macro avg     0.7038    0.6162    0.5668       337
weighted avg     0.7059    0.6113    0.5647       337

2023-07-18 15:51:01 [DEBUG]: balance class number: set every kind num to 490
2023-07-18 15:51:01 [DEBUG]: balance class number: set every kind num to 490
2023-07-18 15:51:06 [DEBUG]: 
              precision    recall  f1-score   support

           1     1.0000    1.0000    1.0000      1062
           2     1.0000    1.0000    1.0000      1613

    accuracy                         1.0000      2675
   macro avg     1.0000    1.0000    1.0000      2675
weighted avg     1.0000    1.0000    1.0000      2675

2023-07-18 15:51:07 [DEBUG]: 
              precision    recall  f1-score   support

           1     0.5788    0.9518    0.7198       166
           2     0.8750    0.3275    0.4766       171

    accuracy                         0.6350       337
   macro avg     0.7269    0.6396    0.5982       337
weighted avg     0.7291    0.6350    0.5964       337

2023-07-18 15:51:24 [DEBUG]: balance class number: set every kind num to 490
2023-07-18 15:51:24 [DEBUG]: balance class number: set every kind num to 490
2023-07-18 15:51:30 [DEBUG]: 
              precision    recall  f1-score   support

           1     1.0000    1.0000    1.0000      1062
           2     1.0000    1.0000    1.0000      1613

    accuracy                         1.0000      2675
   macro avg     1.0000    1.0000    1.0000      2675
weighted avg     1.0000    1.0000    1.0000      2675

2023-07-18 15:51:30 [DEBUG]: 
              precision    recall  f1-score   support

           1     0.5889    0.9578    0.7294       166
           2     0.8955    0.3509    0.5042       171

    accuracy                         0.6499       337
   macro avg     0.7422    0.6544    0.6168       337
weighted avg     0.7445    0.6499    0.6151       337

2023-07-18 15:52:33 [DEBUG]: balance class number: set every kind num to 490
2023-07-18 15:52:33 [DEBUG]: balance class number: set every kind num to 490
2023-07-18 15:52:38 [DEBUG]: 
              precision    recall  f1-score   support

           1     1.0000    1.0000    1.0000      1062
           2     1.0000    1.0000    1.0000      1613

    accuracy                         1.0000      2675
   macro avg     1.0000    1.0000    1.0000      2675
weighted avg     1.0000    1.0000    1.0000      2675

2023-07-18 15:52:38 [DEBUG]: 
              precision    recall  f1-score   support

           1     0.5739    0.9819    0.7244       166
           2     0.9434    0.2924    0.4464       171

    accuracy                         0.6320       337
   macro avg     0.7587    0.6372    0.5854       337
weighted avg     0.7614    0.6320    0.5834       337

2023-07-18 15:53:08 [DEBUG]: balance class number: set every kind num to 490
2023-07-18 15:53:08 [DEBUG]: balance class number: set every kind num to 490
2023-07-18 15:53:14 [DEBUG]: 
              precision    recall  f1-score   support

           1     1.0000    1.0000    1.0000      1062
           2     1.0000    1.0000    1.0000      1613

    accuracy                         1.0000      2675
   macro avg     1.0000    1.0000    1.0000      2675
weighted avg     1.0000    1.0000    1.0000      2675

2023-07-18 15:53:14 [DEBUG]: 
              precision    recall  f1-score   support

           1     0.5679    0.9578    0.7130       166
           2     0.8772    0.2924    0.4386       171

    accuracy                         0.6202       337
   macro avg     0.7225    0.6251    0.5758       337
weighted avg     0.7248    0.6202    0.5738       337

2023-07-18 15:54:09 [DEBUG]: balance class number: set every kind num to 490
2023-07-18 15:54:09 [DEBUG]: balance class number: set every kind num to 490
2023-07-18 15:54:15 [DEBUG]: 
              precision    recall  f1-score   support

           1     1.0000    1.0000    1.0000      1062
           2     1.0000    1.0000    1.0000      1613

    accuracy                         1.0000      2675
   macro avg     1.0000    1.0000    1.0000      2675
weighted avg     1.0000    1.0000    1.0000      2675

2023-07-18 15:54:15 [DEBUG]: 
              precision    recall  f1-score   support

           1     0.5603    0.9518    0.7054       166
           2     0.8545    0.2749    0.4159       171

    accuracy                         0.6083       337
   macro avg     0.7074    0.6133    0.5606       337
weighted avg     0.7096    0.6083    0.5585       337

2023-07-18 15:54:38 [DEBUG]: balance class number: set every kind num to 490
2023-07-18 15:54:38 [DEBUG]: balance class number: set every kind num to 490
2023-07-18 15:54:44 [DEBUG]: 
              precision    recall  f1-score   support

           1     1.0000    1.0000    1.0000      1062
           2     1.0000    1.0000    1.0000      1613

    accuracy                         1.0000      2675
   macro avg     1.0000    1.0000    1.0000      2675
weighted avg     1.0000    1.0000    1.0000      2675

2023-07-18 15:54:44 [DEBUG]: 
              precision    recall  f1-score   support

           1     0.6309    0.8855    0.7368       166
           2     0.8173    0.4971    0.6182       171

    accuracy                         0.6884       337
   macro avg     0.7241    0.6913    0.6775       337
weighted avg     0.7255    0.6884    0.6766       337

2023-07-18 15:55:14 [DEBUG]: balance class number: set every kind num to 490
2023-07-18 15:55:14 [DEBUG]: balance class number: set every kind num to 490
2023-07-18 15:55:20 [DEBUG]: 
              precision    recall  f1-score   support

           1     1.0000    1.0000    1.0000      1062
           2     1.0000    1.0000    1.0000      1613

    accuracy                         1.0000      2675
   macro avg     1.0000    1.0000    1.0000      2675
weighted avg     1.0000    1.0000    1.0000      2675

2023-07-18 15:55:20 [DEBUG]: 
              precision    recall  f1-score   support

           1     0.6584    0.8012    0.7228       166
           2     0.7556    0.5965    0.6667       171

    accuracy                         0.6973       337
   macro avg     0.7070    0.6988    0.6947       337
weighted avg     0.7077    0.6973    0.6943       337

2023-07-18 15:56:01 [DEBUG]: balance class number: set every kind num to 490
2023-07-18 15:56:01 [DEBUG]: balance class number: set every kind num to 490
2023-07-18 15:56:06 [DEBUG]: 
              precision    recall  f1-score   support

           1     1.0000    1.0000    1.0000      1062
           2     1.0000    1.0000    1.0000      1613

    accuracy                         1.0000      2675
   macro avg     1.0000    1.0000    1.0000      2675
weighted avg     1.0000    1.0000    1.0000      2675

2023-07-18 15:56:06 [DEBUG]: 
              precision    recall  f1-score   support

           1     0.6588    0.8373    0.7374       166
           2     0.7857    0.5789    0.6667       171

    accuracy                         0.7062       337
   macro avg     0.7222    0.7081    0.7020       337
weighted avg     0.7232    0.7062    0.7015       337

2023-07-18 15:56:46 [DEBUG]: balance class number: set every kind num to 490
2023-07-18 15:56:46 [DEBUG]: balance class number: set every kind num to 490
2023-07-18 15:56:51 [DEBUG]: 
              precision    recall  f1-score   support

           1     1.0000    1.0000    1.0000      1062
           2     1.0000    1.0000    1.0000      1613

    accuracy                         1.0000      2675
   macro avg     1.0000    1.0000    1.0000      2675
weighted avg     1.0000    1.0000    1.0000      2675

2023-07-18 15:56:51 [DEBUG]: 
              precision    recall  f1-score   support

           1     0.6524    0.7349    0.6912       166
           2     0.7067    0.6199    0.6604       171

    accuracy                         0.6766       337
   macro avg     0.6795    0.6774    0.6758       337
weighted avg     0.6799    0.6766    0.6756       337

2023-07-18 15:57:31 [DEBUG]: balance class number: set every kind num to 490
2023-07-18 15:57:31 [DEBUG]: balance class number: set every kind num to 490
2023-07-18 15:57:37 [DEBUG]: 
              precision    recall  f1-score   support

           1     1.0000    1.0000    1.0000      1062
           2     1.0000    1.0000    1.0000      1613

    accuracy                         1.0000      2675
   macro avg     1.0000    1.0000    1.0000      2675
weighted avg     1.0000    1.0000    1.0000      2675

2023-07-18 15:57:37 [DEBUG]: 
              precision    recall  f1-score   support

           1     0.6588    0.8373    0.7374       166
           2     0.7857    0.5789    0.6667       171

    accuracy                         0.7062       337
   macro avg     0.7222    0.7081    0.7020       337
weighted avg     0.7232    0.7062    0.7015       337

2023-07-18 15:57:54 [DEBUG]: balance class number: set every kind num to 490
2023-07-18 15:57:54 [DEBUG]: balance class number: set every kind num to 490
2023-07-18 15:57:59 [DEBUG]: 
              precision    recall  f1-score   support

           1     1.0000    1.0000    1.0000      1062
           2     1.0000    1.0000    1.0000      1613

    accuracy                         1.0000      2675
   macro avg     1.0000    1.0000    1.0000      2675
weighted avg     1.0000    1.0000    1.0000      2675

2023-07-18 15:57:59 [DEBUG]: 
              precision    recall  f1-score   support

           1     0.6631    0.7470    0.7025       166
           2     0.7200    0.6316    0.6729       171

    accuracy                         0.6884       337
   macro avg     0.6916    0.6893    0.6877       337
weighted avg     0.6920    0.6884    0.6875       337

2023-07-18 15:58:25 [DEBUG]: balance class number: set every kind num to 490
2023-07-18 15:58:25 [DEBUG]: balance class number: set every kind num to 490
2023-07-18 15:58:30 [DEBUG]: 
              precision    recall  f1-score   support

           1     1.0000    1.0000    1.0000      1062
           2     1.0000    1.0000    1.0000      1613

    accuracy                         1.0000      2675
   macro avg     1.0000    1.0000    1.0000      2675
weighted avg     1.0000    1.0000    1.0000      2675

2023-07-18 15:58:31 [DEBUG]: 
              precision    recall  f1-score   support

           1     0.6615    0.7651    0.7095       166
           2     0.7310    0.6199    0.6709       171

    accuracy                         0.6914       337
   macro avg     0.6962    0.6925    0.6902       337
weighted avg     0.6968    0.6914    0.6899       337

2023-07-18 15:59:24 [DEBUG]: balance class number: set every kind num to 490
2023-07-18 15:59:24 [DEBUG]: balance class number: set every kind num to 490
2023-07-18 15:59:29 [DEBUG]: 
              precision    recall  f1-score   support

           1     1.0000    1.0000    1.0000      1062
           2     1.0000    1.0000    1.0000      1613

    accuracy                         1.0000      2675
   macro avg     1.0000    1.0000    1.0000      2675
weighted avg     1.0000    1.0000    1.0000      2675

2023-07-18 15:59:29 [DEBUG]: 
              precision    recall  f1-score   support

           1     0.6582    0.7771    0.7127       166
           2     0.7376    0.6082    0.6667       171

    accuracy                         0.6914       337
   macro avg     0.6979    0.6926    0.6897       337
weighted avg     0.6985    0.6914    0.6893       337

2023-07-18 16:00:01 [DEBUG]: balance class number: set every kind num to 490
2023-07-18 16:00:01 [DEBUG]: balance class number: set every kind num to 490
2023-07-18 16:00:08 [DEBUG]: 
              precision    recall  f1-score   support

           1     1.0000    1.0000    1.0000      1062
           2     1.0000    1.0000    1.0000      1613

    accuracy                         1.0000      2675
   macro avg     1.0000    1.0000    1.0000      2675
weighted avg     1.0000    1.0000    1.0000      2675

2023-07-18 16:00:08 [DEBUG]: 
              precision    recall  f1-score   support

           1     0.6183    0.8976    0.7322       166
           2     0.8229    0.4620    0.5918       171

    accuracy                         0.6766       337
   macro avg     0.7206    0.6798    0.6620       337
weighted avg     0.7221    0.6766    0.6609       337

2023-07-18 16:00:50 [DEBUG]: balance class number: set every kind num to 490
2023-07-18 16:00:50 [DEBUG]: balance class number: set every kind num to 490
2023-07-18 16:00:55 [DEBUG]: 
              precision    recall  f1-score   support

           1     1.0000    1.0000    1.0000      1062
           2     1.0000    1.0000    1.0000      1613

    accuracy                         1.0000      2675
   macro avg     1.0000    1.0000    1.0000      2675
weighted avg     1.0000    1.0000    1.0000      2675

2023-07-18 16:00:55 [DEBUG]: 
              precision    recall  f1-score   support

           1     0.6443    0.7530    0.6944       166
           2     0.7133    0.5965    0.6497       171

    accuracy                         0.6736       337
   macro avg     0.6788    0.6748    0.6721       337
weighted avg     0.6793    0.6736    0.6717       337

2023-07-18 16:01:54 [DEBUG]: balance class number: set every kind num to 490
2023-07-18 16:01:54 [DEBUG]: balance class number: set every kind num to 490
2023-07-18 16:02:00 [DEBUG]: 
              precision    recall  f1-score   support

           1     1.0000    1.0000    1.0000      1062
           2     1.0000    1.0000    1.0000      1613

    accuracy                         1.0000      2675
   macro avg     1.0000    1.0000    1.0000      2675
weighted avg     1.0000    1.0000    1.0000      2675

2023-07-18 16:02:00 [DEBUG]: 
              precision    recall  f1-score   support

           1     0.6517    0.7892    0.7139       166
           2     0.7426    0.5906    0.6580       171

    accuracy                         0.6884       337
   macro avg     0.6972    0.6899    0.6859       337
weighted avg     0.6979    0.6884    0.6855       337

2023-07-18 16:02:18 [DEBUG]: balance class number: set every kind num to 490
2023-07-18 16:02:18 [DEBUG]: balance class number: set every kind num to 490
2023-07-18 16:02:23 [DEBUG]: 
              precision    recall  f1-score   support

           1     1.0000    1.0000    1.0000      1062
           2     1.0000    1.0000    1.0000      1613

    accuracy                         1.0000      2675
   macro avg     1.0000    1.0000    1.0000      2675
weighted avg     1.0000    1.0000    1.0000      2675

2023-07-18 16:02:23 [DEBUG]: 
              precision    recall  f1-score   support

           1     0.6588    0.8373    0.7374       166
           2     0.7857    0.5789    0.6667       171

    accuracy                         0.7062       337
   macro avg     0.7222    0.7081    0.7020       337
weighted avg     0.7232    0.7062    0.7015       337

2023-07-18 16:02:58 [DEBUG]: balance class number: set every kind num to 490
2023-07-18 16:02:58 [DEBUG]: balance class number: set every kind num to 490
2023-07-18 16:03:03 [DEBUG]: 
              precision    recall  f1-score   support

           1     1.0000    1.0000    1.0000      1062
           2     1.0000    1.0000    1.0000      1613

    accuracy                         1.0000      2675
   macro avg     1.0000    1.0000    1.0000      2675
weighted avg     1.0000    1.0000    1.0000      2675

2023-07-18 16:03:03 [DEBUG]: 
              precision    recall  f1-score   support

           1     0.6702    0.7590    0.7119       166
           2     0.7315    0.6374    0.6813       171

    accuracy                         0.6973       337
   macro avg     0.7009    0.6982    0.6966       337
weighted avg     0.7013    0.6973    0.6963       337

2023-07-18 16:03:38 [DEBUG]: balance class number: set every kind num to 490
2023-07-18 16:03:38 [DEBUG]: balance class number: set every kind num to 490
2023-07-18 16:03:44 [DEBUG]: 
              precision    recall  f1-score   support

           1     1.0000    1.0000    1.0000      1062
           2     1.0000    1.0000    1.0000      1613

    accuracy                         1.0000      2675
   macro avg     1.0000    1.0000    1.0000      2675
weighted avg     1.0000    1.0000    1.0000      2675

2023-07-18 16:03:44 [DEBUG]: 
              precision    recall  f1-score   support

           1     0.6543    0.7410    0.6949       166
           2     0.7114    0.6199    0.6625       171

    accuracy                         0.6795       337
   macro avg     0.6828    0.6804    0.6787       337
weighted avg     0.6833    0.6795    0.6785       337

2023-07-18 16:04:27 [DEBUG]: balance class number: set every kind num to 490
2023-07-18 16:04:27 [DEBUG]: balance class number: set every kind num to 490
2023-07-18 16:04:33 [DEBUG]: 
              precision    recall  f1-score   support

           1     1.0000    1.0000    1.0000      1062
           2     1.0000    1.0000    1.0000      1613

    accuracy                         1.0000      2675
   macro avg     1.0000    1.0000    1.0000      2675
weighted avg     1.0000    1.0000    1.0000      2675

2023-07-18 16:04:33 [DEBUG]: 
              precision    recall  f1-score   support

           1     0.6667    0.7711    0.7151       166
           2     0.7379    0.6257    0.6772       171

    accuracy                         0.6973       337
   macro avg     0.7023    0.6984    0.6961       337
weighted avg     0.7028    0.6973    0.6959       337

2023-07-18 16:05:23 [DEBUG]: balance class number: set every kind num to 490
2023-07-18 16:05:23 [DEBUG]: balance class number: set every kind num to 490
2023-07-18 16:05:28 [DEBUG]: 
              precision    recall  f1-score   support

           1     1.0000    1.0000    1.0000      1062
           2     1.0000    1.0000    1.0000      1613

    accuracy                         1.0000      2675
   macro avg     1.0000    1.0000    1.0000      2675
weighted avg     1.0000    1.0000    1.0000      2675

2023-07-18 16:05:28 [DEBUG]: 
              precision    recall  f1-score   support

           1     0.6667    0.7590    0.7099       166
           2     0.7297    0.6316    0.6771       171

    accuracy                         0.6944       337
   macro avg     0.6982    0.6953    0.6935       337
weighted avg     0.6987    0.6944    0.6932       337

2023-07-18 16:05:54 [DEBUG]: balance class number: set every kind num to 490
2023-07-18 16:05:54 [DEBUG]: balance class number: set every kind num to 490
2023-07-18 16:05:59 [DEBUG]: 
              precision    recall  f1-score   support

           1     1.0000    1.0000    1.0000      1062
           2     1.0000    1.0000    1.0000      1613

    accuracy                         1.0000      2675
   macro avg     1.0000    1.0000    1.0000      2675
weighted avg     1.0000    1.0000    1.0000      2675

2023-07-18 16:06:00 [DEBUG]: 
              precision    recall  f1-score   support

           1     0.6684    0.7771    0.7187       166
           2     0.7431    0.6257    0.6794       171

    accuracy                         0.7003       337
   macro avg     0.7057    0.7014    0.6990       337
weighted avg     0.7063    0.7003    0.6987       337

2023-07-18 16:06:39 [DEBUG]: balance class number: set every kind num to 490
2023-07-18 16:06:39 [DEBUG]: balance class number: set every kind num to 490
2023-07-18 16:06:44 [DEBUG]: 
              precision    recall  f1-score   support

           1     1.0000    1.0000    1.0000      1062
           2     1.0000    1.0000    1.0000      1613

    accuracy                         1.0000      2675
   macro avg     1.0000    1.0000    1.0000      2675
weighted avg     1.0000    1.0000    1.0000      2675

2023-07-18 16:06:44 [DEBUG]: 
              precision    recall  f1-score   support

           1     0.6727    0.6687    0.6707       166
           2     0.6802    0.6842    0.6822       171

    accuracy                         0.6766       337
   macro avg     0.6765    0.6764    0.6765       337
weighted avg     0.6765    0.6766    0.6765       337

2023-07-18 16:07:43 [DEBUG]: balance class number: set every kind num to 490
2023-07-18 16:07:43 [DEBUG]: balance class number: set every kind num to 490
2023-07-18 16:07:48 [DEBUG]: 
              precision    recall  f1-score   support

           1     1.0000    1.0000    1.0000      1062
           2     1.0000    1.0000    1.0000      1613

    accuracy                         1.0000      2675
   macro avg     1.0000    1.0000    1.0000      2675
weighted avg     1.0000    1.0000    1.0000      2675

2023-07-18 16:07:48 [DEBUG]: 
              precision    recall  f1-score   support

           1     0.6576    0.7289    0.6914       166
           2     0.7059    0.6316    0.6667       171

    accuracy                         0.6795       337
   macro avg     0.6817    0.6802    0.6790       337
weighted avg     0.6821    0.6795    0.6789       337

2023-07-18 16:08:42 [DEBUG]: balance class number: set every kind num to 490
2023-07-18 16:08:42 [DEBUG]: balance class number: set every kind num to 490
2023-07-18 16:08:47 [DEBUG]: 
              precision    recall  f1-score   support

           1     1.0000    1.0000    1.0000      1062
           2     1.0000    1.0000    1.0000      1613

    accuracy                         1.0000      2675
   macro avg     1.0000    1.0000    1.0000      2675
weighted avg     1.0000    1.0000    1.0000      2675

2023-07-18 16:08:47 [DEBUG]: 
              precision    recall  f1-score   support

           1     0.6481    0.8434    0.7330       166
           2     0.7851    0.5556    0.6507       171

    accuracy                         0.6973       337
   macro avg     0.7166    0.6995    0.6918       337
weighted avg     0.7177    0.6973    0.6912       337

2023-07-18 16:09:10 [DEBUG]: balance class number: set every kind num to 490
2023-07-18 16:09:10 [DEBUG]: balance class number: set every kind num to 490
2023-07-18 16:09:15 [DEBUG]: 
              precision    recall  f1-score   support

           1     1.0000    1.0000    1.0000      1062
           2     1.0000    1.0000    1.0000      1613

    accuracy                         1.0000      2675
   macro avg     1.0000    1.0000    1.0000      2675
weighted avg     1.0000    1.0000    1.0000      2675

2023-07-18 16:09:15 [DEBUG]: 
              precision    recall  f1-score   support

           1     0.6319    0.6928    0.6609       166
           2     0.6710    0.6082    0.6380       171

    accuracy                         0.6499       337
   macro avg     0.6514    0.6505    0.6495       337
weighted avg     0.6517    0.6499    0.6493       337

2023-07-18 16:09:48 [DEBUG]: balance class number: set every kind num to 490
2023-07-18 16:09:48 [DEBUG]: balance class number: set every kind num to 490
2023-07-18 16:09:53 [DEBUG]: 
              precision    recall  f1-score   support

           1     1.0000    1.0000    1.0000      1062
           2     1.0000    1.0000    1.0000      1613

    accuracy                         1.0000      2675
   macro avg     1.0000    1.0000    1.0000      2675
weighted avg     1.0000    1.0000    1.0000      2675

2023-07-18 16:09:53 [DEBUG]: 
              precision    recall  f1-score   support

           1     0.6309    0.8855    0.7368       166
           2     0.8173    0.4971    0.6182       171

    accuracy                         0.6884       337
   macro avg     0.7241    0.6913    0.6775       337
weighted avg     0.7255    0.6884    0.6766       337

2023-07-18 16:10:10 [DEBUG]: balance class number: set every kind num to 490
2023-07-18 16:10:10 [DEBUG]: balance class number: set every kind num to 490
2023-07-18 16:10:15 [DEBUG]: 
              precision    recall  f1-score   support

           1     1.0000    1.0000    1.0000      1062
           2     1.0000    1.0000    1.0000      1613

    accuracy                         1.0000      2675
   macro avg     1.0000    1.0000    1.0000      2675
weighted avg     1.0000    1.0000    1.0000      2675

2023-07-18 16:10:15 [DEBUG]: 
              precision    recall  f1-score   support

           1     0.6055    0.9337    0.7346       166
           2     0.8642    0.4094    0.5556       171

    accuracy                         0.6677       337
   macro avg     0.7348    0.6715    0.6451       337
weighted avg     0.7368    0.6677    0.6437       337

2023-07-18 16:10:55 [DEBUG]: balance class number: set every kind num to 490
2023-07-18 16:10:55 [DEBUG]: balance class number: set every kind num to 490
2023-07-18 16:11:00 [DEBUG]: 
              precision    recall  f1-score   support

           1     1.0000    1.0000    1.0000      1062
           2     1.0000    1.0000    1.0000      1613

    accuracy                         1.0000      2675
   macro avg     1.0000    1.0000    1.0000      2675
weighted avg     1.0000    1.0000    1.0000      2675

2023-07-18 16:11:00 [DEBUG]: 
              precision    recall  f1-score   support

           1     0.6635    0.8313    0.7380       166
           2     0.7829    0.5906    0.6733       171

    accuracy                         0.7092       337
   macro avg     0.7232    0.7110    0.7057       337
weighted avg     0.7241    0.7092    0.7052       337

2023-07-18 16:11:18 [DEBUG]: balance class number: set every kind num to 490
2023-07-18 16:11:18 [DEBUG]: balance class number: set every kind num to 490
2023-07-18 16:11:23 [DEBUG]: 
              precision    recall  f1-score   support

           1     1.0000    1.0000    1.0000      1062
           2     1.0000    1.0000    1.0000      1613

    accuracy                         1.0000      2675
   macro avg     1.0000    1.0000    1.0000      2675
weighted avg     1.0000    1.0000    1.0000      2675

2023-07-18 16:11:23 [DEBUG]: 
              precision    recall  f1-score   support

           1     0.6584    0.8012    0.7228       166
           2     0.7556    0.5965    0.6667       171

    accuracy                         0.6973       337
   macro avg     0.7070    0.6988    0.6947       337
weighted avg     0.7077    0.6973    0.6943       337

2023-07-18 16:11:52 [DEBUG]: balance class number: set every kind num to 490
2023-07-18 16:11:52 [DEBUG]: balance class number: set every kind num to 490
2023-07-18 16:11:57 [DEBUG]: 
              precision    recall  f1-score   support

           1     1.0000    1.0000    1.0000      1062
           2     1.0000    1.0000    1.0000      1613

    accuracy                         1.0000      2675
   macro avg     1.0000    1.0000    1.0000      2675
weighted avg     1.0000    1.0000    1.0000      2675

2023-07-18 16:11:57 [DEBUG]: 
              precision    recall  f1-score   support

           1     0.5991    0.8373    0.6985       166
           2     0.7429    0.4561    0.5652       171

    accuracy                         0.6439       337
   macro avg     0.6710    0.6467    0.6319       337
weighted avg     0.6721    0.6439    0.6309       337

2023-07-18 16:12:20 [DEBUG]: balance class number: set every kind num to 490
2023-07-18 16:12:20 [DEBUG]: balance class number: set every kind num to 490
2023-07-18 16:12:25 [DEBUG]: 
              precision    recall  f1-score   support

           1     1.0000    1.0000    1.0000      1062
           2     1.0000    1.0000    1.0000      1613

    accuracy                         1.0000      2675
   macro avg     1.0000    1.0000    1.0000      2675
weighted avg     1.0000    1.0000    1.0000      2675

2023-07-18 16:12:25 [DEBUG]: 
              precision    recall  f1-score   support

           1     0.6584    0.8012    0.7228       166
           2     0.7556    0.5965    0.6667       171

    accuracy                         0.6973       337
   macro avg     0.7070    0.6988    0.6947       337
weighted avg     0.7077    0.6973    0.6943       337

2023-07-18 16:12:38 [DEBUG]: balance class number: set every kind num to 490
2023-07-18 16:12:38 [DEBUG]: balance class number: set every kind num to 490
2023-07-18 16:12:44 [DEBUG]: 
              precision    recall  f1-score   support

           1     1.0000    1.0000    1.0000      1062
           2     1.0000    1.0000    1.0000      1613

    accuracy                         1.0000      2675
   macro avg     1.0000    1.0000    1.0000      2675
weighted avg     1.0000    1.0000    1.0000      2675

2023-07-18 16:12:44 [DEBUG]: 
              precision    recall  f1-score   support

           1     0.6635    0.8313    0.7380       166
           2     0.7829    0.5906    0.6733       171

    accuracy                         0.7092       337
   macro avg     0.7232    0.7110    0.7057       337
weighted avg     0.7241    0.7092    0.7052       337

2023-07-18 16:13:17 [DEBUG]: balance class number: set every kind num to 490
2023-07-18 16:13:17 [DEBUG]: balance class number: set every kind num to 490
2023-07-18 16:13:23 [DEBUG]: 
              precision    recall  f1-score   support

           1     1.0000    1.0000    1.0000      1062
           2     1.0000    1.0000    1.0000      1613

    accuracy                         1.0000      2675
   macro avg     1.0000    1.0000    1.0000      2675
weighted avg     1.0000    1.0000    1.0000      2675

2023-07-18 16:13:23 [DEBUG]: 
              precision    recall  f1-score   support

           1     0.6620    0.8494    0.7441       166
           2     0.7984    0.5789    0.6712       171

    accuracy                         0.7122       337
   macro avg     0.7302    0.7142    0.7076       337
weighted avg     0.7312    0.7122    0.7071       337

2023-07-18 16:14:08 [DEBUG]: balance class number: set every kind num to 490
2023-07-18 16:14:08 [DEBUG]: balance class number: set every kind num to 490
2023-07-18 16:14:14 [DEBUG]: 
              precision    recall  f1-score   support

           1     1.0000    1.0000    1.0000      1062
           2     1.0000    1.0000    1.0000      1613

    accuracy                         1.0000      2675
   macro avg     1.0000    1.0000    1.0000      2675
weighted avg     1.0000    1.0000    1.0000      2675

2023-07-18 16:14:14 [DEBUG]: 
              precision    recall  f1-score   support

           1     0.6634    0.8072    0.7283       166
           2     0.7630    0.6023    0.6732       171

    accuracy                         0.7033       337
   macro avg     0.7132    0.7048    0.7007       337
weighted avg     0.7139    0.7033    0.7003       337

2023-07-18 16:15:09 [DEBUG]: balance class number: set every kind num to 490
2023-07-18 16:15:09 [DEBUG]: balance class number: set every kind num to 490
2023-07-18 16:15:14 [DEBUG]: 
              precision    recall  f1-score   support

           1     1.0000    1.0000    1.0000      1062
           2     1.0000    1.0000    1.0000      1613

    accuracy                         1.0000      2675
   macro avg     1.0000    1.0000    1.0000      2675
weighted avg     1.0000    1.0000    1.0000      2675

2023-07-18 16:15:14 [DEBUG]: 
              precision    recall  f1-score   support

           1     0.6684    0.7530    0.7082       166
           2     0.7267    0.6374    0.6791       171

    accuracy                         0.6944       337
   macro avg     0.6976    0.6952    0.6937       337
weighted avg     0.6980    0.6944    0.6935       337

2023-07-18 16:15:52 [DEBUG]: balance class number: set every kind num to 490
2023-07-18 16:15:52 [DEBUG]: balance class number: set every kind num to 490
2023-07-18 16:15:57 [DEBUG]: 
              precision    recall  f1-score   support

           1     1.0000    1.0000    1.0000      1062
           2     1.0000    1.0000    1.0000      1613

    accuracy                         1.0000      2675
   macro avg     1.0000    1.0000    1.0000      2675
weighted avg     1.0000    1.0000    1.0000      2675

2023-07-18 16:15:57 [DEBUG]: 
              precision    recall  f1-score   support

           1     0.6442    0.8072    0.7166       166
           2     0.7519    0.5673    0.6467       171

    accuracy                         0.6855       337
   macro avg     0.6981    0.6872    0.6816       337
weighted avg     0.6989    0.6855    0.6811       337

2023-07-18 16:16:15 [DEBUG]: balance class number: set every kind num to 490
2023-07-18 16:16:15 [DEBUG]: balance class number: set every kind num to 490
2023-07-18 16:16:21 [DEBUG]: 
              precision    recall  f1-score   support

           1     1.0000    1.0000    1.0000      1062
           2     1.0000    1.0000    1.0000      1613

    accuracy                         1.0000      2675
   macro avg     1.0000    1.0000    1.0000      2675
weighted avg     1.0000    1.0000    1.0000      2675

2023-07-18 16:16:21 [DEBUG]: 
              precision    recall  f1-score   support

           1     0.6620    0.8494    0.7441       166
           2     0.7984    0.5789    0.6712       171

    accuracy                         0.7122       337
   macro avg     0.7302    0.7142    0.7076       337
weighted avg     0.7312    0.7122    0.7071       337

2023-07-18 16:17:06 [DEBUG]: balance class number: set every kind num to 490
2023-07-18 16:17:06 [DEBUG]: balance class number: set every kind num to 490
2023-07-18 16:17:11 [DEBUG]: 
              precision    recall  f1-score   support

           1     1.0000    1.0000    1.0000      1062
           2     1.0000    1.0000    1.0000      1613

    accuracy                         1.0000      2675
   macro avg     1.0000    1.0000    1.0000      2675
weighted avg     1.0000    1.0000    1.0000      2675

2023-07-18 16:17:11 [DEBUG]: 
              precision    recall  f1-score   support

           1     0.6684    0.7530    0.7082       166
           2     0.7267    0.6374    0.6791       171

    accuracy                         0.6944       337
   macro avg     0.6976    0.6952    0.6937       337
weighted avg     0.6980    0.6944    0.6935       337

2023-07-18 16:17:53 [DEBUG]: balance class number: set every kind num to 490
2023-07-18 16:17:53 [DEBUG]: balance class number: set every kind num to 490
2023-07-18 16:17:58 [DEBUG]: 
              precision    recall  f1-score   support

           1     1.0000    1.0000    1.0000      1062
           2     1.0000    1.0000    1.0000      1613

    accuracy                         1.0000      2675
   macro avg     1.0000    1.0000    1.0000      2675
weighted avg     1.0000    1.0000    1.0000      2675

2023-07-18 16:17:58 [DEBUG]: 
              precision    recall  f1-score   support

           1     0.6347    0.8373    0.7221       166
           2     0.7712    0.5322    0.6298       171

    accuracy                         0.6825       337
   macro avg     0.7029    0.6848    0.6759       337
weighted avg     0.7040    0.6825    0.6752       337

2023-07-18 16:18:23 [DEBUG]: balance class number: set every kind num to 490
2023-07-18 16:18:23 [DEBUG]: balance class number: set every kind num to 490
2023-07-18 16:18:29 [DEBUG]: 
              precision    recall  f1-score   support

           1     1.0000    1.0000    1.0000      1062
           2     1.0000    1.0000    1.0000      1613

    accuracy                         1.0000      2675
   macro avg     1.0000    1.0000    1.0000      2675
weighted avg     1.0000    1.0000    1.0000      2675

2023-07-18 16:18:29 [DEBUG]: 
              precision    recall  f1-score   support

           1     0.6620    0.8494    0.7441       166
           2     0.7984    0.5789    0.6712       171

    accuracy                         0.7122       337
   macro avg     0.7302    0.7142    0.7076       337
weighted avg     0.7312    0.7122    0.7071       337

2023-07-18 16:18:55 [DEBUG]: balance class number: set every kind num to 490
2023-07-18 16:18:55 [DEBUG]: balance class number: set every kind num to 490
2023-07-18 16:19:00 [DEBUG]: 
              precision    recall  f1-score   support

           1     1.0000    1.0000    1.0000      1062
           2     1.0000    1.0000    1.0000      1613

    accuracy                         1.0000      2675
   macro avg     1.0000    1.0000    1.0000      2675
weighted avg     1.0000    1.0000    1.0000      2675

2023-07-18 16:19:00 [DEBUG]: 
              precision    recall  f1-score   support

           1     0.6837    0.8072    0.7403       166
           2     0.7730    0.6374    0.6987       171

    accuracy                         0.7211       337
   macro avg     0.7284    0.7223    0.7195       337
weighted avg     0.7290    0.7211    0.7192       337

2023-07-18 16:27:08 [DEBUG]: balance class number: set every kind num to 490
2023-07-18 16:27:08 [DEBUG]: balance class number: set every kind num to 490
2023-07-18 16:27:13 [DEBUG]: 
              precision    recall  f1-score   support

           1     1.0000    1.0000    1.0000      1062
           2     1.0000    1.0000    1.0000      1613

    accuracy                         1.0000      2675
   macro avg     1.0000    1.0000    1.0000      2675
weighted avg     1.0000    1.0000    1.0000      2675

2023-07-18 16:27:13 [DEBUG]: 
              precision    recall  f1-score   support

           1     0.6927    0.7470    0.7188       166
           2     0.7342    0.6784    0.7052       171

    accuracy                         0.7122       337
   macro avg     0.7135    0.7127    0.7120       337
weighted avg     0.7138    0.7122    0.7119       337

2023-07-18 16:27:31 [DEBUG]: balance class number: set every kind num to 490
2023-07-18 16:27:31 [DEBUG]: balance class number: set every kind num to 490
2023-07-18 16:27:37 [DEBUG]: 
              precision    recall  f1-score   support

           1     1.0000    1.0000    1.0000      1062
           2     1.0000    1.0000    1.0000      1613

    accuracy                         1.0000      2675
   macro avg     1.0000    1.0000    1.0000      2675
weighted avg     1.0000    1.0000    1.0000      2675

2023-07-18 16:27:37 [DEBUG]: 
              precision    recall  f1-score   support

           1     0.6619    0.8373    0.7394       166
           2     0.7874    0.5848    0.6711       171

    accuracy                         0.7092       337
   macro avg     0.7247    0.7111    0.7053       337
weighted avg     0.7256    0.7092    0.7047       337

2023-07-18 16:28:19 [DEBUG]: balance class number: set every kind num to 490
2023-07-18 16:28:19 [DEBUG]: balance class number: set every kind num to 490
2023-07-18 16:28:24 [DEBUG]: 
              precision    recall  f1-score   support

           1     1.0000    1.0000    1.0000      1062
           2     1.0000    1.0000    1.0000      1613

    accuracy                         1.0000      2675
   macro avg     1.0000    1.0000    1.0000      2675
weighted avg     1.0000    1.0000    1.0000      2675

2023-07-18 16:28:24 [DEBUG]: 
              precision    recall  f1-score   support

           1     0.6837    0.8072    0.7403       166
           2     0.7730    0.6374    0.6987       171

    accuracy                         0.7211       337
   macro avg     0.7284    0.7223    0.7195       337
weighted avg     0.7290    0.7211    0.7192       337

2023-07-18 16:28:37 [DEBUG]: balance class number: set every kind num to 490
2023-07-18 16:28:37 [DEBUG]: balance class number: set every kind num to 490
2023-07-18 16:28:42 [DEBUG]: 
              precision    recall  f1-score   support

           1     1.0000    1.0000    1.0000      1062
           2     1.0000    1.0000    1.0000      1613

    accuracy                         1.0000      2675
   macro avg     1.0000    1.0000    1.0000      2675
weighted avg     1.0000    1.0000    1.0000      2675

2023-07-18 16:28:43 [DEBUG]: 
              precision    recall  f1-score   support

           1     0.6683    0.8253    0.7385       166
           2     0.7803    0.6023    0.6799       171

    accuracy                         0.7122       337
   macro avg     0.7243    0.7138    0.7092       337
weighted avg     0.7251    0.7122    0.7088       337

2023-07-18 16:29:25 [DEBUG]: balance class number: set every kind num to 490
2023-07-18 16:29:25 [DEBUG]: balance class number: set every kind num to 490
2023-07-18 16:29:31 [DEBUG]: 
              precision    recall  f1-score   support

           1     1.0000    1.0000    1.0000      1062
           2     1.0000    1.0000    1.0000      1613

    accuracy                         1.0000      2675
   macro avg     1.0000    1.0000    1.0000      2675
weighted avg     1.0000    1.0000    1.0000      2675

2023-07-18 16:29:31 [DEBUG]: 
              precision    recall  f1-score   support

           1     0.6872    0.7410    0.7130       166
           2     0.7278    0.6725    0.6991       171

    accuracy                         0.7062       337
   macro avg     0.7075    0.7067    0.7061       337
weighted avg     0.7078    0.7062    0.7060       337

2023-07-18 16:31:22 [DEBUG]: balance class number: set every kind num to 490
2023-07-18 16:31:22 [DEBUG]: balance class number: set every kind num to 490
2023-07-18 16:31:27 [DEBUG]: 
              precision    recall  f1-score   support

           1     1.0000    1.0000    1.0000      1062
           2     1.0000    1.0000    1.0000      1613

    accuracy                         1.0000      2675
   macro avg     1.0000    1.0000    1.0000      2675
weighted avg     1.0000    1.0000    1.0000      2675

2023-07-18 16:31:27 [DEBUG]: 
              precision    recall  f1-score   support

           1     0.7027    0.7831    0.7407       166
           2     0.7632    0.6784    0.7183       171

    accuracy                         0.7300       337
   macro avg     0.7329    0.7307    0.7295       337
weighted avg     0.7334    0.7300    0.7293       337

2023-07-18 16:36:13 [DEBUG]: balance class number: set every kind num to 490
2023-07-18 16:36:13 [DEBUG]: balance class number: set every kind num to 490
2023-07-18 16:36:18 [DEBUG]: 
              precision    recall  f1-score   support

           1     1.0000    1.0000    1.0000      1062
           2     1.0000    1.0000    1.0000      1613

    accuracy                         1.0000      2675
   macro avg     1.0000    1.0000    1.0000      2675
weighted avg     1.0000    1.0000    1.0000      2675

2023-07-18 16:36:18 [DEBUG]: 
              precision    recall  f1-score   support

           1     0.6227    0.8253    0.7098       166
           2     0.7521    0.5146    0.6111       171

    accuracy                         0.6677       337
   macro avg     0.6874    0.6700    0.6605       337
weighted avg     0.6884    0.6677    0.6597       337

2023-07-18 16:36:47 [DEBUG]: balance class number: set every kind num to 490
2023-07-18 16:36:47 [DEBUG]: balance class number: set every kind num to 490
2023-07-18 16:36:52 [DEBUG]: 
              precision    recall  f1-score   support

           1     1.0000    1.0000    1.0000      1062
           2     1.0000    1.0000    1.0000      1613

    accuracy                         1.0000      2675
   macro avg     1.0000    1.0000    1.0000      2675
weighted avg     1.0000    1.0000    1.0000      2675

2023-07-18 16:36:53 [DEBUG]: 
              precision    recall  f1-score   support

           1     0.6584    0.8012    0.7228       166
           2     0.7556    0.5965    0.6667       171

    accuracy                         0.6973       337
   macro avg     0.7070    0.6988    0.6947       337
weighted avg     0.7077    0.6973    0.6943       337

2023-07-18 16:37:52 [DEBUG]: balance class number: set every kind num to 490
2023-07-18 16:37:52 [DEBUG]: balance class number: set every kind num to 490
2023-07-18 16:37:57 [DEBUG]: 
              precision    recall  f1-score   support

           1     1.0000    1.0000    1.0000      1062
           2     1.0000    1.0000    1.0000      1613

    accuracy                         1.0000      2675
   macro avg     1.0000    1.0000    1.0000      2675
weighted avg     1.0000    1.0000    1.0000      2675

2023-07-18 16:37:57 [DEBUG]: 
              precision    recall  f1-score   support

           1     0.6837    0.8072    0.7403       166
           2     0.7730    0.6374    0.6987       171

    accuracy                         0.7211       337
   macro avg     0.7284    0.7223    0.7195       337
weighted avg     0.7290    0.7211    0.7192       337

2023-07-18 16:38:36 [DEBUG]: balance class number: set every kind num to 490
2023-07-18 16:38:36 [DEBUG]: balance class number: set every kind num to 490
2023-07-18 16:38:41 [DEBUG]: 
              precision    recall  f1-score   support

           1     1.0000    1.0000    1.0000      1062
           2     1.0000    1.0000    1.0000      1613

    accuracy                         1.0000      2675
   macro avg     1.0000    1.0000    1.0000      2675
weighted avg     1.0000    1.0000    1.0000      2675

2023-07-18 16:38:41 [DEBUG]: 
              precision    recall  f1-score   support

           1     0.6140    0.8434    0.7107       166
           2     0.7615    0.4854    0.5929       171

    accuracy                         0.6617       337
   macro avg     0.6878    0.6644    0.6518       337
weighted avg     0.6888    0.6617    0.6509       337

2023-07-18 16:40:44 [DEBUG]: balance class number: set every kind num to 490
2023-07-18 16:40:44 [DEBUG]: balance class number: set every kind num to 490
2023-07-18 16:40:50 [DEBUG]: 
              precision    recall  f1-score   support

           1     1.0000    1.0000    1.0000      1062
           2     1.0000    1.0000    1.0000      1613

    accuracy                         1.0000      2675
   macro avg     1.0000    1.0000    1.0000      2675
weighted avg     1.0000    1.0000    1.0000      2675

2023-07-18 16:40:50 [DEBUG]: 
              precision    recall  f1-score   support

           1     0.6700    0.8072    0.7322       166
           2     0.7664    0.6140    0.6818       171

    accuracy                         0.7092       337
   macro avg     0.7182    0.7106    0.7070       337
weighted avg     0.7189    0.7092    0.7067       337

2023-07-18 16:41:16 [DEBUG]: balance class number: set every kind num to 490
2023-07-18 16:41:16 [DEBUG]: balance class number: set every kind num to 490
2023-07-18 16:41:21 [DEBUG]: 
              precision    recall  f1-score   support

           1     1.0000    1.0000    1.0000      1062
           2     1.0000    1.0000    1.0000      1613

    accuracy                         1.0000      2675
   macro avg     1.0000    1.0000    1.0000      2675
weighted avg     1.0000    1.0000    1.0000      2675

2023-07-18 16:41:21 [DEBUG]: 
              precision    recall  f1-score   support

           1     0.6897    0.7229    0.7059       166
           2     0.7178    0.6842    0.7006       171

    accuracy                         0.7033       337
   macro avg     0.7037    0.7036    0.7032       337
weighted avg     0.7039    0.7033    0.7032       337

2023-07-18 16:42:20 [DEBUG]: balance class number: set every kind num to 490
2023-07-18 16:42:20 [DEBUG]: balance class number: set every kind num to 490
2023-07-18 16:42:27 [DEBUG]: 
              precision    recall  f1-score   support

           1     1.0000    1.0000    1.0000      1062
           2     1.0000    1.0000    1.0000      1613

    accuracy                         1.0000      2675
   macro avg     1.0000    1.0000    1.0000      2675
weighted avg     1.0000    1.0000    1.0000      2675

2023-07-18 16:42:27 [DEBUG]: 
              precision    recall  f1-score   support

           1     0.6839    0.7952    0.7354       166
           2     0.7639    0.6433    0.6984       171

    accuracy                         0.7181       337
   macro avg     0.7239    0.7192    0.7169       337
weighted avg     0.7245    0.7181    0.7166       337

2023-07-18 16:42:42 [DEBUG]: balance class number: set every kind num to 490
2023-07-18 16:42:42 [DEBUG]: balance class number: set every kind num to 490
2023-07-18 16:42:48 [DEBUG]: 
              precision    recall  f1-score   support

           1     1.0000    1.0000    1.0000      1062
           2     1.0000    1.0000    1.0000      1613

    accuracy                         1.0000      2675
   macro avg     1.0000    1.0000    1.0000      2675
weighted avg     1.0000    1.0000    1.0000      2675

2023-07-18 16:42:48 [DEBUG]: 
              precision    recall  f1-score   support

           1     0.6837    0.8072    0.7403       166
           2     0.7730    0.6374    0.6987       171

    accuracy                         0.7211       337
   macro avg     0.7284    0.7223    0.7195       337
weighted avg     0.7290    0.7211    0.7192       337

2023-07-18 16:43:26 [DEBUG]: balance class number: set every kind num to 490
2023-07-18 16:43:26 [DEBUG]: balance class number: set every kind num to 490
2023-07-18 16:43:31 [DEBUG]: 
              precision    recall  f1-score   support

           1     1.0000    1.0000    1.0000      1062
           2     1.0000    1.0000    1.0000      1613

    accuracy                         1.0000      2675
   macro avg     1.0000    1.0000    1.0000      2675
weighted avg     1.0000    1.0000    1.0000      2675

2023-07-18 16:43:31 [DEBUG]: 
              precision    recall  f1-score   support

           1     0.6650    0.7892    0.7218       166
           2     0.7500    0.6140    0.6752       171

    accuracy                         0.7003       337
   macro avg     0.7075    0.7016    0.6985       337
weighted avg     0.7081    0.7003    0.6982       337

2023-07-18 16:44:08 [DEBUG]: balance class number: set every kind num to 490
2023-07-18 16:44:08 [DEBUG]: balance class number: set every kind num to 490
2023-07-18 16:44:13 [DEBUG]: 
              precision    recall  f1-score   support

           1     1.0000    1.0000    1.0000      1062
           2     1.0000    1.0000    1.0000      1613

    accuracy                         1.0000      2675
   macro avg     1.0000    1.0000    1.0000      2675
weighted avg     1.0000    1.0000    1.0000      2675

2023-07-18 16:44:13 [DEBUG]: 
              precision    recall  f1-score   support

           1     0.6419    0.8313    0.7244       166
           2     0.7705    0.5497    0.6416       171

    accuracy                         0.6884       337
   macro avg     0.7062    0.6905    0.6830       337
weighted avg     0.7071    0.6884    0.6824       337

2023-07-18 16:44:50 [DEBUG]: balance class number: set every kind num to 490
2023-07-18 16:44:50 [DEBUG]: balance class number: set every kind num to 490
2023-07-18 16:44:55 [DEBUG]: 
              precision    recall  f1-score   support

           1     1.0000    1.0000    1.0000      1062
           2     1.0000    1.0000    1.0000      1613

    accuracy                         1.0000      2675
   macro avg     1.0000    1.0000    1.0000      2675
weighted avg     1.0000    1.0000    1.0000      2675

2023-07-18 16:44:55 [DEBUG]: 
              precision    recall  f1-score   support

           1     0.6738    0.7590    0.7139       166
           2     0.7333    0.6433    0.6854       171

    accuracy                         0.7003       337
   macro avg     0.7036    0.7012    0.6996       337
weighted avg     0.7040    0.7003    0.6994       337

2023-07-18 16:45:27 [DEBUG]: balance class number: set every kind num to 490
2023-07-18 16:45:27 [DEBUG]: balance class number: set every kind num to 490
2023-07-18 16:45:32 [DEBUG]: 
              precision    recall  f1-score   support

           1     1.0000    1.0000    1.0000      1062
           2     1.0000    1.0000    1.0000      1613

    accuracy                         1.0000      2675
   macro avg     1.0000    1.0000    1.0000      2675
weighted avg     1.0000    1.0000    1.0000      2675

2023-07-18 16:45:32 [DEBUG]: 
              precision    recall  f1-score   support

           1     0.6717    0.8012    0.7308       166
           2     0.7626    0.6199    0.6839       171

    accuracy                         0.7092       337
   macro avg     0.7172    0.7105    0.7073       337
weighted avg     0.7178    0.7092    0.7070       337

2023-07-18 16:46:22 [DEBUG]: balance class number: set every kind num to 490
2023-07-18 16:46:22 [DEBUG]: balance class number: set every kind num to 490
2023-07-18 16:46:27 [DEBUG]: 
              precision    recall  f1-score   support

           1     1.0000    1.0000    1.0000      1062
           2     1.0000    1.0000    1.0000      1613

    accuracy                         1.0000      2675
   macro avg     1.0000    1.0000    1.0000      2675
weighted avg     1.0000    1.0000    1.0000      2675

2023-07-18 16:46:27 [DEBUG]: 
              precision    recall  f1-score   support

           1     0.6330    0.8313    0.7187       166
           2     0.7647    0.5322    0.6276       171

    accuracy                         0.6795       337
   macro avg     0.6989    0.6817    0.6732       337
weighted avg     0.6998    0.6795    0.6725       337

2023-07-18 16:47:04 [DEBUG]: balance class number: set every kind num to 490
2023-07-18 16:47:05 [DEBUG]: balance class number: set every kind num to 490
2023-07-18 16:47:10 [DEBUG]: 
              precision    recall  f1-score   support

           1     1.0000    1.0000    1.0000      1062
           2     1.0000    1.0000    1.0000      1613

    accuracy                         1.0000      2675
   macro avg     1.0000    1.0000    1.0000      2675
weighted avg     1.0000    1.0000    1.0000      2675

2023-07-18 16:47:10 [DEBUG]: 
              precision    recall  f1-score   support

           1     0.7024    0.7108    0.7066       166
           2     0.7160    0.7076    0.7118       171

    accuracy                         0.7092       337
   macro avg     0.7092    0.7092    0.7092       337
weighted avg     0.7093    0.7092    0.7092       337

2023-07-18 16:47:56 [DEBUG]: balance class number: set every kind num to 490
2023-07-18 16:47:56 [DEBUG]: balance class number: set every kind num to 490
2023-07-18 16:48:01 [DEBUG]: 
              precision    recall  f1-score   support

           1     1.0000    1.0000    1.0000      1062
           2     1.0000    1.0000    1.0000      1613

    accuracy                         1.0000      2675
   macro avg     1.0000    1.0000    1.0000      2675
weighted avg     1.0000    1.0000    1.0000      2675

2023-07-18 16:48:01 [DEBUG]: 
              precision    recall  f1-score   support

           1     0.6604    0.8434    0.7407       166
           2     0.7920    0.5789    0.6689       171

    accuracy                         0.7092       337
   macro avg     0.7262    0.7112    0.7048       337
weighted avg     0.7272    0.7092    0.7043       337

2023-07-18 16:48:37 [DEBUG]: balance class number: set every kind num to 490
2023-07-18 16:48:37 [DEBUG]: balance class number: set every kind num to 490
2023-07-18 16:48:42 [DEBUG]: 
              precision    recall  f1-score   support

           1     1.0000    1.0000    1.0000      1062
           2     1.0000    1.0000    1.0000      1613

    accuracy                         1.0000      2675
   macro avg     1.0000    1.0000    1.0000      2675
weighted avg     1.0000    1.0000    1.0000      2675

2023-07-18 16:48:42 [DEBUG]: 
              precision    recall  f1-score   support

           1     0.6703    0.7470    0.7066       166
           2     0.7237    0.6433    0.6811       171

    accuracy                         0.6944       337
   macro avg     0.6970    0.6951    0.6938       337
weighted avg     0.6974    0.6944    0.6936       337

2023-07-18 16:49:01 [DEBUG]: balance class number: set every kind num to 490
2023-07-18 16:49:01 [DEBUG]: balance class number: set every kind num to 490
2023-07-18 16:49:06 [DEBUG]: 
              precision    recall  f1-score   support

           1     1.0000    1.0000    1.0000      1062
           2     1.0000    1.0000    1.0000      1613

    accuracy                         1.0000      2675
   macro avg     1.0000    1.0000    1.0000      2675
weighted avg     1.0000    1.0000    1.0000      2675

2023-07-18 16:49:06 [DEBUG]: 
              precision    recall  f1-score   support

           1     0.6837    0.8072    0.7403       166
           2     0.7730    0.6374    0.6987       171

    accuracy                         0.7211       337
   macro avg     0.7284    0.7223    0.7195       337
weighted avg     0.7290    0.7211    0.7192       337

2023-07-18 16:49:24 [DEBUG]: balance class number: set every kind num to 490
2023-07-18 16:49:24 [DEBUG]: balance class number: set every kind num to 490
2023-07-18 16:49:29 [DEBUG]: 
              precision    recall  f1-score   support

           1     1.0000    1.0000    1.0000      1062
           2     1.0000    1.0000    1.0000      1613

    accuracy                         1.0000      2675
   macro avg     1.0000    1.0000    1.0000      2675
weighted avg     1.0000    1.0000    1.0000      2675

2023-07-18 16:49:29 [DEBUG]: 
              precision    recall  f1-score   support

           1     0.6396    0.8554    0.7320       166
           2     0.7913    0.5322    0.6364       171

    accuracy                         0.6914       337
   macro avg     0.7155    0.6938    0.6842       337
weighted avg     0.7166    0.6914    0.6835       337

2023-07-18 16:50:05 [DEBUG]: balance class number: set every kind num to 490
2023-07-18 16:50:05 [DEBUG]: balance class number: set every kind num to 490
2023-07-18 16:50:11 [DEBUG]: 
              precision    recall  f1-score   support

           1     1.0000    1.0000    1.0000      1062
           2     1.0000    1.0000    1.0000      1613

    accuracy                         1.0000      2675
   macro avg     1.0000    1.0000    1.0000      2675
weighted avg     1.0000    1.0000    1.0000      2675

2023-07-18 16:50:11 [DEBUG]: 
              precision    recall  f1-score   support

           1     0.6573    0.8434    0.7388       166
           2     0.7903    0.5731    0.6644       171

    accuracy                         0.7062       337
   macro avg     0.7238    0.7082    0.7016       337
weighted avg     0.7248    0.7062    0.7010       337

2023-07-18 16:52:15 [DEBUG]: balance class number: set every kind num to 490
2023-07-18 16:52:15 [DEBUG]: balance class number: set every kind num to 490
2023-07-18 16:52:20 [DEBUG]: 
              precision    recall  f1-score   support

           1     1.0000    1.0000    1.0000      1062
           2     1.0000    1.0000    1.0000      1613

    accuracy                         1.0000      2675
   macro avg     1.0000    1.0000    1.0000      2675
weighted avg     1.0000    1.0000    1.0000      2675

2023-07-18 16:52:20 [DEBUG]: 
              precision    recall  f1-score   support

           1     0.6507    0.8193    0.7253       166
           2     0.7656    0.5731    0.6555       171

    accuracy                         0.6944       337
   macro avg     0.7082    0.6962    0.6904       337
weighted avg     0.7090    0.6944    0.6899       337

2023-07-18 16:53:11 [DEBUG]: balance class number: set every kind num to 490
2023-07-18 16:53:11 [DEBUG]: balance class number: set every kind num to 490
2023-07-18 16:53:16 [DEBUG]: 
              precision    recall  f1-score   support

           1     1.0000    1.0000    1.0000      1062
           2     1.0000    1.0000    1.0000      1613

    accuracy                         1.0000      2675
   macro avg     1.0000    1.0000    1.0000      2675
weighted avg     1.0000    1.0000    1.0000      2675

2023-07-18 16:53:17 [DEBUG]: 
              precision    recall  f1-score   support

           1     0.6868    0.7530    0.7184       166
           2     0.7355    0.6667    0.6994       171

    accuracy                         0.7092       337
   macro avg     0.7111    0.7098    0.7089       337
weighted avg     0.7115    0.7092    0.7087       337

2023-07-18 16:53:53 [DEBUG]: balance class number: set every kind num to 490
2023-07-18 16:53:53 [DEBUG]: balance class number: set every kind num to 490
2023-07-18 16:53:58 [DEBUG]: 
              precision    recall  f1-score   support

           1     1.0000    1.0000    1.0000      1062
           2     1.0000    1.0000    1.0000      1613

    accuracy                         1.0000      2675
   macro avg     1.0000    1.0000    1.0000      2675
weighted avg     1.0000    1.0000    1.0000      2675

2023-07-18 16:53:58 [DEBUG]: 
              precision    recall  f1-score   support

           1     0.6768    0.8072    0.7363       166
           2     0.7698    0.6257    0.6903       171

    accuracy                         0.7151       337
   macro avg     0.7233    0.7165    0.7133       337
weighted avg     0.7240    0.7151    0.7130       337

2023-07-18 16:54:29 [DEBUG]: balance class number: set every kind num to 490
2023-07-18 16:54:29 [DEBUG]: balance class number: set every kind num to 490
2023-07-18 16:54:34 [DEBUG]: 
              precision    recall  f1-score   support

           1     1.0000    1.0000    1.0000      1062
           2     1.0000    1.0000    1.0000      1613

    accuracy                         1.0000      2675
   macro avg     1.0000    1.0000    1.0000      2675
weighted avg     1.0000    1.0000    1.0000      2675

2023-07-18 16:54:34 [DEBUG]: 
              precision    recall  f1-score   support

           1     0.6751    0.8012    0.7328       166
           2     0.7643    0.6257    0.6881       171

    accuracy                         0.7122       337
   macro avg     0.7197    0.7135    0.7104       337
weighted avg     0.7204    0.7122    0.7101       337

2023-07-18 16:55:22 [DEBUG]: balance class number: set every kind num to 490
2023-07-18 16:55:22 [DEBUG]: balance class number: set every kind num to 490
2023-07-18 16:55:27 [DEBUG]: 
              precision    recall  f1-score   support

           1     1.0000    1.0000    1.0000      1062
           2     1.0000    1.0000    1.0000      1613

    accuracy                         1.0000      2675
   macro avg     1.0000    1.0000    1.0000      2675
weighted avg     1.0000    1.0000    1.0000      2675

2023-07-18 16:55:28 [DEBUG]: 
              precision    recall  f1-score   support

           1     0.6837    0.8072    0.7403       166
           2     0.7730    0.6374    0.6987       171

    accuracy                         0.7211       337
   macro avg     0.7284    0.7223    0.7195       337
weighted avg     0.7290    0.7211    0.7192       337

2023-07-18 16:56:51 [DEBUG]: balance class number: set every kind num to 490
2023-07-18 16:56:51 [DEBUG]: balance class number: set every kind num to 490
2023-07-18 16:56:56 [DEBUG]: 
              precision    recall  f1-score   support

           1     1.0000    1.0000    1.0000      1062
           2     1.0000    1.0000    1.0000      1613

    accuracy                         1.0000      2675
   macro avg     1.0000    1.0000    1.0000      2675
weighted avg     1.0000    1.0000    1.0000      2675

2023-07-18 16:56:56 [DEBUG]: 
              precision    recall  f1-score   support

           1     0.6786    0.8012    0.7348       166
           2     0.7660    0.6316    0.6923       171

    accuracy                         0.7151       337
   macro avg     0.7223    0.7164    0.7136       337
weighted avg     0.7229    0.7151    0.7132       337

2023-07-29 13:59:40 [DEBUG]: Loaded backend tkagg version 8.6.
2023-07-29 13:59:49 [DEBUG]: balance class number: set every kind num to 490
2023-07-29 13:59:49 [DEBUG]: balance class number: set every kind num to 490
2023-07-29 14:00:08 [DEBUG]: 
              precision    recall  f1-score   support

           1     1.0000    1.0000    1.0000      1062
           2     1.0000    1.0000    1.0000      1613

    accuracy                         1.0000      2675
   macro avg     1.0000    1.0000    1.0000      2675
weighted avg     1.0000    1.0000    1.0000      2675

2023-07-29 14:00:08 [DEBUG]: 
              precision    recall  f1-score   support

           1     0.6837    0.8072    0.7403       166
           2     0.7730    0.6374    0.6987       171

    accuracy                         0.7211       337
   macro avg     0.7284    0.7223    0.7195       337
weighted avg     0.7290    0.7211    0.7192       337

2023-08-07 14:18:09 [DEBUG]: balance class number: set every kind num to 490
2023-08-07 14:18:09 [DEBUG]: balance class number: set every kind num to 490
2023-08-07 14:18:09 [DEBUG]: delete repeated samples
2023-08-07 14:20:13 [DEBUG]: CACHEDIR=C:\Users\86151\.matplotlib
2023-08-07 14:20:13 [DEBUG]: Using fontManager instance from C:\Users\86151\.matplotlib\fontlist-v330.json
2023-08-07 14:22:28 [DEBUG]: balance class number: set every kind num to 490
2023-08-07 14:22:28 [DEBUG]: balance class number: set every kind num to 490
2023-08-07 14:22:28 [DEBUG]: delete repeated samples
2023-08-07 14:22:38 [DEBUG]: CACHEDIR=C:\Users\86151\.matplotlib
2023-08-07 14:22:38 [DEBUG]: Using fontManager instance from C:\Users\86151\.matplotlib\fontlist-v330.json
2023-08-07 14:23:42 [DEBUG]: CACHEDIR=C:\Users\86151\.matplotlib
2023-08-07 14:23:42 [DEBUG]: Using fontManager instance from C:\Users\86151\.matplotlib\fontlist-v330.json
2023-08-07 14:29:24 [DEBUG]: balance class number: set every kind num to 490
2023-08-07 14:29:24 [DEBUG]: balance class number: set every kind num to 490
2023-08-07 14:29:24 [DEBUG]: delete repeated samples
2023-08-07 14:30:19 [DEBUG]: CACHEDIR=C:\Users\86151\.matplotlib
2023-08-07 14:30:19 [DEBUG]: Using fontManager instance from C:\Users\86151\.matplotlib\fontlist-v330.json
2023-08-07 14:30:56 [DEBUG]: balance class number: set every kind num to 490
2023-08-07 14:30:56 [DEBUG]: balance class number: set every kind num to 490
2023-08-07 14:30:56 [DEBUG]: delete repeated samples
2023-08-07 14:31:45 [DEBUG]: balance class number: set every kind num to 490
2023-08-07 14:31:45 [DEBUG]: balance class number: set every kind num to 490
2023-08-07 14:31:45 [DEBUG]: delete repeated samples
2023-08-07 14:32:52 [DEBUG]: 
              precision    recall  f1-score   support

           1     1.0000    1.0000    1.0000       661
           2     1.0000    1.0000    1.0000      1016

    accuracy                         1.0000      1677
   macro avg     1.0000    1.0000    1.0000      1677
weighted avg     1.0000    1.0000    1.0000      1677

2023-08-07 14:32:52 [DEBUG]: 
              precision    recall  f1-score   support

           1     0.5856    0.9277    0.7179       166
           2     0.8378    0.3626    0.5061       171

    accuracy                         0.6409       337
   macro avg     0.7117    0.6451    0.6120       337
weighted avg     0.7136    0.6409    0.6105       337

2023-08-07 14:34:04 [DEBUG]: balance class number: set every kind num to 490
2023-08-07 14:34:04 [DEBUG]: balance class number: set every kind num to 490
2023-08-07 14:34:04 [DEBUG]: delete repeated samples
2023-08-07 14:34:10 [DEBUG]: 
              precision    recall  f1-score   support

           1     1.0000    1.0000    1.0000       661
           2     1.0000    1.0000    1.0000      1016

    accuracy                         1.0000      1677
   macro avg     1.0000    1.0000    1.0000      1677
weighted avg     1.0000    1.0000    1.0000      1677

2023-08-07 14:34:10 [DEBUG]: 
              precision    recall  f1-score   support

           1     0.5856    0.9277    0.7179       166
           2     0.8378    0.3626    0.5061       171

    accuracy                         0.6409       337
   macro avg     0.7117    0.6451    0.6120       337
weighted avg     0.7136    0.6409    0.6105       337

2023-08-07 14:38:59 [DEBUG]: balance class number: set every kind num to 490
2023-08-07 14:38:59 [DEBUG]: balance class number: set every kind num to 490
2023-08-07 14:38:59 [DEBUG]: delete repeated samples
2023-08-07 14:41:33 [DEBUG]: balance class number: set every kind num to 490
2023-08-07 14:41:33 [DEBUG]: balance class number: set every kind num to 490
2023-08-07 14:41:33 [DEBUG]: delete repeated samples
2023-08-07 14:41:38 [DEBUG]: 
              precision    recall  f1-score   support

           1     1.0000    1.0000    1.0000       661
           2     1.0000    1.0000    1.0000      1016

    accuracy                         1.0000      1677
   macro avg     1.0000    1.0000    1.0000      1677
weighted avg     1.0000    1.0000    1.0000      1677

2023-08-07 14:41:38 [DEBUG]: 
              precision    recall  f1-score   support

           1     0.5772    0.9458    0.7169       166
           2     0.8615    0.3275    0.4746       171

    accuracy                         0.6320       337
   macro avg     0.7194    0.6366    0.5957       337
weighted avg     0.7215    0.6320    0.5939       337

2023-08-07 15:46:14 [DEBUG]: balance class number: set every kind num to 490
2023-08-07 15:46:14 [DEBUG]: balance class number: set every kind num to 490
2023-08-07 15:46:14 [DEBUG]: delete repeated samples
2023-08-07 15:46:57 [DEBUG]: 
              precision    recall  f1-score   support

           1     1.0000    1.0000    1.0000       661
           2     1.0000    1.0000    1.0000      1016

    accuracy                         1.0000      1677
   macro avg     1.0000    1.0000    1.0000      1677
weighted avg     1.0000    1.0000    1.0000      1677

2023-08-07 15:46:57 [DEBUG]: 
              precision    recall  f1-score   support

           1     0.5552    0.9699    0.7061       166
           2     0.8936    0.2456    0.3853       171

    accuracy                         0.6024       337
   macro avg     0.7244    0.6077    0.5457       337
weighted avg     0.7269    0.6024    0.5434       337

2023-08-07 15:49:14 [DEBUG]: balance class number: set every kind num to 490
2023-08-07 15:49:14 [DEBUG]: balance class number: set every kind num to 490
2023-08-07 15:49:14 [DEBUG]: delete repeated samples
2023-08-07 15:49:21 [DEBUG]: 
              precision    recall  f1-score   support

           1     1.0000    1.0000    1.0000       661
           2     1.0000    1.0000    1.0000      1016

    accuracy                         1.0000      1677
   macro avg     1.0000    1.0000    1.0000      1677
weighted avg     1.0000    1.0000    1.0000      1677

2023-08-07 15:49:21 [DEBUG]: 
              precision    recall  f1-score   support

           1     0.5610    0.9699    0.7108       166
           2     0.9000    0.2632    0.4072       171

    accuracy                         0.6113       337
   macro avg     0.7305    0.6165    0.5590       337
weighted avg     0.7330    0.6113    0.5568       337

2023-08-07 15:50:45 [DEBUG]: balance class number: set every kind num to 490
2023-08-07 15:50:45 [DEBUG]: balance class number: set every kind num to 490
2023-08-07 15:50:45 [DEBUG]: delete repeated samples
2023-08-07 15:50:49 [DEBUG]: 
              precision    recall  f1-score   support

           1     1.0000    1.0000    1.0000       661
           2     1.0000    1.0000    1.0000      1016

    accuracy                         1.0000      1677
   macro avg     1.0000    1.0000    1.0000      1677
weighted avg     1.0000    1.0000    1.0000      1677

2023-08-07 15:50:49 [DEBUG]: 
              precision    recall  f1-score   support

           1     0.5643    0.9518    0.7085       166
           2     0.8596    0.2865    0.4298       171

    accuracy                         0.6142       337
   macro avg     0.7120    0.6192    0.5692       337
weighted avg     0.7142    0.6142    0.5671       337

2023-08-07 15:51:55 [DEBUG]: balance class number: set every kind num to 490
2023-08-07 15:51:55 [DEBUG]: balance class number: set every kind num to 490
2023-08-07 15:51:55 [DEBUG]: delete repeated samples
2023-08-07 15:51:59 [DEBUG]: 
              precision    recall  f1-score   support

           1     1.0000    1.0000    1.0000       661
           2     1.0000    1.0000    1.0000      1016

    accuracy                         1.0000      1677
   macro avg     1.0000    1.0000    1.0000      1677
weighted avg     1.0000    1.0000    1.0000      1677

2023-08-07 15:51:59 [DEBUG]: 
              precision    recall  f1-score   support

           1     0.5755    0.9639    0.7207       166
           2     0.8983    0.3099    0.4609       171

    accuracy                         0.6320       337
   macro avg     0.7369    0.6369    0.5908       337
weighted avg     0.7393    0.6320    0.5889       337

2023-08-07 15:52:17 [DEBUG]: balance class number: set every kind num to 490
2023-08-07 15:52:17 [DEBUG]: balance class number: set every kind num to 490
2023-08-07 15:52:17 [DEBUG]: delete repeated samples
2023-08-07 15:52:20 [DEBUG]: 
              precision    recall  f1-score   support

           1     1.0000    1.0000    1.0000       661
           2     1.0000    1.0000    1.0000      1016

    accuracy                         1.0000      1677
   macro avg     1.0000    1.0000    1.0000      1677
weighted avg     1.0000    1.0000    1.0000      1677

2023-08-07 15:52:20 [DEBUG]: 
              precision    recall  f1-score   support

           1     0.5684    0.9759    0.7184       166
           2     0.9231    0.2807    0.4305       171

    accuracy                         0.6231       337
   macro avg     0.7457    0.6283    0.5744       337
weighted avg     0.7484    0.6231    0.5723       337

2023-08-07 15:52:33 [DEBUG]: balance class number: set every kind num to 490
2023-08-07 15:52:33 [DEBUG]: balance class number: set every kind num to 490
2023-08-07 15:52:33 [DEBUG]: delete repeated samples
2023-08-07 15:52:37 [DEBUG]: 
              precision    recall  f1-score   support

           1     1.0000    1.0000    1.0000       661
           2     1.0000    1.0000    1.0000      1016

    accuracy                         1.0000      1677
   macro avg     1.0000    1.0000    1.0000      1677
weighted avg     1.0000    1.0000    1.0000      1677

2023-08-07 15:52:37 [DEBUG]: 
              precision    recall  f1-score   support

           1     0.5674    0.9639    0.7143       166
           2     0.8909    0.2865    0.4336       171

    accuracy                         0.6202       337
   macro avg     0.7291    0.6252    0.5740       337
weighted avg     0.7315    0.6202    0.5719       337

2023-08-07 15:53:19 [DEBUG]: balance class number: set every kind num to 490
2023-08-07 15:53:19 [DEBUG]: balance class number: set every kind num to 490
2023-08-07 15:53:19 [DEBUG]: delete repeated samples
2023-08-07 15:53:22 [DEBUG]: 
              precision    recall  f1-score   support

           1     1.0000    1.0000    1.0000       661
           2     1.0000    1.0000    1.0000      1016

    accuracy                         1.0000      1677
   macro avg     1.0000    1.0000    1.0000      1677
weighted avg     1.0000    1.0000    1.0000      1677

2023-08-07 15:53:22 [DEBUG]: 
              precision    recall  f1-score   support

           1     0.5788    0.9518    0.7198       166
           2     0.8750    0.3275    0.4766       171

    accuracy                         0.6350       337
   macro avg     0.7269    0.6396    0.5982       337
weighted avg     0.7291    0.6350    0.5964       337

2023-08-07 15:54:49 [DEBUG]: balance class number: set every kind num to 490
2023-08-07 15:54:49 [DEBUG]: balance class number: set every kind num to 490
2023-08-07 15:54:49 [DEBUG]: delete repeated samples
2023-08-07 15:55:58 [DEBUG]: balance class number: set every kind num to 490
2023-08-07 15:55:58 [DEBUG]: balance class number: set every kind num to 490
2023-08-07 15:55:58 [DEBUG]: delete repeated samples
2023-08-07 15:56:10 [DEBUG]: 
              precision    recall  f1-score   support

           1     1.0000    1.0000    1.0000       661
           2     1.0000    1.0000    1.0000      1016

    accuracy                         1.0000      1677
   macro avg     1.0000    1.0000    1.0000      1677
weighted avg     1.0000    1.0000    1.0000      1677

2023-08-07 15:56:10 [DEBUG]: 
              precision    recall  f1-score   support

           1     0.5952    0.9036    0.7177       166
           2     0.8118    0.4035    0.5391       171

    accuracy                         0.6499       337
   macro avg     0.7035    0.6536    0.6284       337
weighted avg     0.7051    0.6499    0.6271       337

2023-08-07 15:56:38 [DEBUG]: balance class number: set every kind num to 490
2023-08-07 15:56:38 [DEBUG]: balance class number: set every kind num to 490
2023-08-07 15:56:38 [DEBUG]: delete repeated samples
2023-08-07 15:56:53 [DEBUG]: 
              precision    recall  f1-score   support

           1     1.0000    1.0000    1.0000       661
           2     1.0000    1.0000    1.0000      1016

    accuracy                         1.0000      1677
   macro avg     1.0000    1.0000    1.0000      1677
weighted avg     1.0000    1.0000    1.0000      1677

2023-08-07 15:56:53 [DEBUG]: 
              precision    recall  f1-score   support

           1     0.6359    0.8313    0.7206       166
           2     0.7667    0.5380    0.6323       171

    accuracy                         0.6825       337
   macro avg     0.7013    0.6847    0.6765       337
weighted avg     0.7023    0.6825    0.6758       337

2023-08-07 15:57:09 [DEBUG]: balance class number: set every kind num to 490
2023-08-07 15:57:09 [DEBUG]: balance class number: set every kind num to 490
2023-08-07 15:57:09 [DEBUG]: delete repeated samples
2023-08-07 15:57:26 [DEBUG]: 
              precision    recall  f1-score   support

           1     1.0000    1.0000    1.0000       661
           2     1.0000    1.0000    1.0000      1016

    accuracy                         1.0000      1677
   macro avg     1.0000    1.0000    1.0000      1677
weighted avg     1.0000    1.0000    1.0000      1677

2023-08-07 15:57:26 [DEBUG]: 
              precision    recall  f1-score   support

           1     0.6266    0.9096    0.7420       166
           2     0.8438    0.4737    0.6067       171

    accuracy                         0.6884       337
   macro avg     0.7352    0.6917    0.6744       337
weighted avg     0.7368    0.6884    0.6734       337

2023-08-07 15:58:18 [DEBUG]: balance class number: set every kind num to 490
2023-08-07 15:58:18 [DEBUG]: balance class number: set every kind num to 490
2023-08-07 15:58:18 [DEBUG]: delete repeated samples
2023-08-07 15:58:33 [DEBUG]: 
              precision    recall  f1-score   support

           1     1.0000    1.0000    1.0000       661
           2     1.0000    1.0000    1.0000      1016

    accuracy                         1.0000      1677
   macro avg     1.0000    1.0000    1.0000      1677
weighted avg     1.0000    1.0000    1.0000      1677

2023-08-07 15:58:33 [DEBUG]: 
              precision    recall  f1-score   support

           1     0.5977    0.9398    0.7307       166
           2     0.8684    0.3860    0.5344       171

    accuracy                         0.6588       337
   macro avg     0.7331    0.6629    0.6325       337
weighted avg     0.7351    0.6588    0.6311       337

2023-08-07 15:58:51 [DEBUG]: balance class number: set every kind num to 490
2023-08-07 15:58:51 [DEBUG]: balance class number: set every kind num to 490
2023-08-07 15:58:51 [DEBUG]: delete repeated samples
2023-08-07 15:59:12 [DEBUG]: 
              precision    recall  f1-score   support

           1     1.0000    1.0000    1.0000       661
           2     1.0000    1.0000    1.0000      1016

    accuracy                         1.0000      1677
   macro avg     1.0000    1.0000    1.0000      1677
weighted avg     1.0000    1.0000    1.0000      1677

2023-08-07 15:59:12 [DEBUG]: 
              precision    recall  f1-score   support

           1     0.6332    0.7590    0.6904       166
           2     0.7101    0.5731    0.6343       171

    accuracy                         0.6647       337
   macro avg     0.6717    0.6661    0.6624       337
weighted avg     0.6722    0.6647    0.6619       337

2023-08-07 16:00:03 [DEBUG]: balance class number: set every kind num to 490
2023-08-07 16:00:03 [DEBUG]: balance class number: set every kind num to 490
2023-08-07 16:00:03 [DEBUG]: delete repeated samples
2023-08-07 16:00:09 [DEBUG]: 
              precision    recall  f1-score   support

           1     1.0000    1.0000    1.0000       661
           2     1.0000    1.0000    1.0000      1016

    accuracy                         1.0000      1677
   macro avg     1.0000    1.0000    1.0000      1677
weighted avg     1.0000    1.0000    1.0000      1677

2023-08-07 16:00:09 [DEBUG]: 
              precision    recall  f1-score   support

           1     0.6222    0.8434    0.7161       166
           2     0.7679    0.5029    0.6078       171

    accuracy                         0.6706       337
   macro avg     0.6950    0.6731    0.6619       337
weighted avg     0.6961    0.6706    0.6611       337

2023-08-07 16:09:33 [DEBUG]: balance class number: set every kind num to 490
2023-08-07 16:09:33 [DEBUG]: balance class number: set every kind num to 490
2023-08-07 16:09:33 [DEBUG]: delete repeated samples
2023-08-07 16:10:33 [DEBUG]: balance class number: set every kind num to 490
2023-08-07 16:10:33 [DEBUG]: balance class number: set every kind num to 490
2023-08-07 16:10:33 [DEBUG]: delete repeated samples
2023-08-07 16:10:49 [DEBUG]: balance class number: set every kind num to 490
2023-08-07 16:10:49 [DEBUG]: balance class number: set every kind num to 490
2023-08-07 16:10:49 [DEBUG]: delete repeated samples
2023-08-07 16:11:42 [DEBUG]: balance class number: set every kind num to 490
2023-08-07 16:11:42 [DEBUG]: balance class number: set every kind num to 490
2023-08-07 16:11:42 [DEBUG]: delete repeated samples
2023-08-07 16:13:21 [DEBUG]: balance class number: set every kind num to 490
2023-08-07 16:13:21 [DEBUG]: balance class number: set every kind num to 490
2023-08-07 16:13:21 [DEBUG]: delete repeated samples
2023-08-07 16:15:19 [DEBUG]: balance class number: set every kind num to 490
2023-08-07 16:15:19 [DEBUG]: balance class number: set every kind num to 490
2023-08-07 16:15:19 [DEBUG]: delete repeated samples
2023-08-07 16:15:48 [DEBUG]: balance class number: set every kind num to 490
2023-08-07 16:15:48 [DEBUG]: balance class number: set every kind num to 490
2023-08-07 16:15:48 [DEBUG]: delete repeated samples
2023-08-07 16:16:10 [DEBUG]: balance class number: set every kind num to 490
2023-08-07 16:16:10 [DEBUG]: balance class number: set every kind num to 490
2023-08-07 16:16:10 [DEBUG]: delete repeated samples
2023-08-07 16:16:42 [DEBUG]: 
              precision    recall  f1-score   support

           1     0.7154    0.9924    0.8314       661
           2     0.9934    0.7431    0.8502      1016

    accuracy                         0.8414      1677
   macro avg     0.8544    0.8678    0.8408      1677
weighted avg     0.8838    0.8414    0.8428      1677

2023-08-07 16:16:42 [DEBUG]: 
              precision    recall  f1-score   support

           1     0.7703    0.9699    0.8587       166
           2     0.9609    0.7193    0.8227       171

    accuracy                         0.8427       337
   macro avg     0.8656    0.8446    0.8407       337
weighted avg     0.8671    0.8427    0.8404       337

2023-08-07 16:21:31 [DEBUG]: balance class number: set every kind num to 490
2023-08-07 16:21:31 [DEBUG]: balance class number: set every kind num to 490
2023-08-07 16:21:31 [DEBUG]: delete repeated samples
2023-08-07 16:21:33 [DEBUG]: 
              precision    recall  f1-score   support

           1     0.7351    0.9909    0.8441       661
           2     0.9924    0.7677    0.8657      1016

    accuracy                         0.8557      1677
   macro avg     0.8637    0.8793    0.8549      1677
weighted avg     0.8910    0.8557    0.8572      1677

2023-08-07 16:21:33 [DEBUG]: 
              precision    recall  f1-score   support

           1     0.7470    0.7470    0.7470       166
           2     0.7544    0.7544    0.7544       171

    accuracy                         0.7507       337
   macro avg     0.7507    0.7507    0.7507       337
weighted avg     0.7507    0.7507    0.7507       337

2023-08-07 16:21:50 [DEBUG]: balance class number: set every kind num to 490
2023-08-07 16:21:50 [DEBUG]: balance class number: set every kind num to 490
2023-08-07 16:21:50 [DEBUG]: delete repeated samples
2023-08-07 16:21:53 [DEBUG]: 
              precision    recall  f1-score   support

           1     0.7589    0.9955    0.8613       661
           2     0.9963    0.7943    0.8839      1016

    accuracy                         0.8736      1677
   macro avg     0.8776    0.8949    0.8726      1677
weighted avg     0.9027    0.8736    0.8750      1677

2023-08-07 16:21:53 [DEBUG]: 
              precision    recall  f1-score   support

           1     0.7570    0.9759    0.8526       166
           2     0.9675    0.6959    0.8095       171

    accuracy                         0.8338       337
   macro avg     0.8622    0.8359    0.8311       337
weighted avg     0.8638    0.8338    0.8308       337

2023-08-07 16:22:09 [DEBUG]: balance class number: set every kind num to 490
2023-08-07 16:22:09 [DEBUG]: balance class number: set every kind num to 490
2023-08-07 16:22:09 [DEBUG]: delete repeated samples
2023-08-07 16:22:12 [DEBUG]: 
              precision    recall  f1-score   support

           1     0.6719    0.9667    0.7928       661
           2     0.9697    0.6929    0.8083      1016

    accuracy                         0.8008      1677
   macro avg     0.8208    0.8298    0.8005      1677
weighted avg     0.8523    0.8008    0.8022      1677

2023-08-07 16:22:12 [DEBUG]: 
              precision    recall  f1-score   support

           1     0.7419    0.9699    0.8407       166
           2     0.9583    0.6725    0.7904       171

    accuracy                         0.8190       337
   macro avg     0.8501    0.8212    0.8156       337
weighted avg     0.8517    0.8190    0.8152       337

2023-08-07 16:22:32 [DEBUG]: balance class number: set every kind num to 490
2023-08-07 16:22:32 [DEBUG]: balance class number: set every kind num to 490
2023-08-07 16:22:32 [DEBUG]: delete repeated samples
2023-08-07 16:22:34 [DEBUG]: 
              precision    recall  f1-score   support

           1     0.6750    0.9773    0.7985       661
           2     0.9792    0.6939    0.8122      1016

    accuracy                         0.8056      1677
   macro avg     0.8271    0.8356    0.8054      1677
weighted avg     0.8593    0.8056    0.8068      1677

2023-08-07 16:22:34 [DEBUG]: 
              precision    recall  f1-score   support

           1     0.7667    0.9699    0.8564       166
           2     0.9606    0.7135    0.8188       171

    accuracy                         0.8398       337
   macro avg     0.8636    0.8417    0.8376       337
weighted avg     0.8651    0.8398    0.8373       337

2023-08-07 16:22:49 [DEBUG]: balance class number: set every kind num to 490
2023-08-07 16:22:49 [DEBUG]: balance class number: set every kind num to 490
2023-08-07 16:22:49 [DEBUG]: delete repeated samples
2023-08-07 16:22:52 [DEBUG]: 
              precision    recall  f1-score   support

           1     0.6794    0.9682    0.7985       661
           2     0.9714    0.7028    0.8155      1016

    accuracy                         0.8074      1677
   macro avg     0.8254    0.8355    0.8070      1677
weighted avg     0.8563    0.8074    0.8088      1677

2023-08-07 16:22:52 [DEBUG]: 
              precision    recall  f1-score   support

           1     0.7681    0.9578    0.8525       166
           2     0.9462    0.7193    0.8173       171

    accuracy                         0.8368       337
   macro avg     0.8571    0.8386    0.8349       337
weighted avg     0.8585    0.8368    0.8346       337

2023-08-07 16:23:03 [DEBUG]: balance class number: set every kind num to 490
2023-08-07 16:23:03 [DEBUG]: balance class number: set every kind num to 490
2023-08-07 16:23:03 [DEBUG]: delete repeated samples
2023-08-07 16:23:05 [DEBUG]: 
              precision    recall  f1-score   support

           1     0.6705    0.9667    0.7918       661
           2     0.9696    0.6909    0.8069      1016

    accuracy                         0.7996      1677
   macro avg     0.8201    0.8288    0.7994      1677
weighted avg     0.8517    0.7996    0.8010      1677

2023-08-07 16:23:05 [DEBUG]: 
              precision    recall  f1-score   support

           1     0.7740    0.9699    0.8610       166
           2     0.9612    0.7251    0.8267       171

    accuracy                         0.8457       337
   macro avg     0.8676    0.8475    0.8438       337
weighted avg     0.8690    0.8457    0.8436       337

2023-08-07 16:23:23 [DEBUG]: balance class number: set every kind num to 490
2023-08-07 16:23:23 [DEBUG]: balance class number: set every kind num to 490
2023-08-07 16:23:23 [DEBUG]: delete repeated samples
2023-08-07 16:23:25 [DEBUG]: 
              precision    recall  f1-score   support

           1     0.7154    0.9924    0.8314       661
           2     0.9934    0.7431    0.8502      1016

    accuracy                         0.8414      1677
   macro avg     0.8544    0.8678    0.8408      1677
weighted avg     0.8838    0.8414    0.8428      1677

2023-08-07 16:23:25 [DEBUG]: 
              precision    recall  f1-score   support

           1     0.7703    0.9699    0.8587       166
           2     0.9609    0.7193    0.8227       171

    accuracy                         0.8427       337
   macro avg     0.8656    0.8446    0.8407       337
weighted avg     0.8671    0.8427    0.8404       337

2023-08-07 16:23:52 [DEBUG]: balance class number: set every kind num to 490
2023-08-07 16:23:52 [DEBUG]: balance class number: set every kind num to 490
2023-08-07 16:23:52 [DEBUG]: delete repeated samples
2023-08-07 16:23:54 [DEBUG]: 
              precision    recall  f1-score   support

           1     0.6906    0.9894    0.8134       661
           2     0.9904    0.7116    0.8282      1016

    accuracy                         0.8211      1677
   macro avg     0.8405    0.8505    0.8208      1677
weighted avg     0.8722    0.8211    0.8224      1677

2023-08-07 16:23:54 [DEBUG]: 
              precision    recall  f1-score   support

           1     0.7703    0.9699    0.8587       166
           2     0.9609    0.7193    0.8227       171

    accuracy                         0.8427       337
   macro avg     0.8656    0.8446    0.8407       337
weighted avg     0.8671    0.8427    0.8404       337

2023-08-07 16:24:24 [DEBUG]: balance class number: set every kind num to 490
2023-08-07 16:24:24 [DEBUG]: balance class number: set every kind num to 490
2023-08-07 16:24:24 [DEBUG]: delete repeated samples
2023-08-07 16:24:26 [DEBUG]: 
              precision    recall  f1-score   support

           1     0.6708    0.9803    0.7966       661
           2     0.9817    0.6870    0.8083      1016

    accuracy                         0.8026      1677
   macro avg     0.8263    0.8337    0.8024      1677
weighted avg     0.8592    0.8026    0.8037      1677

2023-08-07 16:24:26 [DEBUG]: 
              precision    recall  f1-score   support

           1     0.7454    0.9699    0.8429       166
           2     0.9587    0.6784    0.7945       171

    accuracy                         0.8220       337
   macro avg     0.8520    0.8241    0.8187       337
weighted avg     0.8536    0.8220    0.8184       337

2023-08-07 16:25:06 [DEBUG]: balance class number: set every kind num to 490
2023-08-07 16:25:06 [DEBUG]: balance class number: set every kind num to 490
2023-08-07 16:25:06 [DEBUG]: delete repeated samples
2023-08-07 16:25:08 [DEBUG]: 
              precision    recall  f1-score   support

           1     0.7687    0.9955    0.8675       661
           2     0.9963    0.8051    0.8906      1016

    accuracy                         0.8801      1677
   macro avg     0.8825    0.9003    0.8790      1677
weighted avg     0.9066    0.8801    0.8815      1677

2023-08-07 16:25:08 [DEBUG]: 
              precision    recall  f1-score   support

           1     0.7656    0.9639    0.8533       166
           2     0.9531    0.7135    0.8161       171

    accuracy                         0.8368       337
   macro avg     0.8593    0.8387    0.8347       337
weighted avg     0.8607    0.8368    0.8344       337

2023-08-07 16:25:38 [DEBUG]: balance class number: set every kind num to 490
2023-08-07 16:25:38 [DEBUG]: balance class number: set every kind num to 490
2023-08-07 16:25:38 [DEBUG]: delete repeated samples
2023-08-07 16:25:41 [DEBUG]: 
              precision    recall  f1-score   support

           1     0.6996    0.9864    0.8186       661
           2     0.9879    0.7244    0.8359      1016

    accuracy                         0.8277      1677
   macro avg     0.8437    0.8554    0.8272      1677
weighted avg     0.8743    0.8277    0.8291      1677

2023-08-07 16:25:41 [DEBUG]: 
              precision    recall  f1-score   support

           1     0.7740    0.9699    0.8610       166
           2     0.9612    0.7251    0.8267       171

    accuracy                         0.8457       337
   macro avg     0.8676    0.8475    0.8438       337
weighted avg     0.8690    0.8457    0.8436       337

2023-08-07 16:26:16 [DEBUG]: balance class number: set every kind num to 490
2023-08-07 16:26:16 [DEBUG]: balance class number: set every kind num to 490
2023-08-07 16:26:16 [DEBUG]: delete repeated samples
2023-08-07 16:26:18 [DEBUG]: 
              precision    recall  f1-score   support

           1     0.6750    0.9773    0.7985       661
           2     0.9792    0.6939    0.8122      1016

    accuracy                         0.8056      1677
   macro avg     0.8271    0.8356    0.8054      1677
weighted avg     0.8593    0.8056    0.8068      1677

2023-08-07 16:26:18 [DEBUG]: 
              precision    recall  f1-score   support

           1     0.7667    0.9699    0.8564       166
           2     0.9606    0.7135    0.8188       171

    accuracy                         0.8398       337
   macro avg     0.8636    0.8417    0.8376       337
weighted avg     0.8651    0.8398    0.8373       337

2023-08-07 16:56:39 [DEBUG]: delete repeated samples
2023-08-07 16:57:17 [DEBUG]: 
              precision    recall  f1-score   support

           0     0.6750    0.9773    0.7985       661
           1     0.9792    0.6939    0.8122      1016

    accuracy                         0.8056      1677
   macro avg     0.8271    0.8356    0.8054      1677
weighted avg     0.8593    0.8056    0.8068      1677

2023-08-07 16:57:19 [DEBUG]: 
              precision    recall  f1-score   support

           0     0.7667    0.9699    0.8564       166
           1     0.9606    0.7135    0.8188       171

    accuracy                         0.8398       337
   macro avg     0.8636    0.8417    0.8376       337
weighted avg     0.8651    0.8398    0.8373       337

2023-08-07 17:01:33 [DEBUG]: delete repeated samples
2023-08-07 17:01:36 [DEBUG]: 
              precision    recall  f1-score   support

           0     0.6705    0.9788    0.7958       661
           1     0.9803    0.6870    0.8079      1016

    accuracy                         0.8020      1677
   macro avg     0.8254    0.8329    0.8018      1677
weighted avg     0.8582    0.8020    0.8031      1677

2023-08-07 17:01:36 [DEBUG]: 
              precision    recall  f1-score   support

           0     0.7419    0.9699    0.8407       166
           1     0.9583    0.6725    0.7904       171

    accuracy                         0.8190       337
   macro avg     0.8501    0.8212    0.8156       337
weighted avg     0.8517    0.8190    0.8152       337

2023-08-07 17:02:01 [DEBUG]: delete repeated samples
2023-08-07 17:02:03 [DEBUG]: 
              precision    recall  f1-score   support

           0     0.6794    0.9682    0.7985       661
           1     0.9714    0.7028    0.8155      1016

    accuracy                         0.8074      1677
   macro avg     0.8254    0.8355    0.8070      1677
weighted avg     0.8563    0.8074    0.8088      1677

2023-08-07 17:02:03 [DEBUG]: 
              precision    recall  f1-score   support

           0     0.7681    0.9578    0.8525       166
           1     0.9462    0.7193    0.8173       171

    accuracy                         0.8368       337
   macro avg     0.8571    0.8386    0.8349       337
weighted avg     0.8585    0.8368    0.8346       337

2023-08-07 17:02:38 [DEBUG]: delete repeated samples
2023-08-07 17:02:40 [DEBUG]: 
              precision    recall  f1-score   support

           0     0.6705    0.9667    0.7918       661
           1     0.9696    0.6909    0.8069      1016

    accuracy                         0.7996      1677
   macro avg     0.8201    0.8288    0.7994      1677
weighted avg     0.8517    0.7996    0.8010      1677

2023-08-07 17:02:40 [DEBUG]: 
              precision    recall  f1-score   support

           0     0.7740    0.9699    0.8610       166
           1     0.9612    0.7251    0.8267       171

    accuracy                         0.8457       337
   macro avg     0.8676    0.8475    0.8438       337
weighted avg     0.8690    0.8457    0.8436       337

2023-08-07 17:03:39 [DEBUG]: delete repeated samples
2023-08-07 17:03:42 [DEBUG]: 
              precision    recall  f1-score   support

           0     0.7154    0.9924    0.8314       661
           1     0.9934    0.7431    0.8502      1016

    accuracy                         0.8414      1677
   macro avg     0.8544    0.8678    0.8408      1677
weighted avg     0.8838    0.8414    0.8428      1677

2023-08-07 17:03:42 [DEBUG]: 
              precision    recall  f1-score   support

           0     0.7703    0.9699    0.8587       166
           1     0.9609    0.7193    0.8227       171

    accuracy                         0.8427       337
   macro avg     0.8656    0.8446    0.8407       337
weighted avg     0.8671    0.8427    0.8404       337

2023-08-07 17:04:54 [DEBUG]: delete repeated samples
2023-08-07 17:04:58 [DEBUG]: 
              precision    recall  f1-score   support

           0     0.9945    0.9177    0.9546      4921
           1     0.7692    0.9818    0.8626      1375

    accuracy                         0.9317      6296
   macro avg     0.8819    0.9498    0.9086      6296
weighted avg     0.9453    0.9317    0.9345      6296

2023-08-07 17:04:58 [DEBUG]: 
              precision    recall  f1-score   support

           0     0.9901    0.9766    0.9833       513
           1     0.9757    0.9897    0.9827       487

    accuracy                         0.9830      1000
   macro avg     0.9829    0.9832    0.9830      1000
weighted avg     0.9831    0.9830    0.9830      1000

2023-08-07 17:05:34 [DEBUG]: delete repeated samples
2023-08-07 17:05:52 [DEBUG]: CACHEDIR=C:\Users\86151\.matplotlib
2023-08-07 17:05:52 [DEBUG]: Using fontManager instance from C:\Users\86151\.matplotlib\fontlist-v330.json
2023-08-07 17:07:04 [DEBUG]: delete repeated samples
2023-08-07 17:07:44 [DEBUG]: 
              precision    recall  f1-score   support

           0     1.0000    0.9994    0.9997      3244
           1     0.9988    1.0000    0.9994      1677

    accuracy                         0.9996      4921
   macro avg     0.9994    0.9997    0.9995      4921
weighted avg     0.9996    0.9996    0.9996      4921

2023-08-07 17:07:44 [DEBUG]: 
              precision    recall  f1-score   support

           0     0.7636    0.7159    0.7390       176
           1     0.8563    0.8843    0.8701       337

    accuracy                         0.8265       513
   macro avg     0.8100    0.8001    0.8045       513
weighted avg     0.8245    0.8265    0.8251       513

2023-08-07 17:08:21 [DEBUG]: delete repeated samples
2023-08-07 17:08:26 [DEBUG]: 
              precision    recall  f1-score   support

           0     1.0000    0.9994    0.9997      3244
           1     0.9988    1.0000    0.9994      1677

    accuracy                         0.9996      4921
   macro avg     0.9994    0.9997    0.9995      4921
weighted avg     0.9996    0.9996    0.9996      4921

2023-08-07 17:08:26 [DEBUG]: 
              precision    recall  f1-score   support

           0     0.7636    0.7159    0.7390       176
           1     0.8563    0.8843    0.8701       337

    accuracy                         0.8265       513
   macro avg     0.8100    0.8001    0.8045       513
weighted avg     0.8245    0.8265    0.8251       513

2023-08-07 17:09:00 [DEBUG]: delete repeated samples
2023-08-07 17:09:06 [DEBUG]: 
              precision    recall  f1-score   support

           0     1.0000    0.9994    0.9997      3244
           1     0.9988    1.0000    0.9994      1677

    accuracy                         0.9996      4921
   macro avg     0.9994    0.9997    0.9995      4921
weighted avg     0.9996    0.9996    0.9996      4921

2023-08-07 17:09:06 [DEBUG]: 
              precision    recall  f1-score   support

           0     0.7636    0.7159    0.7390       176
           1     0.8563    0.8843    0.8701       337

    accuracy                         0.8265       513
   macro avg     0.8100    0.8001    0.8045       513
weighted avg     0.8245    0.8265    0.8251       513

2023-08-07 17:09:19 [DEBUG]: delete repeated samples
2023-08-07 17:09:24 [DEBUG]: 
              precision    recall  f1-score   support

           0     1.0000    0.9994    0.9997      3244
           1     0.9988    1.0000    0.9994      1677

    accuracy                         0.9996      4921
   macro avg     0.9994    0.9997    0.9995      4921
weighted avg     0.9996    0.9996    0.9996      4921

2023-08-07 17:09:24 [DEBUG]: 
              precision    recall  f1-score   support

           0     0.7636    0.7159    0.7390       176
           1     0.8563    0.8843    0.8701       337

    accuracy                         0.8265       513
   macro avg     0.8100    0.8001    0.8045       513
weighted avg     0.8245    0.8265    0.8251       513

2023-08-07 17:09:34 [DEBUG]: delete repeated samples
2023-08-07 17:09:39 [DEBUG]: 
              precision    recall  f1-score   support

           0     1.0000    0.9994    0.9997      3244
           1     0.9988    1.0000    0.9994      1677

    accuracy                         0.9996      4921
   macro avg     0.9994    0.9997    0.9995      4921
weighted avg     0.9996    0.9996    0.9996      4921

2023-08-07 17:09:39 [DEBUG]: 
              precision    recall  f1-score   support

           0     0.7636    0.7159    0.7390       176
           1     0.8563    0.8843    0.8701       337

    accuracy                         0.8265       513
   macro avg     0.8100    0.8001    0.8045       513
weighted avg     0.8245    0.8265    0.8251       513

2023-08-07 17:10:40 [DEBUG]: delete repeated samples
2023-08-07 17:10:47 [DEBUG]: 
              precision    recall  f1-score   support

           0     1.0000    0.9994    0.9997      3244
           1     0.9988    1.0000    0.9994      1677

    accuracy                         0.9996      4921
   macro avg     0.9994    0.9997    0.9995      4921
weighted avg     0.9996    0.9996    0.9996      4921

2023-08-07 17:10:47 [DEBUG]: 
              precision    recall  f1-score   support

           0     0.7636    0.7159    0.7390       176
           1     0.8563    0.8843    0.8701       337

    accuracy                         0.8265       513
   macro avg     0.8100    0.8001    0.8045       513
weighted avg     0.8245    0.8265    0.8251       513

2023-08-07 17:11:01 [DEBUG]: CACHEDIR=C:\Users\86151\.matplotlib
2023-08-07 17:11:01 [DEBUG]: Using fontManager instance from C:\Users\86151\.matplotlib\fontlist-v330.json
2023-08-07 17:11:33 [DEBUG]: delete repeated samples
2023-08-07 17:11:38 [DEBUG]: 
              precision    recall  f1-score   support

           0     1.0000    0.9994    0.9997      3244
           1     0.9988    1.0000    0.9994      1677

    accuracy                         0.9996      4921
   macro avg     0.9994    0.9997    0.9995      4921
weighted avg     0.9996    0.9996    0.9996      4921

2023-08-07 17:11:38 [DEBUG]: 
              precision    recall  f1-score   support

           0     0.7636    0.7159    0.7390       176
           1     0.8563    0.8843    0.8701       337

    accuracy                         0.8265       513
   macro avg     0.8100    0.8001    0.8045       513
weighted avg     0.8245    0.8265    0.8251       513

2023-08-07 17:11:59 [DEBUG]: delete repeated samples
2023-08-07 17:12:02 [DEBUG]: 
              precision    recall  f1-score   support

           0     0.9610    0.9350    0.9478      3244
           1     0.8805    0.9267    0.9030      1677

    accuracy                         0.9321      4921
   macro avg     0.9207    0.9308    0.9254      4921
weighted avg     0.9336    0.9321    0.9325      4921

2023-08-07 17:12:02 [DEBUG]: 
              precision    recall  f1-score   support

           0     0.8304    0.8068    0.8184       176
           1     0.9006    0.9139    0.9072       337

    accuracy                         0.8772       513
   macro avg     0.8655    0.8604    0.8628       513
weighted avg     0.8765    0.8772    0.8768       513

2023-08-07 17:12:14 [DEBUG]: delete repeated samples
2023-08-07 17:12:18 [DEBUG]: 
              precision    recall  f1-score   support

           0     0.9947    0.9904    0.9926      3244
           1     0.9817    0.9899    0.9857      1677

    accuracy                         0.9902      4921
   macro avg     0.9882    0.9902    0.9892      4921
weighted avg     0.9903    0.9902    0.9903      4921

2023-08-07 17:12:18 [DEBUG]: 
              precision    recall  f1-score   support

           0     0.8182    0.8182    0.8182       176
           1     0.9050    0.9050    0.9050       337

    accuracy                         0.8752       513
   macro avg     0.8616    0.8616    0.8616       513
weighted avg     0.8752    0.8752    0.8752       513

2023-08-07 17:12:39 [DEBUG]: delete repeated samples
2023-08-07 17:12:42 [DEBUG]: 
              precision    recall  f1-score   support

           0     0.9589    0.9285    0.9435      3244
           1     0.8697    0.9231    0.8956      1677

    accuracy                         0.9266      4921
   macro avg     0.9143    0.9258    0.9195      4921
weighted avg     0.9285    0.9266    0.9271      4921

2023-08-07 17:12:42 [DEBUG]: 
              precision    recall  f1-score   support

           0     0.8506    0.7443    0.7939       176
           1     0.8747    0.9318    0.9023       337

    accuracy                         0.8674       513
   macro avg     0.8627    0.8380    0.8481       513
weighted avg     0.8664    0.8674    0.8651       513

2023-08-07 17:12:55 [DEBUG]: delete repeated samples
2023-08-07 17:12:59 [DEBUG]: 
              precision    recall  f1-score   support

           0     0.9944    0.9895    0.9920      3244
           1     0.9799    0.9893    0.9846      1677

    accuracy                         0.9894      4921
   macro avg     0.9872    0.9894    0.9883      4921
weighted avg     0.9895    0.9894    0.9894      4921

2023-08-07 17:12:59 [DEBUG]: 
              precision    recall  f1-score   support

           0     0.8222    0.8409    0.8315       176
           1     0.9159    0.9050    0.9104       337

    accuracy                         0.8830       513
   macro avg     0.8691    0.8730    0.8710       513
weighted avg     0.8838    0.8830    0.8833       513

2023-08-07 17:13:14 [DEBUG]: delete repeated samples
2023-08-07 17:13:18 [DEBUG]: 
              precision    recall  f1-score   support

           0     0.9884    0.9741    0.9812      3244
           1     0.9513    0.9779    0.9644      1677

    accuracy                         0.9754      4921
   macro avg     0.9699    0.9760    0.9728      4921
weighted avg     0.9758    0.9754    0.9755      4921

2023-08-07 17:13:18 [DEBUG]: 
              precision    recall  f1-score   support

           0     0.8095    0.8693    0.8384       176
           1     0.9290    0.8932    0.9107       337

    accuracy                         0.8850       513
   macro avg     0.8693    0.8812    0.8745       513
weighted avg     0.8880    0.8850    0.8859       513

2023-08-07 17:13:30 [DEBUG]: delete repeated samples
2023-08-07 17:13:34 [DEBUG]: 
              precision    recall  f1-score   support

           0     0.9903    0.9803    0.9853      3244
           1     0.9626    0.9815    0.9720      1677

    accuracy                         0.9807      4921
   macro avg     0.9765    0.9809    0.9786      4921
weighted avg     0.9809    0.9807    0.9807      4921

2023-08-07 17:13:34 [DEBUG]: 
              precision    recall  f1-score   support

           0     0.8122    0.8352    0.8235       176
           1     0.9127    0.8991    0.9058       337

    accuracy                         0.8772       513
   macro avg     0.8624    0.8672    0.8647       513
weighted avg     0.8782    0.8772    0.8776       513

2023-08-07 17:13:45 [DEBUG]: delete repeated samples
2023-08-07 17:13:48 [DEBUG]: 
              precision    recall  f1-score   support

           0     0.9884    0.9741    0.9812      3244
           1     0.9513    0.9779    0.9644      1677

    accuracy                         0.9754      4921
   macro avg     0.9699    0.9760    0.9728      4921
weighted avg     0.9758    0.9754    0.9755      4921

2023-08-07 17:13:48 [DEBUG]: 
              precision    recall  f1-score   support

           0     0.8095    0.8693    0.8384       176
           1     0.9290    0.8932    0.9107       337

    accuracy                         0.8850       513
   macro avg     0.8693    0.8812    0.8745       513
weighted avg     0.8880    0.8850    0.8859       513

2023-08-07 17:13:56 [DEBUG]: delete repeated samples
2023-08-07 17:14:00 [DEBUG]: 
              precision    recall  f1-score   support

           0     0.9904    0.9821    0.9862      3244
           1     0.9660    0.9815    0.9737      1677

    accuracy                         0.9819      4921
   macro avg     0.9782    0.9818    0.9800      4921
weighted avg     0.9820    0.9819    0.9819      4921

2023-08-07 17:14:00 [DEBUG]: 
              precision    recall  f1-score   support

           0     0.8187    0.8466    0.8324       176
           1     0.9184    0.9021    0.9102       337

    accuracy                         0.8830       513
   macro avg     0.8686    0.8743    0.8713       513
weighted avg     0.8842    0.8830    0.8835       513

2023-08-07 17:14:13 [DEBUG]: delete repeated samples
2023-08-07 17:14:17 [DEBUG]: 
              precision    recall  f1-score   support

           0     0.9853    0.9732    0.9792      3244
           1     0.9493    0.9720    0.9605      1677

    accuracy                         0.9728      4921
   macro avg     0.9673    0.9726    0.9699      4921
weighted avg     0.9731    0.9728    0.9728      4921

2023-08-07 17:14:17 [DEBUG]: 
              precision    recall  f1-score   support

           0     0.8182    0.8693    0.8430       176
           1     0.9294    0.8991    0.9140       337

    accuracy                         0.8889       513
   macro avg     0.8738    0.8842    0.8785       513
weighted avg     0.8913    0.8889    0.8897       513

2023-08-07 17:14:30 [DEBUG]: delete repeated samples
2023-08-07 17:14:33 [DEBUG]: 
              precision    recall  f1-score   support

           0     0.9838    0.9723    0.9780      3244
           1     0.9475    0.9690    0.9581      1677

    accuracy                         0.9711      4921
   macro avg     0.9657    0.9706    0.9681      4921
weighted avg     0.9714    0.9711    0.9712      4921

2023-08-07 17:14:33 [DEBUG]: 
              precision    recall  f1-score   support

           0     0.8172    0.8636    0.8398       176
           1     0.9266    0.8991    0.9127       337

    accuracy                         0.8869       513
   macro avg     0.8719    0.8814    0.8762       513
weighted avg     0.8891    0.8869    0.8876       513

2023-08-07 17:14:50 [DEBUG]: delete repeated samples
2023-08-07 17:14:53 [DEBUG]: 
              precision    recall  f1-score   support

           0     0.9857    0.9741    0.9798      3244
           1     0.9510    0.9726    0.9617      1677

    accuracy                         0.9736      4921
   macro avg     0.9683    0.9733    0.9708      4921
weighted avg     0.9739    0.9736    0.9737      4921

2023-08-07 17:14:53 [DEBUG]: 
              precision    recall  f1-score   support

           0     0.8138    0.8693    0.8407       176
           1     0.9292    0.8961    0.9124       337

    accuracy                         0.8869       513
   macro avg     0.8715    0.8827    0.8765       513
weighted avg     0.8896    0.8869    0.8878       513

2023-08-07 17:15:12 [DEBUG]: delete repeated samples
2023-08-07 17:15:15 [DEBUG]: 
              precision    recall  f1-score   support

           0     0.9803    0.9655    0.9728      3244
           1     0.9351    0.9624    0.9486      1677

    accuracy                         0.9644      4921
   macro avg     0.9577    0.9640    0.9607      4921
weighted avg     0.9649    0.9644    0.9646      4921

2023-08-07 17:15:15 [DEBUG]: 
              precision    recall  f1-score   support

           0     0.8216    0.8636    0.8421       176
           1     0.9268    0.9021    0.9143       337

    accuracy                         0.8889       513
   macro avg     0.8742    0.8829    0.8782       513
weighted avg     0.8907    0.8889    0.8895       513

2023-08-07 17:15:57 [DEBUG]: delete repeated samples
2023-08-07 17:16:00 [DEBUG]: 
              precision    recall  f1-score   support

           0     0.7529    0.9773    0.8506       661
           1     0.9817    0.7913    0.8763      1016

    accuracy                         0.8646      1677
   macro avg     0.8673    0.8843    0.8634      1677
weighted avg     0.8915    0.8646    0.8662      1677

2023-08-07 17:16:00 [DEBUG]: 
              precision    recall  f1-score   support

           0     0.7049    0.7771    0.7393       166
           1     0.7597    0.6842    0.7200       171

    accuracy                         0.7300       337
   macro avg     0.7323    0.7307    0.7296       337
weighted avg     0.7327    0.7300    0.7295       337

2023-08-07 17:16:46 [DEBUG]: delete repeated samples
2023-08-07 17:16:48 [DEBUG]: 
              precision    recall  f1-score   support

           0     0.6636    0.9788    0.7910       661
           1     0.9801    0.6772    0.8009      1016

    accuracy                         0.7961      1677
   macro avg     0.8218    0.8280    0.7959      1677
weighted avg     0.8553    0.7961    0.7970      1677

2023-08-07 17:16:48 [DEBUG]: 
              precision    recall  f1-score   support

           0     0.7124    0.9699    0.8214       166
           1     0.9550    0.6199    0.7518       171

    accuracy                         0.7923       337
   macro avg     0.8337    0.7949    0.7866       337
weighted avg     0.8355    0.7923    0.7861       337

2023-08-07 17:17:00 [DEBUG]: delete repeated samples
2023-08-07 17:17:02 [DEBUG]: 
              precision    recall  f1-score   support

           0     0.6708    0.9803    0.7966       661
           1     0.9817    0.6870    0.8083      1016

    accuracy                         0.8026      1677
   macro avg     0.8263    0.8337    0.8024      1677
weighted avg     0.8592    0.8026    0.8037      1677

2023-08-07 17:17:02 [DEBUG]: 
              precision    recall  f1-score   support

           0     0.7524    0.9518    0.8404       166
           1     0.9370    0.6959    0.7987       171

    accuracy                         0.8220       337
   macro avg     0.8447    0.8239    0.8195       337
weighted avg     0.8461    0.8220    0.8192       337

2023-08-07 17:17:17 [DEBUG]: delete repeated samples
2023-08-07 17:17:19 [DEBUG]: 
              precision    recall  f1-score   support

           0     0.6574    0.9349    0.7720       661
           1     0.9417    0.6831    0.7918      1016

    accuracy                         0.7823      1677
   macro avg     0.7996    0.8090    0.7819      1677
weighted avg     0.8296    0.7823    0.7840      1677

2023-08-07 17:17:19 [DEBUG]: 
              precision    recall  f1-score   support

           0     0.7278    0.6928    0.7099       166
           1     0.7151    0.7485    0.7314       171

    accuracy                         0.7211       337
   macro avg     0.7215    0.7207    0.7207       337
weighted avg     0.7214    0.7211    0.7208       337

2023-08-07 17:17:33 [DEBUG]: delete repeated samples
2023-08-07 17:17:36 [DEBUG]: 
              precision    recall  f1-score   support

           0     0.6795    0.9849    0.8042       661
           1     0.9861    0.6978    0.8173      1016

    accuracy                         0.8110      1677
   macro avg     0.8328    0.8414    0.8107      1677
weighted avg     0.8653    0.8110    0.8121      1677

2023-08-07 17:17:36 [DEBUG]: 
              precision    recall  f1-score   support

           0     0.7559    0.9699    0.8496       166
           1     0.9597    0.6959    0.8068       171

    accuracy                         0.8309       337
   macro avg     0.8578    0.8329    0.8282       337
weighted avg     0.8593    0.8309    0.8279       337

2023-08-07 17:17:52 [DEBUG]: delete repeated samples
2023-08-07 17:17:54 [DEBUG]: 
              precision    recall  f1-score   support

           0     0.6761    0.9062    0.7744       661
           1     0.9216    0.7175    0.8069      1016

    accuracy                         0.7919      1677
   macro avg     0.7988    0.8119    0.7906      1677
weighted avg     0.8248    0.7919    0.7941      1677

2023-08-07 17:17:54 [DEBUG]: 
              precision    recall  f1-score   support

           0     0.7252    0.9699    0.8299       166
           1     0.9565    0.6433    0.7692       171

    accuracy                         0.8042       337
   macro avg     0.8409    0.8066    0.7996       337
weighted avg     0.8426    0.8042    0.7991       337

2023-08-07 17:18:25 [DEBUG]: delete repeated samples
2023-08-07 17:18:27 [DEBUG]: 
              precision    recall  f1-score   support

           0     0.6826    0.8427    0.7542       661
           1     0.8792    0.7451    0.8066      1016

    accuracy                         0.7835      1677
   macro avg     0.7809    0.7939    0.7804      1677
weighted avg     0.8017    0.7835    0.7860      1677

2023-08-07 17:18:27 [DEBUG]: 
              precision    recall  f1-score   support

           0     0.7337    0.7470    0.7403       166
           1     0.7500    0.7368    0.7434       171

    accuracy                         0.7418       337
   macro avg     0.7419    0.7419    0.7418       337
weighted avg     0.7420    0.7418    0.7419       337

2023-08-07 17:18:46 [DEBUG]: delete repeated samples
2023-08-07 17:18:49 [DEBUG]: 
              precision    recall  f1-score   support

           0     0.6924    0.9909    0.8152       661
           1     0.9918    0.7136    0.8300      1016

    accuracy                         0.8229      1677
   macro avg     0.8421    0.8523    0.8226      1677
weighted avg     0.8738    0.8229    0.8242      1677

2023-08-07 17:18:49 [DEBUG]: 
              precision    recall  f1-score   support

           0     0.7560    0.9518    0.8427       166
           1     0.9375    0.7018    0.8027       171

    accuracy                         0.8249       337
   macro avg     0.8467    0.8268    0.8227       337
weighted avg     0.8481    0.8249    0.8224       337

2023-08-07 17:19:02 [DEBUG]: delete repeated samples
2023-08-07 17:19:05 [DEBUG]: 
              precision    recall  f1-score   support

           0     0.6907    0.9864    0.8125       661
           1     0.9877    0.7126    0.8279      1016

    accuracy                         0.8205      1677
   macro avg     0.8392    0.8495    0.8202      1677
weighted avg     0.8706    0.8205    0.8218      1677

2023-08-07 17:19:05 [DEBUG]: 
              precision    recall  f1-score   support

           0     0.7583    0.9639    0.8488       166
           1     0.9524    0.7018    0.8081       171

    accuracy                         0.8309       337
   macro avg     0.8553    0.8328    0.8284       337
weighted avg     0.8568    0.8309    0.8281       337

2023-08-07 17:19:29 [DEBUG]: delete repeated samples
2023-08-07 17:19:31 [DEBUG]: 
              precision    recall  f1-score   support

           0     0.7090    0.9879    0.8255       661
           1     0.9894    0.7362    0.8442      1016

    accuracy                         0.8354      1677
   macro avg     0.8492    0.8621    0.8349      1677
weighted avg     0.8789    0.8354    0.8369      1677

2023-08-07 17:19:32 [DEBUG]: 
              precision    recall  f1-score   support

           0     0.7560    0.9518    0.8427       166
           1     0.9375    0.7018    0.8027       171

    accuracy                         0.8249       337
   macro avg     0.8467    0.8268    0.8227       337
weighted avg     0.8481    0.8249    0.8224       337

2023-08-07 17:19:53 [DEBUG]: delete repeated samples
2023-08-07 17:20:18 [DEBUG]: 
              precision    recall  f1-score   support

           0     0.7090    0.9879    0.8255       661
           1     0.9894    0.7362    0.8442      1016

    accuracy                         0.8354      1677
   macro avg     0.8492    0.8621    0.8349      1677
weighted avg     0.8789    0.8354    0.8369      1677

2023-08-07 17:20:18 [DEBUG]: 
              precision    recall  f1-score   support

           0     0.7560    0.9518    0.8427       166
           1     0.9375    0.7018    0.8027       171

    accuracy                         0.8249       337
   macro avg     0.8467    0.8268    0.8227       337
weighted avg     0.8481    0.8249    0.8224       337

2023-08-07 17:22:30 [DEBUG]: delete repeated samples
2023-08-07 17:22:56 [DEBUG]: 
              precision    recall  f1-score   support

           0     1.0000    1.0000    1.0000       554
           1     1.0000    1.0000    1.0000       351
           2     1.0000    1.0000    1.0000       470

    accuracy                         1.0000      1375
   macro avg     1.0000    1.0000    1.0000      1375
weighted avg     1.0000    1.0000    1.0000      1375

2023-08-07 17:22:56 [DEBUG]: 
              precision    recall  f1-score   support

           0     0.9881    0.9822    0.9852       169
           1     0.9810    0.9936    0.9873       156
           2     1.0000    0.9938    0.9969       162

    accuracy                         0.9897       487
   macro avg     0.9897    0.9899    0.9898       487
weighted avg     0.9898    0.9897    0.9897       487

2023-08-07 17:23:17 [DEBUG]: delete repeated samples
2023-08-07 17:23:24 [DEBUG]: 
              precision    recall  f1-score   support

           0     1.0000    1.0000    1.0000       554
           1     1.0000    1.0000    1.0000       351
           2     1.0000    1.0000    1.0000       470

    accuracy                         1.0000      1375
   macro avg     1.0000    1.0000    1.0000      1375
weighted avg     1.0000    1.0000    1.0000      1375

2023-08-07 17:23:24 [DEBUG]: 
              precision    recall  f1-score   support

           0     0.9940    0.9763    0.9851       169
           1     0.9748    0.9936    0.9841       156
           2     1.0000    1.0000    1.0000       162

    accuracy                         0.9897       487
   macro avg     0.9896    0.9900    0.9897       487
weighted avg     0.9899    0.9897    0.9897       487

2023-08-07 17:23:58 [DEBUG]: delete repeated samples
2023-08-07 17:24:01 [DEBUG]: 
              precision    recall  f1-score   support

           0     1.0000    1.0000    1.0000       554
           1     1.0000    1.0000    1.0000       351
           2     1.0000    1.0000    1.0000       470

    accuracy                         1.0000      1375
   macro avg     1.0000    1.0000    1.0000      1375
weighted avg     1.0000    1.0000    1.0000      1375

2023-08-07 17:24:01 [DEBUG]: 
              precision    recall  f1-score   support

           0     0.9939    0.9704    0.9820       169
           1     0.9688    0.9936    0.9810       156
           2     1.0000    1.0000    1.0000       162

    accuracy                         0.9877       487
   macro avg     0.9876    0.9880    0.9877       487
weighted avg     0.9879    0.9877    0.9877       487

2023-08-07 17:24:15 [DEBUG]: delete repeated samples
2023-08-07 17:24:18 [DEBUG]: 
              precision    recall  f1-score   support

           0     1.0000    1.0000    1.0000       554
           1     1.0000    1.0000    1.0000       351
           2     1.0000    1.0000    1.0000       470

    accuracy                         1.0000      1375
   macro avg     1.0000    1.0000    1.0000      1375
weighted avg     1.0000    1.0000    1.0000      1375

2023-08-07 17:24:18 [DEBUG]: 
              precision    recall  f1-score   support

           0     1.0000    0.9763    0.9880       169
           1     0.9750    1.0000    0.9873       156
           2     1.0000    1.0000    1.0000       162

    accuracy                         0.9918       487
   macro avg     0.9917    0.9921    0.9918       487
weighted avg     0.9920    0.9918    0.9918       487

2023-08-07 17:24:33 [DEBUG]: delete repeated samples
2023-08-07 17:24:37 [DEBUG]: 
              precision    recall  f1-score   support

           0     1.0000    1.0000    1.0000       554
           1     1.0000    1.0000    1.0000       351
           2     1.0000    1.0000    1.0000       470

    accuracy                         1.0000      1375
   macro avg     1.0000    1.0000    1.0000      1375
weighted avg     1.0000    1.0000    1.0000      1375

2023-08-07 17:24:37 [DEBUG]: 
              precision    recall  f1-score   support

           0     1.0000    0.9763    0.9880       169
           1     0.9750    1.0000    0.9873       156
           2     1.0000    1.0000    1.0000       162

    accuracy                         0.9918       487
   macro avg     0.9917    0.9921    0.9918       487
weighted avg     0.9920    0.9918    0.9918       487

2023-08-07 17:24:52 [DEBUG]: delete repeated samples
2023-08-07 17:24:56 [DEBUG]: 
              precision    recall  f1-score   support

           0     1.0000    1.0000    1.0000       554
           1     1.0000    1.0000    1.0000       351
           2     1.0000    1.0000    1.0000       470

    accuracy                         1.0000      1375
   macro avg     1.0000    1.0000    1.0000      1375
weighted avg     1.0000    1.0000    1.0000      1375

2023-08-07 17:24:56 [DEBUG]: 
              precision    recall  f1-score   support

           0     0.9940    0.9822    0.9881       169
           1     0.9810    0.9936    0.9873       156
           2     1.0000    1.0000    1.0000       162

    accuracy                         0.9918       487
   macro avg     0.9917    0.9919    0.9918       487
weighted avg     0.9918    0.9918    0.9918       487

2023-08-07 17:25:10 [DEBUG]: delete repeated samples
2023-08-07 17:25:16 [DEBUG]: 
              precision    recall  f1-score   support

           0     1.0000    1.0000    1.0000       554
           1     1.0000    1.0000    1.0000       351
           2     1.0000    1.0000    1.0000       470

    accuracy                         1.0000      1375
   macro avg     1.0000    1.0000    1.0000      1375
weighted avg     1.0000    1.0000    1.0000      1375

2023-08-07 17:25:16 [DEBUG]: 
              precision    recall  f1-score   support

           0     1.0000    0.9822    0.9910       169
           1     0.9811    1.0000    0.9905       156
           2     1.0000    1.0000    1.0000       162

    accuracy                         0.9938       487
   macro avg     0.9937    0.9941    0.9938       487
weighted avg     0.9940    0.9938    0.9938       487

2023-08-07 17:25:36 [DEBUG]: delete repeated samples
2023-08-07 17:25:39 [DEBUG]: 
              precision    recall  f1-score   support

           0     1.0000    1.0000    1.0000       554
           1     1.0000    1.0000    1.0000       351
           2     1.0000    1.0000    1.0000       470

    accuracy                         1.0000      1375
   macro avg     1.0000    1.0000    1.0000      1375
weighted avg     1.0000    1.0000    1.0000      1375

2023-08-07 17:25:39 [DEBUG]: 
              precision    recall  f1-score   support

           0     1.0000    0.9763    0.9880       169
           1     0.9750    1.0000    0.9873       156
           2     1.0000    1.0000    1.0000       162

    accuracy                         0.9918       487
   macro avg     0.9917    0.9921    0.9918       487
weighted avg     0.9920    0.9918    0.9918       487

2023-08-07 17:25:54 [DEBUG]: delete repeated samples
2023-08-07 17:25:57 [DEBUG]: 
              precision    recall  f1-score   support

           0     0.9875    0.9982    0.9928       554
           1     0.9859    0.9943    0.9901       351
           2     0.9978    0.9787    0.9882       470

    accuracy                         0.9905      1375
   macro avg     0.9904    0.9904    0.9904      1375
weighted avg     0.9906    0.9905    0.9905      1375

2023-08-07 17:25:57 [DEBUG]: 
              precision    recall  f1-score   support

           0     0.9940    0.9822    0.9881       169
           1     0.9810    0.9936    0.9873       156
           2     1.0000    1.0000    1.0000       162

    accuracy                         0.9918       487
   macro avg     0.9917    0.9919    0.9918       487
weighted avg     0.9918    0.9918    0.9918       487

2023-08-07 17:26:11 [DEBUG]: delete repeated samples
2023-08-07 17:26:13 [DEBUG]: 
              precision    recall  f1-score   support

           0     0.9927    0.9765    0.9845       554
           1     0.9668    0.9943    0.9803       351
           2     0.9851    0.9830    0.9840       470

    accuracy                         0.9833      1375
   macro avg     0.9815    0.9846    0.9830      1375
weighted avg     0.9835    0.9833    0.9833      1375

2023-08-07 17:26:13 [DEBUG]: 
              precision    recall  f1-score   support

           0     1.0000    0.9704    0.9850       169
           1     0.9689    1.0000    0.9842       156
           2     1.0000    1.0000    1.0000       162

    accuracy                         0.9897       487
   macro avg     0.9896    0.9901    0.9897       487
weighted avg     0.9901    0.9897    0.9897       487

2023-08-07 17:26:26 [DEBUG]: delete repeated samples
2023-08-07 17:26:28 [DEBUG]: 
              precision    recall  f1-score   support

           0     0.9875    0.9964    0.9919       554
           1     0.9943    0.9858    0.9900       351
           2     0.9893    0.9851    0.9872       470

    accuracy                         0.9898      1375
   macro avg     0.9903    0.9891    0.9897      1375
weighted avg     0.9898    0.9898    0.9898      1375

2023-08-07 17:26:28 [DEBUG]: 
              precision    recall  f1-score   support

           0     0.9940    0.9822    0.9881       169
           1     0.9810    0.9936    0.9873       156
           2     1.0000    1.0000    1.0000       162

    accuracy                         0.9918       487
   macro avg     0.9917    0.9919    0.9918       487
weighted avg     0.9918    0.9918    0.9918       487

2023-08-07 17:26:34 [DEBUG]: delete repeated samples
2023-08-07 17:26:37 [DEBUG]: 
              precision    recall  f1-score   support

           0     0.9875    0.9982    0.9928       554
           1     0.9914    0.9858    0.9886       351
           2     0.9914    0.9830    0.9872       470

    accuracy                         0.9898      1375
   macro avg     0.9901    0.9890    0.9895      1375
weighted avg     0.9898    0.9898    0.9898      1375

2023-08-07 17:26:37 [DEBUG]: 
              precision    recall  f1-score   support

           0     0.9940    0.9822    0.9881       169
           1     0.9810    0.9936    0.9873       156
           2     1.0000    1.0000    1.0000       162

    accuracy                         0.9918       487
   macro avg     0.9917    0.9919    0.9918       487
weighted avg     0.9918    0.9918    0.9918       487

2023-08-07 17:26:46 [DEBUG]: delete repeated samples
2023-08-07 17:26:52 [DEBUG]: 
              precision    recall  f1-score   support

           0     1.0000    1.0000    1.0000       554
           1     1.0000    1.0000    1.0000       351
           2     1.0000    1.0000    1.0000       470

    accuracy                         1.0000      1375
   macro avg     1.0000    1.0000    1.0000      1375
weighted avg     1.0000    1.0000    1.0000      1375

2023-08-07 17:26:52 [DEBUG]: 
              precision    recall  f1-score   support

           0     1.0000    0.9822    0.9910       169
           1     0.9811    1.0000    0.9905       156
           2     1.0000    1.0000    1.0000       162

    accuracy                         0.9938       487
   macro avg     0.9937    0.9941    0.9938       487
weighted avg     0.9940    0.9938    0.9938       487

2023-08-07 17:27:26 [DEBUG]: delete repeated samples
2023-08-07 17:27:31 [DEBUG]: 
              precision    recall  f1-score   support

           0     0.9945    0.9177    0.9546      4921
           1     0.7692    0.9818    0.8626      1375

    accuracy                         0.9317      6296
   macro avg     0.8819    0.9498    0.9086      6296
weighted avg     0.9453    0.9317    0.9345      6296

2023-08-07 17:27:31 [DEBUG]: 
              precision    recall  f1-score   support

           0     0.9901    0.9766    0.9833       513
           1     0.9757    0.9897    0.9827       487

    accuracy                         0.9830      1000
   macro avg     0.9829    0.9832    0.9830      1000
weighted avg     0.9831    0.9830    0.9830      1000

2023-08-07 17:27:38 [DEBUG]: 
              precision    recall  f1-score   support

           0     0.9853    0.9732    0.9792      3244
           1     0.9493    0.9720    0.9605      1677

    accuracy                         0.9728      4921
   macro avg     0.9673    0.9726    0.9699      4921
weighted avg     0.9731    0.9728    0.9728      4921

2023-08-07 17:27:38 [DEBUG]: 
              precision    recall  f1-score   support

           0     0.8182    0.8693    0.8430       176
           1     0.9294    0.8991    0.9140       337

    accuracy                         0.8889       513
   macro avg     0.8738    0.8842    0.8785       513
weighted avg     0.8913    0.8889    0.8897       513

2023-08-07 17:27:43 [DEBUG]: 
              precision    recall  f1-score   support

           0     0.7090    0.9879    0.8255       661
           1     0.9894    0.7362    0.8442      1016

    accuracy                         0.8354      1677
   macro avg     0.8492    0.8621    0.8349      1677
weighted avg     0.8789    0.8354    0.8369      1677

2023-08-07 17:27:43 [DEBUG]: 
              precision    recall  f1-score   support

           0     0.7560    0.9518    0.8427       166
           1     0.9375    0.7018    0.8027       171

    accuracy                         0.8249       337
   macro avg     0.8467    0.8268    0.8227       337
weighted avg     0.8481    0.8249    0.8224       337

2023-08-07 17:27:52 [DEBUG]: 
              precision    recall  f1-score   support

           0     1.0000    1.0000    1.0000       554
           1     1.0000    1.0000    1.0000       351
           2     1.0000    1.0000    1.0000       470

    accuracy                         1.0000      1375
   macro avg     1.0000    1.0000    1.0000      1375
weighted avg     1.0000    1.0000    1.0000      1375

2023-08-07 17:27:52 [DEBUG]: 
              precision    recall  f1-score   support

           0     1.0000    0.9822    0.9910       169
           1     0.9811    1.0000    0.9905       156
           2     1.0000    1.0000    1.0000       162

    accuracy                         0.9938       487
   macro avg     0.9937    0.9941    0.9938       487
weighted avg     0.9940    0.9938    0.9938       487

2023-08-07 17:28:33 [DEBUG]: delete repeated samples
2023-08-07 17:28:38 [DEBUG]: 
              precision    recall  f1-score   support

           0     0.9945    0.9177    0.9546      4921
           1     0.7692    0.9818    0.8626      1375

    accuracy                         0.9317      6296
   macro avg     0.8819    0.9498    0.9086      6296
weighted avg     0.9453    0.9317    0.9345      6296

2023-08-07 17:28:38 [DEBUG]: 
              precision    recall  f1-score   support

           0     0.9901    0.9766    0.9833       513
           1     0.9757    0.9897    0.9827       487

    accuracy                         0.9830      1000
   macro avg     0.9829    0.9832    0.9830      1000
weighted avg     0.9831    0.9830    0.9830      1000

2023-08-07 17:28:45 [DEBUG]: 
              precision    recall  f1-score   support

           0     0.9853    0.9732    0.9792      3244
           1     0.9493    0.9720    0.9605      1677

    accuracy                         0.9728      4921
   macro avg     0.9673    0.9726    0.9699      4921
weighted avg     0.9731    0.9728    0.9728      4921

2023-08-07 17:28:45 [DEBUG]: 
              precision    recall  f1-score   support

           0     0.8182    0.8693    0.8430       176
           1     0.9294    0.8991    0.9140       337

    accuracy                         0.8889       513
   macro avg     0.8738    0.8842    0.8785       513
weighted avg     0.8913    0.8889    0.8897       513

2023-08-07 17:28:49 [DEBUG]: 
              precision    recall  f1-score   support

           0     0.7090    0.9879    0.8255       661
           1     0.9894    0.7362    0.8442      1016

    accuracy                         0.8354      1677
   macro avg     0.8492    0.8621    0.8349      1677
weighted avg     0.8789    0.8354    0.8369      1677

2023-08-07 17:28:49 [DEBUG]: 
              precision    recall  f1-score   support

           0     0.7560    0.9518    0.8427       166
           1     0.9375    0.7018    0.8027       171

    accuracy                         0.8249       337
   macro avg     0.8467    0.8268    0.8227       337
weighted avg     0.8481    0.8249    0.8224       337

2023-08-07 17:28:58 [DEBUG]: 
              precision    recall  f1-score   support

           0     1.0000    1.0000    1.0000       554
           1     1.0000    1.0000    1.0000       351
           2     1.0000    1.0000    1.0000       470

    accuracy                         1.0000      1375
   macro avg     1.0000    1.0000    1.0000      1375
weighted avg     1.0000    1.0000    1.0000      1375

2023-08-07 17:28:58 [DEBUG]: 
              precision    recall  f1-score   support

           0     1.0000    0.9822    0.9910       169
           1     0.9811    1.0000    0.9905       156
           2     1.0000    1.0000    1.0000       162

    accuracy                         0.9938       487
   macro avg     0.9937    0.9941    0.9938       487
weighted avg     0.9940    0.9938    0.9938       487

2023-08-07 17:30:44 [DEBUG]: delete repeated samples
2023-08-07 17:30:49 [DEBUG]: 
              precision    recall  f1-score   support

           0     0.9945    0.9177    0.9546      4921
           1     0.7692    0.9818    0.8626      1375

    accuracy                         0.9317      6296
   macro avg     0.8819    0.9498    0.9086      6296
weighted avg     0.9453    0.9317    0.9345      6296

2023-08-07 17:30:49 [DEBUG]: 
              precision    recall  f1-score   support

           0     0.9901    0.9766    0.9833       513
           1     0.9757    0.9897    0.9827       487

    accuracy                         0.9830      1000
   macro avg     0.9829    0.9832    0.9830      1000
weighted avg     0.9831    0.9830    0.9830      1000

2023-08-07 17:30:55 [DEBUG]: 
              precision    recall  f1-score   support

           0     0.9853    0.9732    0.9792      3244
           1     0.9493    0.9720    0.9605      1677

    accuracy                         0.9728      4921
   macro avg     0.9673    0.9726    0.9699      4921
weighted avg     0.9731    0.9728    0.9728      4921

2023-08-07 17:30:55 [DEBUG]: 
              precision    recall  f1-score   support

           0     0.8182    0.8693    0.8430       176
           1     0.9294    0.8991    0.9140       337

    accuracy                         0.8889       513
   macro avg     0.8738    0.8842    0.8785       513
weighted avg     0.8913    0.8889    0.8897       513

2023-08-07 17:31:02 [DEBUG]: 
              precision    recall  f1-score   support

           0     0.7090    0.9879    0.8255       661
           1     0.9894    0.7362    0.8442      1016

    accuracy                         0.8354      1677
   macro avg     0.8492    0.8621    0.8349      1677
weighted avg     0.8789    0.8354    0.8369      1677

2023-08-07 17:31:02 [DEBUG]: 
              precision    recall  f1-score   support

           0     0.7560    0.9518    0.8427       166
           1     0.9375    0.7018    0.8027       171

    accuracy                         0.8249       337
   macro avg     0.8467    0.8268    0.8227       337
weighted avg     0.8481    0.8249    0.8224       337

2023-08-07 17:31:11 [DEBUG]: 
              precision    recall  f1-score   support

           0     1.0000    1.0000    1.0000       554
           1     1.0000    1.0000    1.0000       351
           2     1.0000    1.0000    1.0000       470

    accuracy                         1.0000      1375
   macro avg     1.0000    1.0000    1.0000      1375
weighted avg     1.0000    1.0000    1.0000      1375

2023-08-07 17:31:11 [DEBUG]: 
              precision    recall  f1-score   support

           0     1.0000    0.9822    0.9910       169
           1     0.9811    1.0000    0.9905       156
           2     1.0000    1.0000    1.0000       162

    accuracy                         0.9938       487
   macro avg     0.9937    0.9941    0.9938       487
weighted avg     0.9940    0.9938    0.9938       487

2023-08-07 17:34:02 [DEBUG]: delete repeated samples
2023-08-07 17:34:08 [DEBUG]: 
              precision    recall  f1-score   support

           0     0.9945    0.9177    0.9546      4921
           1     0.7692    0.9818    0.8626      1375

    accuracy                         0.9317      6296
   macro avg     0.8819    0.9498    0.9086      6296
weighted avg     0.9453    0.9317    0.9345      6296

2023-08-07 17:34:08 [DEBUG]: 
              precision    recall  f1-score   support

           0     0.9901    0.9766    0.9833       513
           1     0.9757    0.9897    0.9827       487

    accuracy                         0.9830      1000
   macro avg     0.9829    0.9832    0.9830      1000
weighted avg     0.9831    0.9830    0.9830      1000

2023-08-07 17:34:15 [DEBUG]: 
              precision    recall  f1-score   support

           0     0.9853    0.9732    0.9792      3244
           1     0.9493    0.9720    0.9605      1677

    accuracy                         0.9728      4921
   macro avg     0.9673    0.9726    0.9699      4921
weighted avg     0.9731    0.9728    0.9728      4921

2023-08-07 17:34:15 [DEBUG]: 
              precision    recall  f1-score   support

           0     0.8182    0.8693    0.8430       176
           1     0.9294    0.8991    0.9140       337

    accuracy                         0.8889       513
   macro avg     0.8738    0.8842    0.8785       513
weighted avg     0.8913    0.8889    0.8897       513

2023-08-07 17:34:19 [DEBUG]: 
              precision    recall  f1-score   support

           0     0.7090    0.9879    0.8255       661
           1     0.9894    0.7362    0.8442      1016

    accuracy                         0.8354      1677
   macro avg     0.8492    0.8621    0.8349      1677
weighted avg     0.8789    0.8354    0.8369      1677

2023-08-07 17:34:19 [DEBUG]: 
              precision    recall  f1-score   support

           0     0.7560    0.9518    0.8427       166
           1     0.9375    0.7018    0.8027       171

    accuracy                         0.8249       337
   macro avg     0.8467    0.8268    0.8227       337
weighted avg     0.8481    0.8249    0.8224       337

2023-08-07 17:34:28 [DEBUG]: 
              precision    recall  f1-score   support

           0     1.0000    1.0000    1.0000       554
           1     1.0000    1.0000    1.0000       351
           2     1.0000    1.0000    1.0000       470

    accuracy                         1.0000      1375
   macro avg     1.0000    1.0000    1.0000      1375
weighted avg     1.0000    1.0000    1.0000      1375

2023-08-07 17:34:28 [DEBUG]: 
              precision    recall  f1-score   support

           0     1.0000    0.9822    0.9910       169
           1     0.9811    1.0000    0.9905       156
           2     1.0000    1.0000    1.0000       162

    accuracy                         0.9938       487
   macro avg     0.9937    0.9941    0.9938       487
weighted avg     0.9940    0.9938    0.9938       487

2023-08-07 17:36:39 [DEBUG]: delete repeated samples
2023-08-07 17:36:44 [DEBUG]: 
              precision    recall  f1-score   support

           0     0.9945    0.9177    0.9546      4921
           1     0.7692    0.9818    0.8626      1375

    accuracy                         0.9317      6296
   macro avg     0.8819    0.9498    0.9086      6296
weighted avg     0.9453    0.9317    0.9345      6296

2023-08-07 17:36:44 [DEBUG]: 
              precision    recall  f1-score   support

           0     0.9901    0.9766    0.9833       513
           1     0.9757    0.9897    0.9827       487

    accuracy                         0.9830      1000
   macro avg     0.9829    0.9832    0.9830      1000
weighted avg     0.9831    0.9830    0.9830      1000

2023-08-07 17:36:50 [DEBUG]: 
              precision    recall  f1-score   support

           0     0.9853    0.9732    0.9792      3244
           1     0.9493    0.9720    0.9605      1677

    accuracy                         0.9728      4921
   macro avg     0.9673    0.9726    0.9699      4921
weighted avg     0.9731    0.9728    0.9728      4921

2023-08-07 17:36:50 [DEBUG]: 
              precision    recall  f1-score   support

           0     0.8182    0.8693    0.8430       176
           1     0.9294    0.8991    0.9140       337

    accuracy                         0.8889       513
   macro avg     0.8738    0.8842    0.8785       513
weighted avg     0.8913    0.8889    0.8897       513

2023-08-07 17:36:55 [DEBUG]: 
              precision    recall  f1-score   support

           0     0.7090    0.9879    0.8255       661
           1     0.9894    0.7362    0.8442      1016

    accuracy                         0.8354      1677
   macro avg     0.8492    0.8621    0.8349      1677
weighted avg     0.8789    0.8354    0.8369      1677

2023-08-07 17:36:55 [DEBUG]: 
              precision    recall  f1-score   support

           0     0.7560    0.9518    0.8427       166
           1     0.9375    0.7018    0.8027       171

    accuracy                         0.8249       337
   macro avg     0.8467    0.8268    0.8227       337
weighted avg     0.8481    0.8249    0.8224       337

2023-08-07 17:37:04 [DEBUG]: 
              precision    recall  f1-score   support

           0     1.0000    1.0000    1.0000       554
           1     1.0000    1.0000    1.0000       351
           2     1.0000    1.0000    1.0000       470

    accuracy                         1.0000      1375
   macro avg     1.0000    1.0000    1.0000      1375
weighted avg     1.0000    1.0000    1.0000      1375

2023-08-07 17:37:04 [DEBUG]: 
              precision    recall  f1-score   support

           0     1.0000    0.9822    0.9910       169
           1     0.9811    1.0000    0.9905       156
           2     1.0000    1.0000    1.0000       162

    accuracy                         0.9938       487
   macro avg     0.9937    0.9941    0.9938       487
weighted avg     0.9940    0.9938    0.9938       487

2023-08-07 17:38:30 [DEBUG]: delete repeated samples
2023-08-07 17:38:34 [DEBUG]: 
              precision    recall  f1-score   support

           0     0.9945    0.9177    0.9546      4921
           1     0.7692    0.9818    0.8626      1375

    accuracy                         0.9317      6296
   macro avg     0.8819    0.9498    0.9086      6296
weighted avg     0.9453    0.9317    0.9345      6296

2023-08-07 17:38:34 [DEBUG]: 
              precision    recall  f1-score   support

           0     0.9901    0.9766    0.9833       513
           1     0.9757    0.9897    0.9827       487

    accuracy                         0.9830      1000
   macro avg     0.9829    0.9832    0.9830      1000
weighted avg     0.9831    0.9830    0.9830      1000

2023-08-07 17:38:37 [DEBUG]: 
              precision    recall  f1-score   support

           0     0.9853    0.9732    0.9792      3244
           1     0.9493    0.9720    0.9605      1677

    accuracy                         0.9728      4921
   macro avg     0.9673    0.9726    0.9699      4921
weighted avg     0.9731    0.9728    0.9728      4921

2023-08-07 17:38:37 [DEBUG]: 
              precision    recall  f1-score   support

           0     0.8182    0.8693    0.8430       176
           1     0.9294    0.8991    0.9140       337

    accuracy                         0.8889       513
   macro avg     0.8738    0.8842    0.8785       513
weighted avg     0.8913    0.8889    0.8897       513

2023-08-07 17:38:40 [DEBUG]: 
              precision    recall  f1-score   support

           0     0.7090    0.9879    0.8255       661
           1     0.9894    0.7362    0.8442      1016

    accuracy                         0.8354      1677
   macro avg     0.8492    0.8621    0.8349      1677
weighted avg     0.8789    0.8354    0.8369      1677

2023-08-07 17:38:40 [DEBUG]: 
              precision    recall  f1-score   support

           0     0.7560    0.9518    0.8427       166
           1     0.9375    0.7018    0.8027       171

    accuracy                         0.8249       337
   macro avg     0.8467    0.8268    0.8227       337
weighted avg     0.8481    0.8249    0.8224       337

2023-08-07 17:38:45 [DEBUG]: 
              precision    recall  f1-score   support

           0     1.0000    1.0000    1.0000       554
           1     1.0000    1.0000    1.0000       351
           2     1.0000    1.0000    1.0000       470

    accuracy                         1.0000      1375
   macro avg     1.0000    1.0000    1.0000      1375
weighted avg     1.0000    1.0000    1.0000      1375

2023-08-07 17:38:45 [DEBUG]: 
              precision    recall  f1-score   support

           0     1.0000    0.9822    0.9910       169
           1     0.9811    1.0000    0.9905       156
           2     1.0000    1.0000    1.0000       162

    accuracy                         0.9938       487
   macro avg     0.9937    0.9941    0.9938       487
weighted avg     0.9940    0.9938    0.9938       487

2023-08-07 17:38:46 [DEBUG]: 
              precision    recall  f1-score   support

           0     0.8022    0.8295    0.8156       176
           1     0.7116    0.9217    0.8031       166
           2     0.9541    0.6082    0.7429       171
           3     0.9820    0.9704    0.9762       169
           4     0.9455    1.0000    0.9720       156
           5     0.9815    0.9815    0.9815       162

    accuracy                         0.8820      1000
   macro avg     0.8962    0.8852    0.8819      1000
weighted avg     0.8949    0.8820    0.8795      1000

2023-08-07 17:42:39 [DEBUG]: delete repeated samples
2023-08-07 17:42:43 [DEBUG]: 
              precision    recall  f1-score   support

           0     0.9945    0.9177    0.9546      4921
           1     0.7692    0.9818    0.8626      1375

    accuracy                         0.9317      6296
   macro avg     0.8819    0.9498    0.9086      6296
weighted avg     0.9453    0.9317    0.9345      6296

2023-08-07 17:42:43 [DEBUG]: 
              precision    recall  f1-score   support

           0     0.9901    0.9766    0.9833       513
           1     0.9757    0.9897    0.9827       487

    accuracy                         0.9830      1000
   macro avg     0.9829    0.9832    0.9830      1000
weighted avg     0.9831    0.9830    0.9830      1000

2023-08-07 17:42:46 [DEBUG]: 
              precision    recall  f1-score   support

           0     0.9853    0.9732    0.9792      3244
           1     0.9493    0.9720    0.9605      1677

    accuracy                         0.9728      4921
   macro avg     0.9673    0.9726    0.9699      4921
weighted avg     0.9731    0.9728    0.9728      4921

2023-08-07 17:42:46 [DEBUG]: 
              precision    recall  f1-score   support

           0     0.8182    0.8693    0.8430       176
           1     0.9294    0.8991    0.9140       337

    accuracy                         0.8889       513
   macro avg     0.8738    0.8842    0.8785       513
weighted avg     0.8913    0.8889    0.8897       513

2023-08-07 17:42:49 [DEBUG]: 
              precision    recall  f1-score   support

           0     0.7090    0.9879    0.8255       661
           1     0.9894    0.7362    0.8442      1016

    accuracy                         0.8354      1677
   macro avg     0.8492    0.8621    0.8349      1677
weighted avg     0.8789    0.8354    0.8369      1677

2023-08-07 17:42:49 [DEBUG]: 
              precision    recall  f1-score   support

           0     0.7560    0.9518    0.8427       166
           1     0.9375    0.7018    0.8027       171

    accuracy                         0.8249       337
   macro avg     0.8467    0.8268    0.8227       337
weighted avg     0.8481    0.8249    0.8224       337

2023-08-07 17:42:55 [DEBUG]: 
              precision    recall  f1-score   support

           0     1.0000    1.0000    1.0000       554
           1     1.0000    1.0000    1.0000       351
           2     1.0000    1.0000    1.0000       470

    accuracy                         1.0000      1375
   macro avg     1.0000    1.0000    1.0000      1375
weighted avg     1.0000    1.0000    1.0000      1375

2023-08-07 17:42:55 [DEBUG]: 
              precision    recall  f1-score   support

           0     1.0000    0.9822    0.9910       169
           1     0.9811    1.0000    0.9905       156
           2     1.0000    1.0000    1.0000       162

    accuracy                         0.9938       487
   macro avg     0.9937    0.9941    0.9938       487
weighted avg     0.9940    0.9938    0.9938       487

2023-08-07 17:42:59 [DEBUG]: 
              precision    recall  f1-score   support

           0     0.9756    0.8511    0.9091      3244
           1     0.6681    0.9561    0.7866       661
           2     0.9359    0.7047    0.8040      1016
           3     0.7616    0.9801    0.8571       554
           4     0.8357    1.0000    0.9105       351
           5     0.7331    0.9702    0.8352       470

    accuracy                         0.8671      6296
   macro avg     0.8183    0.9104    0.8504      6296
weighted avg     0.8922    0.8671    0.8693      6296

2023-08-07 17:43:00 [DEBUG]: 
              precision    recall  f1-score   support

           0     0.8022    0.8295    0.8156       176
           1     0.7116    0.9217    0.8031       166
           2     0.9541    0.6082    0.7429       171
           3     0.9820    0.9704    0.9762       169
           4     0.9455    1.0000    0.9720       156
           5     0.9815    0.9815    0.9815       162

    accuracy                         0.8820      1000
   macro avg     0.8962    0.8852    0.8819      1000
weighted avg     0.8949    0.8820    0.8795      1000

2023-08-07 17:47:02 [DEBUG]: delete repeated samples
2023-08-07 17:47:02 [INFO]: train [[0,1,2], [3,4,5]]
2023-08-07 17:47:05 [DEBUG]: 
              precision    recall  f1-score   support

           0     0.9945    0.9177    0.9546      4921
           1     0.7692    0.9818    0.8626      1375

    accuracy                         0.9317      6296
   macro avg     0.8819    0.9498    0.9086      6296
weighted avg     0.9453    0.9317    0.9345      6296

2023-08-07 17:47:05 [DEBUG]: 
              precision    recall  f1-score   support

           0     0.9901    0.9766    0.9833       513
           1     0.9757    0.9897    0.9827       487

    accuracy                         0.9830      1000
   macro avg     0.9829    0.9832    0.9830      1000
weighted avg     0.9831    0.9830    0.9830      1000

2023-08-07 17:47:05 [INFO]: train [[0],[1,2]]
2023-08-07 17:47:09 [DEBUG]: 
              precision    recall  f1-score   support

           0     0.9853    0.9732    0.9792      3244
           1     0.9493    0.9720    0.9605      1677

    accuracy                         0.9728      4921
   macro avg     0.9673    0.9726    0.9699      4921
weighted avg     0.9731    0.9728    0.9728      4921

2023-08-07 17:47:09 [DEBUG]: 
              precision    recall  f1-score   support

           0     0.8182    0.8693    0.8430       176
           1     0.9294    0.8991    0.9140       337

    accuracy                         0.8889       513
   macro avg     0.8738    0.8842    0.8785       513
weighted avg     0.8913    0.8889    0.8897       513

2023-08-07 17:47:09 [INFO]: train [[1],[2]]
2023-08-07 17:47:12 [DEBUG]: 
              precision    recall  f1-score   support

           0     0.7090    0.9879    0.8255       661
           1     0.9894    0.7362    0.8442      1016

    accuracy                         0.8354      1677
   macro avg     0.8492    0.8621    0.8349      1677
weighted avg     0.8789    0.8354    0.8369      1677

2023-08-07 17:47:12 [DEBUG]: 
              precision    recall  f1-score   support

           0     0.7560    0.9518    0.8427       166
           1     0.9375    0.7018    0.8027       171

    accuracy                         0.8249       337
   macro avg     0.8467    0.8268    0.8227       337
weighted avg     0.8481    0.8249    0.8224       337

2023-08-07 17:47:12 [INFO]: train [[3],[4],[5]]
2023-08-07 17:47:17 [DEBUG]: 
              precision    recall  f1-score   support

           0     1.0000    1.0000    1.0000       554
           1     1.0000    1.0000    1.0000       351
           2     1.0000    1.0000    1.0000       470

    accuracy                         1.0000      1375
   macro avg     1.0000    1.0000    1.0000      1375
weighted avg     1.0000    1.0000    1.0000      1375

2023-08-07 17:47:17 [DEBUG]: 
              precision    recall  f1-score   support

           0     1.0000    0.9822    0.9910       169
           1     0.9811    1.0000    0.9905       156
           2     1.0000    1.0000    1.0000       162

    accuracy                         0.9938       487
   macro avg     0.9937    0.9941    0.9938       487
weighted avg     0.9940    0.9938    0.9938       487

2023-08-07 17:47:21 [DEBUG]: 
              precision    recall  f1-score   support

           0     0.9756    0.8511    0.9091      3244
           1     0.6681    0.9561    0.7866       661
           2     0.9359    0.7047    0.8040      1016
           3     0.7616    0.9801    0.8571       554
           4     0.8357    1.0000    0.9105       351
           5     0.7331    0.9702    0.8352       470

    accuracy                         0.8671      6296
   macro avg     0.8183    0.9104    0.8504      6296
weighted avg     0.8922    0.8671    0.8693      6296

2023-08-07 17:47:22 [DEBUG]: 
              precision    recall  f1-score   support

           0     0.8022    0.8295    0.8156       176
           1     0.7116    0.9217    0.8031       166
           2     0.9541    0.6082    0.7429       171
           3     0.9820    0.9704    0.9762       169
           4     0.9455    1.0000    0.9720       156
           5     0.9815    0.9815    0.9815       162

    accuracy                         0.8820      1000
   macro avg     0.8962    0.8852    0.8819      1000
weighted avg     0.8949    0.8820    0.8795      1000

2023-08-07 17:49:43 [DEBUG]: delete repeated samples
2023-08-07 17:49:43 [INFO]: train [[0,1,2], [3,4,5]]
2023-08-07 17:49:47 [DEBUG]: 
              precision    recall  f1-score   support

           0     0.9948    0.9667    0.9805      4921
           1     0.8917    0.9818    0.9346      1375

    accuracy                         0.9700      6296
   macro avg     0.9432    0.9742    0.9576      6296
weighted avg     0.9723    0.9700    0.9705      6296

2023-08-07 17:49:47 [DEBUG]: 
              precision    recall  f1-score   support

           0     0.9902    0.9825    0.9863       513
           1     0.9817    0.9897    0.9857       487

    accuracy                         0.9860      1000
   macro avg     0.9859    0.9861    0.9860      1000
weighted avg     0.9860    0.9860    0.9860      1000

2023-08-07 17:50:06 [DEBUG]: delete repeated samples
2023-08-07 17:50:06 [INFO]: train [[0,1,2], [3,4,5]]
2023-08-07 17:50:10 [DEBUG]: 
              precision    recall  f1-score   support

           0     0.9922    0.9561    0.9738      4921
           1     0.8610    0.9731    0.9136      1375

    accuracy                         0.9598      6296
   macro avg     0.9266    0.9646    0.9437      6296
weighted avg     0.9635    0.9598    0.9607      6296

2023-08-07 17:50:10 [DEBUG]: 
              precision    recall  f1-score   support

           0     0.9921    0.9786    0.9853       513
           1     0.9777    0.9918    0.9847       487

    accuracy                         0.9850      1000
   macro avg     0.9849    0.9852    0.9850      1000
weighted avg     0.9851    0.9850    0.9850      1000

2023-08-07 17:50:35 [DEBUG]: delete repeated samples
2023-08-07 17:50:36 [INFO]: train [[0,1,2], [3,4,5]]
2023-08-07 17:50:39 [DEBUG]: 
              precision    recall  f1-score   support

           0     0.9943    0.9240    0.9579      4921
           1     0.7829    0.9811    0.8709      1375

    accuracy                         0.9365      6296
   macro avg     0.8886    0.9525    0.9144      6296
weighted avg     0.9482    0.9365    0.9389      6296

2023-08-07 17:50:39 [DEBUG]: 
              precision    recall  f1-score   support

           0     0.9901    0.9766    0.9833       513
           1     0.9757    0.9897    0.9827       487

    accuracy                         0.9830      1000
   macro avg     0.9829    0.9832    0.9830      1000
weighted avg     0.9831    0.9830    0.9830      1000

2023-08-07 17:50:50 [DEBUG]: delete repeated samples
2023-08-07 17:50:50 [INFO]: train [[0,1,2], [3,4,5]]
2023-08-07 17:50:54 [DEBUG]: 
              precision    recall  f1-score   support

           0     0.9943    0.9622    0.9780      4921
           1     0.8787    0.9804    0.9268      1375

    accuracy                         0.9662      6296
   macro avg     0.9365    0.9713    0.9524      6296
weighted avg     0.9691    0.9662    0.9668      6296

2023-08-07 17:50:54 [DEBUG]: 
              precision    recall  f1-score   support

           0     0.9902    0.9805    0.9853       513
           1     0.9797    0.9897    0.9847       487

    accuracy                         0.9850      1000
   macro avg     0.9849    0.9851    0.9850      1000
weighted avg     0.9851    0.9850    0.9850      1000

2023-08-07 17:51:41 [DEBUG]: delete repeated samples
2023-08-07 17:51:41 [INFO]: train [[0,1,2], [3,4,5]]
2023-08-07 17:51:45 [DEBUG]: 
              precision    recall  f1-score   support

           0     0.9919    0.9455    0.9682      4921
           1     0.8330    0.9724    0.8973      1375

    accuracy                         0.9514      6296
   macro avg     0.9125    0.9590    0.9327      6296
weighted avg     0.9572    0.9514    0.9527      6296

2023-08-07 17:51:45 [DEBUG]: 
              precision    recall  f1-score   support

           0     0.9921    0.9766    0.9843       513
           1     0.9758    0.9918    0.9837       487

    accuracy                         0.9840      1000
   macro avg     0.9839    0.9842    0.9840      1000
weighted avg     0.9841    0.9840    0.9840      1000

2023-08-07 17:51:58 [DEBUG]: delete repeated samples
2023-08-07 17:51:58 [INFO]: train [[0,1,2], [3,4,5]]
2023-08-07 17:52:02 [DEBUG]: 
              precision    recall  f1-score   support

           0     0.9943    0.9622    0.9780      4921
           1     0.8787    0.9804    0.9268      1375

    accuracy                         0.9662      6296
   macro avg     0.9365    0.9713    0.9524      6296
weighted avg     0.9691    0.9662    0.9668      6296

2023-08-07 17:52:02 [DEBUG]: 
              precision    recall  f1-score   support

           0     0.9902    0.9805    0.9853       513
           1     0.9797    0.9897    0.9847       487

    accuracy                         0.9850      1000
   macro avg     0.9849    0.9851    0.9850      1000
weighted avg     0.9851    0.9850    0.9850      1000

2023-08-07 17:52:08 [DEBUG]: delete repeated samples
2023-08-07 17:52:08 [INFO]: train [[0,1,2], [3,4,5]]
2023-08-07 17:52:12 [DEBUG]: 
              precision    recall  f1-score   support

           0     0.9931    0.9648    0.9788      4921
           1     0.8858    0.9760    0.9287      1375

    accuracy                         0.9673      6296
   macro avg     0.9395    0.9704    0.9537      6296
weighted avg     0.9697    0.9673    0.9678      6296

2023-08-07 17:52:12 [DEBUG]: 
              precision    recall  f1-score   support

           0     0.9882    0.9825    0.9853       513
           1     0.9816    0.9877    0.9846       487

    accuracy                         0.9850      1000
   macro avg     0.9849    0.9851    0.9850      1000
weighted avg     0.9850    0.9850    0.9850      1000

2023-08-07 17:52:30 [DEBUG]: delete repeated samples
2023-08-07 17:52:30 [INFO]: train [[0,1,2], [3,4,5]]
2023-08-07 17:52:34 [DEBUG]: 
              precision    recall  f1-score   support

           0     0.9937    0.9642    0.9788      4921
           1     0.8843    0.9782    0.9289      1375

    accuracy                         0.9673      6296
   macro avg     0.9390    0.9712    0.9538      6296
weighted avg     0.9698    0.9673    0.9679      6296

2023-08-07 17:52:34 [DEBUG]: 
              precision    recall  f1-score   support

           0     0.9920    0.9708    0.9813       513
           1     0.9699    0.9918    0.9807       487

    accuracy                         0.9810      1000
   macro avg     0.9810    0.9813    0.9810      1000
weighted avg     0.9812    0.9810    0.9810      1000

2023-08-07 17:52:45 [DEBUG]: delete repeated samples
2023-08-07 17:52:45 [INFO]: train [[0,1,2], [3,4,5]]
2023-08-07 17:52:49 [DEBUG]: 
              precision    recall  f1-score   support

           0     0.9948    0.9705    0.9825      4921
           1     0.9030    0.9818    0.9408      1375

    accuracy                         0.9730      6296
   macro avg     0.9489    0.9762    0.9616      6296
weighted avg     0.9747    0.9730    0.9734      6296

2023-08-07 17:52:49 [DEBUG]: 
              precision    recall  f1-score   support

           0     0.9883    0.9864    0.9873       513
           1     0.9857    0.9877    0.9867       487

    accuracy                         0.9870      1000
   macro avg     0.9870    0.9870    0.9870      1000
weighted avg     0.9870    0.9870    0.9870      1000

2023-08-07 17:53:06 [DEBUG]: delete repeated samples
2023-08-07 17:53:06 [INFO]: train [[0,1,2], [3,4,5]]
2023-08-07 17:53:10 [DEBUG]: 
              precision    recall  f1-score   support

           0     0.9948    0.9718    0.9831      4921
           1     0.9066    0.9818    0.9427      1375

    accuracy                         0.9740      6296
   macro avg     0.9507    0.9768    0.9629      6296
weighted avg     0.9755    0.9740    0.9743      6296

2023-08-07 17:53:10 [DEBUG]: 
              precision    recall  f1-score   support

           0     0.9883    0.9864    0.9873       513
           1     0.9857    0.9877    0.9867       487

    accuracy                         0.9870      1000
   macro avg     0.9870    0.9870    0.9870      1000
weighted avg     0.9870    0.9870    0.9870      1000

2023-08-07 17:55:46 [DEBUG]: delete repeated samples
2023-08-07 17:55:46 [INFO]: train [[0,1,2], [3,4,5]]
2023-08-07 17:55:50 [DEBUG]: 
              precision    recall  f1-score   support

           0     0.9948    0.9718    0.9831      4921
           1     0.9066    0.9818    0.9427      1375

    accuracy                         0.9740      6296
   macro avg     0.9507    0.9768    0.9629      6296
weighted avg     0.9755    0.9740    0.9743      6296

2023-08-07 17:55:50 [DEBUG]: 
              precision    recall  f1-score   support

           0     0.9883    0.9864    0.9873       513
           1     0.9857    0.9877    0.9867       487

    accuracy                         0.9870      1000
   macro avg     0.9870    0.9870    0.9870      1000
weighted avg     0.9870    0.9870    0.9870      1000

2023-08-07 17:56:57 [DEBUG]: delete repeated samples
2023-08-07 17:56:58 [INFO]: train [[1],[2]]
2023-08-07 17:57:00 [DEBUG]: 
              precision    recall  f1-score   support

           0     0.7090    0.9879    0.8255       661
           1     0.9894    0.7362    0.8442      1016

    accuracy                         0.8354      1677
   macro avg     0.8492    0.8621    0.8349      1677
weighted avg     0.8789    0.8354    0.8369      1677

2023-08-07 17:57:00 [DEBUG]: 
              precision    recall  f1-score   support

           0     0.7560    0.9518    0.8427       166
           1     0.9375    0.7018    0.8027       171

    accuracy                         0.8249       337
   macro avg     0.8467    0.8268    0.8227       337
weighted avg     0.8481    0.8249    0.8224       337

2023-08-07 17:57:42 [DEBUG]: delete repeated samples
2023-08-07 17:57:42 [INFO]: train [[1],[2]]
2023-08-07 17:57:44 [DEBUG]: 
              precision    recall  f1-score   support

           0     0.6750    0.9803    0.7995       661
           1     0.9819    0.6929    0.8125      1016

    accuracy                         0.8062      1677
   macro avg     0.8284    0.8366    0.8060      1677
weighted avg     0.8609    0.8062    0.8074      1677

2023-08-07 17:57:44 [DEBUG]: 
              precision    recall  f1-score   support

           0     0.7512    0.9639    0.8443       166
           1     0.9516    0.6901    0.8000       171

    accuracy                         0.8249       337
   macro avg     0.8514    0.8270    0.8222       337
weighted avg     0.8529    0.8249    0.8218       337

2023-08-07 17:57:56 [DEBUG]: delete repeated samples
2023-08-07 17:57:57 [INFO]: train [[1],[2]]
2023-08-07 17:58:00 [DEBUG]: 
              precision    recall  f1-score   support

           0     0.7349    0.9939    0.8450       661
           1     0.9949    0.7667    0.8660      1016

    accuracy                         0.8563      1677
   macro avg     0.8649    0.8803    0.8555      1677
weighted avg     0.8924    0.8563    0.8578      1677

2023-08-07 17:58:00 [DEBUG]: 
              precision    recall  f1-score   support

           0     0.7667    0.9699    0.8564       166
           1     0.9606    0.7135    0.8188       171

    accuracy                         0.8398       337
   macro avg     0.8636    0.8417    0.8376       337
weighted avg     0.8651    0.8398    0.8373       337

2023-08-07 17:58:21 [DEBUG]: delete repeated samples
2023-08-07 17:58:21 [INFO]: train [[1],[2]]
2023-08-07 17:58:24 [DEBUG]: 
              precision    recall  f1-score   support

           0     0.7382    0.9939    0.8472       661
           1     0.9949    0.7707    0.8686      1016

    accuracy                         0.8587      1677
   macro avg     0.8666    0.8823    0.8579      1677
weighted avg     0.8937    0.8587    0.8601      1677

2023-08-07 17:58:24 [DEBUG]: 
              precision    recall  f1-score   support

           0     0.7692    0.9639    0.8556       166
           1     0.9535    0.7193    0.8200       171

    accuracy                         0.8398       337
   macro avg     0.8614    0.8416    0.8378       337
weighted avg     0.8627    0.8398    0.8375       337

2023-08-07 17:58:53 [DEBUG]: delete repeated samples
2023-08-07 17:58:53 [INFO]: train [[0,1,2], [3,4,5]]
2023-08-07 17:58:57 [DEBUG]: 
              precision    recall  f1-score   support

           0     0.9948    0.9718    0.9831      4921
           1     0.9066    0.9818    0.9427      1375

    accuracy                         0.9740      6296
   macro avg     0.9507    0.9768    0.9629      6296
weighted avg     0.9755    0.9740    0.9743      6296

2023-08-07 17:58:57 [DEBUG]: 
              precision    recall  f1-score   support

           0     0.9883    0.9864    0.9873       513
           1     0.9857    0.9877    0.9867       487

    accuracy                         0.9870      1000
   macro avg     0.9870    0.9870    0.9870      1000
weighted avg     0.9870    0.9870    0.9870      1000

2023-08-07 17:58:57 [INFO]: train [[0],[1,2]]
2023-08-07 17:59:01 [DEBUG]: 
              precision    recall  f1-score   support

           0     0.9853    0.9732    0.9792      3244
           1     0.9493    0.9720    0.9605      1677

    accuracy                         0.9728      4921
   macro avg     0.9673    0.9726    0.9699      4921
weighted avg     0.9731    0.9728    0.9728      4921

2023-08-07 17:59:01 [DEBUG]: 
              precision    recall  f1-score   support

           0     0.8182    0.8693    0.8430       176
           1     0.9294    0.8991    0.9140       337

    accuracy                         0.8889       513
   macro avg     0.8738    0.8842    0.8785       513
weighted avg     0.8913    0.8889    0.8897       513

2023-08-07 17:59:01 [INFO]: train [[1],[2]]
2023-08-07 17:59:04 [DEBUG]: 
              precision    recall  f1-score   support

           0     0.7382    0.9939    0.8472       661
           1     0.9949    0.7707    0.8686      1016

    accuracy                         0.8587      1677
   macro avg     0.8666    0.8823    0.8579      1677
weighted avg     0.8937    0.8587    0.8601      1677

2023-08-07 17:59:04 [DEBUG]: 
              precision    recall  f1-score   support

           0     0.7692    0.9639    0.8556       166
           1     0.9535    0.7193    0.8200       171

    accuracy                         0.8398       337
   macro avg     0.8614    0.8416    0.8378       337
weighted avg     0.8627    0.8398    0.8375       337

2023-08-07 17:59:04 [INFO]: train [[3],[4],[5]]
2023-08-07 17:59:10 [DEBUG]: 
              precision    recall  f1-score   support

           0     1.0000    1.0000    1.0000       554
           1     1.0000    1.0000    1.0000       351
           2     1.0000    1.0000    1.0000       470

    accuracy                         1.0000      1375
   macro avg     1.0000    1.0000    1.0000      1375
weighted avg     1.0000    1.0000    1.0000      1375

2023-08-07 17:59:10 [DEBUG]: 
              precision    recall  f1-score   support

           0     1.0000    0.9822    0.9910       169
           1     0.9811    1.0000    0.9905       156
           2     1.0000    1.0000    1.0000       162

    accuracy                         0.9938       487
   macro avg     0.9937    0.9941    0.9938       487
weighted avg     0.9940    0.9938    0.9938       487

2023-08-07 17:59:15 [DEBUG]: 
              precision    recall  f1-score   support

           0     0.9771    0.9322    0.9541      3244
           1     0.6968    0.9667    0.8099       661
           2     0.9434    0.7382    0.8283      1016
           3     0.8922    0.9856    0.9365       554
           4     0.9093    1.0000    0.9525       351
           5     0.9226    0.9638    0.9428       470

    accuracy                         0.9153      6296
   macro avg     0.8902    0.9311    0.9040      6296
weighted avg     0.9269    0.9153    0.9162      6296

2023-08-07 17:59:16 [DEBUG]: 
              precision    recall  f1-score   support

           0     0.7979    0.8523    0.8242       176
           1     0.7243    0.9337    0.8158       166
           2     0.9727    0.6257    0.7616       171
           3     0.9880    0.9763    0.9821       169
           4     0.9571    1.0000    0.9781       156
           5     0.9937    0.9691    0.9813       162

    accuracy                         0.8900      1000
   macro avg     0.9056    0.8929    0.8905      1000
weighted avg     0.9042    0.8900    0.8882      1000

2023-08-07 18:00:58 [DEBUG]: delete repeated samples
2023-08-07 18:00:59 [INFO]: train [[0,1,2], [3,4,5]]
2023-08-07 18:01:02 [DEBUG]: 
              precision    recall  f1-score   support

           0     0.9948    0.9718    0.9831      4921
           1     0.9066    0.9818    0.9427      1375

    accuracy                         0.9740      6296
   macro avg     0.9507    0.9768    0.9629      6296
weighted avg     0.9755    0.9740    0.9743      6296

2023-08-07 18:01:02 [DEBUG]: 
              precision    recall  f1-score   support

           0     0.9883    0.9864    0.9873       513
           1     0.9857    0.9877    0.9867       487

    accuracy                         0.9870      1000
   macro avg     0.9870    0.9870    0.9870      1000
weighted avg     0.9870    0.9870    0.9870      1000

2023-08-07 18:01:02 [INFO]: train [[0],[1,2]]
2023-08-07 18:01:06 [DEBUG]: 
              precision    recall  f1-score   support

           0     0.9853    0.9732    0.9792      3244
           1     0.9493    0.9720    0.9605      1677

    accuracy                         0.9728      4921
   macro avg     0.9673    0.9726    0.9699      4921
weighted avg     0.9731    0.9728    0.9728      4921

2023-08-07 18:01:06 [DEBUG]: 
              precision    recall  f1-score   support

           0     0.8182    0.8693    0.8430       176
           1     0.9294    0.8991    0.9140       337

    accuracy                         0.8889       513
   macro avg     0.8738    0.8842    0.8785       513
weighted avg     0.8913    0.8889    0.8897       513

2023-08-07 18:01:06 [INFO]: train [[1],[2]]
2023-08-07 18:01:10 [DEBUG]: 
              precision    recall  f1-score   support

           0     0.7382    0.9939    0.8472       661
           1     0.9949    0.7707    0.8686      1016

    accuracy                         0.8587      1677
   macro avg     0.8666    0.8823    0.8579      1677
weighted avg     0.8937    0.8587    0.8601      1677

2023-08-07 18:01:10 [DEBUG]: 
              precision    recall  f1-score   support

           0     0.7692    0.9639    0.8556       166
           1     0.9535    0.7193    0.8200       171

    accuracy                         0.8398       337
   macro avg     0.8614    0.8416    0.8378       337
weighted avg     0.8627    0.8398    0.8375       337

2023-08-07 18:01:10 [INFO]: train [[3],[4],[5]]
2023-08-07 18:01:17 [DEBUG]: 
              precision    recall  f1-score   support

           0     1.0000    1.0000    1.0000       554
           1     1.0000    1.0000    1.0000       351
           2     1.0000    1.0000    1.0000       470

    accuracy                         1.0000      1375
   macro avg     1.0000    1.0000    1.0000      1375
weighted avg     1.0000    1.0000    1.0000      1375

2023-08-07 18:01:17 [DEBUG]: 
              precision    recall  f1-score   support

           0     1.0000    0.9822    0.9910       169
           1     0.9811    1.0000    0.9905       156
           2     1.0000    1.0000    1.0000       162

    accuracy                         0.9938       487
   macro avg     0.9937    0.9941    0.9938       487
weighted avg     0.9940    0.9938    0.9938       487

2023-08-07 18:01:21 [DEBUG]: 
              precision    recall  f1-score   support

           0     0.9771    0.9322    0.9541      3244
           1     0.6968    0.9667    0.8099       661
           2     0.9434    0.7382    0.8283      1016
           3     0.8922    0.9856    0.9365       554
           4     0.9093    1.0000    0.9525       351
           5     0.9226    0.9638    0.9428       470

    accuracy                         0.9153      6296
   macro avg     0.8902    0.9311    0.9040      6296
weighted avg     0.9269    0.9153    0.9162      6296

2023-08-07 18:01:22 [DEBUG]: 
              precision    recall  f1-score   support

           0     0.7979    0.8523    0.8242       176
           1     0.7243    0.9337    0.8158       166
           2     0.9727    0.6257    0.7616       171
           3     0.9880    0.9763    0.9821       169
           4     0.9571    1.0000    0.9781       156
           5     0.9937    0.9691    0.9813       162

    accuracy                         0.8900      1000
   macro avg     0.9056    0.8929    0.8905      1000
weighted avg     0.9042    0.8900    0.8882      1000

2023-08-07 18:09:25 [DEBUG]: delete repeated samples
2023-08-07 18:09:25 [INFO]: train [[0,1,2], [3,4,5]]
2023-08-07 18:09:32 [DEBUG]: 
              precision    recall  f1-score   support

           0     0.9948    0.9718    0.9831      4921
           1     0.9066    0.9818    0.9427      1375

    accuracy                         0.9740      6296
   macro avg     0.9507    0.9768    0.9629      6296
weighted avg     0.9755    0.9740    0.9743      6296

2023-08-07 18:09:32 [DEBUG]: 
              precision    recall  f1-score   support

           0     0.9883    0.9864    0.9873       513
           1     0.9857    0.9877    0.9867       487

    accuracy                         0.9870      1000
   macro avg     0.9870    0.9870    0.9870      1000
weighted avg     0.9870    0.9870    0.9870      1000

2023-08-07 18:09:32 [INFO]: train [[0],[1,2]]
2023-08-07 18:09:38 [DEBUG]: 
              precision    recall  f1-score   support

           0     0.9853    0.9732    0.9792      3244
           1     0.9493    0.9720    0.9605      1677

    accuracy                         0.9728      4921
   macro avg     0.9673    0.9726    0.9699      4921
weighted avg     0.9731    0.9728    0.9728      4921

2023-08-07 18:09:38 [DEBUG]: 
              precision    recall  f1-score   support

           0     0.8182    0.8693    0.8430       176
           1     0.9294    0.8991    0.9140       337

    accuracy                         0.8889       513
   macro avg     0.8738    0.8842    0.8785       513
weighted avg     0.8913    0.8889    0.8897       513

2023-08-07 18:09:38 [INFO]: train [[1],[2]]
2023-08-07 18:09:44 [DEBUG]: 
              precision    recall  f1-score   support

           0     0.7382    0.9939    0.8472       661
           1     0.9949    0.7707    0.8686      1016

    accuracy                         0.8587      1677
   macro avg     0.8666    0.8823    0.8579      1677
weighted avg     0.8937    0.8587    0.8601      1677

2023-08-07 18:09:44 [DEBUG]: 
              precision    recall  f1-score   support

           0     0.7692    0.9639    0.8556       166
           1     0.9535    0.7193    0.8200       171

    accuracy                         0.8398       337
   macro avg     0.8614    0.8416    0.8378       337
weighted avg     0.8627    0.8398    0.8375       337

2023-08-07 18:09:44 [INFO]: train [[3],[4],[5]]
2023-08-07 18:09:53 [DEBUG]: 
              precision    recall  f1-score   support

           0     1.0000    1.0000    1.0000       554
           1     1.0000    1.0000    1.0000       351
           2     1.0000    1.0000    1.0000       470

    accuracy                         1.0000      1375
   macro avg     1.0000    1.0000    1.0000      1375
weighted avg     1.0000    1.0000    1.0000      1375

2023-08-07 18:09:53 [DEBUG]: 
              precision    recall  f1-score   support

           0     1.0000    0.9822    0.9910       169
           1     0.9811    1.0000    0.9905       156
           2     1.0000    1.0000    1.0000       162

    accuracy                         0.9938       487
   macro avg     0.9937    0.9941    0.9938       487
weighted avg     0.9940    0.9938    0.9938       487

2023-08-07 18:10:01 [DEBUG]: 
              precision    recall  f1-score   support

           0     0.9771    0.9322    0.9541      3244
           1     0.6968    0.9667    0.8099       661
           2     0.9434    0.7382    0.8283      1016
           3     0.8922    0.9856    0.9365       554
           4     0.9093    1.0000    0.9525       351
           5     0.9226    0.9638    0.9428       470

    accuracy                         0.9153      6296
   macro avg     0.8902    0.9311    0.9040      6296
weighted avg     0.9269    0.9153    0.9162      6296

2023-08-07 18:10:02 [DEBUG]: 
              precision    recall  f1-score   support

           0     0.7979    0.8523    0.8242       176
           1     0.7243    0.9337    0.8158       166
           2     0.9727    0.6257    0.7616       171
           3     0.9880    0.9763    0.9821       169
           4     0.9571    1.0000    0.9781       156
           5     0.9937    0.9691    0.9813       162

    accuracy                         0.8900      1000
   macro avg     0.9056    0.8929    0.8905      1000
weighted avg     0.9042    0.8900    0.8882      1000

2023-08-07 18:10:52 [DEBUG]: delete repeated samples
2023-08-07 18:10:53 [INFO]: train [[0,1,2], [3,4,5]]
2023-08-07 18:10:57 [DEBUG]: 
              precision    recall  f1-score   support

           0     0.9948    0.9718    0.9831      4921
           1     0.9066    0.9818    0.9427      1375

    accuracy                         0.9740      6296
   macro avg     0.9507    0.9768    0.9629      6296
weighted avg     0.9755    0.9740    0.9743      6296

2023-08-07 18:10:57 [DEBUG]: 
              precision    recall  f1-score   support

           0     0.9883    0.9864    0.9873       513
           1     0.9857    0.9877    0.9867       487

    accuracy                         0.9870      1000
   macro avg     0.9870    0.9870    0.9870      1000
weighted avg     0.9870    0.9870    0.9870      1000

2023-08-07 18:10:57 [INFO]: train [[0],[1,2]]
2023-08-07 18:11:00 [DEBUG]: 
              precision    recall  f1-score   support

           0     0.9853    0.9732    0.9792      3244
           1     0.9493    0.9720    0.9605      1677

    accuracy                         0.9728      4921
   macro avg     0.9673    0.9726    0.9699      4921
weighted avg     0.9731    0.9728    0.9728      4921

2023-08-07 18:11:00 [DEBUG]: 
              precision    recall  f1-score   support

           0     0.8182    0.8693    0.8430       176
           1     0.9294    0.8991    0.9140       337

    accuracy                         0.8889       513
   macro avg     0.8738    0.8842    0.8785       513
weighted avg     0.8913    0.8889    0.8897       513

2023-08-07 18:11:00 [INFO]: train [[1],[2]]
2023-08-07 18:11:03 [DEBUG]: 
              precision    recall  f1-score   support

           0     0.7382    0.9939    0.8472       661
           1     0.9949    0.7707    0.8686      1016

    accuracy                         0.8587      1677
   macro avg     0.8666    0.8823    0.8579      1677
weighted avg     0.8937    0.8587    0.8601      1677

2023-08-07 18:11:03 [DEBUG]: 
              precision    recall  f1-score   support

           0     0.7692    0.9639    0.8556       166
           1     0.9535    0.7193    0.8200       171

    accuracy                         0.8398       337
   macro avg     0.8614    0.8416    0.8378       337
weighted avg     0.8627    0.8398    0.8375       337

2023-08-07 18:11:03 [INFO]: train [[3],[4],[5]]
2023-08-07 18:11:09 [DEBUG]: 
              precision    recall  f1-score   support

           0     1.0000    1.0000    1.0000       554
           1     1.0000    1.0000    1.0000       351
           2     1.0000    1.0000    1.0000       470

    accuracy                         1.0000      1375
   macro avg     1.0000    1.0000    1.0000      1375
weighted avg     1.0000    1.0000    1.0000      1375

2023-08-07 18:11:09 [DEBUG]: 
              precision    recall  f1-score   support

           0     1.0000    0.9822    0.9910       169
           1     0.9811    1.0000    0.9905       156
           2     1.0000    1.0000    1.0000       162

    accuracy                         0.9938       487
   macro avg     0.9937    0.9941    0.9938       487
weighted avg     0.9940    0.9938    0.9938       487

2023-08-07 18:11:14 [DEBUG]: 
              precision    recall  f1-score   support

           0     0.9771    0.9322    0.9541      3244
           1     0.6968    0.9667    0.8099       661
           2     0.9434    0.7382    0.8283      1016
           3     0.8922    0.9856    0.9365       554
           4     0.9093    1.0000    0.9525       351
           5     0.9226    0.9638    0.9428       470

    accuracy                         0.9153      6296
   macro avg     0.8902    0.9311    0.9040      6296
weighted avg     0.9269    0.9153    0.9162      6296

2023-08-07 18:11:15 [DEBUG]: 
              precision    recall  f1-score   support

           0     0.7979    0.8523    0.8242       176
           1     0.7243    0.9337    0.8158       166
           2     0.9727    0.6257    0.7616       171
           3     0.9880    0.9763    0.9821       169
           4     0.9571    1.0000    0.9781       156
           5     0.9937    0.9691    0.9813       162

    accuracy                         0.8900      1000
   macro avg     0.9056    0.8929    0.8905      1000
weighted avg     0.9042    0.8900    0.8882      1000

2023-08-07 19:08:33 [DEBUG]: delete repeated samples
2023-08-07 19:08:37 [DEBUG]: CACHEDIR=C:\Users\86151\.matplotlib
2023-08-07 19:08:37 [DEBUG]: Using fontManager instance from C:\Users\86151\.matplotlib\fontlist-v330.json
2023-08-07 19:11:34 [INFO]: train [[0,1,2], [3,4,5]]
2023-08-07 19:11:45 [DEBUG]: delete repeated samples
2023-08-07 19:16:50 [INFO]: train [[0,1,2], [3,4,5]]
2023-08-07 19:16:57 [DEBUG]: 
              precision    recall  f1-score   support

           0     0.9948    0.9718    0.9831      4921
           1     0.9066    0.9818    0.9427      1375

    accuracy                         0.9740      6296
   macro avg     0.9507    0.9768    0.9629      6296
weighted avg     0.9755    0.9740    0.9743      6296

2023-08-07 19:16:57 [DEBUG]: 
              precision    recall  f1-score   support

           0     0.9883    0.9864    0.9873       513
           1     0.9857    0.9877    0.9867       487

    accuracy                         0.9870      1000
   macro avg     0.9870    0.9870    0.9870      1000
weighted avg     0.9870    0.9870    0.9870      1000

2023-08-07 19:18:06 [INFO]: train [[0],[1,2]]
2023-08-07 19:18:13 [DEBUG]: 
              precision    recall  f1-score   support

           0     0.9853    0.9732    0.9792      3244
           1     0.9493    0.9720    0.9605      1677

    accuracy                         0.9728      4921
   macro avg     0.9673    0.9726    0.9699      4921
weighted avg     0.9731    0.9728    0.9728      4921

2023-08-07 19:18:13 [DEBUG]: 
              precision    recall  f1-score   support

           0     0.8182    0.8693    0.8430       176
           1     0.9294    0.8991    0.9140       337

    accuracy                         0.8889       513
   macro avg     0.8738    0.8842    0.8785       513
weighted avg     0.8913    0.8889    0.8897       513

2023-08-07 19:18:13 [INFO]: train [[1],[2]]
2023-08-07 19:18:19 [DEBUG]: 
              precision    recall  f1-score   support

           0     0.7382    0.9939    0.8472       661
           1     0.9949    0.7707    0.8686      1016

    accuracy                         0.8587      1677
   macro avg     0.8666    0.8823    0.8579      1677
weighted avg     0.8937    0.8587    0.8601      1677

2023-08-07 19:18:19 [DEBUG]: 
              precision    recall  f1-score   support

           0     0.7692    0.9639    0.8556       166
           1     0.9535    0.7193    0.8200       171

    accuracy                         0.8398       337
   macro avg     0.8614    0.8416    0.8378       337
weighted avg     0.8627    0.8398    0.8375       337

2023-08-07 19:18:20 [INFO]: train [[3],[4],[5]]
2023-08-07 19:18:30 [DEBUG]: 
              precision    recall  f1-score   support

           0     1.0000    1.0000    1.0000       554
           1     1.0000    1.0000    1.0000       351
           2     1.0000    1.0000    1.0000       470

    accuracy                         1.0000      1375
   macro avg     1.0000    1.0000    1.0000      1375
weighted avg     1.0000    1.0000    1.0000      1375

2023-08-07 19:18:30 [DEBUG]: 
              precision    recall  f1-score   support

           0     1.0000    0.9822    0.9910       169
           1     0.9811    1.0000    0.9905       156
           2     1.0000    1.0000    1.0000       162

    accuracy                         0.9938       487
   macro avg     0.9937    0.9941    0.9938       487
weighted avg     0.9940    0.9938    0.9938       487

2023-08-07 19:27:05 [DEBUG]: 
              precision    recall  f1-score   support

           0     0.9771    0.9322    0.9541      3244
           1     0.6968    0.9667    0.8099       661
           2     0.9434    0.7382    0.8283      1016
           3     0.8922    0.9856    0.9365       554
           4     0.9093    1.0000    0.9525       351
           5     0.9226    0.9638    0.9428       470

    accuracy                         0.9153      6296
   macro avg     0.8902    0.9311    0.9040      6296
weighted avg     0.9269    0.9153    0.9162      6296

2023-08-07 19:27:06 [DEBUG]: 
              precision    recall  f1-score   support

           0     0.7979    0.8523    0.8242       176
           1     0.7243    0.9337    0.8158       166
           2     0.9727    0.6257    0.7616       171
           3     0.9880    0.9763    0.9821       169
           4     0.9571    1.0000    0.9781       156
           5     0.9937    0.9691    0.9813       162

    accuracy                         0.8900      1000
   macro avg     0.9056    0.8929    0.8905      1000
weighted avg     0.9042    0.8900    0.8882      1000

2023-08-07 19:34:31 [DEBUG]: delete repeated samples
2023-08-07 19:34:31 [INFO]: train [[0,1,2], [3,4,5]]
2023-08-07 19:34:35 [DEBUG]: 
              precision    recall  f1-score   support

           0     0.9948    0.9718    0.9831      4921
           1     0.9066    0.9818    0.9427      1375

    accuracy                         0.9740      6296
   macro avg     0.9507    0.9768    0.9629      6296
weighted avg     0.9755    0.9740    0.9743      6296

2023-08-07 19:34:35 [DEBUG]: 
              precision    recall  f1-score   support

           0     0.9883    0.9864    0.9873       513
           1     0.9857    0.9877    0.9867       487

    accuracy                         0.9870      1000
   macro avg     0.9870    0.9870    0.9870      1000
weighted avg     0.9870    0.9870    0.9870      1000

2023-08-07 19:34:35 [INFO]: train [[0],[1,2]]
2023-08-07 19:34:39 [DEBUG]: 
              precision    recall  f1-score   support

           0     0.9853    0.9732    0.9792      3244
           1     0.9493    0.9720    0.9605      1677

    accuracy                         0.9728      4921
   macro avg     0.9673    0.9726    0.9699      4921
weighted avg     0.9731    0.9728    0.9728      4921

2023-08-07 19:34:39 [DEBUG]: 
              precision    recall  f1-score   support

           0     0.8182    0.8693    0.8430       176
           1     0.9294    0.8991    0.9140       337

    accuracy                         0.8889       513
   macro avg     0.8738    0.8842    0.8785       513
weighted avg     0.8913    0.8889    0.8897       513

2023-08-07 19:34:39 [INFO]: train [[1],[2]]
2023-08-07 19:34:43 [DEBUG]: 
              precision    recall  f1-score   support

           0     0.7382    0.9939    0.8472       661
           1     0.9949    0.7707    0.8686      1016

    accuracy                         0.8587      1677
   macro avg     0.8666    0.8823    0.8579      1677
weighted avg     0.8937    0.8587    0.8601      1677

2023-08-07 19:34:43 [DEBUG]: 
              precision    recall  f1-score   support

           0     0.7692    0.9639    0.8556       166
           1     0.9535    0.7193    0.8200       171

    accuracy                         0.8398       337
   macro avg     0.8614    0.8416    0.8378       337
weighted avg     0.8627    0.8398    0.8375       337

2023-08-07 19:34:43 [INFO]: train [[3],[4],[5]]
2023-08-07 19:34:49 [DEBUG]: 
              precision    recall  f1-score   support

           0     1.0000    1.0000    1.0000       554
           1     1.0000    1.0000    1.0000       351
           2     1.0000    1.0000    1.0000       470

    accuracy                         1.0000      1375
   macro avg     1.0000    1.0000    1.0000      1375
weighted avg     1.0000    1.0000    1.0000      1375

2023-08-07 19:34:49 [DEBUG]: 
              precision    recall  f1-score   support

           0     1.0000    0.9822    0.9910       169
           1     0.9811    1.0000    0.9905       156
           2     1.0000    1.0000    1.0000       162

    accuracy                         0.9938       487
   macro avg     0.9937    0.9941    0.9938       487
weighted avg     0.9940    0.9938    0.9938       487

2023-08-07 19:34:55 [DEBUG]: 
              precision    recall  f1-score   support

           0     0.9771    0.9322    0.9541      3244
           1     0.6968    0.9667    0.8099       661
           2     0.9434    0.7382    0.8283      1016
           3     0.8922    0.9856    0.9365       554
           4     0.9093    1.0000    0.9525       351
           5     0.9226    0.9638    0.9428       470

    accuracy                         0.9153      6296
   macro avg     0.8902    0.9311    0.9040      6296
weighted avg     0.9269    0.9153    0.9162      6296

2023-08-07 19:34:56 [DEBUG]: 
              precision    recall  f1-score   support

           0     0.7979    0.8523    0.8242       176
           1     0.7243    0.9337    0.8158       166
           2     0.9727    0.6257    0.7616       171
           3     0.9880    0.9763    0.9821       169
           4     0.9571    1.0000    0.9781       156
           5     0.9937    0.9691    0.9813       162

    accuracy                         0.8900      1000
   macro avg     0.9056    0.8929    0.8905      1000
weighted avg     0.9042    0.8900    0.8882      1000

2023-08-08 10:39:01 [DEBUG]: delete repeated samples
2023-08-08 10:39:01 [INFO]: train [[0,1,2], [3,4,5]]
2023-08-08 10:39:05 [DEBUG]: 
              precision    recall  f1-score   support

           0     0.9941    0.9663    0.9800      4921
           1     0.8903    0.9796    0.9328      1375

    accuracy                         0.9692      6296
   macro avg     0.9422    0.9730    0.9564      6296
weighted avg     0.9715    0.9692    0.9697      6296

2023-08-08 10:39:05 [DEBUG]: 
              precision    recall  f1-score   support

           0     0.9902    0.9825    0.9863       513
           1     0.9817    0.9897    0.9857       487

    accuracy                         0.9860      1000
   macro avg     0.9859    0.9861    0.9860      1000
weighted avg     0.9860    0.9860    0.9860      1000

2023-08-08 10:39:05 [INFO]: train [[0],[1,2]]
2023-08-08 10:39:09 [DEBUG]: 
              precision    recall  f1-score   support

           0     0.9853    0.9732    0.9792      3244
           1     0.9493    0.9720    0.9605      1677

    accuracy                         0.9728      4921
   macro avg     0.9673    0.9726    0.9699      4921
weighted avg     0.9731    0.9728    0.9728      4921

2023-08-08 10:39:09 [DEBUG]: 
              precision    recall  f1-score   support

           0     0.8182    0.8693    0.8430       176
           1     0.9294    0.8991    0.9140       337

    accuracy                         0.8889       513
   macro avg     0.8738    0.8842    0.8785       513
weighted avg     0.8913    0.8889    0.8897       513

2023-08-08 10:39:09 [INFO]: train [[1],[2]]
2023-08-08 10:39:13 [DEBUG]: 
              precision    recall  f1-score   support

           0     0.7382    0.9939    0.8472       661
           1     0.9949    0.7707    0.8686      1016

    accuracy                         0.8587      1677
   macro avg     0.8666    0.8823    0.8579      1677
weighted avg     0.8937    0.8587    0.8601      1677

2023-08-08 10:39:13 [DEBUG]: 
              precision    recall  f1-score   support

           0     0.7692    0.9639    0.8556       166
           1     0.9535    0.7193    0.8200       171

    accuracy                         0.8398       337
   macro avg     0.8614    0.8416    0.8378       337
weighted avg     0.8627    0.8398    0.8375       337

2023-08-08 10:39:13 [INFO]: train [[3],[4],[5]]
2023-08-08 10:39:19 [DEBUG]: 
              precision    recall  f1-score   support

           0     1.0000    1.0000    1.0000       554
           1     1.0000    1.0000    1.0000       351
           2     1.0000    1.0000    1.0000       470

    accuracy                         1.0000      1375
   macro avg     1.0000    1.0000    1.0000      1375
weighted avg     1.0000    1.0000    1.0000      1375

2023-08-08 10:39:19 [DEBUG]: 
              precision    recall  f1-score   support

           0     1.0000    0.9822    0.9910       169
           1     0.9811    1.0000    0.9905       156
           2     1.0000    1.0000    1.0000       162

    accuracy                         0.9938       487
   macro avg     0.9937    0.9941    0.9938       487
weighted avg     0.9940    0.9938    0.9938       487

2023-08-08 10:39:24 [DEBUG]: 
              precision    recall  f1-score   support

           0     0.9759    0.9239    0.9492      3244
           1     0.6968    0.9667    0.8099       661
           2     0.9434    0.7382    0.8283      1016
           3     0.8708    0.9856    0.9246       554
           4     0.8951    0.9972    0.9434       351
           5     0.9111    0.9596    0.9347       470

    accuracy                         0.9106      6296
   macro avg     0.8822    0.9285    0.8983      6296
weighted avg     0.9228    0.9106    0.9115      6296

2023-08-08 10:39:25 [DEBUG]: 
              precision    recall  f1-score   support

           0     0.8065    0.8523    0.8287       176
           1     0.7277    0.9337    0.8179       166
           2     0.9727    0.6257    0.7616       171
           3     0.9763    0.9763    0.9763       169
           4     0.9571    1.0000    0.9781       156
           5     0.9937    0.9753    0.9844       162

    accuracy                         0.8910      1000
   macro avg     0.9057    0.8939    0.8912      1000
weighted avg     0.9044    0.8910    0.8889      1000

2023-08-08 10:41:24 [DEBUG]: delete repeated samples
2023-08-08 10:41:24 [INFO]: train [[0,1,2], [3,4,5]]
2023-08-08 10:41:27 [DEBUG]: 
              precision    recall  f1-score   support

           0     0.9941    0.9663    0.9800      4921
           1     0.8903    0.9796    0.9328      1375

    accuracy                         0.9692      6296
   macro avg     0.9422    0.9730    0.9564      6296
weighted avg     0.9715    0.9692    0.9697      6296

2023-08-08 10:41:27 [DEBUG]: 
              precision    recall  f1-score   support

           0     0.9902    0.9825    0.9863       513
           1     0.9817    0.9897    0.9857       487

    accuracy                         0.9860      1000
   macro avg     0.9859    0.9861    0.9860      1000
weighted avg     0.9860    0.9860    0.9860      1000

2023-08-08 10:41:28 [INFO]: train [[0],[1,2]]
2023-08-08 10:41:31 [DEBUG]: 
              precision    recall  f1-score   support

           0     0.9825    0.9679    0.9752      3244
           1     0.9397    0.9666    0.9530      1677

    accuracy                         0.9675      4921
   macro avg     0.9611    0.9673    0.9641      4921
weighted avg     0.9679    0.9675    0.9676      4921

2023-08-08 10:41:31 [DEBUG]: 
              precision    recall  f1-score   support

           0     0.8172    0.8636    0.8398       176
           1     0.9266    0.8991    0.9127       337

    accuracy                         0.8869       513
   macro avg     0.8719    0.8814    0.8762       513
weighted avg     0.8891    0.8869    0.8876       513

2023-08-08 10:41:31 [INFO]: train [[1],[2]]
2023-08-08 10:41:34 [DEBUG]: 
              precision    recall  f1-score   support

           0     0.7324    0.9939    0.8434       661
           1     0.9949    0.7638    0.8641      1016

    accuracy                         0.8545      1677
   macro avg     0.8637    0.8789    0.8538      1677
weighted avg     0.8914    0.8545    0.8560      1677

2023-08-08 10:41:34 [DEBUG]: 
              precision    recall  f1-score   support

           0     0.7703    0.9699    0.8587       166
           1     0.9609    0.7193    0.8227       171

    accuracy                         0.8427       337
   macro avg     0.8656    0.8446    0.8407       337
weighted avg     0.8671    0.8427    0.8404       337

2023-08-08 10:41:34 [INFO]: train [[3],[4],[5]]
2023-08-08 10:41:40 [DEBUG]: 
              precision    recall  f1-score   support

           0     1.0000    1.0000    1.0000       554
           1     1.0000    1.0000    1.0000       351
           2     1.0000    1.0000    1.0000       470

    accuracy                         1.0000      1375
   macro avg     1.0000    1.0000    1.0000      1375
weighted avg     1.0000    1.0000    1.0000      1375

2023-08-08 10:41:40 [DEBUG]: 
              precision    recall  f1-score   support

           0     1.0000    0.9822    0.9910       169
           1     0.9811    1.0000    0.9905       156
           2     1.0000    1.0000    1.0000       162

    accuracy                         0.9938       487
   macro avg     0.9937    0.9941    0.9938       487
weighted avg     0.9940    0.9938    0.9938       487

2023-08-08 10:41:45 [DEBUG]: 
              precision    recall  f1-score   support

           0     0.9729    0.9186    0.9450      3244
           1     0.6864    0.9637    0.8018       661
           2     0.9293    0.7244    0.8142      1016
           3     0.8708    0.9856    0.9246       554
           4     0.8974    0.9972    0.9447       351
           5     0.9093    0.9596    0.9337       470

    accuracy                         0.9053      6296
   macro avg     0.8777    0.9248    0.8940      6296
weighted avg     0.9178    0.9053    0.9062      6296

2023-08-08 10:41:45 [DEBUG]: 
              precision    recall  f1-score   support

           0     0.8054    0.8466    0.8255       176
           1     0.7256    0.9398    0.8189       166
           2     0.9725    0.6199    0.7571       171
           3     0.9821    0.9763    0.9792       169
           4     0.9512    1.0000    0.9750       156
           5     0.9937    0.9753    0.9844       162

    accuracy                         0.8900      1000
   macro avg     0.9051    0.8930    0.8900      1000
weighted avg     0.9038    0.8900    0.8878      1000

2023-08-08 10:45:01 [DEBUG]: delete repeated samples
2023-08-08 10:45:01 [INFO]: train [[0,1,2], [3,4,5]]
2023-08-08 10:45:05 [DEBUG]: 
              precision    recall  f1-score   support

           0     0.9941    0.9663    0.9800      4921
           1     0.8903    0.9796    0.9328      1375

    accuracy                         0.9692      6296
   macro avg     0.9422    0.9730    0.9564      6296
weighted avg     0.9715    0.9692    0.9697      6296

2023-08-08 10:45:05 [DEBUG]: 
              precision    recall  f1-score   support

           0     0.9902    0.9825    0.9863       513
           1     0.9817    0.9897    0.9857       487

    accuracy                         0.9860      1000
   macro avg     0.9859    0.9861    0.9860      1000
weighted avg     0.9860    0.9860    0.9860      1000

2023-08-08 10:45:21 [DEBUG]: delete repeated samples
2023-08-08 10:45:21 [INFO]: train [[0,1,2], [3,4,5]]
2023-08-08 10:45:25 [DEBUG]: 
              precision    recall  f1-score   support

           0     0.9938    0.9703    0.9819      4921
           1     0.9021    0.9782    0.9386      1375

    accuracy                         0.9720      6296
   macro avg     0.9479    0.9743    0.9602      6296
weighted avg     0.9737    0.9720    0.9724      6296

2023-08-08 10:45:25 [DEBUG]: 
              precision    recall  f1-score   support

           0     0.9882    0.9825    0.9853       513
           1     0.9816    0.9877    0.9846       487

    accuracy                         0.9850      1000
   macro avg     0.9849    0.9851    0.9850      1000
weighted avg     0.9850    0.9850    0.9850      1000

2023-08-08 10:46:03 [DEBUG]: delete repeated samples
2023-08-08 10:46:03 [INFO]: train [[0,1,2], [3,4,5]]
2023-08-08 10:46:07 [DEBUG]: 
              precision    recall  f1-score   support

           0     0.9922    0.9569    0.9742      4921
           1     0.8632    0.9731    0.9149      1375

    accuracy                         0.9605      6296
   macro avg     0.9277    0.9650    0.9446      6296
weighted avg     0.9640    0.9605    0.9613      6296

2023-08-08 10:46:07 [DEBUG]: 
              precision    recall  f1-score   support

           0     0.9882    0.9805    0.9843       513
           1     0.9796    0.9877    0.9836       487

    accuracy                         0.9840      1000
   macro avg     0.9839    0.9841    0.9840      1000
weighted avg     0.9840    0.9840    0.9840      1000

2023-08-08 10:46:18 [DEBUG]: delete repeated samples
2023-08-08 10:46:18 [INFO]: train [[0,1,2], [3,4,5]]
2023-08-08 10:46:22 [DEBUG]: 
              precision    recall  f1-score   support

           0     0.9922    0.9569    0.9742      4921
           1     0.8632    0.9731    0.9149      1375

    accuracy                         0.9605      6296
   macro avg     0.9277    0.9650    0.9446      6296
weighted avg     0.9640    0.9605    0.9613      6296

2023-08-08 10:46:22 [DEBUG]: 
              precision    recall  f1-score   support

           0     0.9882    0.9805    0.9843       513
           1     0.9796    0.9877    0.9836       487

    accuracy                         0.9840      1000
   macro avg     0.9839    0.9841    0.9840      1000
weighted avg     0.9840    0.9840    0.9840      1000

2023-08-08 10:46:53 [DEBUG]: delete repeated samples
2023-08-08 10:46:53 [INFO]: train [[0,1,2], [3,4,5]]
2023-08-08 10:46:57 [DEBUG]: 
              precision    recall  f1-score   support

           0     0.9922    0.9569    0.9742      4921
           1     0.8632    0.9731    0.9149      1375

    accuracy                         0.9605      6296
   macro avg     0.9277    0.9650    0.9446      6296
weighted avg     0.9640    0.9605    0.9613      6296

2023-08-08 10:46:57 [DEBUG]: 
              precision    recall  f1-score   support

           0     0.9882    0.9805    0.9843       513
           1     0.9796    0.9877    0.9836       487

    accuracy                         0.9840      1000
   macro avg     0.9839    0.9841    0.9840      1000
weighted avg     0.9840    0.9840    0.9840      1000

2023-08-08 10:47:32 [DEBUG]: delete repeated samples
2023-08-08 10:47:32 [INFO]: train [[0,1,2], [3,4,5]]
2023-08-08 10:47:36 [DEBUG]: 
              precision    recall  f1-score   support

           0     0.9938    0.9703    0.9819      4921
           1     0.9021    0.9782    0.9386      1375

    accuracy                         0.9720      6296
   macro avg     0.9479    0.9743    0.9602      6296
weighted avg     0.9737    0.9720    0.9724      6296

2023-08-08 10:47:36 [DEBUG]: 
              precision    recall  f1-score   support

           0     0.9882    0.9825    0.9853       513
           1     0.9816    0.9877    0.9846       487

    accuracy                         0.9850      1000
   macro avg     0.9849    0.9851    0.9850      1000
weighted avg     0.9850    0.9850    0.9850      1000

2023-08-08 10:48:13 [DEBUG]: delete repeated samples
2023-08-08 10:48:13 [INFO]: train [[0,1,2], [3,4,5]]
2023-08-08 10:48:17 [DEBUG]: 
              precision    recall  f1-score   support

           0     0.9938    0.9703    0.9819      4921
           1     0.9021    0.9782    0.9386      1375

    accuracy                         0.9720      6296
   macro avg     0.9479    0.9743    0.9602      6296
weighted avg     0.9737    0.9720    0.9724      6296

2023-08-08 10:48:17 [DEBUG]: 
              precision    recall  f1-score   support

           0     0.9882    0.9825    0.9853       513
           1     0.9816    0.9877    0.9846       487

    accuracy                         0.9850      1000
   macro avg     0.9849    0.9851    0.9850      1000
weighted avg     0.9850    0.9850    0.9850      1000

2023-08-08 10:48:33 [DEBUG]: delete repeated samples
2023-08-08 10:48:33 [INFO]: train [[0,1,2], [3,4,5]]
2023-08-08 10:48:37 [DEBUG]: 
              precision    recall  f1-score   support

           0     0.9938    0.9703    0.9819      4921
           1     0.9021    0.9782    0.9386      1375

    accuracy                         0.9720      6296
   macro avg     0.9479    0.9743    0.9602      6296
weighted avg     0.9737    0.9720    0.9724      6296

2023-08-08 10:48:37 [DEBUG]: 
              precision    recall  f1-score   support

           0     0.9882    0.9825    0.9853       513
           1     0.9816    0.9877    0.9846       487

    accuracy                         0.9850      1000
   macro avg     0.9849    0.9851    0.9850      1000
weighted avg     0.9850    0.9850    0.9850      1000

2023-08-08 10:49:01 [DEBUG]: delete repeated samples
2023-08-08 10:49:01 [INFO]: train [[0,1,2], [3,4,5]]
2023-08-08 10:49:04 [DEBUG]: 
              precision    recall  f1-score   support

           0     0.9927    0.9622    0.9772      4921
           1     0.8781    0.9745    0.9238      1375

    accuracy                         0.9649      6296
   macro avg     0.9354    0.9684    0.9505      6296
weighted avg     0.9676    0.9649    0.9655      6296

2023-08-08 10:49:04 [DEBUG]: 
              precision    recall  f1-score   support

           0     0.9901    0.9786    0.9843       513
           1     0.9777    0.9897    0.9837       487

    accuracy                         0.9840      1000
   macro avg     0.9839    0.9841    0.9840      1000
weighted avg     0.9841    0.9840    0.9840      1000

2023-08-08 10:49:15 [DEBUG]: delete repeated samples
2023-08-08 10:49:15 [INFO]: train [[0,1,2], [3,4,5]]
2023-08-08 10:49:20 [DEBUG]: 
              precision    recall  f1-score   support

           0     0.9925    0.9626    0.9773      4921
           1     0.8792    0.9738    0.9241      1375

    accuracy                         0.9651      6296
   macro avg     0.9358    0.9682    0.9507      6296
weighted avg     0.9677    0.9651    0.9657      6296

2023-08-08 10:49:20 [DEBUG]: 
              precision    recall  f1-score   support

           0     0.9902    0.9805    0.9853       513
           1     0.9797    0.9897    0.9847       487

    accuracy                         0.9850      1000
   macro avg     0.9849    0.9851    0.9850      1000
weighted avg     0.9851    0.9850    0.9850      1000

2023-08-08 10:49:33 [DEBUG]: delete repeated samples
2023-08-08 10:49:33 [INFO]: train [[0,1,2], [3,4,5]]
2023-08-08 10:49:37 [DEBUG]: 
              precision    recall  f1-score   support

           0     0.9938    0.9703    0.9819      4921
           1     0.9021    0.9782    0.9386      1375

    accuracy                         0.9720      6296
   macro avg     0.9479    0.9743    0.9602      6296
weighted avg     0.9737    0.9720    0.9724      6296

2023-08-08 10:49:37 [DEBUG]: 
              precision    recall  f1-score   support

           0     0.9882    0.9825    0.9853       513
           1     0.9816    0.9877    0.9846       487

    accuracy                         0.9850      1000
   macro avg     0.9849    0.9851    0.9850      1000
weighted avg     0.9850    0.9850    0.9850      1000

2023-08-08 10:49:45 [DEBUG]: delete repeated samples
2023-08-08 10:49:45 [INFO]: train [[0,1,2], [3,4,5]]
2023-08-08 10:49:49 [DEBUG]: 
              precision    recall  f1-score   support

           0     0.9929    0.9644    0.9785      4921
           1     0.8846    0.9753    0.9277      1375

    accuracy                         0.9668      6296
   macro avg     0.9387    0.9699    0.9531      6296
weighted avg     0.9692    0.9668    0.9674      6296

2023-08-08 10:49:49 [DEBUG]: 
              precision    recall  f1-score   support

           0     0.9901    0.9786    0.9843       513
           1     0.9777    0.9897    0.9837       487

    accuracy                         0.9840      1000
   macro avg     0.9839    0.9841    0.9840      1000
weighted avg     0.9841    0.9840    0.9840      1000

2023-08-08 10:50:14 [DEBUG]: delete repeated samples
2023-08-08 10:50:14 [INFO]: train [[0,1,2], [3,4,5]]
2023-08-08 10:50:18 [DEBUG]: 
              precision    recall  f1-score   support

           0     0.9944    0.9685    0.9813      4921
           1     0.8969    0.9804    0.9368      1375

    accuracy                         0.9711      6296
   macro avg     0.9456    0.9744    0.9590      6296
weighted avg     0.9731    0.9711    0.9715      6296

2023-08-08 10:50:18 [DEBUG]: 
              precision    recall  f1-score   support

           0     0.9844    0.9844    0.9844       513
           1     0.9836    0.9836    0.9836       487

    accuracy                         0.9840      1000
   macro avg     0.9840    0.9840    0.9840      1000
weighted avg     0.9840    0.9840    0.9840      1000

2023-08-08 10:50:32 [DEBUG]: delete repeated samples
2023-08-08 10:50:32 [INFO]: train [[0,1,2], [3,4,5]]
2023-08-08 10:50:36 [DEBUG]: 
              precision    recall  f1-score   support

           0     0.9938    0.9703    0.9819      4921
           1     0.9021    0.9782    0.9386      1375

    accuracy                         0.9720      6296
   macro avg     0.9479    0.9743    0.9602      6296
weighted avg     0.9737    0.9720    0.9724      6296

2023-08-08 10:50:36 [DEBUG]: 
              precision    recall  f1-score   support

           0     0.9882    0.9825    0.9853       513
           1     0.9816    0.9877    0.9846       487

    accuracy                         0.9850      1000
   macro avg     0.9849    0.9851    0.9850      1000
weighted avg     0.9850    0.9850    0.9850      1000

2023-08-08 10:50:52 [DEBUG]: delete repeated samples
2023-08-08 10:50:52 [INFO]: train [[0,1,2], [3,4,5]]
2023-08-08 10:50:56 [DEBUG]: 
              precision    recall  f1-score   support

           0     0.9948    0.9713    0.9829      4921
           1     0.9054    0.9818    0.9421      1375

    accuracy                         0.9736      6296
   macro avg     0.9501    0.9766    0.9625      6296
weighted avg     0.9753    0.9736    0.9740      6296

2023-08-08 10:50:56 [DEBUG]: 
              precision    recall  f1-score   support

           0     0.9863    0.9844    0.9854       513
           1     0.9836    0.9856    0.9846       487

    accuracy                         0.9850      1000
   macro avg     0.9850    0.9850    0.9850      1000
weighted avg     0.9850    0.9850    0.9850      1000

2023-08-08 10:51:10 [DEBUG]: delete repeated samples
2023-08-08 10:51:10 [INFO]: train [[0,1,2], [3,4,5]]
2023-08-08 10:51:13 [DEBUG]: 
              precision    recall  f1-score   support

           0     0.9929    0.9634    0.9779      4921
           1     0.8817    0.9753    0.9261      1375

    accuracy                         0.9660      6296
   macro avg     0.9373    0.9693    0.9520      6296
weighted avg     0.9686    0.9660    0.9666      6296

2023-08-08 10:51:13 [DEBUG]: 
              precision    recall  f1-score   support

           0     0.9901    0.9786    0.9843       513
           1     0.9777    0.9897    0.9837       487

    accuracy                         0.9840      1000
   macro avg     0.9839    0.9841    0.9840      1000
weighted avg     0.9841    0.9840    0.9840      1000

2023-08-08 10:51:24 [DEBUG]: delete repeated samples
2023-08-08 10:51:24 [INFO]: train [[0,1,2], [3,4,5]]
2023-08-08 10:51:28 [DEBUG]: 
              precision    recall  f1-score   support

           0     0.9948    0.9713    0.9829      4921
           1     0.9054    0.9818    0.9421      1375

    accuracy                         0.9736      6296
   macro avg     0.9501    0.9766    0.9625      6296
weighted avg     0.9753    0.9736    0.9740      6296

2023-08-08 10:51:28 [DEBUG]: 
              precision    recall  f1-score   support

           0     0.9863    0.9844    0.9854       513
           1     0.9836    0.9856    0.9846       487

    accuracy                         0.9850      1000
   macro avg     0.9850    0.9850    0.9850      1000
weighted avg     0.9850    0.9850    0.9850      1000

2023-08-08 10:51:36 [DEBUG]: delete repeated samples
2023-08-08 10:51:36 [INFO]: train [[0,1,2], [3,4,5]]
2023-08-08 10:51:41 [DEBUG]: 
              precision    recall  f1-score   support

           0     0.9994    0.9902    0.9948      4921
           1     0.9662    0.9978    0.9818      1375

    accuracy                         0.9919      6296
   macro avg     0.9828    0.9940    0.9883      6296
weighted avg     0.9921    0.9919    0.9919      6296

2023-08-08 10:51:41 [DEBUG]: 
              precision    recall  f1-score   support

           0     0.9750    0.9903    0.9826       513
           1     0.9896    0.9733    0.9814       487

    accuracy                         0.9820      1000
   macro avg     0.9823    0.9818    0.9820      1000
weighted avg     0.9821    0.9820    0.9820      1000

2023-08-08 10:52:14 [DEBUG]: delete repeated samples
2023-08-08 10:52:14 [INFO]: train [[0,1,2], [3,4,5]]
2023-08-08 10:52:19 [DEBUG]: 
              precision    recall  f1-score   support

           0     0.9994    0.9902    0.9948      4921
           1     0.9662    0.9978    0.9818      1375

    accuracy                         0.9919      6296
   macro avg     0.9828    0.9940    0.9883      6296
weighted avg     0.9921    0.9919    0.9919      6296

2023-08-08 10:52:19 [DEBUG]: 
              precision    recall  f1-score   support

           0     0.9750    0.9903    0.9826       513
           1     0.9896    0.9733    0.9814       487

    accuracy                         0.9820      1000
   macro avg     0.9823    0.9818    0.9820      1000
weighted avg     0.9821    0.9820    0.9820      1000

2023-08-08 10:52:19 [INFO]: train [[0],[1,2]]
2023-08-08 10:52:23 [DEBUG]: 
              precision    recall  f1-score   support

           0     0.9825    0.9679    0.9752      3244
           1     0.9397    0.9666    0.9530      1677

    accuracy                         0.9675      4921
   macro avg     0.9611    0.9673    0.9641      4921
weighted avg     0.9679    0.9675    0.9676      4921

2023-08-08 10:52:23 [DEBUG]: 
              precision    recall  f1-score   support

           0     0.8172    0.8636    0.8398       176
           1     0.9266    0.8991    0.9127       337

    accuracy                         0.8869       513
   macro avg     0.8719    0.8814    0.8762       513
weighted avg     0.8891    0.8869    0.8876       513

2023-08-08 10:52:23 [INFO]: train [[1],[2]]
2023-08-08 10:52:26 [DEBUG]: 
              precision    recall  f1-score   support

           0     0.7324    0.9939    0.8434       661
           1     0.9949    0.7638    0.8641      1016

    accuracy                         0.8545      1677
   macro avg     0.8637    0.8789    0.8538      1677
weighted avg     0.8914    0.8545    0.8560      1677

2023-08-08 10:52:26 [DEBUG]: 
              precision    recall  f1-score   support

           0     0.7703    0.9699    0.8587       166
           1     0.9609    0.7193    0.8227       171

    accuracy                         0.8427       337
   macro avg     0.8656    0.8446    0.8407       337
weighted avg     0.8671    0.8427    0.8404       337

2023-08-08 10:52:26 [INFO]: train [[3],[4],[5]]
2023-08-08 10:52:31 [DEBUG]: 
              precision    recall  f1-score   support

           0     1.0000    1.0000    1.0000       554
           1     1.0000    1.0000    1.0000       351
           2     1.0000    1.0000    1.0000       470

    accuracy                         1.0000      1375
   macro avg     1.0000    1.0000    1.0000      1375
weighted avg     1.0000    1.0000    1.0000      1375

2023-08-08 10:52:31 [DEBUG]: 
              precision    recall  f1-score   support

           0     1.0000    0.9822    0.9910       169
           1     0.9811    1.0000    0.9905       156
           2     1.0000    1.0000    1.0000       162

    accuracy                         0.9938       487
   macro avg     0.9937    0.9941    0.9938       487
weighted avg     0.9940    0.9938    0.9938       487

2023-08-08 10:52:36 [DEBUG]: 
              precision    recall  f1-score   support

           0     0.9813    0.9538    0.9673      3244
           1     0.6871    0.9667    0.8033       661
           2     0.9294    0.7254    0.8148      1016
           3     0.9568    1.0000    0.9779       554
           4     0.9723    1.0000    0.9860       351
           5     0.9729    0.9936    0.9832       470

    accuracy                         0.9279      6296
   macro avg     0.9166    0.9399    0.9221      6296
weighted avg     0.9387    0.9279    0.9286      6296

2023-08-08 10:52:37 [DEBUG]: 
              precision    recall  f1-score   support

           0     0.7704    0.8580    0.8118       176
           1     0.7222    0.9398    0.8168       166
           2     0.9725    0.6199    0.7571       171
           3     0.9879    0.9645    0.9760       169
           4     0.9627    0.9936    0.9779       156
           5     1.0000    0.9444    0.9714       162

    accuracy                         0.8840      1000
   macro avg     0.9026    0.8867    0.8852      1000
weighted avg     0.9009    0.8840    0.8828      1000

2023-08-08 10:54:44 [DEBUG]: delete repeated samples
2023-08-08 10:54:44 [INFO]: train [[0,1,2], [3,4,5]]
2023-08-08 10:54:48 [DEBUG]: 
              precision    recall  f1-score   support

           0     0.9948    0.9713    0.9829      4921
           1     0.9054    0.9818    0.9421      1375

    accuracy                         0.9736      6296
   macro avg     0.9501    0.9766    0.9625      6296
weighted avg     0.9753    0.9736    0.9740      6296

2023-08-08 10:54:48 [DEBUG]: 
              precision    recall  f1-score   support

           0     0.9863    0.9844    0.9854       513
           1     0.9836    0.9856    0.9846       487

    accuracy                         0.9850      1000
   macro avg     0.9850    0.9850    0.9850      1000
weighted avg     0.9850    0.9850    0.9850      1000

2023-08-08 10:54:48 [INFO]: train [[0],[1,2]]
2023-08-08 10:54:51 [DEBUG]: 
              precision    recall  f1-score   support

           0     0.9825    0.9679    0.9752      3244
           1     0.9397    0.9666    0.9530      1677

    accuracy                         0.9675      4921
   macro avg     0.9611    0.9673    0.9641      4921
weighted avg     0.9679    0.9675    0.9676      4921

2023-08-08 10:54:51 [DEBUG]: 
              precision    recall  f1-score   support

           0     0.8172    0.8636    0.8398       176
           1     0.9266    0.8991    0.9127       337

    accuracy                         0.8869       513
   macro avg     0.8719    0.8814    0.8762       513
weighted avg     0.8891    0.8869    0.8876       513

2023-08-08 10:54:51 [INFO]: train [[1],[2]]
2023-08-08 10:54:55 [DEBUG]: 
              precision    recall  f1-score   support

           0     0.7324    0.9939    0.8434       661
           1     0.9949    0.7638    0.8641      1016

    accuracy                         0.8545      1677
   macro avg     0.8637    0.8789    0.8538      1677
weighted avg     0.8914    0.8545    0.8560      1677

2023-08-08 10:54:55 [DEBUG]: 
              precision    recall  f1-score   support

           0     0.7703    0.9699    0.8587       166
           1     0.9609    0.7193    0.8227       171

    accuracy                         0.8427       337
   macro avg     0.8656    0.8446    0.8407       337
weighted avg     0.8671    0.8427    0.8404       337

2023-08-08 10:54:55 [INFO]: train [[3],[4],[5]]
2023-08-08 10:55:00 [DEBUG]: 
              precision    recall  f1-score   support

           0     1.0000    1.0000    1.0000       554
           1     1.0000    1.0000    1.0000       351
           2     1.0000    1.0000    1.0000       470

    accuracy                         1.0000      1375
   macro avg     1.0000    1.0000    1.0000      1375
weighted avg     1.0000    1.0000    1.0000      1375

2023-08-08 10:55:00 [DEBUG]: 
              precision    recall  f1-score   support

           0     1.0000    0.9822    0.9910       169
           1     0.9811    1.0000    0.9905       156
           2     1.0000    1.0000    1.0000       162

    accuracy                         0.9938       487
   macro avg     0.9937    0.9941    0.9938       487
weighted avg     0.9940    0.9938    0.9938       487

2023-08-08 10:55:05 [DEBUG]: 
              precision    recall  f1-score   support

           0     0.9741    0.9260    0.9494      3244
           1     0.6864    0.9637    0.8018       661
           2     0.9294    0.7254    0.8148      1016
           3     0.8909    0.9874    0.9366       554
           4     0.9117    1.0000    0.9538       351
           5     0.9187    0.9617    0.9397       470

    accuracy                         0.9098      6296
   macro avg     0.8852    0.9274    0.8994      6296
weighted avg     0.9217    0.9098    0.9106      6296

2023-08-08 10:55:06 [DEBUG]: 
              precision    recall  f1-score   support

           0     0.7926    0.8466    0.8187       176
           1     0.7256    0.9398    0.8189       166
           2     0.9725    0.6199    0.7571       171
           3     0.9821    0.9763    0.9792       169
           4     0.9571    1.0000    0.9781       156
           5     0.9936    0.9630    0.9781       162

    accuracy                         0.8880      1000
   macro avg     0.9039    0.8909    0.8883      1000
weighted avg     0.9025    0.8880    0.8860      1000

2023-08-08 10:56:16 [DEBUG]: delete repeated samples
2023-08-08 10:56:16 [INFO]: train [[0,1,2], [3,4,5]]
2023-08-08 10:56:20 [DEBUG]: 
              precision    recall  f1-score   support

           0     0.9938    0.9703    0.9819      4921
           1     0.9021    0.9782    0.9386      1375

    accuracy                         0.9720      6296
   macro avg     0.9479    0.9743    0.9602      6296
weighted avg     0.9737    0.9720    0.9724      6296

2023-08-08 10:56:20 [DEBUG]: 
              precision    recall  f1-score   support

           0     0.9882    0.9825    0.9853       513
           1     0.9816    0.9877    0.9846       487

    accuracy                         0.9850      1000
   macro avg     0.9849    0.9851    0.9850      1000
weighted avg     0.9850    0.9850    0.9850      1000

2023-08-08 10:56:20 [INFO]: train [[0],[1,2]]
2023-08-08 10:56:23 [DEBUG]: 
              precision    recall  f1-score   support

           0     0.9825    0.9679    0.9752      3244
           1     0.9397    0.9666    0.9530      1677

    accuracy                         0.9675      4921
   macro avg     0.9611    0.9673    0.9641      4921
weighted avg     0.9679    0.9675    0.9676      4921

2023-08-08 10:56:23 [DEBUG]: 
              precision    recall  f1-score   support

           0     0.8172    0.8636    0.8398       176
           1     0.9266    0.8991    0.9127       337

    accuracy                         0.8869       513
   macro avg     0.8719    0.8814    0.8762       513
weighted avg     0.8891    0.8869    0.8876       513

2023-08-08 10:56:23 [INFO]: train [[1],[2]]
2023-08-08 10:56:27 [DEBUG]: 
              precision    recall  f1-score   support

           0     0.7324    0.9939    0.8434       661
           1     0.9949    0.7638    0.8641      1016

    accuracy                         0.8545      1677
   macro avg     0.8637    0.8789    0.8538      1677
weighted avg     0.8914    0.8545    0.8560      1677

2023-08-08 10:56:27 [DEBUG]: 
              precision    recall  f1-score   support

           0     0.7703    0.9699    0.8587       166
           1     0.9609    0.7193    0.8227       171

    accuracy                         0.8427       337
   macro avg     0.8656    0.8446    0.8407       337
weighted avg     0.8671    0.8427    0.8404       337

2023-08-08 10:56:27 [INFO]: train [[3],[4],[5]]
2023-08-08 10:56:32 [DEBUG]: 
              precision    recall  f1-score   support

           0     1.0000    1.0000    1.0000       554
           1     1.0000    1.0000    1.0000       351
           2     1.0000    1.0000    1.0000       470

    accuracy                         1.0000      1375
   macro avg     1.0000    1.0000    1.0000      1375
weighted avg     1.0000    1.0000    1.0000      1375

2023-08-08 10:56:32 [DEBUG]: 
              precision    recall  f1-score   support

           0     1.0000    0.9822    0.9910       169
           1     0.9811    1.0000    0.9905       156
           2     1.0000    1.0000    1.0000       162

    accuracy                         0.9938       487
   macro avg     0.9937    0.9941    0.9938       487
weighted avg     0.9940    0.9938    0.9938       487

2023-08-08 10:56:37 [DEBUG]: 
              precision    recall  f1-score   support

           0     0.9724    0.9245    0.9479      3244
           1     0.6864    0.9637    0.8018       661
           2     0.9294    0.7254    0.8148      1016
           3     0.8862    0.9838    0.9324       554
           4     0.9093    1.0000    0.9525       351
           5     0.9163    0.9553    0.9354       470

    accuracy                         0.9082      6296
   macro avg     0.8833    0.9254    0.8975      6296
weighted avg     0.9202    0.9082    0.9090      6296

2023-08-08 10:56:38 [DEBUG]: 
              precision    recall  f1-score   support

           0     0.8011    0.8466    0.8232       176
           1     0.7256    0.9398    0.8189       166
           2     0.9725    0.6199    0.7571       171
           3     0.9821    0.9763    0.9792       169
           4     0.9512    1.0000    0.9750       156
           5     0.9937    0.9691    0.9813       162

    accuracy                         0.8890      1000
   macro avg     0.9044    0.8920    0.8891      1000
weighted avg     0.9031    0.8890    0.8868      1000

2023-08-08 10:56:56 [DEBUG]: delete repeated samples
2023-08-08 10:56:57 [INFO]: train [[0,1,2], [3,4,5]]
2023-08-08 10:57:00 [DEBUG]: 
              precision    recall  f1-score   support

           0     0.9938    0.9703    0.9819      4921
           1     0.9021    0.9782    0.9386      1375

    accuracy                         0.9720      6296
   macro avg     0.9479    0.9743    0.9602      6296
weighted avg     0.9737    0.9720    0.9724      6296

2023-08-08 10:57:00 [DEBUG]: 
              precision    recall  f1-score   support

           0     0.9882    0.9825    0.9853       513
           1     0.9816    0.9877    0.9846       487

    accuracy                         0.9850      1000
   macro avg     0.9849    0.9851    0.9850      1000
weighted avg     0.9850    0.9850    0.9850      1000

2023-08-08 10:57:16 [DEBUG]: delete repeated samples
2023-08-08 10:57:16 [INFO]: train [[0,1,2], [3,4,5]]
2023-08-08 10:57:20 [DEBUG]: 
              precision    recall  f1-score   support

           0     0.9941    0.9663    0.9800      4921
           1     0.8903    0.9796    0.9328      1375

    accuracy                         0.9692      6296
   macro avg     0.9422    0.9730    0.9564      6296
weighted avg     0.9715    0.9692    0.9697      6296

2023-08-08 10:57:20 [DEBUG]: 
              precision    recall  f1-score   support

           0     0.9902    0.9825    0.9863       513
           1     0.9817    0.9897    0.9857       487

    accuracy                         0.9860      1000
   macro avg     0.9859    0.9861    0.9860      1000
weighted avg     0.9860    0.9860    0.9860      1000

2023-08-08 10:57:36 [DEBUG]: delete repeated samples
2023-08-08 10:57:36 [INFO]: train [[0,1,2], [3,4,5]]
2023-08-08 10:57:40 [DEBUG]: 
              precision    recall  f1-score   support

           0     0.9941    0.9663    0.9800      4921
           1     0.8903    0.9796    0.9328      1375

    accuracy                         0.9692      6296
   macro avg     0.9422    0.9730    0.9564      6296
weighted avg     0.9715    0.9692    0.9697      6296

2023-08-08 10:57:40 [DEBUG]: 
              precision    recall  f1-score   support

           0     0.9902    0.9825    0.9863       513
           1     0.9817    0.9897    0.9857       487

    accuracy                         0.9860      1000
   macro avg     0.9859    0.9861    0.9860      1000
weighted avg     0.9860    0.9860    0.9860      1000

2023-08-08 10:57:40 [INFO]: train [[0],[1,2]]
2023-08-08 10:57:43 [DEBUG]: 
              precision    recall  f1-score   support

           0     0.9825    0.9679    0.9752      3244
           1     0.9397    0.9666    0.9530      1677

    accuracy                         0.9675      4921
   macro avg     0.9611    0.9673    0.9641      4921
weighted avg     0.9679    0.9675    0.9676      4921

2023-08-08 10:57:43 [DEBUG]: 
              precision    recall  f1-score   support

           0     0.8172    0.8636    0.8398       176
           1     0.9266    0.8991    0.9127       337

    accuracy                         0.8869       513
   macro avg     0.8719    0.8814    0.8762       513
weighted avg     0.8891    0.8869    0.8876       513

2023-08-08 10:57:43 [INFO]: train [[1],[2]]
2023-08-08 10:57:46 [DEBUG]: 
              precision    recall  f1-score   support

           0     0.7324    0.9939    0.8434       661
           1     0.9949    0.7638    0.8641      1016

    accuracy                         0.8545      1677
   macro avg     0.8637    0.8789    0.8538      1677
weighted avg     0.8914    0.8545    0.8560      1677

2023-08-08 10:57:46 [DEBUG]: 
              precision    recall  f1-score   support

           0     0.7703    0.9699    0.8587       166
           1     0.9609    0.7193    0.8227       171

    accuracy                         0.8427       337
   macro avg     0.8656    0.8446    0.8407       337
weighted avg     0.8671    0.8427    0.8404       337

2023-08-08 10:57:46 [INFO]: train [[3],[4],[5]]
2023-08-08 10:57:52 [DEBUG]: 
              precision    recall  f1-score   support

           0     1.0000    1.0000    1.0000       554
           1     1.0000    1.0000    1.0000       351
           2     1.0000    1.0000    1.0000       470

    accuracy                         1.0000      1375
   macro avg     1.0000    1.0000    1.0000      1375
weighted avg     1.0000    1.0000    1.0000      1375

2023-08-08 10:57:52 [DEBUG]: 
              precision    recall  f1-score   support

           0     1.0000    0.9822    0.9910       169
           1     0.9811    1.0000    0.9905       156
           2     1.0000    1.0000    1.0000       162

    accuracy                         0.9938       487
   macro avg     0.9937    0.9941    0.9938       487
weighted avg     0.9940    0.9938    0.9938       487

2023-08-08 10:57:57 [DEBUG]: 
              precision    recall  f1-score   support

           0     0.9729    0.9186    0.9450      3244
           1     0.6864    0.9637    0.8018       661
           2     0.9293    0.7244    0.8142      1016
           3     0.8708    0.9856    0.9246       554
           4     0.8974    0.9972    0.9447       351
           5     0.9093    0.9596    0.9337       470

    accuracy                         0.9053      6296
   macro avg     0.8777    0.9248    0.8940      6296
weighted avg     0.9178    0.9053    0.9062      6296

2023-08-08 10:57:58 [DEBUG]: 
              precision    recall  f1-score   support

           0     0.8054    0.8466    0.8255       176
           1     0.7256    0.9398    0.8189       166
           2     0.9725    0.6199    0.7571       171
           3     0.9821    0.9763    0.9792       169
           4     0.9512    1.0000    0.9750       156
           5     0.9937    0.9753    0.9844       162

    accuracy                         0.8900      1000
   macro avg     0.9051    0.8930    0.8900      1000
weighted avg     0.9038    0.8900    0.8878      1000

2023-08-08 11:01:35 [DEBUG]: delete repeated samples
2023-08-08 11:01:35 [INFO]: train [[0,1,2], [3,4,5]]
2023-08-08 11:01:39 [DEBUG]: 
              precision    recall  f1-score   support

           0     0.9941    0.9663    0.9800      4921
           1     0.8903    0.9796    0.9328      1375

    accuracy                         0.9692      6296
   macro avg     0.9422    0.9730    0.9564      6296
weighted avg     0.9715    0.9692    0.9697      6296

2023-08-08 11:01:39 [DEBUG]: 
              precision    recall  f1-score   support

           0     0.9902    0.9825    0.9863       513
           1     0.9817    0.9897    0.9857       487

    accuracy                         0.9860      1000
   macro avg     0.9859    0.9861    0.9860      1000
weighted avg     0.9860    0.9860    0.9860      1000

2023-08-08 11:03:15 [DEBUG]: delete repeated samples
2023-08-08 11:03:15 [INFO]: train [[0,1,2], [3,4,5]]
2023-08-08 11:03:20 [DEBUG]: 
              precision    recall  f1-score   support

           0     0.9961    0.9762    0.9860      4921
           1     0.9206    0.9862    0.9522      1375

    accuracy                         0.9784      6296
   macro avg     0.9583    0.9812    0.9691      6296
weighted avg     0.9796    0.9784    0.9787      6296

2023-08-08 11:03:20 [DEBUG]: 
              precision    recall  f1-score   support

           0     0.9921    0.9825    0.9873       513
           1     0.9817    0.9918    0.9867       487

    accuracy                         0.9870      1000
   macro avg     0.9869    0.9871    0.9870      1000
weighted avg     0.9871    0.9870    0.9870      1000

2023-08-08 11:03:41 [DEBUG]: delete repeated samples
2023-08-08 11:03:41 [INFO]: train [[0,1,2], [3,4,5]]
2023-08-08 11:03:46 [DEBUG]: 
              precision    recall  f1-score   support

           0     0.9963    0.9766    0.9864      4921
           1     0.9219    0.9869    0.9533      1375

    accuracy                         0.9789      6296
   macro avg     0.9591    0.9818    0.9698      6296
weighted avg     0.9800    0.9789    0.9791      6296

2023-08-08 11:03:46 [DEBUG]: 
              precision    recall  f1-score   support

           0     0.9921    0.9825    0.9873       513
           1     0.9817    0.9918    0.9867       487

    accuracy                         0.9870      1000
   macro avg     0.9869    0.9871    0.9870      1000
weighted avg     0.9871    0.9870    0.9870      1000

2023-08-08 11:04:09 [DEBUG]: delete repeated samples
2023-08-08 11:04:10 [INFO]: train [[0,1,2], [3,4,5]]
2023-08-08 11:04:15 [DEBUG]: 
              precision    recall  f1-score   support

           0     0.9977    0.9829    0.9903      4921
           1     0.9420    0.9920    0.9663      1375

    accuracy                         0.9849      6296
   macro avg     0.9699    0.9875    0.9783      6296
weighted avg     0.9856    0.9849    0.9850      6296

2023-08-08 11:04:15 [DEBUG]: 
              precision    recall  f1-score   support

           0     0.9864    0.9903    0.9883       513
           1     0.9897    0.9856    0.9877       487

    accuracy                         0.9880      1000
   macro avg     0.9880    0.9879    0.9880      1000
weighted avg     0.9880    0.9880    0.9880      1000

2023-08-08 11:04:33 [DEBUG]: delete repeated samples
2023-08-08 11:04:34 [INFO]: train [[0,1,2], [3,4,5]]
2023-08-08 11:04:39 [DEBUG]: 
              precision    recall  f1-score   support

           0     0.9990    0.9839    0.9914      4921
           1     0.9455    0.9964    0.9703      1375

    accuracy                         0.9867      6296
   macro avg     0.9722    0.9902    0.9808      6296
weighted avg     0.9873    0.9867    0.9868      6296

2023-08-08 11:04:39 [DEBUG]: 
              precision    recall  f1-score   support

           0     0.9941    0.9844    0.9892       513
           1     0.9837    0.9938    0.9888       487

    accuracy                         0.9890      1000
   macro avg     0.9889    0.9891    0.9890      1000
weighted avg     0.9891    0.9890    0.9890      1000

2023-08-08 11:04:57 [DEBUG]: delete repeated samples
2023-08-08 11:04:57 [INFO]: train [[0,1,2], [3,4,5]]
2023-08-08 11:05:03 [DEBUG]: 
              precision    recall  f1-score   support

           0     0.9998    0.9882    0.9940      4921
           1     0.9595    0.9993    0.9790      1375

    accuracy                         0.9906      6296
   macro avg     0.9796    0.9937    0.9865      6296
weighted avg     0.9910    0.9906    0.9907      6296

2023-08-08 11:05:03 [DEBUG]: 
              precision    recall  f1-score   support

           0     0.9902    0.9844    0.9873       513
           1     0.9837    0.9897    0.9867       487

    accuracy                         0.9870      1000
   macro avg     0.9869    0.9871    0.9870      1000
weighted avg     0.9870    0.9870    0.9870      1000

2023-08-08 11:05:25 [DEBUG]: delete repeated samples
2023-08-08 11:05:26 [INFO]: train [[0,1,2], [3,4,5]]
2023-08-08 11:05:31 [DEBUG]: 
              precision    recall  f1-score   support

           0     0.9998    0.9882    0.9940      4921
           1     0.9595    0.9993    0.9790      1375

    accuracy                         0.9906      6296
   macro avg     0.9796    0.9937    0.9865      6296
weighted avg     0.9910    0.9906    0.9907      6296

2023-08-08 11:05:31 [DEBUG]: 
              precision    recall  f1-score   support

           0     0.9902    0.9844    0.9873       513
           1     0.9837    0.9897    0.9867       487

    accuracy                         0.9870      1000
   macro avg     0.9869    0.9871    0.9870      1000
weighted avg     0.9870    0.9870    0.9870      1000

2023-08-08 11:05:31 [INFO]: train [[0],[1,2]]
2023-08-08 11:05:35 [DEBUG]: 
              precision    recall  f1-score   support

           0     0.9825    0.9679    0.9752      3244
           1     0.9397    0.9666    0.9530      1677

    accuracy                         0.9675      4921
   macro avg     0.9611    0.9673    0.9641      4921
weighted avg     0.9679    0.9675    0.9676      4921

2023-08-08 11:05:35 [DEBUG]: 
              precision    recall  f1-score   support

           0     0.8172    0.8636    0.8398       176
           1     0.9266    0.8991    0.9127       337

    accuracy                         0.8869       513
   macro avg     0.8719    0.8814    0.8762       513
weighted avg     0.8891    0.8869    0.8876       513

2023-08-08 11:05:35 [INFO]: train [[1],[2]]
2023-08-08 11:05:38 [DEBUG]: 
              precision    recall  f1-score   support

           0     0.7324    0.9939    0.8434       661
           1     0.9949    0.7638    0.8641      1016

    accuracy                         0.8545      1677
   macro avg     0.8637    0.8789    0.8538      1677
weighted avg     0.8914    0.8545    0.8560      1677

2023-08-08 11:05:38 [DEBUG]: 
              precision    recall  f1-score   support

           0     0.7703    0.9699    0.8587       166
           1     0.9609    0.7193    0.8227       171

    accuracy                         0.8427       337
   macro avg     0.8656    0.8446    0.8407       337
weighted avg     0.8671    0.8427    0.8404       337

2023-08-08 11:05:38 [INFO]: train [[3],[4],[5]]
2023-08-08 11:05:44 [DEBUG]: 
              precision    recall  f1-score   support

           0     1.0000    1.0000    1.0000       554
           1     1.0000    1.0000    1.0000       351
           2     1.0000    1.0000    1.0000       470

    accuracy                         1.0000      1375
   macro avg     1.0000    1.0000    1.0000      1375
weighted avg     1.0000    1.0000    1.0000      1375

2023-08-08 11:05:44 [DEBUG]: 
              precision    recall  f1-score   support

           0     1.0000    0.9822    0.9910       169
           1     0.9811    1.0000    0.9905       156
           2     1.0000    1.0000    1.0000       162

    accuracy                         0.9938       487
   macro avg     0.9937    0.9941    0.9938       487
weighted avg     0.9940    0.9938    0.9938       487

2023-08-08 11:05:49 [DEBUG]: 
              precision    recall  f1-score   support

           0     0.9819    0.9510    0.9662      3244
           1     0.6871    0.9667    0.8033       661
           2     0.9306    0.7254    0.8153      1016
           3     0.9601    1.0000    0.9797       554
           4     0.9461    1.0000    0.9723       351
           5     0.9690    0.9979    0.9832       470

    accuracy                         0.9268      6296
   macro avg     0.9125    0.9402    0.9200      6296
weighted avg     0.9378    0.9268    0.9275      6296

2023-08-08 11:05:49 [DEBUG]: 
              precision    recall  f1-score   support

           0     0.8054    0.8466    0.8255       176
           1     0.7222    0.9398    0.8168       166
           2     0.9725    0.6199    0.7571       171
           3     0.9820    0.9704    0.9762       169
           4     0.9571    1.0000    0.9781       156
           5     0.9938    0.9815    0.9876       162

    accuracy                         0.8900      1000
   macro avg     0.9055    0.8930    0.8902      1000
weighted avg     0.9042    0.8900    0.8879      1000

2023-08-08 11:08:31 [DEBUG]: delete repeated samples
2023-08-08 11:08:31 [INFO]: train [[1],[2]]
2023-08-08 11:08:36 [DEBUG]: 
              precision    recall  f1-score   support

           0     0.7324    0.9939    0.8434       661
           1     0.9949    0.7638    0.8641      1016

    accuracy                         0.8545      1677
   macro avg     0.8637    0.8789    0.8538      1677
weighted avg     0.8914    0.8545    0.8560      1677

2023-08-08 11:08:36 [DEBUG]: 
              precision    recall  f1-score   support

           0     0.7703    0.9699    0.8587       166
           1     0.9609    0.7193    0.8227       171

    accuracy                         0.8427       337
   macro avg     0.8656    0.8446    0.8407       337
weighted avg     0.8671    0.8427    0.8404       337

2023-08-08 11:14:03 [DEBUG]: delete repeated samples
2023-08-08 11:14:03 [INFO]: train [[1],[2]]
2023-08-08 11:14:07 [DEBUG]: 
              precision    recall  f1-score   support

           0     0.8084    0.9955    0.8922       661
           1     0.9965    0.8465    0.9154      1016

    accuracy                         0.9052      1677
   macro avg     0.9024    0.9210    0.9038      1677
weighted avg     0.9224    0.9052    0.9062      1677

2023-08-08 11:14:07 [DEBUG]: 
              precision    recall  f1-score   support

           0     0.7767    0.9639    0.8602       166
           1     0.9542    0.7310    0.8278       171

    accuracy                         0.8457       337
   macro avg     0.8654    0.8474    0.8440       337
weighted avg     0.8668    0.8457    0.8438       337

2023-08-08 11:14:23 [DEBUG]: delete repeated samples
2023-08-08 11:14:23 [INFO]: train [[1],[2]]
2023-08-08 11:14:30 [DEBUG]: 
              precision    recall  f1-score   support

           0     0.9955    1.0000    0.9977       661
           1     1.0000    0.9970    0.9985      1016

    accuracy                         0.9982      1677
   macro avg     0.9977    0.9985    0.9981      1677
weighted avg     0.9982    0.9982    0.9982      1677

2023-08-08 11:14:30 [DEBUG]: 
              precision    recall  f1-score   support

           0     0.7114    0.8614    0.7793       166
           1     0.8309    0.6608    0.7362       171

    accuracy                         0.7596       337
   macro avg     0.7712    0.7611    0.7577       337
weighted avg     0.7720    0.7596    0.7574       337

2023-08-08 11:14:39 [DEBUG]: delete repeated samples
2023-08-08 11:14:39 [INFO]: train [[1],[2]]
2023-08-08 11:14:42 [DEBUG]: 
              precision    recall  f1-score   support

           0     0.7067    0.9697    0.8176       661
           1     0.9740    0.7382    0.8399      1016

    accuracy                         0.8295      1677
   macro avg     0.8404    0.8540    0.8287      1677
weighted avg     0.8687    0.8295    0.8311      1677

2023-08-08 11:14:42 [DEBUG]: 
              precision    recall  f1-score   support

           0     0.7430    0.9578    0.8368       166
           1     0.9431    0.6784    0.7891       171

    accuracy                         0.8160       337
   macro avg     0.8430    0.8181    0.8130       337
weighted avg     0.8445    0.8160    0.8126       337

2023-08-08 11:14:52 [DEBUG]: delete repeated samples
2023-08-08 11:14:52 [INFO]: train [[1],[2]]
2023-08-08 11:14:56 [DEBUG]: 
              precision    recall  f1-score   support

           0     0.9192    0.9985    0.9572       661
           1     0.9990    0.9429    0.9701      1016

    accuracy                         0.9648      1677
   macro avg     0.9591    0.9707    0.9637      1677
weighted avg     0.9675    0.9648    0.9650      1677

2023-08-08 11:14:56 [DEBUG]: 
              precision    recall  f1-score   support

           0     0.7536    0.9578    0.8435       166
           1     0.9444    0.6959    0.8013       171

    accuracy                         0.8249       337
   macro avg     0.8490    0.8269    0.8224       337
weighted avg     0.8504    0.8249    0.8221       337

2023-08-08 11:15:07 [DEBUG]: delete repeated samples
2023-08-08 11:15:07 [INFO]: train [[1],[2]]
2023-08-08 11:15:10 [DEBUG]: 
              precision    recall  f1-score   support

           0     0.8084    0.9955    0.8922       661
           1     0.9965    0.8465    0.9154      1016

    accuracy                         0.9052      1677
   macro avg     0.9024    0.9210    0.9038      1677
weighted avg     0.9224    0.9052    0.9062      1677

2023-08-08 11:15:10 [DEBUG]: 
              precision    recall  f1-score   support

           0     0.7767    0.9639    0.8602       166
           1     0.9542    0.7310    0.8278       171

    accuracy                         0.8457       337
   macro avg     0.8654    0.8474    0.8440       337
weighted avg     0.8668    0.8457    0.8438       337

2023-08-08 11:15:23 [DEBUG]: delete repeated samples
2023-08-08 11:15:23 [INFO]: train [[1],[2]]
2023-08-08 11:15:27 [DEBUG]: 
              precision    recall  f1-score   support

           0     0.8928    0.9955    0.9413       661
           1     0.9968    0.9222    0.9581      1016

    accuracy                         0.9511      1677
   macro avg     0.9448    0.9589    0.9497      1677
weighted avg     0.9558    0.9511    0.9515      1677

2023-08-08 11:15:27 [DEBUG]: 
              precision    recall  f1-score   support

           0     0.7767    0.9639    0.8602       166
           1     0.9542    0.7310    0.8278       171

    accuracy                         0.8457       337
   macro avg     0.8654    0.8474    0.8440       337
weighted avg     0.8668    0.8457    0.8438       337

2023-08-08 11:15:46 [DEBUG]: delete repeated samples
2023-08-08 11:15:46 [INFO]: train [[1],[2]]
2023-08-08 11:15:49 [DEBUG]: 
              precision    recall  f1-score   support

           0     0.7642    0.9803    0.8588       661
           1     0.9843    0.8031    0.8846      1016

    accuracy                         0.8730      1677
   macro avg     0.8742    0.8917    0.8717      1677
weighted avg     0.8975    0.8730    0.8744      1677

2023-08-08 11:15:49 [DEBUG]: 
              precision    recall  f1-score   support

           0     0.7547    0.9639    0.8466       166
           1     0.9520    0.6959    0.8041       171

    accuracy                         0.8279       337
   macro avg     0.8534    0.8299    0.8253       337
weighted avg     0.8548    0.8279    0.8250       337

2023-08-08 11:16:06 [DEBUG]: delete repeated samples
2023-08-08 11:16:06 [INFO]: train [[1],[2]]
2023-08-08 11:16:08 [DEBUG]: 
              precision    recall  f1-score   support

           0     0.7022    0.9380    0.8031       661
           1     0.9484    0.7411    0.8320      1016

    accuracy                         0.8187      1677
   macro avg     0.8253    0.8396    0.8176      1677
weighted avg     0.8513    0.8187    0.8206      1677

2023-08-08 11:16:08 [DEBUG]: 
              precision    recall  f1-score   support

           0     0.7324    0.9398    0.8232       166
           1     0.9194    0.6667    0.7729       171

    accuracy                         0.8012       337
   macro avg     0.8259    0.8032    0.7981       337
weighted avg     0.8273    0.8012    0.7977       337

2023-08-08 11:16:18 [DEBUG]: delete repeated samples
2023-08-08 11:16:18 [INFO]: train [[1],[2]]
2023-08-08 11:16:23 [DEBUG]: 
              precision    recall  f1-score   support

           0     0.9551    0.9985    0.9763       661
           1     0.9990    0.9695    0.9840      1016

    accuracy                         0.9809      1677
   macro avg     0.9771    0.9840    0.9802      1677
weighted avg     0.9817    0.9809    0.9810      1677

2023-08-08 11:16:23 [DEBUG]: 
              precision    recall  f1-score   support

           0     0.7667    0.9699    0.8564       166
           1     0.9606    0.7135    0.8188       171

    accuracy                         0.8398       337
   macro avg     0.8636    0.8417    0.8376       337
weighted avg     0.8651    0.8398    0.8373       337

2023-08-08 11:17:00 [DEBUG]: delete repeated samples
2023-08-08 11:17:00 [INFO]: train [[1],[2]]
2023-08-08 11:17:04 [DEBUG]: 
              precision    recall  f1-score   support

           0     0.9483    0.9985    0.9727       661
           1     0.9990    0.9646    0.9815      1016

    accuracy                         0.9779      1677
   macro avg     0.9736    0.9815    0.9771      1677
weighted avg     0.9790    0.9779    0.9780      1677

2023-08-08 11:17:04 [DEBUG]: 
              precision    recall  f1-score   support

           0     0.7667    0.9699    0.8564       166
           1     0.9606    0.7135    0.8188       171

    accuracy                         0.8398       337
   macro avg     0.8636    0.8417    0.8376       337
weighted avg     0.8651    0.8398    0.8373       337

2023-08-08 11:17:31 [DEBUG]: delete repeated samples
2023-08-08 11:17:31 [INFO]: train [[1],[2]]
2023-08-08 11:17:33 [DEBUG]: 
              precision    recall  f1-score   support

           0     0.6767    0.9818    0.8012       661
           1     0.9833    0.6949    0.8143      1016

    accuracy                         0.8080      1677
   macro avg     0.8300    0.8384    0.8078      1677
weighted avg     0.8625    0.8080    0.8092      1677

2023-08-08 11:17:33 [DEBUG]: 
              precision    recall  f1-score   support

           0     0.7512    0.9639    0.8443       166
           1     0.9516    0.6901    0.8000       171

    accuracy                         0.8249       337
   macro avg     0.8514    0.8270    0.8222       337
weighted avg     0.8529    0.8249    0.8218       337

2023-08-08 11:17:49 [DEBUG]: delete repeated samples
2023-08-08 11:17:49 [INFO]: train [[1],[2]]
2023-08-08 11:17:53 [DEBUG]: 
              precision    recall  f1-score   support

           0     0.9105    1.0000    0.9531       661
           1     1.0000    0.9360    0.9670      1016

    accuracy                         0.9612      1677
   macro avg     0.9552    0.9680    0.9600      1677
weighted avg     0.9647    0.9612    0.9615      1677

2023-08-08 11:17:53 [DEBUG]: 
              precision    recall  f1-score   support

           0     0.7692    0.9639    0.8556       166
           1     0.9535    0.7193    0.8200       171

    accuracy                         0.8398       337
   macro avg     0.8614    0.8416    0.8378       337
weighted avg     0.8627    0.8398    0.8375       337

2023-08-08 11:18:04 [DEBUG]: delete repeated samples
2023-08-08 11:18:04 [INFO]: train [[1],[2]]
2023-08-08 11:18:08 [DEBUG]: 
              precision    recall  f1-score   support

           0     0.7443    0.9955    0.8518       661
           1     0.9962    0.7776    0.8734      1016

    accuracy                         0.8634      1677
   macro avg     0.8703    0.8865    0.8626      1677
weighted avg     0.8969    0.8634    0.8649      1677

2023-08-08 11:18:08 [DEBUG]: 
              precision    recall  f1-score   support

           0     0.7500    0.9578    0.8413       166
           1     0.9440    0.6901    0.7973       171

    accuracy                         0.8220       337
   macro avg     0.8470    0.8239    0.8193       337
weighted avg     0.8484    0.8220    0.8190       337

2023-08-08 11:18:17 [DEBUG]: delete repeated samples
2023-08-08 11:18:18 [INFO]: train [[1],[2]]
2023-08-08 11:18:23 [DEBUG]: 
              precision    recall  f1-score   support

           0     0.7577    0.9985    0.8616       661
           1     0.9988    0.7923    0.8836      1016

    accuracy                         0.8736      1677
   macro avg     0.8783    0.8954    0.8726      1677
weighted avg     0.9038    0.8736    0.8750      1677

2023-08-08 11:18:23 [DEBUG]: 
              precision    recall  f1-score   support

           0     0.7547    0.9639    0.8466       166
           1     0.9520    0.6959    0.8041       171

    accuracy                         0.8279       337
   macro avg     0.8534    0.8299    0.8253       337
weighted avg     0.8548    0.8279    0.8250       337

2023-08-08 11:18:35 [DEBUG]: delete repeated samples
2023-08-08 11:18:36 [INFO]: train [[1],[2]]
2023-08-08 11:18:43 [DEBUG]: 
              precision    recall  f1-score   support

           0     0.8993    1.0000    0.9470       661
           1     1.0000    0.9272    0.9622      1016

    accuracy                         0.9559      1677
   macro avg     0.9497    0.9636    0.9546      1677
weighted avg     0.9603    0.9559    0.9562      1677

2023-08-08 11:18:43 [DEBUG]: 
              precision    recall  f1-score   support

           0     0.7630    0.9699    0.8541       166
           1     0.9603    0.7076    0.8148       171

    accuracy                         0.8368       337
   macro avg     0.8617    0.8387    0.8345       337
weighted avg     0.8631    0.8368    0.8342       337

2023-08-08 11:27:31 [DEBUG]: Loaded backend tkagg version 8.6.
2023-08-08 11:31:43 [DEBUG]: Loaded backend tkagg version 8.6.
2023-08-08 11:32:23 [DEBUG]: Loaded backend tkagg version 8.6.
2023-08-08 11:32:51 [DEBUG]: Loaded backend tkagg version 8.6.
2023-08-08 11:34:21 [DEBUG]: Loaded backend tkagg version 8.6.
2023-08-08 11:34:21 [DEBUG]: STREAM b'IHDR' 16 13
2023-08-08 11:34:21 [DEBUG]: STREAM b'sBIT' 41 4
2023-08-08 11:34:21 [DEBUG]: b'sBIT' 41 4 (unknown)
2023-08-08 11:34:21 [DEBUG]: STREAM b'pHYs' 57 9
2023-08-08 11:34:21 [DEBUG]: STREAM b'IDAT' 78 1189
2023-08-08 11:34:21 [DEBUG]: STREAM b'IHDR' 16 13
2023-08-08 11:34:21 [DEBUG]: STREAM b'sBIT' 41 4
2023-08-08 11:34:21 [DEBUG]: b'sBIT' 41 4 (unknown)
2023-08-08 11:34:21 [DEBUG]: STREAM b'pHYs' 57 9
2023-08-08 11:34:21 [DEBUG]: STREAM b'IDAT' 78 2994
2023-08-08 11:34:21 [DEBUG]: STREAM b'IHDR' 16 13
2023-08-08 11:34:21 [DEBUG]: STREAM b'sBIT' 41 4
2023-08-08 11:34:21 [DEBUG]: b'sBIT' 41 4 (unknown)
2023-08-08 11:34:21 [DEBUG]: STREAM b'pHYs' 57 9
2023-08-08 11:34:21 [DEBUG]: STREAM b'IDAT' 78 374
2023-08-08 11:34:21 [DEBUG]: STREAM b'IHDR' 16 13
2023-08-08 11:34:21 [DEBUG]: STREAM b'sBIT' 41 4
2023-08-08 11:34:21 [DEBUG]: b'sBIT' 41 4 (unknown)
2023-08-08 11:34:21 [DEBUG]: STREAM b'pHYs' 57 9
2023-08-08 11:34:21 [DEBUG]: STREAM b'IDAT' 78 286
2023-08-08 11:34:21 [DEBUG]: STREAM b'IHDR' 16 13
2023-08-08 11:34:21 [DEBUG]: STREAM b'sBIT' 41 4
2023-08-08 11:34:21 [DEBUG]: b'sBIT' 41 4 (unknown)
2023-08-08 11:34:21 [DEBUG]: STREAM b'pHYs' 57 9
2023-08-08 11:34:21 [DEBUG]: STREAM b'IDAT' 78 263
2023-08-08 11:34:21 [DEBUG]: STREAM b'IHDR' 16 13
2023-08-08 11:34:21 [DEBUG]: STREAM b'sBIT' 41 4
2023-08-08 11:34:21 [DEBUG]: b'sBIT' 41 4 (unknown)
2023-08-08 11:34:21 [DEBUG]: STREAM b'pHYs' 57 9
2023-08-08 11:34:21 [DEBUG]: STREAM b'IDAT' 78 387
2023-08-08 11:34:21 [DEBUG]: STREAM b'IHDR' 16 13
2023-08-08 11:34:21 [DEBUG]: STREAM b'sBIT' 41 4
2023-08-08 11:34:21 [DEBUG]: b'sBIT' 41 4 (unknown)
2023-08-08 11:34:21 [DEBUG]: STREAM b'pHYs' 57 9
2023-08-08 11:34:21 [DEBUG]: STREAM b'IDAT' 78 436
2023-08-08 11:34:21 [DEBUG]: STREAM b'IHDR' 16 13
2023-08-08 11:34:21 [DEBUG]: STREAM b'sBIT' 41 4
2023-08-08 11:34:21 [DEBUG]: b'sBIT' 41 4 (unknown)
2023-08-08 11:34:21 [DEBUG]: STREAM b'pHYs' 57 9
2023-08-08 11:34:21 [DEBUG]: STREAM b'IDAT' 78 351
2023-08-08 11:34:21 [DEBUG]: STREAM b'IHDR' 16 13
2023-08-08 11:34:21 [DEBUG]: STREAM b'sBIT' 41 4
2023-08-08 11:34:21 [DEBUG]: b'sBIT' 41 4 (unknown)
2023-08-08 11:34:21 [DEBUG]: STREAM b'pHYs' 57 9
2023-08-08 11:34:21 [DEBUG]: STREAM b'IDAT' 78 364
2023-08-08 11:34:21 [DEBUG]: findfont: Matching sans\-serif:style=normal:variant=normal:weight=normal:stretch=normal:size=18.0.
2023-08-08 11:34:21 [DEBUG]: findfont: score(FontEntry(fname='C:\\Users\\86151\\anaconda3\\envs\\LightGBM\\lib\\site-packages\\matplotlib\\mpl-data\\fonts\\ttf\\STIXNonUni.ttf', name='STIXNonUnicode', style='normal', variant='normal', weight=400, stretch='normal', size='scalable')) = 10.05
2023-08-08 11:34:21 [DEBUG]: findfont: score(FontEntry(fname='C:\\Users\\86151\\anaconda3\\envs\\LightGBM\\lib\\site-packages\\matplotlib\\mpl-data\\fonts\\ttf\\DejaVuSansMono-Oblique.ttf', name='DejaVu Sans Mono', style='oblique', variant='normal', weight=400, stretch='normal', size='scalable')) = 11.05
2023-08-08 11:34:21 [DEBUG]: findfont: score(FontEntry(fname='C:\\Users\\86151\\anaconda3\\envs\\LightGBM\\lib\\site-packages\\matplotlib\\mpl-data\\fonts\\ttf\\DejaVuSansMono.ttf', name='DejaVu Sans Mono', style='normal', variant='normal', weight=400, stretch='normal', size='scalable')) = 10.05
2023-08-08 11:34:21 [DEBUG]: findfont: score(FontEntry(fname='C:\\Users\\86151\\anaconda3\\envs\\LightGBM\\lib\\site-packages\\matplotlib\\mpl-data\\fonts\\ttf\\DejaVuSerif-BoldItalic.ttf', name='DejaVu Serif', style='italic', variant='normal', weight=700, stretch='normal', size='scalable')) = 11.335
2023-08-08 11:34:21 [DEBUG]: findfont: score(FontEntry(fname='C:\\Users\\86151\\anaconda3\\envs\\LightGBM\\lib\\site-packages\\matplotlib\\mpl-data\\fonts\\ttf\\cmmi10.ttf', name='cmmi10', style='normal', variant='normal', weight=400, stretch='normal', size='scalable')) = 10.05
2023-08-08 11:34:21 [DEBUG]: findfont: score(FontEntry(fname='C:\\Users\\86151\\anaconda3\\envs\\LightGBM\\lib\\site-packages\\matplotlib\\mpl-data\\fonts\\ttf\\STIXSizOneSymReg.ttf', name='STIXSizeOneSym', style='normal', variant='normal', weight=400, stretch='normal', size='scalable')) = 10.05
2023-08-08 11:34:21 [DEBUG]: findfont: score(FontEntry(fname='C:\\Users\\86151\\anaconda3\\envs\\LightGBM\\lib\\site-packages\\matplotlib\\mpl-data\\fonts\\ttf\\STIXSizTwoSymReg.ttf', name='STIXSizeTwoSym', style='normal', variant='normal', weight=400, stretch='normal', size='scalable')) = 10.05
2023-08-08 11:34:21 [DEBUG]: findfont: score(FontEntry(fname='C:\\Users\\86151\\anaconda3\\envs\\LightGBM\\lib\\site-packages\\matplotlib\\mpl-data\\fonts\\ttf\\STIXSizTwoSymBol.ttf', name='STIXSizeTwoSym', style='normal', variant='normal', weight=700, stretch='normal', size='scalable')) = 10.335
2023-08-08 11:34:21 [DEBUG]: findfont: score(FontEntry(fname='C:\\Users\\86151\\anaconda3\\envs\\LightGBM\\lib\\site-packages\\matplotlib\\mpl-data\\fonts\\ttf\\cmb10.ttf', name='cmb10', style='normal', variant='normal', weight=400, stretch='normal', size='scalable')) = 10.05
2023-08-08 11:34:21 [DEBUG]: findfont: score(FontEntry(fname='C:\\Users\\86151\\anaconda3\\envs\\LightGBM\\lib\\site-packages\\matplotlib\\mpl-data\\fonts\\ttf\\STIXNonUniBol.ttf', name='STIXNonUnicode', style='normal', variant='normal', weight=700, stretch='normal', size='scalable')) = 10.335
2023-08-08 11:34:21 [DEBUG]: findfont: score(FontEntry(fname='C:\\Users\\86151\\anaconda3\\envs\\LightGBM\\lib\\site-packages\\matplotlib\\mpl-data\\fonts\\ttf\\STIXSizFiveSymReg.ttf', name='STIXSizeFiveSym', style='normal', variant='normal', weight=400, stretch='normal', size='scalable')) = 10.05
2023-08-08 11:34:21 [DEBUG]: findfont: score(FontEntry(fname='C:\\Users\\86151\\anaconda3\\envs\\LightGBM\\lib\\site-packages\\matplotlib\\mpl-data\\fonts\\ttf\\STIXSizFourSymBol.ttf', name='STIXSizeFourSym', style='normal', variant='normal', weight=700, stretch='normal', size='scalable')) = 10.335
2023-08-08 11:34:21 [DEBUG]: findfont: score(FontEntry(fname='C:\\Users\\86151\\anaconda3\\envs\\LightGBM\\lib\\site-packages\\matplotlib\\mpl-data\\fonts\\ttf\\STIXSizFourSymReg.ttf', name='STIXSizeFourSym', style='normal', variant='normal', weight=400, stretch='normal', size='scalable')) = 10.05
2023-08-08 11:34:21 [DEBUG]: findfont: score(FontEntry(fname='C:\\Users\\86151\\anaconda3\\envs\\LightGBM\\lib\\site-packages\\matplotlib\\mpl-data\\fonts\\ttf\\DejaVuSans-Bold.ttf', name='DejaVu Sans', style='normal', variant='normal', weight=700, stretch='normal', size='scalable')) = 2.335
2023-08-08 11:34:21 [DEBUG]: findfont: score(FontEntry(fname='C:\\Users\\86151\\anaconda3\\envs\\LightGBM\\lib\\site-packages\\matplotlib\\mpl-data\\fonts\\ttf\\cmsy10.ttf', name='cmsy10', style='normal', variant='normal', weight=400, stretch='normal', size='scalable')) = 10.05
2023-08-08 11:34:21 [DEBUG]: findfont: score(FontEntry(fname='C:\\Users\\86151\\anaconda3\\envs\\LightGBM\\lib\\site-packages\\matplotlib\\mpl-data\\fonts\\ttf\\DejaVuSerif-Bold.ttf', name='DejaVu Serif', style='normal', variant='normal', weight=700, stretch='normal', size='scalable')) = 10.335
2023-08-08 11:34:21 [DEBUG]: findfont: score(FontEntry(fname='C:\\Users\\86151\\anaconda3\\envs\\LightGBM\\lib\\site-packages\\matplotlib\\mpl-data\\fonts\\ttf\\STIXGeneralBol.ttf', name='STIXGeneral', style='normal', variant='normal', weight=700, stretch='normal', size='scalable')) = 10.335
2023-08-08 11:34:21 [DEBUG]: findfont: score(FontEntry(fname='C:\\Users\\86151\\anaconda3\\envs\\LightGBM\\lib\\site-packages\\matplotlib\\mpl-data\\fonts\\ttf\\STIXGeneralBolIta.ttf', name='STIXGeneral', style='italic', variant='normal', weight=700, stretch='normal', size='scalable')) = 11.335
2023-08-08 11:34:21 [DEBUG]: findfont: score(FontEntry(fname='C:\\Users\\86151\\anaconda3\\envs\\LightGBM\\lib\\site-packages\\matplotlib\\mpl-data\\fonts\\ttf\\cmr10.ttf', name='cmr10', style='normal', variant='normal', weight=400, stretch='normal', size='scalable')) = 10.05
2023-08-08 11:34:21 [DEBUG]: findfont: score(FontEntry(fname='C:\\Users\\86151\\anaconda3\\envs\\LightGBM\\lib\\site-packages\\matplotlib\\mpl-data\\fonts\\ttf\\DejaVuSansMono-Bold.ttf', name='DejaVu Sans Mono', style='normal', variant='normal', weight=700, stretch='normal', size='scalable')) = 10.335
2023-08-08 11:34:21 [DEBUG]: findfont: score(FontEntry(fname='C:\\Users\\86151\\anaconda3\\envs\\LightGBM\\lib\\site-packages\\matplotlib\\mpl-data\\fonts\\ttf\\STIXSizOneSymBol.ttf', name='STIXSizeOneSym', style='normal', variant='normal', weight=700, stretch='normal', size='scalable')) = 10.335
2023-08-08 11:34:21 [DEBUG]: findfont: score(FontEntry(fname='C:\\Users\\86151\\anaconda3\\envs\\LightGBM\\lib\\site-packages\\matplotlib\\mpl-data\\fonts\\ttf\\DejaVuSerifDisplay.ttf', name='DejaVu Serif Display', style='normal', variant='normal', weight=400, stretch='normal', size='scalable')) = 10.05
2023-08-08 11:34:21 [DEBUG]: findfont: score(FontEntry(fname='C:\\Users\\86151\\anaconda3\\envs\\LightGBM\\lib\\site-packages\\matplotlib\\mpl-data\\fonts\\ttf\\STIXNonUniBolIta.ttf', name='STIXNonUnicode', style='italic', variant='normal', weight=700, stretch='normal', size='scalable')) = 11.335
2023-08-08 11:34:21 [DEBUG]: findfont: score(FontEntry(fname='C:\\Users\\86151\\anaconda3\\envs\\LightGBM\\lib\\site-packages\\matplotlib\\mpl-data\\fonts\\ttf\\STIXNonUniIta.ttf', name='STIXNonUnicode', style='italic', variant='normal', weight=400, stretch='normal', size='scalable')) = 11.05
2023-08-08 11:34:21 [DEBUG]: findfont: score(FontEntry(fname='C:\\Users\\86151\\anaconda3\\envs\\LightGBM\\lib\\site-packages\\matplotlib\\mpl-data\\fonts\\ttf\\DejaVuSansDisplay.ttf', name='DejaVu Sans Display', style='normal', variant='normal', weight=400, stretch='normal', size='scalable')) = 10.05
2023-08-08 11:34:21 [DEBUG]: findfont: score(FontEntry(fname='C:\\Users\\86151\\anaconda3\\envs\\LightGBM\\lib\\site-packages\\matplotlib\\mpl-data\\fonts\\ttf\\cmss10.ttf', name='cmss10', style='normal', variant='normal', weight=400, stretch='normal', size='scalable')) = 10.05
2023-08-08 11:34:21 [DEBUG]: findfont: score(FontEntry(fname='C:\\Users\\86151\\anaconda3\\envs\\LightGBM\\lib\\site-packages\\matplotlib\\mpl-data\\fonts\\ttf\\DejaVuSans-BoldOblique.ttf', name='DejaVu Sans', style='oblique', variant='normal', weight=700, stretch='normal', size='scalable')) = 3.335
2023-08-08 11:34:21 [DEBUG]: findfont: score(FontEntry(fname='C:\\Users\\86151\\anaconda3\\envs\\LightGBM\\lib\\site-packages\\matplotlib\\mpl-data\\fonts\\ttf\\STIXSizThreeSymBol.ttf', name='STIXSizeThreeSym', style='normal', variant='normal', weight=700, stretch='normal', size='scalable')) = 10.335
2023-08-08 11:34:21 [DEBUG]: findfont: score(FontEntry(fname='C:\\Users\\86151\\anaconda3\\envs\\LightGBM\\lib\\site-packages\\matplotlib\\mpl-data\\fonts\\ttf\\DejaVuSans.ttf', name='DejaVu Sans', style='normal', variant='normal', weight=400, stretch='normal', size='scalable')) = 2.05
2023-08-08 11:34:21 [DEBUG]: findfont: score(FontEntry(fname='C:\\Users\\86151\\anaconda3\\envs\\LightGBM\\lib\\site-packages\\matplotlib\\mpl-data\\fonts\\ttf\\cmex10.ttf', name='cmex10', style='normal', variant='normal', weight=400, stretch='normal', size='scalable')) = 10.05
2023-08-08 11:34:21 [DEBUG]: findfont: score(FontEntry(fname='C:\\Users\\86151\\anaconda3\\envs\\LightGBM\\lib\\site-packages\\matplotlib\\mpl-data\\fonts\\ttf\\cmtt10.ttf', name='cmtt10', style='normal', variant='normal', weight=400, stretch='normal', size='scalable')) = 10.05
2023-08-08 11:34:21 [DEBUG]: findfont: score(FontEntry(fname='C:\\Users\\86151\\anaconda3\\envs\\LightGBM\\lib\\site-packages\\matplotlib\\mpl-data\\fonts\\ttf\\DejaVuSans-Oblique.ttf', name='DejaVu Sans', style='oblique', variant='normal', weight=400, stretch='normal', size='scalable')) = 3.05
2023-08-08 11:34:21 [DEBUG]: findfont: score(FontEntry(fname='C:\\Users\\86151\\anaconda3\\envs\\LightGBM\\lib\\site-packages\\matplotlib\\mpl-data\\fonts\\ttf\\DejaVuSansMono-BoldOblique.ttf', name='DejaVu Sans Mono', style='oblique', variant='normal', weight=700, stretch='normal', size='scalable')) = 11.335
2023-08-08 11:34:21 [DEBUG]: findfont: score(FontEntry(fname='C:\\Users\\86151\\anaconda3\\envs\\LightGBM\\lib\\site-packages\\matplotlib\\mpl-data\\fonts\\ttf\\DejaVuSerif-Italic.ttf', name='DejaVu Serif', style='italic', variant='normal', weight=400, stretch='normal', size='scalable')) = 11.05
2023-08-08 11:34:21 [DEBUG]: findfont: score(FontEntry(fname='C:\\Users\\86151\\anaconda3\\envs\\LightGBM\\lib\\site-packages\\matplotlib\\mpl-data\\fonts\\ttf\\STIXGeneralItalic.ttf', name='STIXGeneral', style='italic', variant='normal', weight=400, stretch='normal', size='scalable')) = 11.05
2023-08-08 11:34:21 [DEBUG]: findfont: score(FontEntry(fname='C:\\Users\\86151\\anaconda3\\envs\\LightGBM\\lib\\site-packages\\matplotlib\\mpl-data\\fonts\\ttf\\DejaVuSerif.ttf', name='DejaVu Serif', style='normal', variant='normal', weight=400, stretch='normal', size='scalable')) = 10.05
2023-08-08 11:34:21 [DEBUG]: findfont: score(FontEntry(fname='C:\\Users\\86151\\anaconda3\\envs\\LightGBM\\lib\\site-packages\\matplotlib\\mpl-data\\fonts\\ttf\\STIXGeneral.ttf', name='STIXGeneral', style='normal', variant='normal', weight=400, stretch='normal', size='scalable')) = 10.05
2023-08-08 11:34:21 [DEBUG]: findfont: score(FontEntry(fname='C:\\Users\\86151\\anaconda3\\envs\\LightGBM\\lib\\site-packages\\matplotlib\\mpl-data\\fonts\\ttf\\STIXSizThreeSymReg.ttf', name='STIXSizeThreeSym', style='normal', variant='normal', weight=400, stretch='normal', size='scalable')) = 10.05
2023-08-08 11:34:21 [DEBUG]: findfont: score(FontEntry(fname='C:\\WINDOWS\\Fonts\\gadugi.ttf', name='Gadugi', style='normal', variant='normal', weight=400, stretch='normal', size='scalable')) = 10.05
2023-08-08 11:34:21 [DEBUG]: findfont: score(FontEntry(fname='C:\\WINDOWS\\Fonts\\MISTRAL.TTF', name='Mistral', style='normal', variant='normal', weight=400, stretch='normal', size='scalable')) = 10.05
2023-08-08 11:34:21 [DEBUG]: findfont: score(FontEntry(fname='C:\\Windows\\Fonts\\ERASBD.TTF', name='Eras Bold ITC', style='normal', variant='normal', weight=400, stretch='normal', size='scalable')) = 10.05
2023-08-08 11:34:21 [DEBUG]: findfont: score(FontEntry(fname='C:\\WINDOWS\\Fonts\\segmdl2.ttf', name='Segoe MDL2 Assets', style='normal', variant='normal', weight=400, stretch='normal', size='scalable')) = 10.05
2023-08-08 11:34:21 [DEBUG]: findfont: score(FontEntry(fname='C:\\WINDOWS\\Fonts\\GOUDYSTO.TTF', name='Goudy Stout', style='normal', variant='normal', weight=400, stretch='normal', size='scalable')) = 10.05
2023-08-08 11:34:21 [DEBUG]: findfont: score(FontEntry(fname='C:\\WINDOWS\\Fonts\\POORICH.TTF', name='Poor Richard', style='normal', variant='normal', weight=400, stretch='normal', size='scalable')) = 10.05
2023-08-08 11:34:21 [DEBUG]: findfont: score(FontEntry(fname='C:\\WINDOWS\\Fonts\\INFROMAN.TTF', name='Informal Roman', style='normal', variant='normal', weight=400, stretch='normal', size='scalable')) = 10.05
2023-08-08 11:34:21 [DEBUG]: findfont: score(FontEntry(fname='C:\\Windows\\Fonts\\CURLZ___.TTF', name='Curlz MT', style='normal', variant='normal', weight=400, stretch='normal', size='scalable')) = 10.05
2023-08-08 11:34:21 [DEBUG]: findfont: score(FontEntry(fname='C:\\WINDOWS\\Fonts\\simsun.ttc', name='SimSun', style='normal', variant='normal', weight=400, stretch='normal', size='scalable')) = 10.05
2023-08-08 11:34:21 [DEBUG]: findfont: score(FontEntry(fname='C:\\Windows\\Fonts\\constan.ttf', name='Constantia', style='normal', variant='normal', weight=400, stretch='normal', size='scalable')) = 10.05
2023-08-08 11:34:21 [DEBUG]: findfont: score(FontEntry(fname='C:\\WINDOWS\\Fonts\\STXIHEI.TTF', name='STXihei', style='normal', variant='normal', weight=400, stretch='normal', size='scalable')) = 10.05
2023-08-08 11:34:21 [DEBUG]: findfont: score(FontEntry(fname='C:\\WINDOWS\\Fonts\\trebucbd.ttf', name='Trebuchet MS', style='normal', variant='normal', weight=700, stretch='normal', size='scalable')) = 10.335
2023-08-08 11:34:21 [DEBUG]: findfont: score(FontEntry(fname='C:\\Windows\\Fonts\\seguisb.ttf', name='Segoe UI', style='normal', variant='normal', weight=600, stretch='normal', size='scalable')) = 10.24
2023-08-08 11:34:21 [DEBUG]: findfont: score(FontEntry(fname='C:\\WINDOWS\\Fonts\\georgia.ttf', name='Georgia', style='normal', variant='normal', weight=400, stretch='normal', size='scalable')) = 10.05
2023-08-08 11:34:21 [DEBUG]: findfont: score(FontEntry(fname='C:\\WINDOWS\\Fonts\\msjhl.ttc', name='Microsoft JhengHei', style='normal', variant='normal', weight=290, stretch='normal', size='scalable')) = 10.1545
2023-08-08 11:34:21 [DEBUG]: findfont: score(FontEntry(fname='C:\\Windows\\Fonts\\COOPBL.TTF', name='Cooper Black', style='normal', variant='normal', weight=400, stretch='normal', size='scalable')) = 10.05
2023-08-08 11:34:21 [DEBUG]: findfont: score(FontEntry(fname='C:\\WINDOWS\\Fonts\\CASTELAR.TTF', name='Castellar', style='normal', variant='normal', weight=400, stretch='normal', size='scalable')) = 10.05
2023-08-08 11:34:21 [DEBUG]: findfont: score(FontEntry(fname='C:\\Windows\\Fonts\\STHUPO.TTF', name='STHupo', style='normal', variant='normal', weight=400, stretch='normal', size='scalable')) = 10.05
2023-08-08 11:34:21 [DEBUG]: findfont: score(FontEntry(fname='C:\\Windows\\Fonts\\sylfaen.ttf', name='Sylfaen', style='normal', variant='normal', weight=400, stretch='normal', size='scalable')) = 10.05
2023-08-08 11:34:21 [DEBUG]: findfont: score(FontEntry(fname='C:\\WINDOWS\\Fonts\\WINGDNG2.TTF', name='Wingdings 2', style='normal', variant='normal', weight=400, stretch='normal', size='scalable')) = 10.05
2023-08-08 11:34:21 [DEBUG]: findfont: score(FontEntry(fname='C:\\WINDOWS\\Fonts\\arial.ttf', name='Arial', style='normal', variant='normal', weight=400, stretch='normal', size='scalable')) = 0.05
2023-08-08 11:34:21 [DEBUG]: findfont: score(FontEntry(fname='C:\\WINDOWS\\Fonts\\impact.ttf', name='Impact', style='normal', variant='normal', weight=400, stretch='normal', size='scalable')) = 10.05
2023-08-08 11:34:21 [DEBUG]: findfont: score(FontEntry(fname='C:\\WINDOWS\\Fonts\\seguisym.ttf', name='Segoe UI Symbol', style='normal', variant='normal', weight=400, stretch='normal', size='scalable')) = 10.05
2023-08-08 11:34:21 [DEBUG]: findfont: score(FontEntry(fname='C:\\Windows\\Fonts\\GILLUBCD.TTF', name='Gill Sans Ultra Bold Condensed', style='normal', variant='normal', weight=400, stretch='condensed', size='scalable')) = 10.25
2023-08-08 11:34:21 [DEBUG]: findfont: score(FontEntry(fname='C:\\Windows\\Fonts\\corbelli.ttf', name='Corbel', style='italic', variant='normal', weight=300, stretch='normal', size='scalable')) = 11.145
2023-08-08 11:34:21 [DEBUG]: findfont: score(FontEntry(fname='C:\\WINDOWS\\Fonts\\DUBAI-LIGHT.TTF', name='Dubai', style='normal', variant='normal', weight=300, stretch='normal', size='scalable')) = 10.145
2023-08-08 11:34:21 [DEBUG]: findfont: score(FontEntry(fname='C:\\WINDOWS\\Fonts\\holomdl2.ttf', name='HoloLens MDL2 Assets', style='normal', variant='normal', weight=400, stretch='normal', size='scalable')) = 10.05
2023-08-08 11:34:21 [DEBUG]: findfont: score(FontEntry(fname='C:\\WINDOWS\\Fonts\\ENGR.TTF', name='Engravers MT', style='normal', variant='normal', weight=500, stretch='normal', size='scalable')) = 10.145
2023-08-08 11:34:21 [DEBUG]: findfont: score(FontEntry(fname='C:\\WINDOWS\\Fonts\\BASKVILL.TTF', name='Baskerville Old Face', style='normal', variant='normal', weight=400, stretch='normal', size='scalable')) = 10.05
2023-08-08 11:34:21 [DEBUG]: findfont: score(FontEntry(fname='C:\\Windows\\Fonts\\ARIALNB.TTF', name='Arial', style='normal', variant='normal', weight=700, stretch='condensed', size='scalable')) = 0.5349999999999999
2023-08-08 11:34:21 [DEBUG]: findfont: score(FontEntry(fname='C:\\Windows\\Fonts\\SIMYOU.TTF', name='YouYuan', style='normal', variant='normal', weight=400, stretch='normal', size='scalable')) = 10.05
2023-08-08 11:34:21 [DEBUG]: findfont: score(FontEntry(fname='C:\\Windows\\Fonts\\simhei.ttf', name='SimHei', style='normal', variant='normal', weight=400, stretch='normal', size='scalable')) = 10.05
2023-08-08 11:34:21 [DEBUG]: findfont: score(FontEntry(fname='C:\\Windows\\Fonts\\LFAXDI.TTF', name='Lucida Fax', style='italic', variant='normal', weight=600, stretch='normal', size='scalable')) = 11.24
2023-08-08 11:34:21 [DEBUG]: findfont: score(FontEntry(fname='C:\\Windows\\Fonts\\CALIFR.TTF', name='Californian FB', style='normal', variant='normal', weight=400, stretch='normal', size='scalable')) = 10.05
2023-08-08 11:34:21 [DEBUG]: findfont: score(FontEntry(fname='C:\\WINDOWS\\Fonts\\ITCKRIST.TTF', name='Kristen ITC', style='normal', variant='normal', weight=400, stretch='normal', size='scalable')) = 10.05
2023-08-08 11:34:21 [DEBUG]: findfont: score(FontEntry(fname='C:\\Windows\\Fonts\\SNAP____.TTF', name='Snap ITC', style='normal', variant='normal', weight=400, stretch='normal', size='scalable')) = 10.05
2023-08-08 11:34:21 [DEBUG]: findfont: score(FontEntry(fname='C:\\Windows\\Fonts\\calibrib.ttf', name='Calibri', style='normal', variant='normal', weight=700, stretch='normal', size='scalable')) = 10.335
2023-08-08 11:34:21 [DEBUG]: findfont: score(FontEntry(fname='C:\\Windows\\Fonts\\msjhl.ttc', name='Microsoft JhengHei', style='normal', variant='normal', weight=290, stretch='normal', size='scalable')) = 10.1545
2023-08-08 11:34:21 [DEBUG]: findfont: score(FontEntry(fname='C:\\WINDOWS\\Fonts\\GOUDOSI.TTF', name='Goudy Old Style', style='italic', variant='normal', weight=400, stretch='normal', size='scalable')) = 11.05
2023-08-08 11:34:21 [DEBUG]: findfont: score(FontEntry(fname='C:\\WINDOWS\\Fonts\\LTYPE.TTF', name='Lucida Sans Typewriter', style='normal', variant='normal', weight=400, stretch='normal', size='scalable')) = 10.05
2023-08-08 11:34:21 [DEBUG]: findfont: score(FontEntry(fname='C:\\Windows\\Fonts\\LCALLIG.TTF', name='Lucida Calligraphy', style='italic', variant='normal', weight=400, stretch='normal', size='scalable')) = 11.05
2023-08-08 11:34:21 [DEBUG]: findfont: score(FontEntry(fname='C:\\WINDOWS\\Fonts\\Candara.ttf', name='Candara', style='normal', variant='normal', weight=400, stretch='normal', size='scalable')) = 10.05
2023-08-08 11:34:21 [DEBUG]: findfont: score(FontEntry(fname='C:\\WINDOWS\\Fonts\\LFAXDI.TTF', name='Lucida Fax', style='italic', variant='normal', weight=600, stretch='normal', size='scalable')) = 11.24
2023-08-08 11:34:21 [DEBUG]: findfont: score(FontEntry(fname='C:\\Windows\\Fonts\\gadugib.ttf', name='Gadugi', style='normal', variant='normal', weight=700, stretch='normal', size='scalable')) = 10.335
2023-08-08 11:34:21 [DEBUG]: findfont: score(FontEntry(fname='C:\\WINDOWS\\Fonts\\LBRITEDI.TTF', name='Lucida Bright', style='italic', variant='normal', weight=600, stretch='normal', size='scalable')) = 11.24
2023-08-08 11:34:21 [DEBUG]: findfont: score(FontEntry(fname='C:\\WINDOWS\\Fonts\\GARABD.TTF', name='Garamond', style='normal', variant='normal', weight=700, stretch='normal', size='scalable')) = 10.335
2023-08-08 11:34:21 [DEBUG]: findfont: score(FontEntry(fname='C:\\WINDOWS\\Fonts\\ntailu.ttf', name='Microsoft New Tai Lue', style='normal', variant='normal', weight=400, stretch='normal', size='scalable')) = 10.05
2023-08-08 11:34:21 [DEBUG]: findfont: score(FontEntry(fname='C:\\WINDOWS\\Fonts\\GLECB.TTF', name='Gloucester MT Extra Condensed', style='normal', variant='normal', weight=400, stretch='condensed', size='scalable')) = 10.25
2023-08-08 11:34:21 [DEBUG]: findfont: score(FontEntry(fname='C:\\Windows\\Fonts\\georgiai.ttf', name='Georgia', style='italic', variant='normal', weight=400, stretch='normal', size='scalable')) = 11.05
2023-08-08 11:34:21 [DEBUG]: findfont: score(FontEntry(fname='C:\\WINDOWS\\Fonts\\ITCBLKAD.TTF', name='Blackadder ITC', style='normal', variant='normal', weight=400, stretch='normal', size='scalable')) = 10.05
2023-08-08 11:34:21 [DEBUG]: findfont: score(FontEntry(fname='C:\\Windows\\Fonts\\Deng.ttf', name='DengXian', style='normal', variant='normal', weight=400, stretch='normal', size='scalable')) = 10.05
2023-08-08 11:34:21 [DEBUG]: findfont: score(FontEntry(fname='C:\\Windows\\Fonts\\JUICE___.TTF', name='Juice ITC', style='normal', variant='normal', weight=400, stretch='normal', size='scalable')) = 10.05
2023-08-08 11:34:21 [DEBUG]: findfont: score(FontEntry(fname='C:\\WINDOWS\\Fonts\\GOTHICI.TTF', name='Century Gothic', style='italic', variant='normal', weight=400, stretch='normal', size='scalable')) = 11.05
2023-08-08 11:34:21 [DEBUG]: findfont: score(FontEntry(fname='C:\\WINDOWS\\Fonts\\OUTLOOK.TTF', name='MS Outlook', style='normal', variant='normal', weight=400, stretch='normal', size='scalable')) = 10.05
2023-08-08 11:34:21 [DEBUG]: findfont: score(FontEntry(fname='C:\\Windows\\Fonts\\LHANDW.TTF', name='Lucida Handwriting', style='italic', variant='normal', weight=400, stretch='normal', size='scalable')) = 11.05
2023-08-08 11:34:21 [DEBUG]: findfont: score(FontEntry(fname='C:\\Windows\\Fonts\\FRABK.TTF', name='Franklin Gothic Book', style='normal', variant='normal', weight=400, stretch='normal', size='scalable')) = 10.05
2023-08-08 11:34:21 [DEBUG]: findfont: score(FontEntry(fname='C:\\Windows\\Fonts\\arial.ttf', name='Arial', style='normal', variant='normal', weight=400, stretch='normal', size='scalable')) = 0.05
2023-08-08 11:34:21 [DEBUG]: findfont: score(FontEntry(fname='C:\\WINDOWS\\Fonts\\consolai.ttf', name='Consolas', style='italic', variant='normal', weight=400, stretch='normal', size='scalable')) = 11.05
2023-08-08 11:34:21 [DEBUG]: findfont: score(FontEntry(fname='C:\\WINDOWS\\Fonts\\LATINWD.TTF', name='Wide Latin', style='normal', variant='normal', weight=400, stretch='expanded', size='scalable')) = 10.25
2023-08-08 11:34:21 [DEBUG]: findfont: score(FontEntry(fname='C:\\WINDOWS\\Fonts\\JUICE___.TTF', name='Juice ITC', style='normal', variant='normal', weight=400, stretch='normal', size='scalable')) = 10.05
2023-08-08 11:34:21 [DEBUG]: findfont: score(FontEntry(fname='C:\\Windows\\Fonts\\ONYX.TTF', name='Onyx', style='normal', variant='normal', weight=400, stretch='normal', size='scalable')) = 10.05
2023-08-08 11:34:21 [DEBUG]: findfont: score(FontEntry(fname='C:\\Windows\\Fonts\\VLADIMIR.TTF', name='Vladimir Script', style='normal', variant='normal', weight=400, stretch='normal', size='scalable')) = 10.05
2023-08-08 11:34:21 [DEBUG]: findfont: score(FontEntry(fname='C:\\WINDOWS\\Fonts\\seguibli.ttf', name='Segoe UI', style='italic', variant='normal', weight=900, stretch='normal', size='scalable')) = 11.525
2023-08-08 11:34:21 [DEBUG]: findfont: score(FontEntry(fname='C:\\Windows\\Fonts\\LBRITEDI.TTF', name='Lucida Bright', style='italic', variant='normal', weight=600, stretch='normal', size='scalable')) = 11.24
2023-08-08 11:34:21 [DEBUG]: findfont: score(FontEntry(fname='C:\\Windows\\Fonts\\phagspa.ttf', name='Microsoft PhagsPa', style='normal', variant='normal', weight=400, stretch='normal', size='scalable')) = 10.05
2023-08-08 11:34:21 [DEBUG]: findfont: score(FontEntry(fname='C:\\Windows\\Fonts\\GARA.TTF', name='Garamond', style='normal', variant='normal', weight=400, stretch='normal', size='scalable')) = 10.05
2023-08-08 11:34:21 [DEBUG]: findfont: score(FontEntry(fname='C:\\Windows\\Fonts\\NirmalaB.ttf', name='Nirmala UI', style='normal', variant='normal', weight=700, stretch='normal', size='scalable')) = 10.335
2023-08-08 11:34:21 [DEBUG]: findfont: score(FontEntry(fname='C:\\WINDOWS\\Fonts\\TCB_____.TTF', name='Tw Cen MT', style='normal', variant='normal', weight=700, stretch='normal', size='scalable')) = 10.335
2023-08-08 11:34:21 [DEBUG]: findfont: score(FontEntry(fname='C:\\WINDOWS\\Fonts\\LFAX.TTF', name='Lucida Fax', style='normal', variant='normal', weight=400, stretch='normal', size='scalable')) = 10.05
2023-08-08 11:34:21 [DEBUG]: findfont: score(FontEntry(fname='C:\\Windows\\Fonts\\STXINWEI.TTF', name='STXinwei', style='normal', variant='normal', weight=400, stretch='normal', size='scalable')) = 10.05
2023-08-08 11:34:21 [DEBUG]: findfont: score(FontEntry(fname='C:\\WINDOWS\\Fonts\\GARAIT.TTF', name='Garamond', style='italic', variant='normal', weight=400, stretch='normal', size='scalable')) = 11.05
2023-08-08 11:34:21 [DEBUG]: findfont: score(FontEntry(fname='C:\\WINDOWS\\Fonts\\BSSYM7.TTF', name='Bookshelf Symbol 7', style='normal', variant='normal', weight=400, stretch='normal', size='scalable')) = 10.05
2023-08-08 11:34:21 [DEBUG]: findfont: score(FontEntry(fname='C:\\Windows\\Fonts\\PRISTINA.TTF', name='Pristina', style='normal', variant='normal', weight=400, stretch='normal', size='scalable')) = 10.05
2023-08-08 11:34:21 [DEBUG]: findfont: score(FontEntry(fname='C:\\WINDOWS\\Fonts\\ANTQUABI.TTF', name='Book Antiqua', style='italic', variant='normal', weight=700, stretch='normal', size='scalable')) = 11.335
2023-08-08 11:34:21 [DEBUG]: findfont: score(FontEntry(fname='C:\\Windows\\Fonts\\STZHONGS.TTF', name='STZhongsong', style='normal', variant='normal', weight=400, stretch='normal', size='scalable')) = 10.05
2023-08-08 11:34:21 [DEBUG]: findfont: score(FontEntry(fname='C:\\WINDOWS\\Fonts\\courbd.ttf', name='Courier New', style='normal', variant='normal', weight=700, stretch='normal', size='scalable')) = 10.335
2023-08-08 11:34:21 [DEBUG]: findfont: score(FontEntry(fname='C:\\Windows\\Fonts\\OUTLOOK.TTF', name='MS Outlook', style='normal', variant='normal', weight=400, stretch='normal', size='scalable')) = 10.05
2023-08-08 11:34:21 [DEBUG]: findfont: score(FontEntry(fname='C:\\Windows\\Fonts\\cambriab.ttf', name='Cambria', style='normal', variant='normal', weight=700, stretch='normal', size='scalable')) = 10.335
2023-08-08 11:34:21 [DEBUG]: findfont: score(FontEntry(fname='C:\\Windows\\Fonts\\BOOKOSB.TTF', name='Bookman Old Style', style='normal', variant='normal', weight=600, stretch='normal', size='scalable')) = 10.24
2023-08-08 11:34:21 [DEBUG]: findfont: score(FontEntry(fname='C:\\Windows\\Fonts\\TCM_____.TTF', name='Tw Cen MT', style='normal', variant='normal', weight=400, stretch='normal', size='scalable')) = 10.05
2023-08-08 11:34:21 [DEBUG]: findfont: score(FontEntry(fname='C:\\Windows\\Fonts\\calibrili.ttf', name='Calibri', style='italic', variant='normal', weight=300, stretch='normal', size='scalable')) = 11.145
2023-08-08 11:34:21 [DEBUG]: findfont: score(FontEntry(fname='C:\\WINDOWS\\Fonts\\BELLB.TTF', name='Bell MT', style='normal', variant='normal', weight=700, stretch='normal', size='scalable')) = 10.335
2023-08-08 11:34:21 [DEBUG]: findfont: score(FontEntry(fname='C:\\Windows\\Fonts\\COLONNA.TTF', name='Colonna MT', style='normal', variant='normal', weight=400, stretch='normal', size='scalable')) = 10.05
2023-08-08 11:34:21 [DEBUG]: findfont: score(FontEntry(fname='C:\\WINDOWS\\Fonts\\segoepr.ttf', name='Segoe Print', style='normal', variant='normal', weight=400, stretch='normal', size='scalable')) = 10.05
2023-08-08 11:34:21 [DEBUG]: findfont: score(FontEntry(fname='C:\\WINDOWS\\Fonts\\ELEPHNTI.TTF', name='Elephant', style='italic', variant='normal', weight=400, stretch='normal', size='scalable')) = 11.05
2023-08-08 11:34:21 [DEBUG]: findfont: score(FontEntry(fname='C:\\WINDOWS\\Fonts\\AGENCYR.TTF', name='Agency FB', style='normal', variant='normal', weight=400, stretch='normal', size='scalable')) = 10.05
2023-08-08 11:34:21 [DEBUG]: findfont: score(FontEntry(fname='C:\\WINDOWS\\Fonts\\corbell.ttf', name='Corbel', style='normal', variant='normal', weight=300, stretch='normal', size='scalable')) = 10.145
2023-08-08 11:34:21 [DEBUG]: findfont: score(FontEntry(fname='C:\\WINDOWS\\Fonts\\micross.ttf', name='Microsoft Sans Serif', style='normal', variant='normal', weight=400, stretch='normal', size='scalable')) = 10.05
2023-08-08 11:34:21 [DEBUG]: findfont: score(FontEntry(fname='C:\\Windows\\Fonts\\lucon.ttf', name='Lucida Console', style='normal', variant='normal', weight=400, stretch='normal', size='scalable')) = 10.05
2023-08-08 11:34:21 [DEBUG]: findfont: score(FontEntry(fname='C:\\Windows\\Fonts\\NumberOnly.ttf', name='NumberOnly', style='normal', variant='normal', weight=700, stretch='normal', size='scalable')) = 10.335
2023-08-08 11:34:21 [DEBUG]: findfont: score(FontEntry(fname='C:\\Windows\\Fonts\\PERB____.TTF', name='Perpetua', style='normal', variant='normal', weight=700, stretch='normal', size='scalable')) = 10.335
2023-08-08 11:34:21 [DEBUG]: findfont: score(FontEntry(fname='C:\\Windows\\Fonts\\calibriz.ttf', name='Calibri', style='italic', variant='normal', weight=700, stretch='normal', size='scalable')) = 11.335
2023-08-08 11:34:21 [DEBUG]: findfont: score(FontEntry(fname='C:\\WINDOWS\\Fonts\\CALIFR.TTF', name='Californian FB', style='normal', variant='normal', weight=400, stretch='normal', size='scalable')) = 10.05
2023-08-08 11:34:21 [DEBUG]: findfont: score(FontEntry(fname='C:\\Windows\\Fonts\\GOTHICB.TTF', name='Century Gothic', style='normal', variant='normal', weight=700, stretch='normal', size='scalable')) = 10.335
2023-08-08 11:34:21 [DEBUG]: findfont: score(FontEntry(fname='C:\\WINDOWS\\Fonts\\TEMPSITC.TTF', name='Tempus Sans ITC', style='normal', variant='normal', weight=400, stretch='normal', size='scalable')) = 10.05
2023-08-08 11:34:21 [DEBUG]: findfont: score(FontEntry(fname='C:\\WINDOWS\\Fonts\\LBRITE.TTF', name='Lucida Bright', style='normal', variant='normal', weight=400, stretch='normal', size='scalable')) = 10.05
2023-08-08 11:34:21 [DEBUG]: findfont: score(FontEntry(fname='C:\\WINDOWS\\Fonts\\TCBI____.TTF', name='Tw Cen MT', style='italic', variant='normal', weight=700, stretch='normal', size='scalable')) = 11.335
2023-08-08 11:34:21 [DEBUG]: findfont: score(FontEntry(fname='C:\\Windows\\Fonts\\GOUDYSTO.TTF', name='Goudy Stout', style='normal', variant='normal', weight=400, stretch='normal', size='scalable')) = 10.05
2023-08-08 11:34:21 [DEBUG]: findfont: score(FontEntry(fname='C:\\Windows\\Fonts\\ROCC____.TTF', name='Rockwell Condensed', style='normal', variant='normal', weight=400, stretch='condensed', size='scalable')) = 10.25
2023-08-08 11:34:21 [DEBUG]: findfont: score(FontEntry(fname='C:\\WINDOWS\\Fonts\\BOD_B.TTF', name='Bodoni MT', style='normal', variant='normal', weight=700, stretch='normal', size='scalable')) = 10.335
2023-08-08 11:34:21 [DEBUG]: findfont: score(FontEntry(fname='C:\\Windows\\Fonts\\Dengb.ttf', name='DengXian', style='normal', variant='normal', weight=700, stretch='normal', size='scalable')) = 10.335
2023-08-08 11:34:21 [DEBUG]: findfont: score(FontEntry(fname='C:\\Windows\\Fonts\\CENTAUR.TTF', name='Centaur', style='normal', variant='normal', weight=400, stretch='normal', size='scalable')) = 10.05
2023-08-08 11:34:21 [DEBUG]: findfont: score(FontEntry(fname='C:\\WINDOWS\\Fonts\\SCHLBKI.TTF', name='Century Schoolbook', style='italic', variant='normal', weight=400, stretch='normal', size='scalable')) = 11.05
2023-08-08 11:34:21 [DEBUG]: findfont: score(FontEntry(fname='C:\\Windows\\Fonts\\holomdl2.ttf', name='HoloLens MDL2 Assets', style='normal', variant='normal', weight=400, stretch='normal', size='scalable')) = 10.05
2023-08-08 11:34:21 [DEBUG]: findfont: score(FontEntry(fname='C:\\WINDOWS\\Fonts\\GILBI___.TTF', name='Gill Sans MT', style='italic', variant='normal', weight=700, stretch='normal', size='scalable')) = 11.335
2023-08-08 11:34:21 [DEBUG]: findfont: score(FontEntry(fname='C:\\WINDOWS\\Fonts\\TCMI____.TTF', name='Tw Cen MT', style='italic', variant='normal', weight=400, stretch='normal', size='scalable')) = 11.05
2023-08-08 11:34:21 [DEBUG]: findfont: score(FontEntry(fname='C:\\Windows\\Fonts\\ROCK.TTF', name='Rockwell', style='normal', variant='normal', weight=400, stretch='normal', size='scalable')) = 10.05
2023-08-08 11:34:21 [DEBUG]: findfont: score(FontEntry(fname='C:\\Windows\\Fonts\\VINERITC.TTF', name='Viner Hand ITC', style='normal', variant='normal', weight=400, stretch='normal', size='scalable')) = 10.05
2023-08-08 11:34:21 [DEBUG]: findfont: score(FontEntry(fname='C:\\WINDOWS\\Fonts\\WINGDNG3.TTF', name='Wingdings 3', style='normal', variant='normal', weight=400, stretch='normal', size='scalable')) = 10.05
2023-08-08 11:34:21 [DEBUG]: findfont: score(FontEntry(fname='C:\\Windows\\Fonts\\mvboli.ttf', name='MV Boli', style='normal', variant='normal', weight=400, stretch='normal', size='scalable')) = 10.05
2023-08-08 11:34:21 [DEBUG]: findfont: score(FontEntry(fname='C:\\Windows\\Fonts\\ARIALN.TTF', name='Arial', style='normal', variant='normal', weight=400, stretch='condensed', size='scalable')) = 0.25
2023-08-08 11:34:21 [DEBUG]: findfont: score(FontEntry(fname='C:\\Windows\\Fonts\\SitkaI.ttc', name='Sitka Small', style='italic', variant='normal', weight=400, stretch='normal', size='scalable')) = 11.05
2023-08-08 11:34:21 [DEBUG]: findfont: score(FontEntry(fname='C:\\Windows\\Fonts\\msgothic.ttc', name='MS Gothic', style='normal', variant='normal', weight=400, stretch='normal', size='scalable')) = 10.05
2023-08-08 11:34:21 [DEBUG]: findfont: score(FontEntry(fname='C:\\Windows\\Fonts\\COPRGTB.TTF', name='Copperplate Gothic Bold', style='normal', variant='normal', weight=400, stretch='normal', size='scalable')) = 10.05
2023-08-08 11:34:21 [DEBUG]: findfont: score(FontEntry(fname='C:\\Windows\\Fonts\\BELLI.TTF', name='Bell MT', style='italic', variant='normal', weight=400, stretch='normal', size='scalable')) = 11.05
2023-08-08 11:34:21 [DEBUG]: findfont: score(FontEntry(fname='C:\\WINDOWS\\Fonts\\LSANSI.TTF', name='Lucida Sans', style='italic', variant='normal', weight=400, stretch='normal', size='scalable')) = 11.05
2023-08-08 11:34:21 [DEBUG]: findfont: score(FontEntry(fname='C:\\WINDOWS\\Fonts\\PRISTINA.TTF', name='Pristina', style='normal', variant='normal', weight=400, stretch='normal', size='scalable')) = 10.05
2023-08-08 11:34:21 [DEBUG]: findfont: score(FontEntry(fname='C:\\Windows\\Fonts\\CALISTB.TTF', name='Calisto MT', style='normal', variant='normal', weight=700, stretch='normal', size='scalable')) = 10.335
2023-08-08 11:34:21 [DEBUG]: findfont: score(FontEntry(fname='C:\\WINDOWS\\Fonts\\BOD_CR.TTF', name='Bodoni MT', style='normal', variant='normal', weight=400, stretch='condensed', size='scalable')) = 10.25
2023-08-08 11:34:21 [DEBUG]: findfont: score(FontEntry(fname='C:\\WINDOWS\\Fonts\\msyhbd.ttc', name='Microsoft YaHei', style='normal', variant='normal', weight=700, stretch='normal', size='scalable')) = 10.335
2023-08-08 11:34:21 [DEBUG]: findfont: score(FontEntry(fname='C:\\WINDOWS\\Fonts\\FORTE.TTF', name='Forte', style='normal', variant='normal', weight=400, stretch='normal', size='scalable')) = 10.05
2023-08-08 11:34:21 [DEBUG]: findfont: score(FontEntry(fname='C:\\Windows\\Fonts\\HATTEN.TTF', name='Haettenschweiler', style='normal', variant='normal', weight=400, stretch='normal', size='scalable')) = 10.05
2023-08-08 11:34:21 [DEBUG]: findfont: score(FontEntry(fname='C:\\WINDOWS\\Fonts\\COOPBL.TTF', name='Cooper Black', style='normal', variant='normal', weight=400, stretch='normal', size='scalable')) = 10.05
2023-08-08 11:34:21 [DEBUG]: findfont: score(FontEntry(fname='C:\\Windows\\Fonts\\seguisym.ttf', name='Segoe UI Symbol', style='normal', variant='normal', weight=400, stretch='normal', size='scalable')) = 10.05
2023-08-08 11:34:21 [DEBUG]: findfont: score(FontEntry(fname='C:\\Windows\\Fonts\\GOTHICBI.TTF', name='Century Gothic', style='italic', variant='normal', weight=700, stretch='normal', size='scalable')) = 11.335
2023-08-08 11:34:21 [DEBUG]: findfont: score(FontEntry(fname='C:\\WINDOWS\\Fonts\\BOOKOSI.TTF', name='Bookman Old Style', style='italic', variant='normal', weight=300, stretch='normal', size='scalable')) = 11.145
2023-08-08 11:34:21 [DEBUG]: findfont: score(FontEntry(fname='C:\\WINDOWS\\Fonts\\phagspab.ttf', name='Microsoft PhagsPa', style='normal', variant='normal', weight=700, stretch='normal', size='scalable')) = 10.335
2023-08-08 11:34:21 [DEBUG]: findfont: score(FontEntry(fname='C:\\Windows\\Fonts\\FRAHV.TTF', name='Franklin Gothic Heavy', style='normal', variant='normal', weight=400, stretch='normal', size='scalable')) = 10.05
2023-08-08 11:34:21 [DEBUG]: findfont: score(FontEntry(fname='C:\\WINDOWS\\Fonts\\HTOWERT.TTF', name='High Tower Text', style='normal', variant='normal', weight=400, stretch='normal', size='scalable')) = 10.05
2023-08-08 11:34:21 [DEBUG]: findfont: score(FontEntry(fname='C:\\Windows\\Fonts\\BOD_I.TTF', name='Bodoni MT', style='italic', variant='normal', weight=400, stretch='normal', size='scalable')) = 11.05
2023-08-08 11:34:21 [DEBUG]: findfont: score(FontEntry(fname='C:\\WINDOWS\\Fonts\\BOOKOS.TTF', name='Bookman Old Style', style='normal', variant='normal', weight=300, stretch='normal', size='scalable')) = 10.145
2023-08-08 11:34:21 [DEBUG]: findfont: score(FontEntry(fname='C:\\WINDOWS\\Fonts\\OCRAEXT.TTF', name='OCR A Extended', style='normal', variant='normal', weight=400, stretch='expanded', size='scalable')) = 10.25
2023-08-08 11:34:21 [DEBUG]: findfont: score(FontEntry(fname='C:\\WINDOWS\\Fonts\\calibri.ttf', name='Calibri', style='normal', variant='normal', weight=400, stretch='normal', size='scalable')) = 10.05
2023-08-08 11:34:21 [DEBUG]: findfont: score(FontEntry(fname='C:\\Windows\\Fonts\\timesbd.ttf', name='Times New Roman', style='normal', variant='normal', weight=700, stretch='normal', size='scalable')) = 10.335
2023-08-08 11:34:21 [DEBUG]: findfont: score(FontEntry(fname='C:\\Windows\\Fonts\\GILBI___.TTF', name='Gill Sans MT', style='italic', variant='normal', weight=700, stretch='normal', size='scalable')) = 11.335
2023-08-08 11:34:21 [DEBUG]: findfont: score(FontEntry(fname='C:\\WINDOWS\\Fonts\\taile.ttf', name='Microsoft Tai Le', style='normal', variant='normal', weight=400, stretch='normal', size='scalable')) = 10.05
2023-08-08 11:34:21 [DEBUG]: findfont: score(FontEntry(fname='C:\\WINDOWS\\Fonts\\STCAIYUN.TTF', name='STCaiyun', style='normal', variant='normal', weight=400, stretch='normal', size='scalable')) = 10.05
2023-08-08 11:34:21 [DEBUG]: findfont: score(FontEntry(fname='C:\\Windows\\Fonts\\palabi.ttf', name='Palatino Linotype', style='italic', variant='normal', weight=700, stretch='normal', size='scalable')) = 11.335
2023-08-08 11:34:21 [DEBUG]: findfont: score(FontEntry(fname='C:\\Windows\\Fonts\\BOD_BLAI.TTF', name='Bodoni MT', style='italic', variant='normal', weight=900, stretch='normal', size='scalable')) = 11.525
2023-08-08 11:34:21 [DEBUG]: findfont: score(FontEntry(fname='C:\\Windows\\Fonts\\BELLB.TTF', name='Bell MT', style='normal', variant='normal', weight=700, stretch='normal', size='scalable')) = 10.335
2023-08-08 11:34:21 [DEBUG]: findfont: score(FontEntry(fname='C:\\WINDOWS\\Fonts\\msyh.ttc', name='Microsoft YaHei', style='normal', variant='normal', weight=400, stretch='normal', size='scalable')) = 10.05
2023-08-08 11:34:21 [DEBUG]: findfont: score(FontEntry(fname='C:\\WINDOWS\\Fonts\\msyhl.ttc', name='Microsoft YaHei', style='normal', variant='normal', weight=290, stretch='normal', size='scalable')) = 10.1545
2023-08-08 11:34:21 [DEBUG]: findfont: score(FontEntry(fname='C:\\WINDOWS\\Fonts\\PERTILI.TTF', name='Perpetua Titling MT', style='normal', variant='normal', weight=300, stretch='normal', size='scalable')) = 10.145
2023-08-08 11:34:21 [DEBUG]: findfont: score(FontEntry(fname='C:\\WINDOWS\\Fonts\\SitkaZ.ttc', name='Sitka Small', style='italic', variant='normal', weight=700, stretch='normal', size='scalable')) = 11.335
2023-08-08 11:34:21 [DEBUG]: findfont: score(FontEntry(fname='C:\\WINDOWS\\Fonts\\timesbi.ttf', name='Times New Roman', style='italic', variant='normal', weight=700, stretch='normal', size='scalable')) = 11.335
2023-08-08 11:34:21 [DEBUG]: findfont: score(FontEntry(fname='C:\\Windows\\Fonts\\TCMI____.TTF', name='Tw Cen MT', style='italic', variant='normal', weight=400, stretch='normal', size='scalable')) = 11.05
2023-08-08 11:34:21 [DEBUG]: findfont: score(FontEntry(fname='C:\\Windows\\Fonts\\SitkaB.ttc', name='Sitka Small', style='normal', variant='normal', weight=700, stretch='normal', size='scalable')) = 10.335
2023-08-08 11:34:21 [DEBUG]: findfont: score(FontEntry(fname='C:\\Windows\\Fonts\\STENCIL.TTF', name='Stencil', style='normal', variant='normal', weight=400, stretch='normal', size='scalable')) = 10.05
2023-08-08 11:34:21 [DEBUG]: findfont: score(FontEntry(fname='C:\\Windows\\Fonts\\Candarab.ttf', name='Candara', style='normal', variant='normal', weight=700, stretch='normal', size='scalable')) = 10.335
2023-08-08 11:34:21 [DEBUG]: findfont: score(FontEntry(fname='C:\\WINDOWS\\Fonts\\ARIALNI.TTF', name='Arial', style='italic', variant='normal', weight=400, stretch='condensed', size='scalable')) = 1.25
2023-08-08 11:34:21 [DEBUG]: findfont: score(FontEntry(fname='C:\\WINDOWS\\Fonts\\constani.ttf', name='Constantia', style='italic', variant='normal', weight=400, stretch='normal', size='scalable')) = 11.05
2023-08-08 11:34:21 [DEBUG]: findfont: score(FontEntry(fname='C:\\WINDOWS\\Fonts\\GOUDOSB.TTF', name='Goudy Old Style', style='normal', variant='normal', weight=700, stretch='normal', size='scalable')) = 10.335
2023-08-08 11:34:21 [DEBUG]: findfont: score(FontEntry(fname='C:\\Windows\\Fonts\\GARABD.TTF', name='Garamond', style='normal', variant='normal', weight=700, stretch='normal', size='scalable')) = 10.335
2023-08-08 11:34:21 [DEBUG]: findfont: score(FontEntry(fname='C:\\Windows\\Fonts\\PERTILI.TTF', name='Perpetua Titling MT', style='normal', variant='normal', weight=300, stretch='normal', size='scalable')) = 10.145
2023-08-08 11:34:21 [DEBUG]: findfont: score(FontEntry(fname='C:\\Windows\\Fonts\\Candaral.ttf', name='Candara', style='normal', variant='normal', weight=400, stretch='normal', size='scalable')) = 10.05
2023-08-08 11:34:21 [DEBUG]: findfont: score(FontEntry(fname='C:\\Windows\\Fonts\\CALIFB.TTF', name='Californian FB', style='normal', variant='normal', weight=700, stretch='normal', size='scalable')) = 10.335
2023-08-08 11:34:21 [DEBUG]: findfont: score(FontEntry(fname='C:\\Windows\\Fonts\\PAPYRUS.TTF', name='Papyrus', style='normal', variant='normal', weight=400, stretch='normal', size='scalable')) = 10.05
2023-08-08 11:34:21 [DEBUG]: findfont: score(FontEntry(fname='C:\\Windows\\Fonts\\consolai.ttf', name='Consolas', style='italic', variant='normal', weight=400, stretch='normal', size='scalable')) = 11.05
2023-08-08 11:34:21 [DEBUG]: findfont: score(FontEntry(fname='C:\\WINDOWS\\Fonts\\COPRGTL.TTF', name='Copperplate Gothic Light', style='normal', variant='normal', weight=400, stretch='normal', size='scalable')) = 10.05
2023-08-08 11:34:21 [DEBUG]: findfont: score(FontEntry(fname='C:\\WINDOWS\\Fonts\\LEELAWDB.TTF', name='Leelawadee', style='normal', variant='normal', weight=700, stretch='normal', size='scalable')) = 10.335
2023-08-08 11:34:21 [DEBUG]: findfont: score(FontEntry(fname='C:\\Windows\\Fonts\\verdanai.ttf', name='Verdana', style='italic', variant='normal', weight=400, stretch='normal', size='scalable')) = 11.05
2023-08-08 11:34:21 [DEBUG]: findfont: score(FontEntry(fname='C:\\Windows\\Fonts\\YuGothR.ttc', name='Yu Gothic', style='normal', variant='normal', weight=400, stretch='normal', size='scalable')) = 10.05
2023-08-08 11:34:21 [DEBUG]: findfont: score(FontEntry(fname='C:\\WINDOWS\\Fonts\\RAGE.TTF', name='Rage Italic', style='italic', variant='normal', weight=400, stretch='normal', size='scalable')) = 11.05
2023-08-08 11:34:21 [DEBUG]: findfont: score(FontEntry(fname='C:\\Windows\\Fonts\\BOD_CBI.TTF', name='Bodoni MT', style='italic', variant='normal', weight=700, stretch='condensed', size='scalable')) = 11.535
2023-08-08 11:34:21 [DEBUG]: findfont: score(FontEntry(fname='C:\\Windows\\Fonts\\TCBI____.TTF', name='Tw Cen MT', style='italic', variant='normal', weight=700, stretch='normal', size='scalable')) = 11.335
2023-08-08 11:34:21 [DEBUG]: findfont: score(FontEntry(fname='C:\\WINDOWS\\Fonts\\simsunb.ttf', name='SimSun-ExtB', style='normal', variant='normal', weight=400, stretch='normal', size='scalable')) = 10.05
2023-08-08 11:34:21 [DEBUG]: findfont: score(FontEntry(fname='C:\\Windows\\Fonts\\courbi.ttf', name='Courier New', style='italic', variant='normal', weight=700, stretch='normal', size='scalable')) = 11.335
2023-08-08 11:34:21 [DEBUG]: findfont: score(FontEntry(fname='C:\\WINDOWS\\Fonts\\constanz.ttf', name='Constantia', style='italic', variant='normal', weight=700, stretch='normal', size='scalable')) = 11.335
2023-08-08 11:34:21 [DEBUG]: findfont: score(FontEntry(fname='C:\\WINDOWS\\Fonts\\LEELAWAD.TTF', name='Leelawadee', style='normal', variant='normal', weight=400, stretch='normal', size='scalable')) = 10.05
2023-08-08 11:34:21 [DEBUG]: findfont: score(FontEntry(fname='C:\\WINDOWS\\Fonts\\BOD_BI.TTF', name='Bodoni MT', style='italic', variant='normal', weight=700, stretch='normal', size='scalable')) = 11.335
2023-08-08 11:34:21 [DEBUG]: findfont: score(FontEntry(fname='C:\\Windows\\Fonts\\ALGER.TTF', name='Algerian', style='normal', variant='normal', weight=400, stretch='normal', size='scalable')) = 10.05
2023-08-08 11:34:21 [DEBUG]: findfont: score(FontEntry(fname='C:\\WINDOWS\\Fonts\\SCRIPTBL.TTF', name='Script MT Bold', style='normal', variant='normal', weight=700, stretch='normal', size='scalable')) = 10.335
2023-08-08 11:34:21 [DEBUG]: findfont: score(FontEntry(fname='C:\\Windows\\Fonts\\couri.ttf', name='Courier New', style='italic', variant='normal', weight=400, stretch='normal', size='scalable')) = 11.05
2023-08-08 11:34:21 [DEBUG]: findfont: score(FontEntry(fname='C:\\Windows\\Fonts\\tahomabd.ttf', name='Tahoma', style='normal', variant='normal', weight=700, stretch='normal', size='scalable')) = 10.335
2023-08-08 11:34:21 [DEBUG]: findfont: score(FontEntry(fname='C:\\Windows\\Fonts\\cambria.ttc', name='Cambria', style='normal', variant='normal', weight=400, stretch='normal', size='scalable')) = 10.05
2023-08-08 11:34:21 [DEBUG]: findfont: score(FontEntry(fname='C:\\WINDOWS\\Fonts\\Nirmala.ttf', name='Nirmala UI', style='normal', variant='normal', weight=400, stretch='normal', size='scalable')) = 10.05
2023-08-08 11:34:21 [DEBUG]: findfont: score(FontEntry(fname='C:\\WINDOWS\\Fonts\\BERNHC.TTF', name='Bernard MT Condensed', style='normal', variant='normal', weight=400, stretch='condensed', size='scalable')) = 10.25
2023-08-08 11:34:21 [DEBUG]: findfont: score(FontEntry(fname='C:\\Windows\\Fonts\\REFSAN.TTF', name='MS Reference Sans Serif', style='normal', variant='normal', weight=400, stretch='normal', size='scalable')) = 10.05
2023-08-08 11:34:21 [DEBUG]: findfont: score(FontEntry(fname='C:\\WINDOWS\\Fonts\\STLITI.TTF', name='STLiti', style='normal', variant='normal', weight=400, stretch='normal', size='scalable')) = 10.05
2023-08-08 11:34:21 [DEBUG]: findfont: score(FontEntry(fname='C:\\WINDOWS\\Fonts\\Inkfree.ttf', name='Ink Free', style='normal', variant='normal', weight=400, stretch='normal', size='scalable')) = 10.05
2023-08-08 11:34:21 [DEBUG]: findfont: score(FontEntry(fname='C:\\WINDOWS\\Fonts\\mingliub.ttc', name='MingLiU-ExtB', style='normal', variant='normal', weight=400, stretch='normal', size='scalable')) = 10.05
2023-08-08 11:34:21 [DEBUG]: findfont: score(FontEntry(fname='C:\\Windows\\Fonts\\ARIALNI.TTF', name='Arial', style='italic', variant='normal', weight=400, stretch='condensed', size='scalable')) = 1.25
2023-08-08 11:34:21 [DEBUG]: findfont: score(FontEntry(fname='C:\\Windows\\Fonts\\GILB____.TTF', name='Gill Sans MT', style='normal', variant='normal', weight=700, stretch='normal', size='scalable')) = 10.335
2023-08-08 11:34:21 [DEBUG]: findfont: score(FontEntry(fname='C:\\Windows\\Fonts\\georgiaz.ttf', name='Georgia', style='italic', variant='normal', weight=700, stretch='normal', size='scalable')) = 11.335
2023-08-08 11:34:21 [DEBUG]: findfont: score(FontEntry(fname='C:\\WINDOWS\\Fonts\\SNAP____.TTF', name='Snap ITC', style='normal', variant='normal', weight=400, stretch='normal', size='scalable')) = 10.05
2023-08-08 11:34:21 [DEBUG]: findfont: score(FontEntry(fname='C:\\Windows\\Fonts\\POORICH.TTF', name='Poor Richard', style='normal', variant='normal', weight=400, stretch='normal', size='scalable')) = 10.05
2023-08-08 11:34:21 [DEBUG]: findfont: score(FontEntry(fname='C:\\Windows\\Fonts\\GOUDOSB.TTF', name='Goudy Old Style', style='normal', variant='normal', weight=700, stretch='normal', size='scalable')) = 10.335
2023-08-08 11:34:21 [DEBUG]: findfont: score(FontEntry(fname='C:\\WINDOWS\\Fonts\\tahoma.ttf', name='Tahoma', style='normal', variant='normal', weight=400, stretch='normal', size='scalable')) = 10.05
2023-08-08 11:34:21 [DEBUG]: findfont: score(FontEntry(fname='C:\\Windows\\Fonts\\webdings.ttf', name='Webdings', style='normal', variant='normal', weight=400, stretch='normal', size='scalable')) = 10.05
2023-08-08 11:34:21 [DEBUG]: findfont: score(FontEntry(fname='C:\\WINDOWS\\Fonts\\BOD_CBI.TTF', name='Bodoni MT', style='italic', variant='normal', weight=700, stretch='condensed', size='scalable')) = 11.535
2023-08-08 11:34:21 [DEBUG]: findfont: score(FontEntry(fname='C:\\Windows\\Fonts\\RAGE.TTF', name='Rage Italic', style='italic', variant='normal', weight=400, stretch='normal', size='scalable')) = 11.05
2023-08-08 11:34:21 [DEBUG]: findfont: score(FontEntry(fname='C:\\Windows\\Fonts\\LFAX.TTF', name='Lucida Fax', style='normal', variant='normal', weight=400, stretch='normal', size='scalable')) = 10.05
2023-08-08 11:34:21 [DEBUG]: findfont: score(FontEntry(fname='C:\\Windows\\Fonts\\simsun.ttc', name='SimSun', style='normal', variant='normal', weight=400, stretch='normal', size='scalable')) = 10.05
2023-08-08 11:34:21 [DEBUG]: findfont: score(FontEntry(fname='C:\\Windows\\Fonts\\STKAITI.TTF', name='STKaiti', style='normal', variant='normal', weight=400, stretch='normal', size='scalable')) = 10.05
2023-08-08 11:34:21 [DEBUG]: findfont: score(FontEntry(fname='C:\\Windows\\Fonts\\LTYPEBO.TTF', name='Lucida Sans Typewriter', style='oblique', variant='normal', weight=600, stretch='normal', size='scalable')) = 11.24
2023-08-08 11:34:21 [DEBUG]: findfont: score(FontEntry(fname='C:\\Windows\\Fonts\\PLAYBILL.TTF', name='Playbill', style='normal', variant='normal', weight=400, stretch='normal', size='scalable')) = 10.05
2023-08-08 11:34:21 [DEBUG]: findfont: score(FontEntry(fname='C:\\WINDOWS\\Fonts\\consolaz.ttf', name='Consolas', style='italic', variant='normal', weight=700, stretch='normal', size='scalable')) = 11.335
2023-08-08 11:34:21 [DEBUG]: findfont: score(FontEntry(fname='C:\\Windows\\Fonts\\ERASMD.TTF', name='Eras Medium ITC', style='normal', variant='normal', weight=400, stretch='normal', size='scalable')) = 10.05
2023-08-08 11:34:21 [DEBUG]: findfont: score(FontEntry(fname='C:\\WINDOWS\\Fonts\\PERTIBD.TTF', name='Perpetua Titling MT', style='normal', variant='normal', weight=700, stretch='normal', size='scalable')) = 10.335
2023-08-08 11:34:21 [DEBUG]: findfont: score(FontEntry(fname='C:\\WINDOWS\\Fonts\\BRITANIC.TTF', name='Britannic Bold', style='normal', variant='normal', weight=400, stretch='normal', size='scalable')) = 10.05
2023-08-08 11:34:21 [DEBUG]: findfont: score(FontEntry(fname='C:\\Windows\\Fonts\\ANTQUAB.TTF', name='Book Antiqua', style='normal', variant='normal', weight=700, stretch='normal', size='scalable')) = 10.335
2023-08-08 11:34:21 [DEBUG]: findfont: score(FontEntry(fname='C:\\WINDOWS\\Fonts\\himalaya.ttf', name='Microsoft Himalaya', style='normal', variant='normal', weight=400, stretch='normal', size='scalable')) = 10.05
2023-08-08 11:34:21 [DEBUG]: findfont: score(FontEntry(fname='C:\\WINDOWS\\Fonts\\seguisbi.ttf', name='Segoe UI', style='italic', variant='normal', weight=600, stretch='normal', size='scalable')) = 11.24
2023-08-08 11:34:21 [DEBUG]: findfont: score(FontEntry(fname='C:\\Windows\\Fonts\\GILC____.TTF', name='Gill Sans MT Condensed', style='normal', variant='normal', weight=400, stretch='condensed', size='scalable')) = 10.25
2023-08-08 11:34:21 [DEBUG]: findfont: score(FontEntry(fname='C:\\Windows\\Fonts\\LBRITEI.TTF', name='Lucida Bright', style='italic', variant='normal', weight=400, stretch='normal', size='scalable')) = 11.05
2023-08-08 11:34:21 [DEBUG]: findfont: score(FontEntry(fname='C:\\WINDOWS\\Fonts\\corbel.ttf', name='Corbel', style='normal', variant='normal', weight=400, stretch='normal', size='scalable')) = 10.05
2023-08-08 11:34:21 [DEBUG]: findfont: score(FontEntry(fname='C:\\WINDOWS\\Fonts\\REFSAN.TTF', name='MS Reference Sans Serif', style='normal', variant='normal', weight=400, stretch='normal', size='scalable')) = 10.05
2023-08-08 11:34:21 [DEBUG]: findfont: score(FontEntry(fname='C:\\WINDOWS\\Fonts\\palabi.ttf', name='Palatino Linotype', style='italic', variant='normal', weight=700, stretch='normal', size='scalable')) = 11.335
2023-08-08 11:34:21 [DEBUG]: findfont: score(FontEntry(fname='C:\\Windows\\Fonts\\CENTURY.TTF', name='Century', style='normal', variant='normal', weight=400, stretch='normal', size='scalable')) = 10.05
2023-08-08 11:34:21 [DEBUG]: findfont: score(FontEntry(fname='C:\\WINDOWS\\Fonts\\seguibl.ttf', name='Segoe UI', style='normal', variant='normal', weight=900, stretch='normal', size='scalable')) = 10.525
2023-08-08 11:34:21 [DEBUG]: findfont: score(FontEntry(fname='C:\\Windows\\Fonts\\bahnschrift.ttf', name='Bahnschrift', style='normal', variant='normal', weight=400, stretch='normal', size='scalable')) = 10.05
2023-08-08 11:34:21 [DEBUG]: findfont: score(FontEntry(fname='C:\\Windows\\Fonts\\LTYPE.TTF', name='Lucida Sans Typewriter', style='normal', variant='normal', weight=400, stretch='normal', size='scalable')) = 10.05
2023-08-08 11:34:21 [DEBUG]: findfont: score(FontEntry(fname='C:\\Windows\\Fonts\\ARIALNBI.TTF', name='Arial', style='italic', variant='normal', weight=700, stretch='condensed', size='scalable')) = 1.535
2023-08-08 11:34:21 [DEBUG]: findfont: score(FontEntry(fname='C:\\WINDOWS\\Fonts\\BAUHS93.TTF', name='Bauhaus 93', style='normal', variant='normal', weight=400, stretch='normal', size='scalable')) = 10.05
2023-08-08 11:34:21 [DEBUG]: findfont: score(FontEntry(fname='C:\\Windows\\Fonts\\seguibli.ttf', name='Segoe UI', style='italic', variant='normal', weight=900, stretch='normal', size='scalable')) = 11.525
2023-08-08 11:34:21 [DEBUG]: findfont: score(FontEntry(fname='C:\\WINDOWS\\Fonts\\ebrima.ttf', name='Ebrima', style='normal', variant='normal', weight=400, stretch='normal', size='scalable')) = 10.05
2023-08-08 11:34:21 [DEBUG]: findfont: score(FontEntry(fname='C:\\Windows\\Fonts\\PERBI___.TTF', name='Perpetua', style='italic', variant='normal', weight=700, stretch='normal', size='scalable')) = 11.335
2023-08-08 11:34:21 [DEBUG]: findfont: score(FontEntry(fname='C:\\WINDOWS\\Fonts\\calibrili.ttf', name='Calibri', style='italic', variant='normal', weight=300, stretch='normal', size='scalable')) = 11.145
2023-08-08 11:34:21 [DEBUG]: findfont: score(FontEntry(fname='C:\\Windows\\Fonts\\segoeuisl.ttf', name='Segoe UI', style='normal', variant='normal', weight=350, stretch='normal', size='scalable')) = 10.0975
2023-08-08 11:34:21 [DEBUG]: findfont: score(FontEntry(fname='C:\\WINDOWS\\Fonts\\STXINGKA.TTF', name='STXingkai', style='normal', variant='normal', weight=400, stretch='normal', size='scalable')) = 10.05
2023-08-08 11:34:21 [DEBUG]: findfont: score(FontEntry(fname='C:\\Windows\\Fonts\\KUNSTLER.TTF', name='Kunstler Script', style='normal', variant='normal', weight=400, stretch='normal', size='scalable')) = 10.05
2023-08-08 11:34:21 [DEBUG]: findfont: score(FontEntry(fname='C:\\WINDOWS\\Fonts\\YuGothL.ttc', name='Yu Gothic', style='normal', variant='normal', weight=300, stretch='normal', size='scalable')) = 10.145
2023-08-08 11:34:21 [DEBUG]: findfont: score(FontEntry(fname='C:\\Windows\\Fonts\\ELEPHNT.TTF', name='Elephant', style='normal', variant='normal', weight=400, stretch='normal', size='scalable')) = 10.05
2023-08-08 11:34:21 [DEBUG]: findfont: score(FontEntry(fname='C:\\Windows\\Fonts\\VIVALDII.TTF', name='Vivaldi', style='italic', variant='normal', weight=400, stretch='normal', size='scalable')) = 11.05
2023-08-08 11:34:21 [DEBUG]: findfont: score(FontEntry(fname='C:\\WINDOWS\\Fonts\\STENCIL.TTF', name='Stencil', style='normal', variant='normal', weight=400, stretch='normal', size='scalable')) = 10.05
2023-08-08 11:34:21 [DEBUG]: findfont: score(FontEntry(fname='C:\\Windows\\Fonts\\FRAMDCN.TTF', name='Franklin Gothic Medium Cond', style='normal', variant='normal', weight=400, stretch='condensed', size='scalable')) = 10.25
2023-08-08 11:34:21 [DEBUG]: findfont: score(FontEntry(fname='C:\\WINDOWS\\Fonts\\segoeuib.ttf', name='Segoe UI', style='normal', variant='normal', weight=700, stretch='normal', size='scalable')) = 10.335
2023-08-08 11:34:21 [DEBUG]: findfont: score(FontEntry(fname='C:\\Windows\\Fonts\\cour.ttf', name='Courier New', style='normal', variant='normal', weight=400, stretch='normal', size='scalable')) = 10.05
2023-08-08 11:34:21 [DEBUG]: findfont: score(FontEntry(fname='C:\\WINDOWS\\Fonts\\LTYPEBO.TTF', name='Lucida Sans Typewriter', style='oblique', variant='normal', weight=600, stretch='normal', size='scalable')) = 11.24
2023-08-08 11:34:21 [DEBUG]: findfont: score(FontEntry(fname='C:\\WINDOWS\\Fonts\\Deng.ttf', name='DengXian', style='normal', variant='normal', weight=400, stretch='normal', size='scalable')) = 10.05
2023-08-08 11:34:21 [DEBUG]: findfont: score(FontEntry(fname='C:\\Windows\\Fonts\\CALISTBI.TTF', name='Calisto MT', style='italic', variant='normal', weight=700, stretch='normal', size='scalable')) = 11.335
2023-08-08 11:34:21 [DEBUG]: findfont: score(FontEntry(fname='C:\\Windows\\Fonts\\COPRGTL.TTF', name='Copperplate Gothic Light', style='normal', variant='normal', weight=400, stretch='normal', size='scalable')) = 10.05
2023-08-08 11:34:21 [DEBUG]: findfont: score(FontEntry(fname='C:\\WINDOWS\\Fonts\\BOOKOSB.TTF', name='Bookman Old Style', style='normal', variant='normal', weight=600, stretch='normal', size='scalable')) = 10.24
2023-08-08 11:34:21 [DEBUG]: findfont: score(FontEntry(fname='C:\\Windows\\Fonts\\segoeuii.ttf', name='Segoe UI', style='italic', variant='normal', weight=400, stretch='normal', size='scalable')) = 11.05
2023-08-08 11:34:21 [DEBUG]: findfont: score(FontEntry(fname='C:\\WINDOWS\\Fonts\\DUBAI-REGULAR.TTF', name='Dubai', style='normal', variant='normal', weight=400, stretch='normal', size='scalable')) = 10.05
2023-08-08 11:34:21 [DEBUG]: findfont: score(FontEntry(fname='C:\\Windows\\Fonts\\BRUSHSCI.TTF', name='Brush Script MT', style='italic', variant='normal', weight=400, stretch='normal', size='scalable')) = 11.05
2023-08-08 11:34:21 [DEBUG]: findfont: score(FontEntry(fname='C:\\Windows\\Fonts\\WINGDNG2.TTF', name='Wingdings 2', style='normal', variant='normal', weight=400, stretch='normal', size='scalable')) = 10.05
2023-08-08 11:34:21 [DEBUG]: findfont: score(FontEntry(fname='C:\\Windows\\Fonts\\trebucbd.ttf', name='Trebuchet MS', style='normal', variant='normal', weight=700, stretch='normal', size='scalable')) = 10.335
2023-08-08 11:34:21 [DEBUG]: findfont: score(FontEntry(fname='C:\\WINDOWS\\Fonts\\seguisli.ttf', name='Segoe UI', style='italic', variant='normal', weight=350, stretch='normal', size='scalable')) = 11.0975
2023-08-08 11:34:21 [DEBUG]: findfont: score(FontEntry(fname='C:\\WINDOWS\\Fonts\\SCHLBKBI.TTF', name='Century Schoolbook', style='italic', variant='normal', weight=700, stretch='normal', size='scalable')) = 11.335
2023-08-08 11:34:21 [DEBUG]: findfont: score(FontEntry(fname='C:\\WINDOWS\\Fonts\\CENTAUR.TTF', name='Centaur', style='normal', variant='normal', weight=400, stretch='normal', size='scalable')) = 10.05
2023-08-08 11:34:21 [DEBUG]: findfont: score(FontEntry(fname='C:\\Windows\\Fonts\\LEELAWAD.TTF', name='Leelawadee', style='normal', variant='normal', weight=400, stretch='normal', size='scalable')) = 10.05
2023-08-08 11:34:21 [DEBUG]: findfont: score(FontEntry(fname='C:\\WINDOWS\\Fonts\\sylfaen.ttf', name='Sylfaen', style='normal', variant='normal', weight=400, stretch='normal', size='scalable')) = 10.05
2023-08-08 11:34:21 [DEBUG]: findfont: score(FontEntry(fname='C:\\WINDOWS\\Fonts\\LBRITED.TTF', name='Lucida Bright', style='normal', variant='normal', weight=600, stretch='normal', size='scalable')) = 10.24
2023-08-08 11:34:21 [DEBUG]: findfont: score(FontEntry(fname='C:\\WINDOWS\\Fonts\\DUBAI-BOLD.TTF', name='Dubai', style='normal', variant='normal', weight=700, stretch='normal', size='scalable')) = 10.335
2023-08-08 11:34:21 [DEBUG]: findfont: score(FontEntry(fname='C:\\WINDOWS\\Fonts\\LeelawUI.ttf', name='Leelawadee UI', style='normal', variant='normal', weight=400, stretch='normal', size='scalable')) = 10.05
2023-08-08 11:34:21 [DEBUG]: findfont: score(FontEntry(fname='C:\\WINDOWS\\Fonts\\l_10646.ttf', name='Lucida Sans Unicode', style='normal', variant='normal', weight=400, stretch='normal', size='scalable')) = 10.05
2023-08-08 11:34:21 [DEBUG]: findfont: score(FontEntry(fname='C:\\WINDOWS\\Fonts\\verdanaz.ttf', name='Verdana', style='italic', variant='normal', weight=700, stretch='normal', size='scalable')) = 11.335
2023-08-08 11:34:21 [DEBUG]: findfont: score(FontEntry(fname='C:\\Windows\\Fonts\\LeelUIsl.ttf', name='Leelawadee UI', style='normal', variant='normal', weight=350, stretch='normal', size='scalable')) = 10.0975
2023-08-08 11:34:21 [DEBUG]: findfont: score(FontEntry(fname='C:\\WINDOWS\\Fonts\\FRADMIT.TTF', name='Franklin Gothic Demi', style='italic', variant='normal', weight=400, stretch='normal', size='scalable')) = 11.05
2023-08-08 11:34:21 [DEBUG]: findfont: score(FontEntry(fname='C:\\WINDOWS\\Fonts\\CALIST.TTF', name='Calisto MT', style='normal', variant='normal', weight=400, stretch='normal', size='scalable')) = 10.05
2023-08-08 11:34:21 [DEBUG]: findfont: score(FontEntry(fname='C:\\Windows\\Fonts\\STXIHEI.TTF', name='STXihei', style='normal', variant='normal', weight=400, stretch='normal', size='scalable')) = 10.05
2023-08-08 11:34:21 [DEBUG]: findfont: score(FontEntry(fname='C:\\Windows\\Fonts\\LATINWD.TTF', name='Wide Latin', style='normal', variant='normal', weight=400, stretch='expanded', size='scalable')) = 10.25
2023-08-08 11:34:21 [DEBUG]: findfont: score(FontEntry(fname='C:\\WINDOWS\\Fonts\\msjh.ttc', name='Microsoft JhengHei', style='normal', variant='normal', weight=400, stretch='normal', size='scalable')) = 10.05
2023-08-08 11:34:21 [DEBUG]: findfont: score(FontEntry(fname='C:\\WINDOWS\\Fonts\\GIGI.TTF', name='Gigi', style='normal', variant='normal', weight=400, stretch='normal', size='scalable')) = 10.05
2023-08-08 11:34:21 [DEBUG]: findfont: score(FontEntry(fname='C:\\WINDOWS\\Fonts\\cour.ttf', name='Courier New', style='normal', variant='normal', weight=400, stretch='normal', size='scalable')) = 10.05
2023-08-08 11:34:21 [DEBUG]: findfont: score(FontEntry(fname='C:\\WINDOWS\\Fonts\\corbelb.ttf', name='Corbel', style='normal', variant='normal', weight=700, stretch='normal', size='scalable')) = 10.335
2023-08-08 11:34:21 [DEBUG]: findfont: score(FontEntry(fname='C:\\WINDOWS\\Fonts\\NirmalaB.ttf', name='Nirmala UI', style='normal', variant='normal', weight=700, stretch='normal', size='scalable')) = 10.335
2023-08-08 11:34:21 [DEBUG]: findfont: score(FontEntry(fname='C:\\Windows\\Fonts\\georgiab.ttf', name='Georgia', style='normal', variant='normal', weight=700, stretch='normal', size='scalable')) = 10.335
2023-08-08 11:34:21 [DEBUG]: findfont: score(FontEntry(fname='C:\\WINDOWS\\Fonts\\couri.ttf', name='Courier New', style='italic', variant='normal', weight=400, stretch='normal', size='scalable')) = 11.05
2023-08-08 11:34:21 [DEBUG]: findfont: score(FontEntry(fname='C:\\Windows\\Fonts\\LEELAWDB.TTF', name='Leelawadee', style='normal', variant='normal', weight=700, stretch='normal', size='scalable')) = 10.335
2023-08-08 11:34:21 [DEBUG]: findfont: score(FontEntry(fname='C:\\WINDOWS\\Fonts\\FRADMCN.TTF', name='Franklin Gothic Demi Cond', style='normal', variant='normal', weight=400, stretch='condensed', size='scalable')) = 10.25
2023-08-08 11:34:21 [DEBUG]: findfont: score(FontEntry(fname='C:\\Windows\\Fonts\\corbell.ttf', name='Corbel', style='normal', variant='normal', weight=300, stretch='normal', size='scalable')) = 10.145
2023-08-08 11:34:21 [DEBUG]: findfont: score(FontEntry(fname='C:\\Windows\\Fonts\\MAIAN.TTF', name='Maiandra GD', style='normal', variant='normal', weight=400, stretch='normal', size='scalable')) = 10.05
2023-08-08 11:34:21 [DEBUG]: findfont: score(FontEntry(fname='C:\\WINDOWS\\Fonts\\BOD_PSTC.TTF', name='Bodoni MT', style='normal', variant='normal', weight=300, stretch='normal', size='scalable')) = 10.145
2023-08-08 11:34:21 [DEBUG]: findfont: score(FontEntry(fname='C:\\WINDOWS\\Fonts\\arialbi.ttf', name='Arial', style='italic', variant='normal', weight=700, stretch='normal', size='scalable')) = 1.335
2023-08-08 11:34:21 [DEBUG]: findfont: score(FontEntry(fname='C:\\Windows\\Fonts\\verdanab.ttf', name='Verdana', style='normal', variant='normal', weight=700, stretch='normal', size='scalable')) = 10.335
2023-08-08 11:34:21 [DEBUG]: findfont: score(FontEntry(fname='C:\\WINDOWS\\Fonts\\BRLNSB.TTF', name='Berlin Sans FB', style='normal', variant='normal', weight=700, stretch='normal', size='scalable')) = 10.335
2023-08-08 11:34:21 [DEBUG]: findfont: score(FontEntry(fname='C:\\WINDOWS\\Fonts\\consola.ttf', name='Consolas', style='normal', variant='normal', weight=400, stretch='normal', size='scalable')) = 10.05
2023-08-08 11:34:21 [DEBUG]: findfont: score(FontEntry(fname='C:\\WINDOWS\\Fonts\\msjhbd.ttc', name='Microsoft JhengHei', style='normal', variant='normal', weight=700, stretch='normal', size='scalable')) = 10.335
2023-08-08 11:34:21 [DEBUG]: findfont: score(FontEntry(fname='C:\\WINDOWS\\Fonts\\PAPYRUS.TTF', name='Papyrus', style='normal', variant='normal', weight=400, stretch='normal', size='scalable')) = 10.05
2023-08-08 11:34:21 [DEBUG]: findfont: score(FontEntry(fname='C:\\Windows\\Fonts\\GOUDOS.TTF', name='Goudy Old Style', style='normal', variant='normal', weight=400, stretch='normal', size='scalable')) = 10.05
2023-08-08 11:34:21 [DEBUG]: findfont: score(FontEntry(fname='C:\\Windows\\Fonts\\Candarali.ttf', name='Candara', style='italic', variant='normal', weight=400, stretch='normal', size='scalable')) = 11.05
2023-08-08 11:34:21 [DEBUG]: findfont: score(FontEntry(fname='C:\\Windows\\Fonts\\simsunb.ttf', name='SimSun-ExtB', style='normal', variant='normal', weight=400, stretch='normal', size='scalable')) = 10.05
2023-08-08 11:34:21 [DEBUG]: findfont: score(FontEntry(fname='C:\\Windows\\Fonts\\BRLNSR.TTF', name='Berlin Sans FB', style='normal', variant='normal', weight=400, stretch='normal', size='scalable')) = 10.05
2023-08-08 11:34:21 [DEBUG]: findfont: score(FontEntry(fname='C:\\Windows\\Fonts\\seguili.ttf', name='Segoe UI', style='italic', variant='normal', weight=300, stretch='normal', size='scalable')) = 11.145
2023-08-08 11:34:21 [DEBUG]: findfont: score(FontEntry(fname='C:\\Windows\\Fonts\\constani.ttf', name='Constantia', style='italic', variant='normal', weight=400, stretch='normal', size='scalable')) = 11.05
2023-08-08 11:34:21 [DEBUG]: findfont: score(FontEntry(fname='C:\\WINDOWS\\Fonts\\BOD_CB.TTF', name='Bodoni MT', style='normal', variant='normal', weight=700, stretch='condensed', size='scalable')) = 10.535
2023-08-08 11:34:21 [DEBUG]: findfont: score(FontEntry(fname='C:\\Windows\\Fonts\\OLDENGL.TTF', name='Old English Text MT', style='normal', variant='normal', weight=400, stretch='normal', size='scalable')) = 10.05
2023-08-08 11:34:21 [DEBUG]: findfont: score(FontEntry(fname='C:\\WINDOWS\\Fonts\\ROCK.TTF', name='Rockwell', style='normal', variant='normal', weight=400, stretch='normal', size='scalable')) = 10.05
2023-08-08 11:34:21 [DEBUG]: findfont: score(FontEntry(fname='C:\\Windows\\Fonts\\DUBAI-MEDIUM.TTF', name='Dubai', style='normal', variant='normal', weight=500, stretch='normal', size='scalable')) = 10.145
2023-08-08 11:34:21 [DEBUG]: findfont: score(FontEntry(fname='C:\\Windows\\Fonts\\JOKERMAN.TTF', name='Jokerman', style='normal', variant='normal', weight=400, stretch='normal', size='scalable')) = 10.05
2023-08-08 11:34:21 [DEBUG]: findfont: score(FontEntry(fname='C:\\Windows\\Fonts\\LSANS.TTF', name='Lucida Sans', style='normal', variant='normal', weight=400, stretch='normal', size='scalable')) = 10.05
2023-08-08 11:34:21 [DEBUG]: findfont: score(FontEntry(fname='C:\\WINDOWS\\Fonts\\simfang.ttf', name='FangSong', style='normal', variant='normal', weight=400, stretch='normal', size='scalable')) = 10.05
2023-08-08 11:34:21 [DEBUG]: findfont: score(FontEntry(fname='C:\\WINDOWS\\Fonts\\marlett.ttf', name='Marlett', style='normal', variant='normal', weight=500, stretch='normal', size='scalable')) = 10.145
2023-08-08 11:34:21 [DEBUG]: findfont: score(FontEntry(fname='C:\\WINDOWS\\Fonts\\YuGothR.ttc', name='Yu Gothic', style='normal', variant='normal', weight=400, stretch='normal', size='scalable')) = 10.05
2023-08-08 11:34:21 [DEBUG]: findfont: score(FontEntry(fname='C:\\WINDOWS\\Fonts\\LHANDW.TTF', name='Lucida Handwriting', style='italic', variant='normal', weight=400, stretch='normal', size='scalable')) = 11.05
2023-08-08 11:34:21 [DEBUG]: findfont: score(FontEntry(fname='C:\\WINDOWS\\Fonts\\TCCB____.TTF', name='Tw Cen MT Condensed', style='normal', variant='normal', weight=700, stretch='condensed', size='scalable')) = 10.535
2023-08-08 11:34:21 [DEBUG]: findfont: score(FontEntry(fname='C:\\WINDOWS\\Fonts\\palai.ttf', name='Palatino Linotype', style='italic', variant='normal', weight=400, stretch='normal', size='scalable')) = 11.05
2023-08-08 11:34:21 [DEBUG]: findfont: score(FontEntry(fname='C:\\WINDOWS\\Fonts\\YuGothM.ttc', name='Yu Gothic', style='normal', variant='normal', weight=500, stretch='normal', size='scalable')) = 10.145
2023-08-08 11:34:21 [DEBUG]: findfont: score(FontEntry(fname='C:\\WINDOWS\\Fonts\\FZYTK.TTF', name='FZYaoTi', style='normal', variant='normal', weight=400, stretch='normal', size='scalable')) = 10.05
2023-08-08 11:34:21 [DEBUG]: findfont: score(FontEntry(fname='C:\\WINDOWS\\Fonts\\times.ttf', name='Times New Roman', style='normal', variant='normal', weight=400, stretch='normal', size='scalable')) = 10.05
2023-08-08 11:34:21 [DEBUG]: findfont: score(FontEntry(fname='C:\\Windows\\Fonts\\BKANT.TTF', name='Book Antiqua', style='normal', variant='normal', weight=400, stretch='normal', size='scalable')) = 10.05
2023-08-08 11:34:21 [DEBUG]: findfont: score(FontEntry(fname='C:\\WINDOWS\\Fonts\\GOUDOS.TTF', name='Goudy Old Style', style='normal', variant='normal', weight=400, stretch='normal', size='scalable')) = 10.05
2023-08-08 11:34:21 [DEBUG]: findfont: score(FontEntry(fname='C:\\Windows\\Fonts\\verdanaz.ttf', name='Verdana', style='italic', variant='normal', weight=700, stretch='normal', size='scalable')) = 11.335
2023-08-08 11:34:21 [DEBUG]: findfont: score(FontEntry(fname='C:\\Windows\\Fonts\\seguiemj.ttf', name='Segoe UI Emoji', style='normal', variant='normal', weight=400, stretch='normal', size='scalable')) = 10.05
2023-08-08 11:34:21 [DEBUG]: findfont: score(FontEntry(fname='C:\\Windows\\Fonts\\FRABKIT.TTF', name='Franklin Gothic Book', style='italic', variant='normal', weight=400, stretch='normal', size='scalable')) = 11.05
2023-08-08 11:34:21 [DEBUG]: findfont: score(FontEntry(fname='C:\\WINDOWS\\Fonts\\ROCKB.TTF', name='Rockwell', style='normal', variant='normal', weight=700, stretch='normal', size='scalable')) = 10.335
2023-08-08 11:34:21 [DEBUG]: findfont: score(FontEntry(fname='C:\\Windows\\Fonts\\HTOWERT.TTF', name='High Tower Text', style='normal', variant='normal', weight=400, stretch='normal', size='scalable')) = 10.05
2023-08-08 11:34:21 [DEBUG]: findfont: score(FontEntry(fname='C:\\Windows\\Fonts\\FTLTLT.TTF', name='Footlight MT Light', style='normal', variant='normal', weight=300, stretch='normal', size='scalable')) = 10.145
2023-08-08 11:34:21 [DEBUG]: findfont: score(FontEntry(fname='C:\\Windows\\Fonts\\SCRIPTBL.TTF', name='Script MT Bold', style='normal', variant='normal', weight=700, stretch='normal', size='scalable')) = 10.335
2023-08-08 11:34:21 [DEBUG]: findfont: score(FontEntry(fname='C:\\WINDOWS\\Fonts\\calibril.ttf', name='Calibri', style='normal', variant='normal', weight=300, stretch='normal', size='scalable')) = 10.145
2023-08-08 11:34:21 [DEBUG]: findfont: score(FontEntry(fname='C:\\WINDOWS\\Fonts\\MAIAN.TTF', name='Maiandra GD', style='normal', variant='normal', weight=400, stretch='normal', size='scalable')) = 10.05
2023-08-08 11:34:21 [DEBUG]: findfont: score(FontEntry(fname='C:\\WINDOWS\\Fonts\\TCM_____.TTF', name='Tw Cen MT', style='normal', variant='normal', weight=400, stretch='normal', size='scalable')) = 10.05
2023-08-08 11:34:21 [DEBUG]: findfont: score(FontEntry(fname='C:\\WINDOWS\\Fonts\\GOTHICB.TTF', name='Century Gothic', style='normal', variant='normal', weight=700, stretch='normal', size='scalable')) = 10.335
2023-08-08 11:34:21 [DEBUG]: findfont: score(FontEntry(fname='C:\\WINDOWS\\Fonts\\NirmalaS.ttf', name='Nirmala UI', style='normal', variant='normal', weight=350, stretch='normal', size='scalable')) = 10.0975
2023-08-08 11:34:21 [DEBUG]: findfont: score(FontEntry(fname='C:\\WINDOWS\\Fonts\\SitkaB.ttc', name='Sitka Small', style='normal', variant='normal', weight=700, stretch='normal', size='scalable')) = 10.335
2023-08-08 11:34:21 [DEBUG]: findfont: score(FontEntry(fname='C:\\Windows\\Fonts\\ROCKBI.TTF', name='Rockwell', style='italic', variant='normal', weight=700, stretch='normal', size='scalable')) = 11.335
2023-08-08 11:34:21 [DEBUG]: findfont: score(FontEntry(fname='C:\\WINDOWS\\Fonts\\corbeli.ttf', name='Corbel', style='italic', variant='normal', weight=400, stretch='normal', size='scalable')) = 11.05
2023-08-08 11:34:21 [DEBUG]: findfont: score(FontEntry(fname='C:\\Windows\\Fonts\\segoesc.ttf', name='Segoe Script', style='normal', variant='normal', weight=400, stretch='normal', size='scalable')) = 10.05
2023-08-08 11:34:21 [DEBUG]: findfont: score(FontEntry(fname='C:\\Windows\\Fonts\\Sitka.ttc', name='Sitka Small', style='normal', variant='normal', weight=400, stretch='normal', size='scalable')) = 10.05
2023-08-08 11:34:21 [DEBUG]: findfont: score(FontEntry(fname='C:\\WINDOWS\\Fonts\\ANTQUAB.TTF', name='Book Antiqua', style='normal', variant='normal', weight=700, stretch='normal', size='scalable')) = 10.335
2023-08-08 11:34:21 [DEBUG]: findfont: score(FontEntry(fname='C:\\WINDOWS\\Fonts\\comicbd.ttf', name='Comic Sans MS', style='normal', variant='normal', weight=700, stretch='normal', size='scalable')) = 10.335
2023-08-08 11:34:21 [DEBUG]: findfont: score(FontEntry(fname='C:\\Windows\\Fonts\\GLSNECB.TTF', name='Gill Sans MT Ext Condensed Bold', style='normal', variant='normal', weight=400, stretch='condensed', size='scalable')) = 10.25
2023-08-08 11:34:21 [DEBUG]: findfont: score(FontEntry(fname='C:\\Windows\\Fonts\\mingliub.ttc', name='MingLiU-ExtB', style='normal', variant='normal', weight=400, stretch='normal', size='scalable')) = 10.05
2023-08-08 11:34:21 [DEBUG]: findfont: score(FontEntry(fname='C:\\WINDOWS\\Fonts\\Dengl.ttf', name='DengXian', style='normal', variant='normal', weight=300, stretch='normal', size='scalable')) = 10.145
2023-08-08 11:34:21 [DEBUG]: findfont: score(FontEntry(fname='C:\\WINDOWS\\Fonts\\segoeuiz.ttf', name='Segoe UI', style='italic', variant='normal', weight=700, stretch='normal', size='scalable')) = 11.335
2023-08-08 11:34:21 [DEBUG]: findfont: score(FontEntry(fname='C:\\WINDOWS\\Fonts\\REFSPCL.TTF', name='MS Reference Specialty', style='normal', variant='normal', weight=400, stretch='normal', size='scalable')) = 10.05
2023-08-08 11:34:21 [DEBUG]: findfont: score(FontEntry(fname='C:\\WINDOWS\\Fonts\\framdit.ttf', name='Franklin Gothic Medium', style='italic', variant='normal', weight=400, stretch='normal', size='scalable')) = 11.05
2023-08-08 11:34:21 [DEBUG]: findfont: score(FontEntry(fname='C:\\WINDOWS\\Fonts\\symbol.ttf', name='Symbol', style='normal', variant='normal', weight=400, stretch='normal', size='scalable')) = 10.05
2023-08-08 11:34:21 [DEBUG]: findfont: score(FontEntry(fname='C:\\WINDOWS\\Fonts\\ITCEDSCR.TTF', name='Edwardian Script ITC', style='normal', variant='normal', weight=400, stretch='normal', size='scalable')) = 10.05
2023-08-08 11:34:21 [DEBUG]: findfont: score(FontEntry(fname='C:\\Windows\\Fonts\\PERTIBD.TTF', name='Perpetua Titling MT', style='normal', variant='normal', weight=700, stretch='normal', size='scalable')) = 10.335
2023-08-08 11:34:21 [DEBUG]: findfont: score(FontEntry(fname='C:\\WINDOWS\\Fonts\\NIAGSOL.TTF', name='Niagara Solid', style='normal', variant='normal', weight=400, stretch='normal', size='scalable')) = 10.05
2023-08-08 11:34:21 [DEBUG]: findfont: score(FontEntry(fname='C:\\Windows\\Fonts\\segoeprb.ttf', name='Segoe Print', style='normal', variant='normal', weight=700, stretch='normal', size='scalable')) = 10.335
2023-08-08 11:34:21 [DEBUG]: findfont: score(FontEntry(fname='C:\\Windows\\Fonts\\comicz.ttf', name='Comic Sans MS', style='italic', variant='normal', weight=700, stretch='normal', size='scalable')) = 11.335
2023-08-08 11:34:21 [DEBUG]: findfont: score(FontEntry(fname='C:\\Windows\\Fonts\\framdit.ttf', name='Franklin Gothic Medium', style='italic', variant='normal', weight=400, stretch='normal', size='scalable')) = 11.05
2023-08-08 11:34:21 [DEBUG]: findfont: score(FontEntry(fname='C:\\WINDOWS\\Fonts\\malgunbd.ttf', name='Malgun Gothic', style='normal', variant='normal', weight=700, stretch='normal', size='scalable')) = 10.335
2023-08-08 11:34:21 [DEBUG]: findfont: score(FontEntry(fname='C:\\Windows\\Fonts\\GILI____.TTF', name='Gill Sans MT', style='italic', variant='normal', weight=400, stretch='normal', size='scalable')) = 11.05
2023-08-08 11:34:21 [DEBUG]: findfont: score(FontEntry(fname='C:\\WINDOWS\\Fonts\\FRAMDCN.TTF', name='Franklin Gothic Medium Cond', style='normal', variant='normal', weight=400, stretch='condensed', size='scalable')) = 10.25
2023-08-08 11:34:21 [DEBUG]: findfont: score(FontEntry(fname='C:\\Windows\\Fonts\\segoeui.ttf', name='Segoe UI', style='normal', variant='normal', weight=400, stretch='normal', size='scalable')) = 10.05
2023-08-08 11:34:21 [DEBUG]: findfont: score(FontEntry(fname='C:\\Windows\\Fonts\\FRADM.TTF', name='Franklin Gothic Demi', style='normal', variant='normal', weight=400, stretch='normal', size='scalable')) = 10.05
2023-08-08 11:34:21 [DEBUG]: findfont: score(FontEntry(fname='C:\\Windows\\Fonts\\AGENCYB.TTF', name='Agency FB', style='normal', variant='normal', weight=700, stretch='normal', size='scalable')) = 10.335
2023-08-08 11:34:21 [DEBUG]: findfont: score(FontEntry(fname='C:\\Windows\\Fonts\\ERASDEMI.TTF', name='Eras Demi ITC', style='normal', variant='normal', weight=400, stretch='normal', size='scalable')) = 10.05
2023-08-08 11:34:21 [DEBUG]: findfont: score(FontEntry(fname='C:\\Windows\\Fonts\\DUBAI-BOLD.TTF', name='Dubai', style='normal', variant='normal', weight=700, stretch='normal', size='scalable')) = 10.335
2023-08-08 11:34:21 [DEBUG]: findfont: score(FontEntry(fname='C:\\WINDOWS\\Fonts\\corbelz.ttf', name='Corbel', style='italic', variant='normal', weight=700, stretch='normal', size='scalable')) = 11.335
2023-08-08 11:34:21 [DEBUG]: findfont: score(FontEntry(fname='C:\\WINDOWS\\Fonts\\GILB____.TTF', name='Gill Sans MT', style='normal', variant='normal', weight=700, stretch='normal', size='scalable')) = 10.335
2023-08-08 11:34:21 [DEBUG]: findfont: score(FontEntry(fname='C:\\Windows\\Fonts\\STLITI.TTF', name='STLiti', style='normal', variant='normal', weight=400, stretch='normal', size='scalable')) = 10.05
2023-08-08 11:34:21 [DEBUG]: findfont: score(FontEntry(fname='C:\\WINDOWS\\Fonts\\segoeuii.ttf', name='Segoe UI', style='italic', variant='normal', weight=400, stretch='normal', size='scalable')) = 11.05
2023-08-08 11:34:21 [DEBUG]: findfont: score(FontEntry(fname='C:\\WINDOWS\\Fonts\\verdanai.ttf', name='Verdana', style='italic', variant='normal', weight=400, stretch='normal', size='scalable')) = 11.05
2023-08-08 11:34:21 [DEBUG]: findfont: score(FontEntry(fname='C:\\WINDOWS\\Fonts\\PARCHM.TTF', name='Parchment', style='normal', variant='normal', weight=400, stretch='normal', size='scalable')) = 10.05
2023-08-08 11:34:21 [DEBUG]: findfont: score(FontEntry(fname='C:\\Windows\\Fonts\\segoeuil.ttf', name='Segoe UI', style='normal', variant='normal', weight=300, stretch='normal', size='scalable')) = 10.145
2023-08-08 11:34:21 [DEBUG]: findfont: score(FontEntry(fname='C:\\Windows\\Fonts\\Nirmala.ttf', name='Nirmala UI', style='normal', variant='normal', weight=400, stretch='normal', size='scalable')) = 10.05
2023-08-08 11:34:21 [DEBUG]: findfont: score(FontEntry(fname='C:\\WINDOWS\\Fonts\\LFAXD.TTF', name='Lucida Fax', style='normal', variant='normal', weight=600, stretch='normal', size='scalable')) = 10.24
2023-08-08 11:34:21 [DEBUG]: findfont: score(FontEntry(fname='C:\\Windows\\Fonts\\BASKVILL.TTF', name='Baskerville Old Face', style='normal', variant='normal', weight=400, stretch='normal', size='scalable')) = 10.05
2023-08-08 11:34:21 [DEBUG]: findfont: score(FontEntry(fname='C:\\WINDOWS\\Fonts\\ERASBD.TTF', name='Eras Bold ITC', style='normal', variant='normal', weight=400, stretch='normal', size='scalable')) = 10.05
2023-08-08 11:34:21 [DEBUG]: findfont: score(FontEntry(fname='C:\\WINDOWS\\Fonts\\STKAITI.TTF', name='STKaiti', style='normal', variant='normal', weight=400, stretch='normal', size='scalable')) = 10.05
2023-08-08 11:34:21 [DEBUG]: findfont: score(FontEntry(fname='C:\\Windows\\Fonts\\BSSYM7.TTF', name='Bookshelf Symbol 7', style='normal', variant='normal', weight=400, stretch='normal', size='scalable')) = 10.05
2023-08-08 11:34:21 [DEBUG]: findfont: score(FontEntry(fname='C:\\Windows\\Fonts\\HARLOWSI.TTF', name='Harlow Solid Italic', style='italic', variant='normal', weight=400, stretch='normal', size='scalable')) = 11.05
2023-08-08 11:34:21 [DEBUG]: findfont: score(FontEntry(fname='C:\\Windows\\Fonts\\BOOKOSI.TTF', name='Bookman Old Style', style='italic', variant='normal', weight=300, stretch='normal', size='scalable')) = 11.145
2023-08-08 11:34:21 [DEBUG]: findfont: score(FontEntry(fname='C:\\Windows\\Fonts\\YuGothL.ttc', name='Yu Gothic', style='normal', variant='normal', weight=300, stretch='normal', size='scalable')) = 10.145
2023-08-08 11:34:21 [DEBUG]: findfont: score(FontEntry(fname='C:\\Windows\\Fonts\\LSANSD.TTF', name='Lucida Sans', style='normal', variant='normal', weight=600, stretch='normal', size='scalable')) = 10.24
2023-08-08 11:34:21 [DEBUG]: findfont: score(FontEntry(fname='C:\\Windows\\Fonts\\LTYPEO.TTF', name='Lucida Sans Typewriter', style='oblique', variant='normal', weight=400, stretch='normal', size='scalable')) = 11.05
2023-08-08 11:34:21 [DEBUG]: findfont: score(FontEntry(fname='C:\\WINDOWS\\Fonts\\FRSCRIPT.TTF', name='French Script MT', style='normal', variant='normal', weight=400, stretch='normal', size='scalable')) = 10.05
2023-08-08 11:34:21 [DEBUG]: findfont: score(FontEntry(fname='C:\\WINDOWS\\Fonts\\Candarai.ttf', name='Candara', style='italic', variant='normal', weight=400, stretch='normal', size='scalable')) = 11.05
2023-08-08 11:34:21 [DEBUG]: findfont: score(FontEntry(fname='C:\\Windows\\Fonts\\calibri.ttf', name='Calibri', style='normal', variant='normal', weight=400, stretch='normal', size='scalable')) = 10.05
2023-08-08 11:34:21 [DEBUG]: findfont: score(FontEntry(fname='C:\\WINDOWS\\Fonts\\Sitka.ttc', name='Sitka Small', style='normal', variant='normal', weight=400, stretch='normal', size='scalable')) = 10.05
2023-08-08 11:34:21 [DEBUG]: findfont: score(FontEntry(fname='C:\\Windows\\Fonts\\CALISTI.TTF', name='Calisto MT', style='italic', variant='normal', weight=400, stretch='normal', size='scalable')) = 11.05
2023-08-08 11:34:21 [DEBUG]: findfont: score(FontEntry(fname='C:\\WINDOWS\\Fonts\\BRADHITC.TTF', name='Bradley Hand ITC', style='normal', variant='normal', weight=400, stretch='normal', size='scalable')) = 10.05
2023-08-08 11:34:21 [DEBUG]: findfont: score(FontEntry(fname='C:\\Windows\\Fonts\\ANTQUABI.TTF', name='Book Antiqua', style='italic', variant='normal', weight=700, stretch='normal', size='scalable')) = 11.335
2023-08-08 11:34:21 [DEBUG]: findfont: score(FontEntry(fname='C:\\WINDOWS\\Fonts\\ROCKI.TTF', name='Rockwell', style='italic', variant='normal', weight=400, stretch='normal', size='scalable')) = 11.05
2023-08-08 11:34:21 [DEBUG]: findfont: score(FontEntry(fname='C:\\Windows\\Fonts\\PER_____.TTF', name='Perpetua', style='normal', variant='normal', weight=400, stretch='normal', size='scalable')) = 10.05
2023-08-08 11:34:21 [DEBUG]: findfont: score(FontEntry(fname='C:\\WINDOWS\\Fonts\\timesi.ttf', name='Times New Roman', style='italic', variant='normal', weight=400, stretch='normal', size='scalable')) = 11.05
2023-08-08 11:34:21 [DEBUG]: findfont: score(FontEntry(fname='C:\\Windows\\Fonts\\mmrtextb.ttf', name='Myanmar Text', style='normal', variant='normal', weight=700, stretch='normal', size='scalable')) = 10.335
2023-08-08 11:34:21 [DEBUG]: findfont: score(FontEntry(fname='C:\\WINDOWS\\Fonts\\COPRGTB.TTF', name='Copperplate Gothic Bold', style='normal', variant='normal', weight=400, stretch='normal', size='scalable')) = 10.05
2023-08-08 11:34:21 [DEBUG]: findfont: score(FontEntry(fname='C:\\WINDOWS\\Fonts\\GILC____.TTF', name='Gill Sans MT Condensed', style='normal', variant='normal', weight=400, stretch='condensed', size='scalable')) = 10.25
2023-08-08 11:34:21 [DEBUG]: findfont: score(FontEntry(fname='C:\\Windows\\Fonts\\GLECB.TTF', name='Gloucester MT Extra Condensed', style='normal', variant='normal', weight=400, stretch='condensed', size='scalable')) = 10.25
2023-08-08 11:34:21 [DEBUG]: findfont: score(FontEntry(fname='C:\\WINDOWS\\Fonts\\ariblk.ttf', name='Arial', style='normal', variant='normal', weight=900, stretch='normal', size='scalable')) = 0.525
2023-08-08 11:34:21 [DEBUG]: findfont: score(FontEntry(fname='C:\\Windows\\Fonts\\micross.ttf', name='Microsoft Sans Serif', style='normal', variant='normal', weight=400, stretch='normal', size='scalable')) = 10.05
2023-08-08 11:34:21 [DEBUG]: findfont: score(FontEntry(fname='C:\\WINDOWS\\Fonts\\SCHLBKB.TTF', name='Century Schoolbook', style='normal', variant='normal', weight=700, stretch='normal', size='scalable')) = 10.335
2023-08-08 11:34:21 [DEBUG]: findfont: score(FontEntry(fname='C:\\Windows\\Fonts\\FREESCPT.TTF', name='Freestyle Script', style='normal', variant='normal', weight=400, stretch='normal', size='scalable')) = 10.05
2023-08-08 11:34:21 [DEBUG]: findfont: score(FontEntry(fname='C:\\Windows\\Fonts\\Dengl.ttf', name='DengXian', style='normal', variant='normal', weight=300, stretch='normal', size='scalable')) = 10.145
2023-08-08 11:34:21 [DEBUG]: findfont: score(FontEntry(fname='C:\\Windows\\Fonts\\BOD_BLAR.TTF', name='Bodoni MT', style='normal', variant='normal', weight=900, stretch='normal', size='scalable')) = 10.525
2023-08-08 11:34:21 [DEBUG]: findfont: score(FontEntry(fname='C:\\WINDOWS\\Fonts\\LCALLIG.TTF', name='Lucida Calligraphy', style='italic', variant='normal', weight=400, stretch='normal', size='scalable')) = 11.05
2023-08-08 11:34:21 [DEBUG]: findfont: score(FontEntry(fname='C:\\Windows\\Fonts\\Gabriola.ttf', name='Gabriola', style='normal', variant='normal', weight=400, stretch='normal', size='scalable')) = 10.05
2023-08-08 11:34:21 [DEBUG]: findfont: score(FontEntry(fname='C:\\Windows\\Fonts\\ntailub.ttf', name='Microsoft New Tai Lue', style='normal', variant='normal', weight=700, stretch='normal', size='scalable')) = 10.335
2023-08-08 11:34:21 [DEBUG]: findfont: score(FontEntry(fname='C:\\Windows\\Fonts\\GOTHICI.TTF', name='Century Gothic', style='italic', variant='normal', weight=400, stretch='normal', size='scalable')) = 11.05
2023-08-08 11:34:21 [DEBUG]: findfont: score(FontEntry(fname='C:\\WINDOWS\\Fonts\\SHOWG.TTF', name='Showcard Gothic', style='normal', variant='normal', weight=400, stretch='normal', size='scalable')) = 10.05
2023-08-08 11:34:21 [DEBUG]: findfont: score(FontEntry(fname='C:\\Windows\\Fonts\\BRLNSDB.TTF', name='Berlin Sans FB Demi', style='normal', variant='normal', weight=700, stretch='normal', size='scalable')) = 10.335
2023-08-08 11:34:21 [DEBUG]: findfont: score(FontEntry(fname='C:\\Windows\\Fonts\\wingding.ttf', name='Wingdings', style='normal', variant='normal', weight=400, stretch='normal', size='scalable')) = 10.05
2023-08-08 11:34:21 [DEBUG]: findfont: score(FontEntry(fname='C:\\Windows\\Fonts\\BRLNSB.TTF', name='Berlin Sans FB', style='normal', variant='normal', weight=700, stretch='normal', size='scalable')) = 10.335
2023-08-08 11:34:21 [DEBUG]: findfont: score(FontEntry(fname='C:\\WINDOWS\\Fonts\\ANTQUAI.TTF', name='Book Antiqua', style='italic', variant='normal', weight=400, stretch='normal', size='scalable')) = 11.05
2023-08-08 11:34:21 [DEBUG]: findfont: score(FontEntry(fname='C:\\WINDOWS\\Fonts\\timesbd.ttf', name='Times New Roman', style='normal', variant='normal', weight=700, stretch='normal', size='scalable')) = 10.335
2023-08-08 11:34:21 [DEBUG]: findfont: score(FontEntry(fname='C:\\WINDOWS\\Fonts\\BELL.TTF', name='Bell MT', style='normal', variant='normal', weight=400, stretch='normal', size='scalable')) = 10.05
2023-08-08 11:34:21 [DEBUG]: findfont: score(FontEntry(fname='C:\\WINDOWS\\Fonts\\ARIALNBI.TTF', name='Arial', style='italic', variant='normal', weight=700, stretch='condensed', size='scalable')) = 1.535
2023-08-08 11:34:21 [DEBUG]: findfont: score(FontEntry(fname='C:\\WINDOWS\\Fonts\\segoeui.ttf', name='Segoe UI', style='normal', variant='normal', weight=400, stretch='normal', size='scalable')) = 10.05
2023-08-08 11:34:21 [DEBUG]: findfont: score(FontEntry(fname='C:\\WINDOWS\\Fonts\\seguiemj.ttf', name='Segoe UI Emoji', style='normal', variant='normal', weight=400, stretch='normal', size='scalable')) = 10.05
2023-08-08 11:34:21 [DEBUG]: findfont: score(FontEntry(fname='C:\\Windows\\Fonts\\comici.ttf', name='Comic Sans MS', style='italic', variant='normal', weight=400, stretch='normal', size='scalable')) = 11.05
2023-08-08 11:34:21 [DEBUG]: findfont: score(FontEntry(fname='C:\\Windows\\Fonts\\MTCORSVA.TTF', name='Monotype Corsiva', style='normal', variant='normal', weight=400, stretch='normal', size='scalable')) = 10.05
2023-08-08 11:34:21 [DEBUG]: findfont: score(FontEntry(fname='C:\\WINDOWS\\Fonts\\MTEXTRA.TTF', name='MT Extra', style='normal', variant='normal', weight=400, stretch='normal', size='scalable')) = 10.05
2023-08-08 11:34:21 [DEBUG]: findfont: score(FontEntry(fname='C:\\WINDOWS\\Fonts\\bahnschrift.ttf', name='Bahnschrift', style='normal', variant='normal', weight=400, stretch='normal', size='scalable')) = 10.05
2023-08-08 11:34:21 [DEBUG]: findfont: score(FontEntry(fname='C:\\Windows\\Fonts\\BRADHITC.TTF', name='Bradley Hand ITC', style='normal', variant='normal', weight=400, stretch='normal', size='scalable')) = 10.05
2023-08-08 11:34:21 [DEBUG]: findfont: score(FontEntry(fname='C:\\WINDOWS\\Fonts\\ERASLGHT.TTF', name='Eras Light ITC', style='normal', variant='normal', weight=400, stretch='normal', size='scalable')) = 10.05
2023-08-08 11:34:21 [DEBUG]: findfont: score(FontEntry(fname='C:\\WINDOWS\\Fonts\\javatext.ttf', name='Javanese Text', style='normal', variant='normal', weight=400, stretch='normal', size='scalable')) = 10.05
2023-08-08 11:34:21 [DEBUG]: findfont: score(FontEntry(fname='C:\\WINDOWS\\Fonts\\MTCORSVA.TTF', name='Monotype Corsiva', style='normal', variant='normal', weight=400, stretch='normal', size='scalable')) = 10.05
2023-08-08 11:34:21 [DEBUG]: findfont: score(FontEntry(fname='C:\\Windows\\Fonts\\ITCBLKAD.TTF', name='Blackadder ITC', style='normal', variant='normal', weight=400, stretch='normal', size='scalable')) = 10.05
2023-08-08 11:34:21 [DEBUG]: findfont: score(FontEntry(fname='C:\\Windows\\Fonts\\FRADMIT.TTF', name='Franklin Gothic Demi', style='italic', variant='normal', weight=400, stretch='normal', size='scalable')) = 11.05
2023-08-08 11:34:21 [DEBUG]: findfont: score(FontEntry(fname='C:\\WINDOWS\\Fonts\\YuGothB.ttc', name='Yu Gothic', style='normal', variant='normal', weight=700, stretch='normal', size='scalable')) = 10.335
2023-08-08 11:34:21 [DEBUG]: findfont: score(FontEntry(fname='C:\\WINDOWS\\Fonts\\LSANSD.TTF', name='Lucida Sans', style='normal', variant='normal', weight=600, stretch='normal', size='scalable')) = 10.24
2023-08-08 11:34:21 [DEBUG]: findfont: score(FontEntry(fname='C:\\Windows\\Fonts\\segoeuiz.ttf', name='Segoe UI', style='italic', variant='normal', weight=700, stretch='normal', size='scalable')) = 11.335
2023-08-08 11:34:21 [DEBUG]: findfont: score(FontEntry(fname='C:\\Windows\\Fonts\\FRAHVIT.TTF', name='Franklin Gothic Heavy', style='italic', variant='normal', weight=400, stretch='normal', size='scalable')) = 11.05
2023-08-08 11:34:21 [DEBUG]: findfont: score(FontEntry(fname='C:\\Windows\\Fonts\\msjhbd.ttc', name='Microsoft JhengHei', style='normal', variant='normal', weight=700, stretch='normal', size='scalable')) = 10.335
2023-08-08 11:34:21 [DEBUG]: findfont: score(FontEntry(fname='C:\\WINDOWS\\Fonts\\STFANGSO.TTF', name='STFangsong', style='normal', variant='normal', weight=400, stretch='normal', size='scalable')) = 10.05
2023-08-08 11:34:21 [DEBUG]: findfont: score(FontEntry(fname='C:\\WINDOWS\\Fonts\\LBRITEI.TTF', name='Lucida Bright', style='italic', variant='normal', weight=400, stretch='normal', size='scalable')) = 11.05
2023-08-08 11:34:21 [DEBUG]: findfont: score(FontEntry(fname='C:\\Windows\\Fonts\\impact.ttf', name='Impact', style='normal', variant='normal', weight=400, stretch='normal', size='scalable')) = 10.05
2023-08-08 11:34:21 [DEBUG]: findfont: score(FontEntry(fname='C:\\WINDOWS\\Fonts\\方正粗黑宋简体.ttf', name='FZCuHeiSongS-B-GB', style='normal', variant='normal', weight=400, stretch='normal', size='scalable')) = 10.05
2023-08-08 11:34:21 [DEBUG]: findfont: score(FontEntry(fname='C:\\WINDOWS\\Fonts\\georgiai.ttf', name='Georgia', style='italic', variant='normal', weight=400, stretch='normal', size='scalable')) = 11.05
2023-08-08 11:34:21 [DEBUG]: findfont: score(FontEntry(fname='C:\\WINDOWS\\Fonts\\mmrtext.ttf', name='Myanmar Text', style='normal', variant='normal', weight=400, stretch='normal', size='scalable')) = 10.05
2023-08-08 11:34:21 [DEBUG]: findfont: score(FontEntry(fname='C:\\Windows\\Fonts\\seguibl.ttf', name='Segoe UI', style='normal', variant='normal', weight=900, stretch='normal', size='scalable')) = 10.525
2023-08-08 11:34:21 [DEBUG]: findfont: score(FontEntry(fname='C:\\Windows\\Fonts\\AGENCYR.TTF', name='Agency FB', style='normal', variant='normal', weight=400, stretch='normal', size='scalable')) = 10.05
2023-08-08 11:34:21 [DEBUG]: findfont: score(FontEntry(fname='C:\\Windows\\Fonts\\framd.ttf', name='Franklin Gothic Medium', style='normal', variant='normal', weight=400, stretch='normal', size='scalable')) = 10.05
2023-08-08 11:34:21 [DEBUG]: findfont: score(FontEntry(fname='C:\\Windows\\Fonts\\msyhbd.ttc', name='Microsoft YaHei', style='normal', variant='normal', weight=700, stretch='normal', size='scalable')) = 10.335
2023-08-08 11:34:21 [DEBUG]: findfont: score(FontEntry(fname='C:\\WINDOWS\\Fonts\\AGENCYB.TTF', name='Agency FB', style='normal', variant='normal', weight=700, stretch='normal', size='scalable')) = 10.335
2023-08-08 11:34:21 [DEBUG]: findfont: score(FontEntry(fname='C:\\WINDOWS\\Fonts\\GILSANUB.TTF', name='Gill Sans Ultra Bold', style='normal', variant='normal', weight=400, stretch='normal', size='scalable')) = 10.05
2023-08-08 11:34:21 [DEBUG]: findfont: score(FontEntry(fname='C:\\WINDOWS\\Fonts\\ROCKBI.TTF', name='Rockwell', style='italic', variant='normal', weight=700, stretch='normal', size='scalable')) = 11.335
2023-08-08 11:34:21 [DEBUG]: findfont: score(FontEntry(fname='C:\\Windows\\Fonts\\l_10646.ttf', name='Lucida Sans Unicode', style='normal', variant='normal', weight=400, stretch='normal', size='scalable')) = 10.05
2023-08-08 11:34:21 [DEBUG]: findfont: score(FontEntry(fname='C:\\Windows\\Fonts\\FELIXTI.TTF', name='Felix Titling', style='normal', variant='normal', weight=400, stretch='normal', size='scalable')) = 10.05
2023-08-08 11:34:21 [DEBUG]: findfont: score(FontEntry(fname='C:\\WINDOWS\\Fonts\\PERBI___.TTF', name='Perpetua', style='italic', variant='normal', weight=700, stretch='normal', size='scalable')) = 11.335
2023-08-08 11:34:21 [DEBUG]: findfont: score(FontEntry(fname='C:\\WINDOWS\\Fonts\\NumberOnly.ttf', name='NumberOnly', style='normal', variant='normal', weight=700, stretch='normal', size='scalable')) = 10.335
2023-08-08 11:34:21 [DEBUG]: findfont: score(FontEntry(fname='C:\\WINDOWS\\Fonts\\Candaral.ttf', name='Candara', style='normal', variant='normal', weight=400, stretch='normal', size='scalable')) = 10.05
2023-08-08 11:34:21 [DEBUG]: findfont: score(FontEntry(fname='C:\\WINDOWS\\Fonts\\corbelli.ttf', name='Corbel', style='italic', variant='normal', weight=300, stretch='normal', size='scalable')) = 11.145
2023-08-08 11:34:21 [DEBUG]: findfont: score(FontEntry(fname='C:\\WINDOWS\\Fonts\\VINERITC.TTF', name='Viner Hand ITC', style='normal', variant='normal', weight=400, stretch='normal', size='scalable')) = 10.05
2023-08-08 11:34:21 [DEBUG]: findfont: score(FontEntry(fname='C:\\WINDOWS\\Fonts\\LSANS.TTF', name='Lucida Sans', style='normal', variant='normal', weight=400, stretch='normal', size='scalable')) = 10.05
2023-08-08 11:34:21 [DEBUG]: findfont: score(FontEntry(fname='C:\\Windows\\Fonts\\constanb.ttf', name='Constantia', style='normal', variant='normal', weight=700, stretch='normal', size='scalable')) = 10.335
2023-08-08 11:34:21 [DEBUG]: findfont: score(FontEntry(fname='C:\\Windows\\Fonts\\BROADW.TTF', name='Broadway', style='normal', variant='normal', weight=400, stretch='normal', size='scalable')) = 10.05
2023-08-08 11:34:21 [DEBUG]: findfont: score(FontEntry(fname='C:\\Windows\\Fonts\\timesi.ttf', name='Times New Roman', style='italic', variant='normal', weight=400, stretch='normal', size='scalable')) = 11.05
2023-08-08 11:34:21 [DEBUG]: findfont: score(FontEntry(fname='C:\\Windows\\Fonts\\msyhl.ttc', name='Microsoft YaHei', style='normal', variant='normal', weight=290, stretch='normal', size='scalable')) = 10.1545
2023-08-08 11:34:21 [DEBUG]: findfont: score(FontEntry(fname='C:\\Windows\\Fonts\\YuGothM.ttc', name='Yu Gothic', style='normal', variant='normal', weight=500, stretch='normal', size='scalable')) = 10.145
2023-08-08 11:34:21 [DEBUG]: findfont: score(FontEntry(fname='C:\\WINDOWS\\Fonts\\CENTURY.TTF', name='Century', style='normal', variant='normal', weight=400, stretch='normal', size='scalable')) = 10.05
2023-08-08 11:34:21 [DEBUG]: findfont: score(FontEntry(fname='C:\\WINDOWS\\Fonts\\PERI____.TTF', name='Perpetua', style='italic', variant='normal', weight=400, stretch='normal', size='scalable')) = 11.05
2023-08-08 11:34:21 [DEBUG]: findfont: score(FontEntry(fname='C:\\Windows\\Fonts\\LTYPEB.TTF', name='Lucida Sans Typewriter', style='normal', variant='normal', weight=600, stretch='normal', size='scalable')) = 10.24
2023-08-08 11:34:21 [DEBUG]: findfont: score(FontEntry(fname='C:\\Windows\\Fonts\\ELEPHNTI.TTF', name='Elephant', style='italic', variant='normal', weight=400, stretch='normal', size='scalable')) = 11.05
2023-08-08 11:34:21 [DEBUG]: findfont: score(FontEntry(fname='C:\\Windows\\Fonts\\tahoma.ttf', name='Tahoma', style='normal', variant='normal', weight=400, stretch='normal', size='scalable')) = 10.05
2023-08-08 11:34:21 [DEBUG]: findfont: score(FontEntry(fname='C:\\Windows\\Fonts\\BOD_PSTC.TTF', name='Bodoni MT', style='normal', variant='normal', weight=300, stretch='normal', size='scalable')) = 10.145
2023-08-08 11:34:21 [DEBUG]: findfont: score(FontEntry(fname='C:\\Windows\\Fonts\\corbel.ttf', name='Corbel', style='normal', variant='normal', weight=400, stretch='normal', size='scalable')) = 10.05
2023-08-08 11:34:21 [DEBUG]: findfont: score(FontEntry(fname='C:\\WINDOWS\\Fonts\\MATURASC.TTF', name='Matura MT Script Capitals', style='normal', variant='normal', weight=400, stretch='normal', size='scalable')) = 10.05
2023-08-08 11:34:21 [DEBUG]: findfont: score(FontEntry(fname='C:\\Windows\\Fonts\\ariblk.ttf', name='Arial', style='normal', variant='normal', weight=900, stretch='normal', size='scalable')) = 0.525
2023-08-08 11:34:21 [DEBUG]: findfont: score(FontEntry(fname='C:\\Windows\\Fonts\\MAGNETOB.TTF', name='Magneto', style='normal', variant='normal', weight=700, stretch='normal', size='scalable')) = 10.335
2023-08-08 11:34:21 [DEBUG]: findfont: score(FontEntry(fname='C:\\WINDOWS\\Fonts\\cambriaz.ttf', name='Cambria', style='italic', variant='normal', weight=700, stretch='normal', size='scalable')) = 11.335
2023-08-08 11:34:21 [DEBUG]: findfont: score(FontEntry(fname='C:\\Windows\\Fonts\\cambriai.ttf', name='Cambria', style='italic', variant='normal', weight=400, stretch='normal', size='scalable')) = 11.05
2023-08-08 11:34:21 [DEBUG]: findfont: score(FontEntry(fname='C:\\WINDOWS\\Fonts\\GARA.TTF', name='Garamond', style='normal', variant='normal', weight=400, stretch='normal', size='scalable')) = 10.05
2023-08-08 11:34:21 [DEBUG]: findfont: score(FontEntry(fname='C:\\Windows\\Fonts\\TCCEB.TTF', name='Tw Cen MT Condensed Extra Bold', style='normal', variant='normal', weight=400, stretch='condensed', size='scalable')) = 10.25
2023-08-08 11:34:21 [DEBUG]: findfont: score(FontEntry(fname='C:\\WINDOWS\\Fonts\\calibrii.ttf', name='Calibri', style='italic', variant='normal', weight=400, stretch='normal', size='scalable')) = 11.05
2023-08-08 11:34:21 [DEBUG]: findfont: score(FontEntry(fname='C:\\Windows\\Fonts\\palai.ttf', name='Palatino Linotype', style='italic', variant='normal', weight=400, stretch='normal', size='scalable')) = 11.05
2023-08-08 11:34:21 [DEBUG]: findfont: score(FontEntry(fname='C:\\WINDOWS\\Fonts\\MSUIGHUR.TTF', name='Microsoft Uighur', style='normal', variant='normal', weight=400, stretch='normal', size='scalable')) = 10.05
2023-08-08 11:34:21 [DEBUG]: findfont: score(FontEntry(fname='C:\\Windows\\Fonts\\segoeuib.ttf', name='Segoe UI', style='normal', variant='normal', weight=700, stretch='normal', size='scalable')) = 10.335
2023-08-08 11:34:21 [DEBUG]: findfont: score(FontEntry(fname='C:\\WINDOWS\\Fonts\\Candaraz.ttf', name='Candara', style='italic', variant='normal', weight=700, stretch='normal', size='scalable')) = 11.335
2023-08-08 11:34:21 [DEBUG]: findfont: score(FontEntry(fname='C:\\Windows\\Fonts\\TCB_____.TTF', name='Tw Cen MT', style='normal', variant='normal', weight=700, stretch='normal', size='scalable')) = 10.335
2023-08-08 11:34:21 [DEBUG]: findfont: score(FontEntry(fname='C:\\WINDOWS\\Fonts\\BOD_R.TTF', name='Bodoni MT', style='normal', variant='normal', weight=400, stretch='normal', size='scalable')) = 10.05
2023-08-08 11:34:21 [DEBUG]: findfont: score(FontEntry(fname='C:\\WINDOWS\\Fonts\\STSONG.TTF', name='STSong', style='normal', variant='normal', weight=400, stretch='normal', size='scalable')) = 10.05
2023-08-08 11:34:21 [DEBUG]: findfont: score(FontEntry(fname='C:\\WINDOWS\\Fonts\\FELIXTI.TTF', name='Felix Titling', style='normal', variant='normal', weight=400, stretch='normal', size='scalable')) = 10.05
2023-08-08 11:34:21 [DEBUG]: findfont: score(FontEntry(fname='C:\\Windows\\Fonts\\YuGothB.ttc', name='Yu Gothic', style='normal', variant='normal', weight=700, stretch='normal', size='scalable')) = 10.335
2023-08-08 11:34:21 [DEBUG]: findfont: score(FontEntry(fname='C:\\Windows\\Fonts\\GARAIT.TTF', name='Garamond', style='italic', variant='normal', weight=400, stretch='normal', size='scalable')) = 11.05
2023-08-08 11:34:21 [DEBUG]: findfont: score(FontEntry(fname='C:\\Windows\\Fonts\\ROCKI.TTF', name='Rockwell', style='italic', variant='normal', weight=400, stretch='normal', size='scalable')) = 11.05
2023-08-08 11:34:21 [DEBUG]: findfont: score(FontEntry(fname='C:\\WINDOWS\\Fonts\\consolab.ttf', name='Consolas', style='normal', variant='normal', weight=700, stretch='normal', size='scalable')) = 10.335
2023-08-08 11:34:21 [DEBUG]: findfont: score(FontEntry(fname='C:\\Windows\\Fonts\\timesbi.ttf', name='Times New Roman', style='italic', variant='normal', weight=700, stretch='normal', size='scalable')) = 11.335
2023-08-08 11:34:21 [DEBUG]: findfont: score(FontEntry(fname='C:\\WINDOWS\\Fonts\\msyi.ttf', name='Microsoft Yi Baiti', style='normal', variant='normal', weight=400, stretch='normal', size='scalable')) = 10.05
2023-08-08 11:34:21 [DEBUG]: findfont: score(FontEntry(fname='C:\\WINDOWS\\Fonts\\MSUIGHUB.TTF', name='Microsoft Uighur', style='normal', variant='normal', weight=700, stretch='normal', size='scalable')) = 10.335
2023-08-08 11:34:21 [DEBUG]: findfont: score(FontEntry(fname='C:\\Windows\\Fonts\\FRSCRIPT.TTF', name='French Script MT', style='normal', variant='normal', weight=400, stretch='normal', size='scalable')) = 10.05
2023-08-08 11:34:21 [DEBUG]: findfont: score(FontEntry(fname='C:\\Windows\\Fonts\\NIAGENG.TTF', name='Niagara Engraved', style='normal', variant='normal', weight=400, stretch='normal', size='scalable')) = 10.05
2023-08-08 11:34:21 [DEBUG]: findfont: score(FontEntry(fname='C:\\WINDOWS\\Fonts\\BOD_I.TTF', name='Bodoni MT', style='italic', variant='normal', weight=400, stretch='normal', size='scalable')) = 11.05
2023-08-08 11:34:21 [DEBUG]: findfont: score(FontEntry(fname='C:\\Windows\\Fonts\\gadugi.ttf', name='Gadugi', style='normal', variant='normal', weight=400, stretch='normal', size='scalable')) = 10.05
2023-08-08 11:34:21 [DEBUG]: findfont: score(FontEntry(fname='C:\\WINDOWS\\Fonts\\comici.ttf', name='Comic Sans MS', style='italic', variant='normal', weight=400, stretch='normal', size='scalable')) = 11.05
2023-08-08 11:34:21 [DEBUG]: findfont: score(FontEntry(fname='C:\\WINDOWS\\Fonts\\trebucit.ttf', name='Trebuchet MS', style='italic', variant='normal', weight=400, stretch='normal', size='scalable')) = 11.05
2023-08-08 11:34:21 [DEBUG]: findfont: score(FontEntry(fname='C:\\Windows\\Fonts\\Candarai.ttf', name='Candara', style='italic', variant='normal', weight=400, stretch='normal', size='scalable')) = 11.05
2023-08-08 11:34:21 [DEBUG]: findfont: score(FontEntry(fname='C:\\Windows\\Fonts\\FZSTK.TTF', name='FZShuTi', style='normal', variant='normal', weight=400, stretch='normal', size='scalable')) = 10.05
2023-08-08 11:34:21 [DEBUG]: findfont: score(FontEntry(fname='C:\\WINDOWS\\Fonts\\CALISTI.TTF', name='Calisto MT', style='italic', variant='normal', weight=400, stretch='normal', size='scalable')) = 11.05
2023-08-08 11:34:21 [DEBUG]: findfont: score(FontEntry(fname='C:\\Windows\\Fonts\\ROCKB.TTF', name='Rockwell', style='normal', variant='normal', weight=700, stretch='normal', size='scalable')) = 10.335
2023-08-08 11:34:21 [DEBUG]: findfont: score(FontEntry(fname='C:\\Windows\\Fonts\\WINGDNG3.TTF', name='Wingdings 3', style='normal', variant='normal', weight=400, stretch='normal', size='scalable')) = 10.05
2023-08-08 11:34:21 [DEBUG]: findfont: score(FontEntry(fname='C:\\WINDOWS\\Fonts\\trebuc.ttf', name='Trebuchet MS', style='normal', variant='normal', weight=400, stretch='normal', size='scalable')) = 10.05
2023-08-08 11:34:21 [DEBUG]: findfont: score(FontEntry(fname='C:\\Windows\\Fonts\\FZYTK.TTF', name='FZYaoTi', style='normal', variant='normal', weight=400, stretch='normal', size='scalable')) = 10.05
2023-08-08 11:34:21 [DEBUG]: findfont: score(FontEntry(fname='C:\\Windows\\Fonts\\DUBAI-REGULAR.TTF', name='Dubai', style='normal', variant='normal', weight=400, stretch='normal', size='scalable')) = 10.05
2023-08-08 11:34:21 [DEBUG]: findfont: score(FontEntry(fname='C:\\WINDOWS\\Fonts\\georgiaz.ttf', name='Georgia', style='italic', variant='normal', weight=700, stretch='normal', size='scalable')) = 11.335
2023-08-08 11:34:21 [DEBUG]: findfont: score(FontEntry(fname='C:\\WINDOWS\\Fonts\\FRABKIT.TTF', name='Franklin Gothic Book', style='italic', variant='normal', weight=400, stretch='normal', size='scalable')) = 11.05
2023-08-08 11:34:21 [DEBUG]: findfont: score(FontEntry(fname='C:\\WINDOWS\\Fonts\\LeelaUIb.ttf', name='Leelawadee UI', style='normal', variant='normal', weight=700, stretch='normal', size='scalable')) = 10.335
2023-08-08 11:34:21 [DEBUG]: findfont: score(FontEntry(fname='C:\\Windows\\Fonts\\CALIST.TTF', name='Calisto MT', style='normal', variant='normal', weight=400, stretch='normal', size='scalable')) = 10.05
2023-08-08 11:34:21 [DEBUG]: findfont: score(FontEntry(fname='C:\\WINDOWS\\Fonts\\malgun.ttf', name='Malgun Gothic', style='normal', variant='normal', weight=400, stretch='normal', size='scalable')) = 10.05
2023-08-08 11:34:21 [DEBUG]: findfont: score(FontEntry(fname='C:\\WINDOWS\\Fonts\\FREESCPT.TTF', name='Freestyle Script', style='normal', variant='normal', weight=400, stretch='normal', size='scalable')) = 10.05
2023-08-08 11:34:21 [DEBUG]: findfont: score(FontEntry(fname='C:\\WINDOWS\\Fonts\\ROCCB___.TTF', name='Rockwell Condensed', style='normal', variant='normal', weight=700, stretch='condensed', size='scalable')) = 10.535
2023-08-08 11:34:21 [DEBUG]: findfont: score(FontEntry(fname='C:\\Windows\\Fonts\\consolaz.ttf', name='Consolas', style='italic', variant='normal', weight=700, stretch='normal', size='scalable')) = 11.335
2023-08-08 11:34:21 [DEBUG]: findfont: score(FontEntry(fname='C:\\Windows\\Fonts\\BOD_R.TTF', name='Bodoni MT', style='normal', variant='normal', weight=400, stretch='normal', size='scalable')) = 10.05
2023-08-08 11:34:21 [DEBUG]: findfont: score(FontEntry(fname='C:\\WINDOWS\\Fonts\\LTYPEB.TTF', name='Lucida Sans Typewriter', style='normal', variant='normal', weight=600, stretch='normal', size='scalable')) = 10.24
2023-08-08 11:34:21 [DEBUG]: findfont: score(FontEntry(fname='C:\\WINDOWS\\Fonts\\BROADW.TTF', name='Broadway', style='normal', variant='normal', weight=400, stretch='normal', size='scalable')) = 10.05
2023-08-08 11:34:21 [DEBUG]: findfont: score(FontEntry(fname='C:\\Windows\\Fonts\\malgunbd.ttf', name='Malgun Gothic', style='normal', variant='normal', weight=700, stretch='normal', size='scalable')) = 10.335
2023-08-08 11:34:21 [DEBUG]: findfont: score(FontEntry(fname='C:\\Windows\\Fonts\\MTEXTRA.TTF', name='MT Extra', style='normal', variant='normal', weight=400, stretch='normal', size='scalable')) = 10.05
2023-08-08 11:34:21 [DEBUG]: findfont: score(FontEntry(fname='C:\\Windows\\Fonts\\ariali.ttf', name='Arial', style='italic', variant='normal', weight=400, stretch='normal', size='scalable')) = 1.05
2023-08-08 11:34:21 [DEBUG]: findfont: score(FontEntry(fname='C:\\Windows\\Fonts\\PARCHM.TTF', name='Parchment', style='normal', variant='normal', weight=400, stretch='normal', size='scalable')) = 10.05
2023-08-08 11:34:21 [DEBUG]: findfont: score(FontEntry(fname='C:\\Windows\\Fonts\\Candaraz.ttf', name='Candara', style='italic', variant='normal', weight=700, stretch='normal', size='scalable')) = 11.335
2023-08-08 11:34:21 [DEBUG]: findfont: score(FontEntry(fname='C:\\WINDOWS\\Fonts\\ebrimabd.ttf', name='Ebrima', style='normal', variant='normal', weight=700, stretch='normal', size='scalable')) = 10.335
2023-08-08 11:34:21 [DEBUG]: findfont: score(FontEntry(fname='C:\\Windows\\Fonts\\BAUHS93.TTF', name='Bauhaus 93', style='normal', variant='normal', weight=400, stretch='normal', size='scalable')) = 10.05
2023-08-08 11:34:21 [DEBUG]: findfont: score(FontEntry(fname='C:\\Windows\\Fonts\\CENSCBK.TTF', name='Century Schoolbook', style='normal', variant='normal', weight=400, stretch='normal', size='scalable')) = 10.05
2023-08-08 11:34:21 [DEBUG]: findfont: score(FontEntry(fname='C:\\Windows\\Fonts\\mmrtext.ttf', name='Myanmar Text', style='normal', variant='normal', weight=400, stretch='normal', size='scalable')) = 10.05
2023-08-08 11:34:21 [DEBUG]: findfont: score(FontEntry(fname='C:\\WINDOWS\\Fonts\\FRAHVIT.TTF', name='Franklin Gothic Heavy', style='italic', variant='normal', weight=400, stretch='normal', size='scalable')) = 11.05
2023-08-08 11:34:21 [DEBUG]: findfont: score(FontEntry(fname='C:\\Windows\\Fonts\\ITCEDSCR.TTF', name='Edwardian Script ITC', style='normal', variant='normal', weight=400, stretch='normal', size='scalable')) = 10.05
2023-08-08 11:34:21 [DEBUG]: findfont: score(FontEntry(fname='C:\\WINDOWS\\Fonts\\verdanab.ttf', name='Verdana', style='normal', variant='normal', weight=700, stretch='normal', size='scalable')) = 10.335
2023-08-08 11:34:21 [DEBUG]: findfont: score(FontEntry(fname='C:\\Windows\\Fonts\\corbelb.ttf', name='Corbel', style='normal', variant='normal', weight=700, stretch='normal', size='scalable')) = 10.335
2023-08-08 11:34:21 [DEBUG]: findfont: score(FontEntry(fname='C:\\Windows\\Fonts\\LeelawUI.ttf', name='Leelawadee UI', style='normal', variant='normal', weight=400, stretch='normal', size='scalable')) = 10.05
2023-08-08 11:34:21 [DEBUG]: findfont: score(FontEntry(fname='C:\\Windows\\Fonts\\MATURASC.TTF', name='Matura MT Script Capitals', style='normal', variant='normal', weight=400, stretch='normal', size='scalable')) = 10.05
2023-08-08 11:34:21 [DEBUG]: findfont: score(FontEntry(fname='C:\\Windows\\Fonts\\MISTRAL.TTF', name='Mistral', style='normal', variant='normal', weight=400, stretch='normal', size='scalable')) = 10.05
2023-08-08 11:34:21 [DEBUG]: findfont: score(FontEntry(fname='C:\\Windows\\Fonts\\seguisli.ttf', name='Segoe UI', style='italic', variant='normal', weight=350, stretch='normal', size='scalable')) = 11.0975
2023-08-08 11:34:21 [DEBUG]: findfont: score(FontEntry(fname='C:\\WINDOWS\\Fonts\\GIL_____.TTF', name='Gill Sans MT', style='normal', variant='normal', weight=400, stretch='normal', size='scalable')) = 10.05
2023-08-08 11:34:21 [DEBUG]: findfont: score(FontEntry(fname='C:\\Windows\\Fonts\\HTOWERTI.TTF', name='High Tower Text', style='italic', variant='normal', weight=400, stretch='normal', size='scalable')) = 11.05
2023-08-08 11:34:21 [DEBUG]: findfont: score(FontEntry(fname='C:\\Windows\\Fonts\\BOOKOSBI.TTF', name='Bookman Old Style', style='italic', variant='normal', weight=600, stretch='normal', size='scalable')) = 11.24
2023-08-08 11:34:21 [DEBUG]: findfont: score(FontEntry(fname='C:\\Windows\\Fonts\\taile.ttf', name='Microsoft Tai Le', style='normal', variant='normal', weight=400, stretch='normal', size='scalable')) = 10.05
2023-08-08 11:34:21 [DEBUG]: findfont: score(FontEntry(fname='C:\\WINDOWS\\Fonts\\HTOWERTI.TTF', name='High Tower Text', style='italic', variant='normal', weight=400, stretch='normal', size='scalable')) = 11.05
2023-08-08 11:34:21 [DEBUG]: findfont: score(FontEntry(fname='C:\\Windows\\Fonts\\OCRAEXT.TTF', name='OCR A Extended', style='normal', variant='normal', weight=400, stretch='expanded', size='scalable')) = 10.25
2023-08-08 11:34:21 [DEBUG]: findfont: score(FontEntry(fname='C:\\WINDOWS\\Fonts\\KUNSTLER.TTF', name='Kunstler Script', style='normal', variant='normal', weight=400, stretch='normal', size='scalable')) = 10.05
2023-08-08 11:34:21 [DEBUG]: findfont: score(FontEntry(fname='C:\\Windows\\Fonts\\BOD_CI.TTF', name='Bodoni MT', style='italic', variant='normal', weight=400, stretch='condensed', size='scalable')) = 11.25
2023-08-08 11:34:21 [DEBUG]: findfont: score(FontEntry(fname='C:\\WINDOWS\\Fonts\\segoeprb.ttf', name='Segoe Print', style='normal', variant='normal', weight=700, stretch='normal', size='scalable')) = 10.335
2023-08-08 11:34:21 [DEBUG]: findfont: score(FontEntry(fname='C:\\WINDOWS\\Fonts\\SitkaI.ttc', name='Sitka Small', style='italic', variant='normal', weight=400, stretch='normal', size='scalable')) = 11.05
2023-08-08 11:34:21 [DEBUG]: findfont: score(FontEntry(fname='C:\\Windows\\Fonts\\constanz.ttf', name='Constantia', style='italic', variant='normal', weight=700, stretch='normal', size='scalable')) = 11.335
2023-08-08 11:34:21 [DEBUG]: findfont: score(FontEntry(fname='C:\\WINDOWS\\Fonts\\seguisb.ttf', name='Segoe UI', style='normal', variant='normal', weight=600, stretch='normal', size='scalable')) = 10.24
2023-08-08 11:34:21 [DEBUG]: findfont: score(FontEntry(fname='C:\\WINDOWS\\Fonts\\GILI____.TTF', name='Gill Sans MT', style='italic', variant='normal', weight=400, stretch='normal', size='scalable')) = 11.05
2023-08-08 11:34:21 [DEBUG]: findfont: score(FontEntry(fname='C:\\WINDOWS\\Fonts\\ntailub.ttf', name='Microsoft New Tai Lue', style='normal', variant='normal', weight=700, stretch='normal', size='scalable')) = 10.335
2023-08-08 11:34:21 [DEBUG]: findfont: score(FontEntry(fname='C:\\Windows\\Fonts\\pala.ttf', name='Palatino Linotype', style='normal', variant='normal', weight=400, stretch='normal', size='scalable')) = 10.05
2023-08-08 11:34:21 [DEBUG]: findfont: score(FontEntry(fname='C:\\Windows\\Fonts\\segoescb.ttf', name='Segoe Script', style='normal', variant='normal', weight=700, stretch='normal', size='scalable')) = 10.335
2023-08-08 11:34:21 [DEBUG]: findfont: score(FontEntry(fname='C:\\Windows\\Fonts\\NirmalaS.ttf', name='Nirmala UI', style='normal', variant='normal', weight=350, stretch='normal', size='scalable')) = 10.0975
2023-08-08 11:34:21 [DEBUG]: findfont: score(FontEntry(fname='C:\\WINDOWS\\Fonts\\arialbd.ttf', name='Arial', style='normal', variant='normal', weight=700, stretch='normal', size='scalable')) = 0.33499999999999996
2023-08-08 11:34:21 [DEBUG]: findfont: score(FontEntry(fname='C:\\WINDOWS\\Fonts\\FTLTLT.TTF', name='Footlight MT Light', style='normal', variant='normal', weight=300, stretch='normal', size='scalable')) = 10.145
2023-08-08 11:34:21 [DEBUG]: findfont: score(FontEntry(fname='C:\\Windows\\Fonts\\SIMLI.TTF', name='LiSu', style='normal', variant='normal', weight=400, stretch='normal', size='scalable')) = 10.05
2023-08-08 11:34:21 [DEBUG]: findfont: score(FontEntry(fname='C:\\Windows\\Fonts\\LBRITE.TTF', name='Lucida Bright', style='normal', variant='normal', weight=400, stretch='normal', size='scalable')) = 10.05
2023-08-08 11:34:21 [DEBUG]: findfont: score(FontEntry(fname='C:\\Windows\\Fonts\\palab.ttf', name='Palatino Linotype', style='normal', variant='normal', weight=700, stretch='normal', size='scalable')) = 10.335
2023-08-08 11:34:21 [DEBUG]: findfont: score(FontEntry(fname='C:\\Windows\\Fonts\\ROCKEB.TTF', name='Rockwell Extra Bold', style='normal', variant='normal', weight=800, stretch='normal', size='scalable')) = 10.43
2023-08-08 11:34:21 [DEBUG]: findfont: score(FontEntry(fname='C:\\Windows\\Fonts\\seguihis.ttf', name='Segoe UI Historic', style='normal', variant='normal', weight=400, stretch='normal', size='scalable')) = 10.05
2023-08-08 11:34:21 [DEBUG]: findfont: score(FontEntry(fname='C:\\WINDOWS\\Fonts\\ARLRDBD.TTF', name='Arial Rounded MT Bold', style='normal', variant='normal', weight=400, stretch='normal', size='scalable')) = 10.05
2023-08-08 11:34:21 [DEBUG]: findfont: score(FontEntry(fname='C:\\WINDOWS\\Fonts\\simhei.ttf', name='SimHei', style='normal', variant='normal', weight=400, stretch='normal', size='scalable')) = 10.05
2023-08-08 11:34:21 [DEBUG]: findfont: score(FontEntry(fname='C:\\WINDOWS\\Fonts\\CALISTB.TTF', name='Calisto MT', style='normal', variant='normal', weight=700, stretch='normal', size='scalable')) = 10.335
2023-08-08 11:34:21 [DEBUG]: findfont: score(FontEntry(fname='C:\\Windows\\Fonts\\NIAGSOL.TTF', name='Niagara Solid', style='normal', variant='normal', weight=400, stretch='normal', size='scalable')) = 10.05
2023-08-08 11:34:21 [DEBUG]: findfont: score(FontEntry(fname='C:\\Windows\\Fonts\\方正粗黑宋简体.ttf', name='FZCuHeiSongS-B-GB', style='normal', variant='normal', weight=400, stretch='normal', size='scalable')) = 10.05
2023-08-08 11:34:21 [DEBUG]: findfont: score(FontEntry(fname='C:\\Windows\\Fonts\\ERASLGHT.TTF', name='Eras Light ITC', style='normal', variant='normal', weight=400, stretch='normal', size='scalable')) = 10.05
2023-08-08 11:34:21 [DEBUG]: findfont: score(FontEntry(fname='C:\\Windows\\Fonts\\simfang.ttf', name='FangSong', style='normal', variant='normal', weight=400, stretch='normal', size='scalable')) = 10.05
2023-08-08 11:34:21 [DEBUG]: findfont: score(FontEntry(fname='C:\\WINDOWS\\Fonts\\GILLUBCD.TTF', name='Gill Sans Ultra Bold Condensed', style='normal', variant='normal', weight=400, stretch='condensed', size='scalable')) = 10.25
2023-08-08 11:34:21 [DEBUG]: findfont: score(FontEntry(fname='C:\\Windows\\Fonts\\BOD_BI.TTF', name='Bodoni MT', style='italic', variant='normal', weight=700, stretch='normal', size='scalable')) = 11.335
2023-08-08 11:34:21 [DEBUG]: findfont: score(FontEntry(fname='C:\\Windows\\Fonts\\comic.ttf', name='Comic Sans MS', style='normal', variant='normal', weight=400, stretch='normal', size='scalable')) = 10.05
2023-08-08 11:34:21 [DEBUG]: findfont: score(FontEntry(fname='C:\\WINDOWS\\Fonts\\ERASDEMI.TTF', name='Eras Demi ITC', style='normal', variant='normal', weight=400, stretch='normal', size='scalable')) = 10.05
2023-08-08 11:34:21 [DEBUG]: findfont: score(FontEntry(fname='C:\\Windows\\Fonts\\segoepr.ttf', name='Segoe Print', style='normal', variant='normal', weight=400, stretch='normal', size='scalable')) = 10.05
2023-08-08 11:34:21 [DEBUG]: findfont: score(FontEntry(fname='C:\\Windows\\Fonts\\courbd.ttf', name='Courier New', style='normal', variant='normal', weight=700, stretch='normal', size='scalable')) = 10.335
2023-08-08 11:34:21 [DEBUG]: findfont: score(FontEntry(fname='C:\\Windows\\Fonts\\verdana.ttf', name='Verdana', style='normal', variant='normal', weight=400, stretch='normal', size='scalable')) = 10.05
2023-08-08 11:34:21 [DEBUG]: findfont: score(FontEntry(fname='C:\\Windows\\Fonts\\SHOWG.TTF', name='Showcard Gothic', style='normal', variant='normal', weight=400, stretch='normal', size='scalable')) = 10.05
2023-08-08 11:34:21 [DEBUG]: findfont: score(FontEntry(fname='C:\\WINDOWS\\Fonts\\JOKERMAN.TTF', name='Jokerman', style='normal', variant='normal', weight=400, stretch='normal', size='scalable')) = 10.05
2023-08-08 11:34:21 [DEBUG]: findfont: score(FontEntry(fname='C:\\Windows\\Fonts\\FORTE.TTF', name='Forte', style='normal', variant='normal', weight=400, stretch='normal', size='scalable')) = 10.05
2023-08-08 11:34:21 [DEBUG]: findfont: score(FontEntry(fname='C:\\WINDOWS\\Fonts\\ELEPHNT.TTF', name='Elephant', style='normal', variant='normal', weight=400, stretch='normal', size='scalable')) = 10.05
2023-08-08 11:34:21 [DEBUG]: findfont: score(FontEntry(fname='C:\\WINDOWS\\Fonts\\BRUSHSCI.TTF', name='Brush Script MT', style='italic', variant='normal', weight=400, stretch='normal', size='scalable')) = 11.05
2023-08-08 11:34:21 [DEBUG]: findfont: score(FontEntry(fname='C:\\WINDOWS\\Fonts\\Candarali.ttf', name='Candara', style='italic', variant='normal', weight=400, stretch='normal', size='scalable')) = 11.05
2023-08-08 11:34:21 [DEBUG]: findfont: score(FontEntry(fname='C:\\WINDOWS\\Fonts\\palab.ttf', name='Palatino Linotype', style='normal', variant='normal', weight=700, stretch='normal', size='scalable')) = 10.335
2023-08-08 11:34:21 [DEBUG]: findfont: score(FontEntry(fname='C:\\Windows\\Fonts\\arialbd.ttf', name='Arial', style='normal', variant='normal', weight=700, stretch='normal', size='scalable')) = 0.33499999999999996
2023-08-08 11:34:21 [DEBUG]: findfont: score(FontEntry(fname='C:\\Windows\\Fonts\\LBRITED.TTF', name='Lucida Bright', style='normal', variant='normal', weight=600, stretch='normal', size='scalable')) = 10.24
2023-08-08 11:34:21 [DEBUG]: findfont: score(FontEntry(fname='C:\\WINDOWS\\Fonts\\CHILLER.TTF', name='Chiller', style='normal', variant='normal', weight=400, stretch='normal', size='scalable')) = 10.05
2023-08-08 11:34:21 [DEBUG]: findfont: score(FontEntry(fname='C:\\Windows\\Fonts\\CASTELAR.TTF', name='Castellar', style='normal', variant='normal', weight=400, stretch='normal', size='scalable')) = 10.05
2023-08-08 11:34:21 [DEBUG]: findfont: score(FontEntry(fname='C:\\WINDOWS\\Fonts\\cambriab.ttf', name='Cambria', style='normal', variant='normal', weight=700, stretch='normal', size='scalable')) = 10.335
2023-08-08 11:34:21 [DEBUG]: findfont: score(FontEntry(fname='C:\\WINDOWS\\Fonts\\SIMLI.TTF', name='LiSu', style='normal', variant='normal', weight=400, stretch='normal', size='scalable')) = 10.05
2023-08-08 11:34:21 [DEBUG]: findfont: score(FontEntry(fname='C:\\Windows\\Fonts\\SCHLBKB.TTF', name='Century Schoolbook', style='normal', variant='normal', weight=700, stretch='normal', size='scalable')) = 10.335
2023-08-08 11:34:21 [DEBUG]: findfont: score(FontEntry(fname='C:\\WINDOWS\\Fonts\\BRLNSDB.TTF', name='Berlin Sans FB Demi', style='normal', variant='normal', weight=700, stretch='normal', size='scalable')) = 10.335
2023-08-08 11:34:21 [DEBUG]: findfont: score(FontEntry(fname='C:\\WINDOWS\\Fonts\\tahomabd.ttf', name='Tahoma', style='normal', variant='normal', weight=700, stretch='normal', size='scalable')) = 10.335
2023-08-08 11:34:21 [DEBUG]: findfont: score(FontEntry(fname='C:\\Windows\\Fonts\\GOUDOSI.TTF', name='Goudy Old Style', style='italic', variant='normal', weight=400, stretch='normal', size='scalable')) = 11.05
2023-08-08 11:34:21 [DEBUG]: findfont: score(FontEntry(fname='C:\\WINDOWS\\Fonts\\BOD_CI.TTF', name='Bodoni MT', style='italic', variant='normal', weight=400, stretch='condensed', size='scalable')) = 11.25
2023-08-08 11:34:21 [DEBUG]: findfont: score(FontEntry(fname='C:\\WINDOWS\\Fonts\\CURLZ___.TTF', name='Curlz MT', style='normal', variant='normal', weight=400, stretch='normal', size='scalable')) = 10.05
2023-08-08 11:34:21 [DEBUG]: findfont: score(FontEntry(fname='C:\\WINDOWS\\Fonts\\PLAYBILL.TTF', name='Playbill', style='normal', variant='normal', weight=400, stretch='normal', size='scalable')) = 10.05
2023-08-08 11:34:21 [DEBUG]: findfont: score(FontEntry(fname='C:\\Windows\\Fonts\\DUBAI-LIGHT.TTF', name='Dubai', style='normal', variant='normal', weight=300, stretch='normal', size='scalable')) = 10.145
2023-08-08 11:34:21 [DEBUG]: findfont: score(FontEntry(fname='C:\\Windows\\Fonts\\MSUIGHUB.TTF', name='Microsoft Uighur', style='normal', variant='normal', weight=700, stretch='normal', size='scalable')) = 10.335
2023-08-08 11:34:21 [DEBUG]: findfont: score(FontEntry(fname='C:\\WINDOWS\\Fonts\\LFAXI.TTF', name='Lucida Fax', style='italic', variant='normal', weight=400, stretch='normal', size='scalable')) = 11.05
2023-08-08 11:34:21 [DEBUG]: findfont: score(FontEntry(fname='C:\\WINDOWS\\Fonts\\simkai.ttf', name='KaiTi', style='normal', variant='normal', weight=400, stretch='normal', size='scalable')) = 10.05
2023-08-08 11:34:21 [DEBUG]: findfont: score(FontEntry(fname='C:\\WINDOWS\\Fonts\\TCCEB.TTF', name='Tw Cen MT Condensed Extra Bold', style='normal', variant='normal', weight=400, stretch='condensed', size='scalable')) = 10.25
2023-08-08 11:34:21 [DEBUG]: findfont: score(FontEntry(fname='C:\\Windows\\Fonts\\ENGR.TTF', name='Engravers MT', style='normal', variant='normal', weight=500, stretch='normal', size='scalable')) = 10.145
2023-08-08 11:34:21 [DEBUG]: findfont: score(FontEntry(fname='C:\\Windows\\Fonts\\arialbi.ttf', name='Arial', style='italic', variant='normal', weight=700, stretch='normal', size='scalable')) = 1.335
2023-08-08 11:34:21 [DEBUG]: findfont: score(FontEntry(fname='C:\\Windows\\Fonts\\ebrima.ttf', name='Ebrima', style='normal', variant='normal', weight=400, stretch='normal', size='scalable')) = 10.05
2023-08-08 11:34:21 [DEBUG]: findfont: score(FontEntry(fname='C:\\WINDOWS\\Fonts\\BOOKOSBI.TTF', name='Bookman Old Style', style='italic', variant='normal', weight=600, stretch='normal', size='scalable')) = 11.24
2023-08-08 11:34:21 [DEBUG]: findfont: score(FontEntry(fname='C:\\WINDOWS\\Fonts\\Candarab.ttf', name='Candara', style='normal', variant='normal', weight=700, stretch='normal', size='scalable')) = 10.335
2023-08-08 11:34:21 [DEBUG]: findfont: score(FontEntry(fname='C:\\Windows\\Fonts\\BELL.TTF', name='Bell MT', style='normal', variant='normal', weight=400, stretch='normal', size='scalable')) = 10.05
2023-08-08 11:34:21 [DEBUG]: findfont: score(FontEntry(fname='C:\\Windows\\Fonts\\LSANSI.TTF', name='Lucida Sans', style='italic', variant='normal', weight=400, stretch='normal', size='scalable')) = 11.05
2023-08-08 11:34:21 [DEBUG]: findfont: score(FontEntry(fname='C:\\WINDOWS\\Fonts\\ariali.ttf', name='Arial', style='italic', variant='normal', weight=400, stretch='normal', size='scalable')) = 1.05
2023-08-08 11:34:21 [DEBUG]: findfont: score(FontEntry(fname='C:\\WINDOWS\\Fonts\\LeelUIsl.ttf', name='Leelawadee UI', style='normal', variant='normal', weight=350, stretch='normal', size='scalable')) = 10.0975
2023-08-08 11:34:21 [DEBUG]: findfont: score(FontEntry(fname='C:\\WINDOWS\\Fonts\\comicz.ttf', name='Comic Sans MS', style='italic', variant='normal', weight=700, stretch='normal', size='scalable')) = 11.335
2023-08-08 11:34:21 [DEBUG]: findfont: score(FontEntry(fname='C:\\Windows\\Fonts\\calibril.ttf', name='Calibri', style='normal', variant='normal', weight=300, stretch='normal', size='scalable')) = 10.145
2023-08-08 11:34:21 [DEBUG]: findfont: score(FontEntry(fname='C:\\Windows\\Fonts\\TCCB____.TTF', name='Tw Cen MT Condensed', style='normal', variant='normal', weight=700, stretch='condensed', size='scalable')) = 10.535
2023-08-08 11:34:21 [DEBUG]: findfont: score(FontEntry(fname='C:\\Windows\\Fonts\\calibrii.ttf', name='Calibri', style='italic', variant='normal', weight=400, stretch='normal', size='scalable')) = 11.05
2023-08-08 11:34:21 [DEBUG]: findfont: score(FontEntry(fname='C:\\Windows\\Fonts\\ARLRDBD.TTF', name='Arial Rounded MT Bold', style='normal', variant='normal', weight=400, stretch='normal', size='scalable')) = 10.05
2023-08-08 11:34:21 [DEBUG]: findfont: score(FontEntry(fname='C:\\Windows\\Fonts\\MOD20.TTF', name='Modern No. 20', style='normal', variant='normal', weight=400, stretch='normal', size='scalable')) = 10.05
2023-08-08 11:34:21 [DEBUG]: findfont: score(FontEntry(fname='C:\\Windows\\Fonts\\SCHLBKBI.TTF', name='Century Schoolbook', style='italic', variant='normal', weight=700, stretch='normal', size='scalable')) = 11.335
2023-08-08 11:34:21 [DEBUG]: findfont: score(FontEntry(fname='C:\\Windows\\Fonts\\monbaiti.ttf', name='Mongolian Baiti', style='normal', variant='normal', weight=400, stretch='normal', size='scalable')) = 10.05
2023-08-08 11:34:21 [DEBUG]: findfont: score(FontEntry(fname='C:\\WINDOWS\\Fonts\\GLSNECB.TTF', name='Gill Sans MT Ext Condensed Bold', style='normal', variant='normal', weight=400, stretch='condensed', size='scalable')) = 10.25
2023-08-08 11:34:21 [DEBUG]: findfont: score(FontEntry(fname='C:\\WINDOWS\\Fonts\\ONYX.TTF', name='Onyx', style='normal', variant='normal', weight=400, stretch='normal', size='scalable')) = 10.05
2023-08-08 11:34:21 [DEBUG]: findfont: score(FontEntry(fname='C:\\Windows\\Fonts\\phagspab.ttf', name='Microsoft PhagsPa', style='normal', variant='normal', weight=700, stretch='normal', size='scalable')) = 10.335
2023-08-08 11:34:21 [DEBUG]: findfont: score(FontEntry(fname='C:\\WINDOWS\\Fonts\\calibrib.ttf', name='Calibri', style='normal', variant='normal', weight=700, stretch='normal', size='scalable')) = 10.335
2023-08-08 11:34:21 [DEBUG]: findfont: score(FontEntry(fname='C:\\WINDOWS\\Fonts\\BELLI.TTF', name='Bell MT', style='italic', variant='normal', weight=400, stretch='normal', size='scalable')) = 11.05
2023-08-08 11:34:21 [DEBUG]: findfont: score(FontEntry(fname='C:\\WINDOWS\\Fonts\\ROCKEB.TTF', name='Rockwell Extra Bold', style='normal', variant='normal', weight=800, stretch='normal', size='scalable')) = 10.43
2023-08-08 11:34:21 [DEBUG]: findfont: score(FontEntry(fname='C:\\WINDOWS\\Fonts\\ROCC____.TTF', name='Rockwell Condensed', style='normal', variant='normal', weight=400, stretch='condensed', size='scalable')) = 10.25
2023-08-08 11:34:21 [DEBUG]: findfont: score(FontEntry(fname='C:\\Windows\\Fonts\\GILSANUB.TTF', name='Gill Sans Ultra Bold', style='normal', variant='normal', weight=400, stretch='normal', size='scalable')) = 10.05
2023-08-08 11:34:21 [DEBUG]: findfont: score(FontEntry(fname='C:\\WINDOWS\\Fonts\\TCCM____.TTF', name='Tw Cen MT Condensed', style='normal', variant='normal', weight=400, stretch='condensed', size='scalable')) = 10.25
2023-08-08 11:34:21 [DEBUG]: findfont: score(FontEntry(fname='C:\\Windows\\Fonts\\corbeli.ttf', name='Corbel', style='italic', variant='normal', weight=400, stretch='normal', size='scalable')) = 11.05
2023-08-08 11:34:21 [DEBUG]: findfont: score(FontEntry(fname='C:\\WINDOWS\\Fonts\\BKANT.TTF', name='Book Antiqua', style='normal', variant='normal', weight=400, stretch='normal', size='scalable')) = 10.05
2023-08-08 11:34:21 [DEBUG]: findfont: score(FontEntry(fname='C:\\WINDOWS\\Fonts\\lucon.ttf', name='Lucida Console', style='normal', variant='normal', weight=400, stretch='normal', size='scalable')) = 10.05
2023-08-08 11:34:21 [DEBUG]: findfont: score(FontEntry(fname='C:\\Windows\\Fonts\\times.ttf', name='Times New Roman', style='normal', variant='normal', weight=400, stretch='normal', size='scalable')) = 10.05
2023-08-08 11:34:21 [DEBUG]: findfont: score(FontEntry(fname='C:\\Windows\\Fonts\\HARNGTON.TTF', name='Harrington', style='normal', variant='normal', weight=400, stretch='normal', size='scalable')) = 10.05
2023-08-08 11:34:21 [DEBUG]: findfont: score(FontEntry(fname='C:\\Windows\\Fonts\\BOD_CB.TTF', name='Bodoni MT', style='normal', variant='normal', weight=700, stretch='condensed', size='scalable')) = 10.535
2023-08-08 11:34:21 [DEBUG]: findfont: score(FontEntry(fname='C:\\WINDOWS\\Fonts\\HARNGTON.TTF', name='Harrington', style='normal', variant='normal', weight=400, stretch='normal', size='scalable')) = 10.05
2023-08-08 11:34:21 [DEBUG]: findfont: score(FontEntry(fname='C:\\Windows\\Fonts\\consolab.ttf', name='Consolas', style='normal', variant='normal', weight=700, stretch='normal', size='scalable')) = 10.335
2023-08-08 11:34:21 [DEBUG]: findfont: score(FontEntry(fname='C:\\Windows\\Fonts\\ANTQUAI.TTF', name='Book Antiqua', style='italic', variant='normal', weight=400, stretch='normal', size='scalable')) = 11.05
2023-08-08 11:34:21 [DEBUG]: findfont: score(FontEntry(fname='C:\\WINDOWS\\Fonts\\verdana.ttf', name='Verdana', style='normal', variant='normal', weight=400, stretch='normal', size='scalable')) = 10.05
2023-08-08 11:34:21 [DEBUG]: findfont: score(FontEntry(fname='C:\\WINDOWS\\Fonts\\framd.ttf', name='Franklin Gothic Medium', style='normal', variant='normal', weight=400, stretch='normal', size='scalable')) = 10.05
2023-08-08 11:34:21 [DEBUG]: findfont: score(FontEntry(fname='C:\\Windows\\Fonts\\cambriaz.ttf', name='Cambria', style='italic', variant='normal', weight=700, stretch='normal', size='scalable')) = 11.335
2023-08-08 11:34:21 [DEBUG]: findfont: score(FontEntry(fname='C:\\WINDOWS\\Fonts\\CALIFI.TTF', name='Californian FB', style='italic', variant='normal', weight=400, stretch='normal', size='scalable')) = 11.05
2023-08-08 11:34:21 [DEBUG]: findfont: score(FontEntry(fname='C:\\WINDOWS\\Fonts\\SIMYOU.TTF', name='YouYuan', style='normal', variant='normal', weight=400, stretch='normal', size='scalable')) = 10.05
2023-08-08 11:34:21 [DEBUG]: findfont: score(FontEntry(fname='C:\\WINDOWS\\Fonts\\ALGER.TTF', name='Algerian', style='normal', variant='normal', weight=400, stretch='normal', size='scalable')) = 10.05
2023-08-08 11:34:21 [DEBUG]: findfont: score(FontEntry(fname='C:\\WINDOWS\\Fonts\\msgothic.ttc', name='MS Gothic', style='normal', variant='normal', weight=400, stretch='normal', size='scalable')) = 10.05
2023-08-08 11:34:21 [DEBUG]: findfont: score(FontEntry(fname='C:\\Windows\\Fonts\\LeelaUIb.ttf', name='Leelawadee UI', style='normal', variant='normal', weight=700, stretch='normal', size='scalable')) = 10.335
2023-08-08 11:34:21 [DEBUG]: findfont: score(FontEntry(fname='C:\\WINDOWS\\Fonts\\BRLNSR.TTF', name='Berlin Sans FB', style='normal', variant='normal', weight=400, stretch='normal', size='scalable')) = 10.05
2023-08-08 11:34:21 [DEBUG]: findfont: score(FontEntry(fname='C:\\Windows\\Fonts\\PERI____.TTF', name='Perpetua', style='italic', variant='normal', weight=400, stretch='normal', size='scalable')) = 11.05
2023-08-08 11:34:21 [DEBUG]: findfont: score(FontEntry(fname='C:\\WINDOWS\\Fonts\\PALSCRI.TTF', name='Palace Script MT', style='normal', variant='normal', weight=400, stretch='normal', size='scalable')) = 10.05
2023-08-08 11:34:21 [DEBUG]: findfont: score(FontEntry(fname='C:\\Windows\\Fonts\\Inkfree.ttf', name='Ink Free', style='normal', variant='normal', weight=400, stretch='normal', size='scalable')) = 10.05
2023-08-08 11:34:21 [DEBUG]: findfont: score(FontEntry(fname='C:\\Windows\\Fonts\\SitkaZ.ttc', name='Sitka Small', style='italic', variant='normal', weight=700, stretch='normal', size='scalable')) = 11.335
2023-08-08 11:34:21 [DEBUG]: findfont: score(FontEntry(fname='C:\\WINDOWS\\Fonts\\comic.ttf', name='Comic Sans MS', style='normal', variant='normal', weight=400, stretch='normal', size='scalable')) = 10.05
2023-08-08 11:34:21 [DEBUG]: findfont: score(FontEntry(fname='C:\\Windows\\Fonts\\trebuc.ttf', name='Trebuchet MS', style='normal', variant='normal', weight=400, stretch='normal', size='scalable')) = 10.05
2023-08-08 11:34:21 [DEBUG]: findfont: score(FontEntry(fname='C:\\WINDOWS\\Fonts\\GOTHIC.TTF', name='Century Gothic', style='normal', variant='normal', weight=400, stretch='normal', size='scalable')) = 10.05
2023-08-08 11:34:21 [DEBUG]: findfont: score(FontEntry(fname='C:\\WINDOWS\\Fonts\\mvboli.ttf', name='MV Boli', style='normal', variant='normal', weight=400, stretch='normal', size='scalable')) = 10.05
2023-08-08 11:34:21 [DEBUG]: findfont: score(FontEntry(fname='C:\\WINDOWS\\Fonts\\GOTHICBI.TTF', name='Century Gothic', style='italic', variant='normal', weight=700, stretch='normal', size='scalable')) = 11.335
2023-08-08 11:34:21 [DEBUG]: findfont: score(FontEntry(fname='C:\\Windows\\Fonts\\GOTHIC.TTF', name='Century Gothic', style='normal', variant='normal', weight=400, stretch='normal', size='scalable')) = 10.05
2023-08-08 11:34:21 [DEBUG]: findfont: score(FontEntry(fname='C:\\Windows\\Fonts\\BOD_B.TTF', name='Bodoni MT', style='normal', variant='normal', weight=700, stretch='normal', size='scalable')) = 10.335
2023-08-08 11:34:21 [DEBUG]: findfont: score(FontEntry(fname='C:\\WINDOWS\\Fonts\\Gabriola.ttf', name='Gabriola', style='normal', variant='normal', weight=400, stretch='normal', size='scalable')) = 10.05
2023-08-08 11:34:21 [DEBUG]: findfont: score(FontEntry(fname='C:\\WINDOWS\\Fonts\\seguili.ttf', name='Segoe UI', style='italic', variant='normal', weight=300, stretch='normal', size='scalable')) = 11.145
2023-08-08 11:34:21 [DEBUG]: findfont: score(FontEntry(fname='C:\\Windows\\Fonts\\FRADMCN.TTF', name='Franklin Gothic Demi Cond', style='normal', variant='normal', weight=400, stretch='condensed', size='scalable')) = 10.25
2023-08-08 11:34:21 [DEBUG]: findfont: score(FontEntry(fname='C:\\WINDOWS\\Fonts\\DUBAI-MEDIUM.TTF', name='Dubai', style='normal', variant='normal', weight=500, stretch='normal', size='scalable')) = 10.145
2023-08-08 11:34:21 [DEBUG]: findfont: score(FontEntry(fname='C:\\WINDOWS\\Fonts\\NIAGENG.TTF', name='Niagara Engraved', style='normal', variant='normal', weight=400, stretch='normal', size='scalable')) = 10.05
2023-08-08 11:34:21 [DEBUG]: findfont: score(FontEntry(fname='C:\\Windows\\Fonts\\javatext.ttf', name='Javanese Text', style='normal', variant='normal', weight=400, stretch='normal', size='scalable')) = 10.05
2023-08-08 11:34:21 [DEBUG]: findfont: score(FontEntry(fname='C:\\WINDOWS\\Fonts\\trebucbi.ttf', name='Trebuchet MS', style='italic', variant='normal', weight=700, stretch='normal', size='scalable')) = 11.335
2023-08-08 11:34:21 [DEBUG]: findfont: score(FontEntry(fname='C:\\Windows\\Fonts\\STFANGSO.TTF', name='STFangsong', style='normal', variant='normal', weight=400, stretch='normal', size='scalable')) = 10.05
2023-08-08 11:34:21 [DEBUG]: findfont: score(FontEntry(fname='C:\\Windows\\Fonts\\TCCM____.TTF', name='Tw Cen MT Condensed', style='normal', variant='normal', weight=400, stretch='condensed', size='scalable')) = 10.25
2023-08-08 11:34:21 [DEBUG]: findfont: score(FontEntry(fname='C:\\WINDOWS\\Fonts\\STXINWEI.TTF', name='STXinwei', style='normal', variant='normal', weight=400, stretch='normal', size='scalable')) = 10.05
2023-08-08 11:34:21 [DEBUG]: findfont: score(FontEntry(fname='C:\\WINDOWS\\Fonts\\taileb.ttf', name='Microsoft Tai Le', style='normal', variant='normal', weight=700, stretch='normal', size='scalable')) = 10.335
2023-08-08 11:34:21 [DEBUG]: findfont: score(FontEntry(fname='C:\\WINDOWS\\Fonts\\BOD_BLAR.TTF', name='Bodoni MT', style='normal', variant='normal', weight=900, stretch='normal', size='scalable')) = 10.525
2023-08-08 11:34:21 [DEBUG]: findfont: score(FontEntry(fname='C:\\Windows\\Fonts\\BOD_CR.TTF', name='Bodoni MT', style='normal', variant='normal', weight=400, stretch='condensed', size='scalable')) = 10.25
2023-08-08 11:34:21 [DEBUG]: findfont: score(FontEntry(fname='C:\\Windows\\Fonts\\INFROMAN.TTF', name='Informal Roman', style='normal', variant='normal', weight=400, stretch='normal', size='scalable')) = 10.05
2023-08-08 11:34:21 [DEBUG]: findfont: score(FontEntry(fname='C:\\WINDOWS\\Fonts\\FZSTK.TTF', name='FZShuTi', style='normal', variant='normal', weight=400, stretch='normal', size='scalable')) = 10.05
2023-08-08 11:34:21 [DEBUG]: findfont: score(FontEntry(fname='C:\\WINDOWS\\Fonts\\CENSCBK.TTF', name='Century Schoolbook', style='normal', variant='normal', weight=400, stretch='normal', size='scalable')) = 10.05
2023-08-08 11:34:21 [DEBUG]: findfont: score(FontEntry(fname='C:\\Windows\\Fonts\\msjh.ttc', name='Microsoft JhengHei', style='normal', variant='normal', weight=400, stretch='normal', size='scalable')) = 10.05
2023-08-08 11:34:21 [DEBUG]: findfont: score(FontEntry(fname='C:\\WINDOWS\\Fonts\\cambriai.ttf', name='Cambria', style='italic', variant='normal', weight=400, stretch='normal', size='scalable')) = 11.05
2023-08-08 11:34:21 [DEBUG]: findfont: score(FontEntry(fname='C:\\Windows\\Fonts\\ROCCB___.TTF', name='Rockwell Condensed', style='normal', variant='normal', weight=700, stretch='condensed', size='scalable')) = 10.535
2023-08-08 11:34:21 [DEBUG]: findfont: score(FontEntry(fname='C:\\WINDOWS\\Fonts\\courbi.ttf', name='Courier New', style='italic', variant='normal', weight=700, stretch='normal', size='scalable')) = 11.335
2023-08-08 11:34:21 [DEBUG]: findfont: score(FontEntry(fname='C:\\Windows\\Fonts\\GIL_____.TTF', name='Gill Sans MT', style='normal', variant='normal', weight=400, stretch='normal', size='scalable')) = 10.05
2023-08-08 11:34:21 [DEBUG]: findfont: score(FontEntry(fname='C:\\WINDOWS\\Fonts\\ARIALN.TTF', name='Arial', style='normal', variant='normal', weight=400, stretch='condensed', size='scalable')) = 0.25
2023-08-08 11:34:21 [DEBUG]: findfont: score(FontEntry(fname='C:\\WINDOWS\\Fonts\\STHUPO.TTF', name='STHupo', style='normal', variant='normal', weight=400, stretch='normal', size='scalable')) = 10.05
2023-08-08 11:34:21 [DEBUG]: findfont: score(FontEntry(fname='C:\\Windows\\Fonts\\consola.ttf', name='Consolas', style='normal', variant='normal', weight=400, stretch='normal', size='scalable')) = 10.05
2023-08-08 11:34:21 [DEBUG]: findfont: score(FontEntry(fname='C:\\Windows\\Fonts\\seguisbi.ttf', name='Segoe UI', style='italic', variant='normal', weight=600, stretch='normal', size='scalable')) = 11.24
2023-08-08 11:34:21 [DEBUG]: findfont: score(FontEntry(fname='C:\\WINDOWS\\Fonts\\malgunsl.ttf', name='Malgun Gothic', style='normal', variant='normal', weight=300, stretch='normal', size='scalable')) = 10.145
2023-08-08 11:34:21 [DEBUG]: findfont: score(FontEntry(fname='C:\\Windows\\Fonts\\REFSPCL.TTF', name='MS Reference Specialty', style='normal', variant='normal', weight=400, stretch='normal', size='scalable')) = 10.05
2023-08-08 11:34:21 [DEBUG]: findfont: score(FontEntry(fname='C:\\WINDOWS\\Fonts\\OLDENGL.TTF', name='Old English Text MT', style='normal', variant='normal', weight=400, stretch='normal', size='scalable')) = 10.05
2023-08-08 11:34:21 [DEBUG]: findfont: score(FontEntry(fname='C:\\WINDOWS\\Fonts\\LSANSDI.TTF', name='Lucida Sans', style='italic', variant='normal', weight=600, stretch='normal', size='scalable')) = 11.24
2023-08-08 11:34:21 [DEBUG]: findfont: score(FontEntry(fname='C:\\WINDOWS\\Fonts\\pala.ttf', name='Palatino Linotype', style='normal', variant='normal', weight=400, stretch='normal', size='scalable')) = 10.05
2023-08-08 11:34:21 [DEBUG]: findfont: score(FontEntry(fname='C:\\Windows\\Fonts\\simkai.ttf', name='KaiTi', style='normal', variant='normal', weight=400, stretch='normal', size='scalable')) = 10.05
2023-08-08 11:34:21 [DEBUG]: findfont: score(FontEntry(fname='C:\\Windows\\Fonts\\trebucit.ttf', name='Trebuchet MS', style='italic', variant='normal', weight=400, stretch='normal', size='scalable')) = 11.05
2023-08-08 11:34:21 [DEBUG]: findfont: score(FontEntry(fname='C:\\WINDOWS\\Fonts\\phagspa.ttf', name='Microsoft PhagsPa', style='normal', variant='normal', weight=400, stretch='normal', size='scalable')) = 10.05
2023-08-08 11:34:21 [DEBUG]: findfont: score(FontEntry(fname='C:\\Windows\\Fonts\\BOOKOS.TTF', name='Bookman Old Style', style='normal', variant='normal', weight=300, stretch='normal', size='scalable')) = 10.145
2023-08-08 11:34:21 [DEBUG]: findfont: score(FontEntry(fname='C:\\WINDOWS\\Fonts\\constanb.ttf', name='Constantia', style='normal', variant='normal', weight=700, stretch='normal', size='scalable')) = 10.335
2023-08-08 11:34:21 [DEBUG]: findfont: score(FontEntry(fname='C:\\Windows\\Fonts\\comicbd.ttf', name='Comic Sans MS', style='normal', variant='normal', weight=700, stretch='normal', size='scalable')) = 10.335
2023-08-08 11:34:21 [DEBUG]: findfont: score(FontEntry(fname='C:\\WINDOWS\\Fonts\\webdings.ttf', name='Webdings', style='normal', variant='normal', weight=400, stretch='normal', size='scalable')) = 10.05
2023-08-08 11:34:21 [DEBUG]: findfont: score(FontEntry(fname='C:\\WINDOWS\\Fonts\\FRADM.TTF', name='Franklin Gothic Demi', style='normal', variant='normal', weight=400, stretch='normal', size='scalable')) = 10.05
2023-08-08 11:34:21 [DEBUG]: findfont: score(FontEntry(fname='C:\\WINDOWS\\Fonts\\CALISTBI.TTF', name='Calisto MT', style='italic', variant='normal', weight=700, stretch='normal', size='scalable')) = 11.335
2023-08-08 11:34:21 [DEBUG]: findfont: score(FontEntry(fname='C:\\Windows\\Fonts\\BERNHC.TTF', name='Bernard MT Condensed', style='normal', variant='normal', weight=400, stretch='condensed', size='scalable')) = 10.25
2023-08-08 11:34:21 [DEBUG]: findfont: score(FontEntry(fname='C:\\WINDOWS\\Fonts\\FRABK.TTF', name='Franklin Gothic Book', style='normal', variant='normal', weight=400, stretch='normal', size='scalable')) = 10.05
2023-08-08 11:34:21 [DEBUG]: findfont: score(FontEntry(fname='C:\\Windows\\Fonts\\ntailu.ttf', name='Microsoft New Tai Lue', style='normal', variant='normal', weight=400, stretch='normal', size='scalable')) = 10.05
2023-08-08 11:34:21 [DEBUG]: findfont: score(FontEntry(fname='C:\\Windows\\Fonts\\GIGI.TTF', name='Gigi', style='normal', variant='normal', weight=400, stretch='normal', size='scalable')) = 10.05
2023-08-08 11:34:21 [DEBUG]: findfont: score(FontEntry(fname='C:\\Windows\\Fonts\\malgunsl.ttf', name='Malgun Gothic', style='normal', variant='normal', weight=300, stretch='normal', size='scalable')) = 10.145
2023-08-08 11:34:21 [DEBUG]: findfont: score(FontEntry(fname='C:\\Windows\\Fonts\\CHILLER.TTF', name='Chiller', style='normal', variant='normal', weight=400, stretch='normal', size='scalable')) = 10.05
2023-08-08 11:34:21 [DEBUG]: findfont: score(FontEntry(fname='C:\\Windows\\Fonts\\msyi.ttf', name='Microsoft Yi Baiti', style='normal', variant='normal', weight=400, stretch='normal', size='scalable')) = 10.05
2023-08-08 11:34:21 [DEBUG]: findfont: score(FontEntry(fname='C:\\WINDOWS\\Fonts\\PERB____.TTF', name='Perpetua', style='normal', variant='normal', weight=700, stretch='normal', size='scalable')) = 10.335
2023-08-08 11:34:21 [DEBUG]: findfont: score(FontEntry(fname='C:\\Windows\\Fonts\\himalaya.ttf', name='Microsoft Himalaya', style='normal', variant='normal', weight=400, stretch='normal', size='scalable')) = 10.05
2023-08-08 11:34:21 [DEBUG]: findfont: score(FontEntry(fname='C:\\WINDOWS\\Fonts\\HATTEN.TTF', name='Haettenschweiler', style='normal', variant='normal', weight=400, stretch='normal', size='scalable')) = 10.05
2023-08-08 11:34:21 [DEBUG]: findfont: score(FontEntry(fname='C:\\Windows\\Fonts\\CALIFI.TTF', name='Californian FB', style='italic', variant='normal', weight=400, stretch='normal', size='scalable')) = 11.05
2023-08-08 11:34:21 [DEBUG]: findfont: score(FontEntry(fname='C:\\WINDOWS\\Fonts\\gadugib.ttf', name='Gadugi', style='normal', variant='normal', weight=700, stretch='normal', size='scalable')) = 10.335
2023-08-08 11:34:21 [DEBUG]: findfont: score(FontEntry(fname='C:\\WINDOWS\\Fonts\\ERASMD.TTF', name='Eras Medium ITC', style='normal', variant='normal', weight=400, stretch='normal', size='scalable')) = 10.05
2023-08-08 11:34:21 [DEBUG]: findfont: score(FontEntry(fname='C:\\Windows\\Fonts\\TEMPSITC.TTF', name='Tempus Sans ITC', style='normal', variant='normal', weight=400, stretch='normal', size='scalable')) = 10.05
2023-08-08 11:34:21 [DEBUG]: findfont: score(FontEntry(fname='C:\\Windows\\Fonts\\STSONG.TTF', name='STSong', style='normal', variant='normal', weight=400, stretch='normal', size='scalable')) = 10.05
2023-08-08 11:34:21 [DEBUG]: findfont: score(FontEntry(fname='C:\\WINDOWS\\Fonts\\LTYPEO.TTF', name='Lucida Sans Typewriter', style='oblique', variant='normal', weight=400, stretch='normal', size='scalable')) = 11.05
2023-08-08 11:34:21 [DEBUG]: findfont: score(FontEntry(fname='C:\\WINDOWS\\Fonts\\segoescb.ttf', name='Segoe Script', style='normal', variant='normal', weight=700, stretch='normal', size='scalable')) = 10.335
2023-08-08 11:34:21 [DEBUG]: findfont: score(FontEntry(fname='C:\\WINDOWS\\Fonts\\segoesc.ttf', name='Segoe Script', style='normal', variant='normal', weight=400, stretch='normal', size='scalable')) = 10.05
2023-08-08 11:34:21 [DEBUG]: findfont: score(FontEntry(fname='C:\\WINDOWS\\Fonts\\CALIFB.TTF', name='Californian FB', style='normal', variant='normal', weight=700, stretch='normal', size='scalable')) = 10.335
2023-08-08 11:34:21 [DEBUG]: findfont: score(FontEntry(fname='C:\\Windows\\Fonts\\ebrimabd.ttf', name='Ebrima', style='normal', variant='normal', weight=700, stretch='normal', size='scalable')) = 10.335
2023-08-08 11:34:21 [DEBUG]: findfont: score(FontEntry(fname='C:\\Windows\\Fonts\\BRITANIC.TTF', name='Britannic Bold', style='normal', variant='normal', weight=400, stretch='normal', size='scalable')) = 10.05
2023-08-08 11:34:21 [DEBUG]: findfont: score(FontEntry(fname='C:\\WINDOWS\\Fonts\\STZHONGS.TTF', name='STZhongsong', style='normal', variant='normal', weight=400, stretch='normal', size='scalable')) = 10.05
2023-08-08 11:34:21 [DEBUG]: findfont: score(FontEntry(fname='C:\\WINDOWS\\Fonts\\calibriz.ttf', name='Calibri', style='italic', variant='normal', weight=700, stretch='normal', size='scalable')) = 11.335
2023-08-08 11:34:21 [DEBUG]: findfont: score(FontEntry(fname='C:\\WINDOWS\\Fonts\\segoeuisl.ttf', name='Segoe UI', style='normal', variant='normal', weight=350, stretch='normal', size='scalable')) = 10.0975
2023-08-08 11:34:21 [DEBUG]: findfont: score(FontEntry(fname='C:\\Windows\\Fonts\\STXINGKA.TTF', name='STXingkai', style='normal', variant='normal', weight=400, stretch='normal', size='scalable')) = 10.05
2023-08-08 11:34:21 [DEBUG]: findfont: score(FontEntry(fname='C:\\Windows\\Fonts\\malgun.ttf', name='Malgun Gothic', style='normal', variant='normal', weight=400, stretch='normal', size='scalable')) = 10.05
2023-08-08 11:34:21 [DEBUG]: findfont: score(FontEntry(fname='C:\\WINDOWS\\Fonts\\MOD20.TTF', name='Modern No. 20', style='normal', variant='normal', weight=400, stretch='normal', size='scalable')) = 10.05
2023-08-08 11:34:21 [DEBUG]: findfont: score(FontEntry(fname='C:\\WINDOWS\\Fonts\\FRAHV.TTF', name='Franklin Gothic Heavy', style='normal', variant='normal', weight=400, stretch='normal', size='scalable')) = 10.05
2023-08-08 11:34:21 [DEBUG]: findfont: score(FontEntry(fname='C:\\Windows\\Fonts\\symbol.ttf', name='Symbol', style='normal', variant='normal', weight=400, stretch='normal', size='scalable')) = 10.05
2023-08-08 11:34:21 [DEBUG]: findfont: score(FontEntry(fname='C:\\Windows\\Fonts\\PALSCRI.TTF', name='Palace Script MT', style='normal', variant='normal', weight=400, stretch='normal', size='scalable')) = 10.05
2023-08-08 11:34:21 [DEBUG]: findfont: score(FontEntry(fname='C:\\WINDOWS\\Fonts\\COLONNA.TTF', name='Colonna MT', style='normal', variant='normal', weight=400, stretch='normal', size='scalable')) = 10.05
2023-08-08 11:34:21 [DEBUG]: findfont: score(FontEntry(fname='C:\\WINDOWS\\Fonts\\VIVALDII.TTF', name='Vivaldi', style='italic', variant='normal', weight=400, stretch='normal', size='scalable')) = 11.05
2023-08-08 11:34:21 [DEBUG]: findfont: score(FontEntry(fname='C:\\Windows\\Fonts\\IMPRISHA.TTF', name='Imprint MT Shadow', style='normal', variant='normal', weight=400, stretch='normal', size='scalable')) = 10.05
2023-08-08 11:34:21 [DEBUG]: findfont: score(FontEntry(fname='C:\\WINDOWS\\Fonts\\segoeuil.ttf', name='Segoe UI', style='normal', variant='normal', weight=300, stretch='normal', size='scalable')) = 10.145
2023-08-08 11:34:21 [DEBUG]: findfont: score(FontEntry(fname='C:\\Windows\\Fonts\\taileb.ttf', name='Microsoft Tai Le', style='normal', variant='normal', weight=700, stretch='normal', size='scalable')) = 10.335
2023-08-08 11:34:21 [DEBUG]: findfont: score(FontEntry(fname='C:\\WINDOWS\\Fonts\\PER_____.TTF', name='Perpetua', style='normal', variant='normal', weight=400, stretch='normal', size='scalable')) = 10.05
2023-08-08 11:34:21 [DEBUG]: findfont: score(FontEntry(fname='C:\\WINDOWS\\Fonts\\IMPRISHA.TTF', name='Imprint MT Shadow', style='normal', variant='normal', weight=400, stretch='normal', size='scalable')) = 10.05
2023-08-08 11:34:21 [DEBUG]: findfont: score(FontEntry(fname='C:\\Windows\\Fonts\\LFAXD.TTF', name='Lucida Fax', style='normal', variant='normal', weight=600, stretch='normal', size='scalable')) = 10.24
2023-08-08 11:34:21 [DEBUG]: findfont: score(FontEntry(fname='C:\\Windows\\Fonts\\SCHLBKI.TTF', name='Century Schoolbook', style='italic', variant='normal', weight=400, stretch='normal', size='scalable')) = 11.05
2023-08-08 11:34:21 [DEBUG]: findfont: score(FontEntry(fname='C:\\Windows\\Fonts\\segmdl2.ttf', name='Segoe MDL2 Assets', style='normal', variant='normal', weight=400, stretch='normal', size='scalable')) = 10.05
2023-08-08 11:34:21 [DEBUG]: findfont: score(FontEntry(fname='C:\\WINDOWS\\Fonts\\BOD_BLAI.TTF', name='Bodoni MT', style='italic', variant='normal', weight=900, stretch='normal', size='scalable')) = 11.525
2023-08-08 11:34:21 [DEBUG]: findfont: score(FontEntry(fname='C:\\WINDOWS\\Fonts\\monbaiti.ttf', name='Mongolian Baiti', style='normal', variant='normal', weight=400, stretch='normal', size='scalable')) = 10.05
2023-08-08 11:34:21 [DEBUG]: findfont: score(FontEntry(fname='C:\\WINDOWS\\Fonts\\MAGNETOB.TTF', name='Magneto', style='normal', variant='normal', weight=700, stretch='normal', size='scalable')) = 10.335
2023-08-08 11:34:21 [DEBUG]: findfont: score(FontEntry(fname='C:\\Windows\\Fonts\\STCAIYUN.TTF', name='STCaiyun', style='normal', variant='normal', weight=400, stretch='normal', size='scalable')) = 10.05
2023-08-08 11:34:21 [DEBUG]: findfont: score(FontEntry(fname='C:\\WINDOWS\\Fonts\\cambria.ttc', name='Cambria', style='normal', variant='normal', weight=400, stretch='normal', size='scalable')) = 10.05
2023-08-08 11:34:21 [DEBUG]: findfont: score(FontEntry(fname='C:\\WINDOWS\\Fonts\\seguihis.ttf', name='Segoe UI Historic', style='normal', variant='normal', weight=400, stretch='normal', size='scalable')) = 10.05
2023-08-08 11:34:21 [DEBUG]: findfont: score(FontEntry(fname='C:\\Windows\\Fonts\\ITCKRIST.TTF', name='Kristen ITC', style='normal', variant='normal', weight=400, stretch='normal', size='scalable')) = 10.05
2023-08-08 11:34:21 [DEBUG]: findfont: score(FontEntry(fname='C:\\Windows\\Fonts\\georgia.ttf', name='Georgia', style='normal', variant='normal', weight=400, stretch='normal', size='scalable')) = 10.05
2023-08-08 11:34:21 [DEBUG]: findfont: score(FontEntry(fname='C:\\Windows\\Fonts\\msyh.ttc', name='Microsoft YaHei', style='normal', variant='normal', weight=400, stretch='normal', size='scalable')) = 10.05
2023-08-08 11:34:21 [DEBUG]: findfont: score(FontEntry(fname='C:\\Windows\\Fonts\\trebucbi.ttf', name='Trebuchet MS', style='italic', variant='normal', weight=700, stretch='normal', size='scalable')) = 11.335
2023-08-08 11:34:21 [DEBUG]: findfont: score(FontEntry(fname='C:\\WINDOWS\\Fonts\\constan.ttf', name='Constantia', style='normal', variant='normal', weight=400, stretch='normal', size='scalable')) = 10.05
2023-08-08 11:34:21 [DEBUG]: findfont: score(FontEntry(fname='C:\\Windows\\Fonts\\Candara.ttf', name='Candara', style='normal', variant='normal', weight=400, stretch='normal', size='scalable')) = 10.05
2023-08-08 11:34:21 [DEBUG]: findfont: score(FontEntry(fname='C:\\WINDOWS\\Fonts\\ARIALNB.TTF', name='Arial', style='normal', variant='normal', weight=700, stretch='condensed', size='scalable')) = 0.5349999999999999
2023-08-08 11:34:21 [DEBUG]: findfont: score(FontEntry(fname='C:\\WINDOWS\\Fonts\\RAVIE.TTF', name='Ravie', style='normal', variant='normal', weight=400, stretch='normal', size='scalable')) = 10.05
2023-08-08 11:34:21 [DEBUG]: findfont: score(FontEntry(fname='C:\\Windows\\Fonts\\LFAXI.TTF', name='Lucida Fax', style='italic', variant='normal', weight=400, stretch='normal', size='scalable')) = 11.05
2023-08-08 11:34:21 [DEBUG]: findfont: score(FontEntry(fname='C:\\Windows\\Fonts\\MSUIGHUR.TTF', name='Microsoft Uighur', style='normal', variant='normal', weight=400, stretch='normal', size='scalable')) = 10.05
2023-08-08 11:34:21 [DEBUG]: findfont: score(FontEntry(fname='C:\\WINDOWS\\Fonts\\wingding.ttf', name='Wingdings', style='normal', variant='normal', weight=400, stretch='normal', size='scalable')) = 10.05
2023-08-08 11:34:21 [DEBUG]: findfont: score(FontEntry(fname='C:\\Windows\\Fonts\\RAVIE.TTF', name='Ravie', style='normal', variant='normal', weight=400, stretch='normal', size='scalable')) = 10.05
2023-08-08 11:34:21 [DEBUG]: findfont: score(FontEntry(fname='C:\\Windows\\Fonts\\LSANSDI.TTF', name='Lucida Sans', style='italic', variant='normal', weight=600, stretch='normal', size='scalable')) = 11.24
2023-08-08 11:34:21 [DEBUG]: findfont: score(FontEntry(fname='C:\\WINDOWS\\Fonts\\georgiab.ttf', name='Georgia', style='normal', variant='normal', weight=700, stretch='normal', size='scalable')) = 10.335
2023-08-08 11:34:21 [DEBUG]: findfont: score(FontEntry(fname='C:\\WINDOWS\\Fonts\\VLADIMIR.TTF', name='Vladimir Script', style='normal', variant='normal', weight=400, stretch='normal', size='scalable')) = 10.05
2023-08-08 11:34:21 [DEBUG]: findfont: score(FontEntry(fname='C:\\WINDOWS\\Fonts\\HARLOWSI.TTF', name='Harlow Solid Italic', style='italic', variant='normal', weight=400, stretch='normal', size='scalable')) = 11.05
2023-08-08 11:34:21 [DEBUG]: findfont: score(FontEntry(fname='C:\\WINDOWS\\Fonts\\mmrtextb.ttf', name='Myanmar Text', style='normal', variant='normal', weight=700, stretch='normal', size='scalable')) = 10.335
2023-08-08 11:34:21 [DEBUG]: findfont: score(FontEntry(fname='C:\\WINDOWS\\Fonts\\Dengb.ttf', name='DengXian', style='normal', variant='normal', weight=700, stretch='normal', size='scalable')) = 10.335
2023-08-08 11:34:21 [DEBUG]: findfont: score(FontEntry(fname='C:\\Windows\\Fonts\\corbelz.ttf', name='Corbel', style='italic', variant='normal', weight=700, stretch='normal', size='scalable')) = 11.335
2023-08-08 11:34:21 [DEBUG]: findfont: Matching sans\-serif:style=normal:variant=normal:weight=normal:stretch=normal:size=18.0 to Arial ('C:\\WINDOWS\\Fonts\\arial.ttf') with score of 0.050000.
2023-08-08 11:34:21 [DEBUG]: findfont: Matching sans\-serif:style=normal:variant=normal:weight=normal:stretch=normal:size=16.5.
2023-08-08 11:34:21 [DEBUG]: findfont: score(FontEntry(fname='C:\\Users\\86151\\anaconda3\\envs\\LightGBM\\lib\\site-packages\\matplotlib\\mpl-data\\fonts\\ttf\\STIXNonUni.ttf', name='STIXNonUnicode', style='normal', variant='normal', weight=400, stretch='normal', size='scalable')) = 10.05
2023-08-08 11:34:21 [DEBUG]: findfont: score(FontEntry(fname='C:\\Users\\86151\\anaconda3\\envs\\LightGBM\\lib\\site-packages\\matplotlib\\mpl-data\\fonts\\ttf\\DejaVuSansMono-Oblique.ttf', name='DejaVu Sans Mono', style='oblique', variant='normal', weight=400, stretch='normal', size='scalable')) = 11.05
2023-08-08 11:34:21 [DEBUG]: findfont: score(FontEntry(fname='C:\\Users\\86151\\anaconda3\\envs\\LightGBM\\lib\\site-packages\\matplotlib\\mpl-data\\fonts\\ttf\\DejaVuSansMono.ttf', name='DejaVu Sans Mono', style='normal', variant='normal', weight=400, stretch='normal', size='scalable')) = 10.05
2023-08-08 11:34:21 [DEBUG]: findfont: score(FontEntry(fname='C:\\Users\\86151\\anaconda3\\envs\\LightGBM\\lib\\site-packages\\matplotlib\\mpl-data\\fonts\\ttf\\DejaVuSerif-BoldItalic.ttf', name='DejaVu Serif', style='italic', variant='normal', weight=700, stretch='normal', size='scalable')) = 11.335
2023-08-08 11:34:21 [DEBUG]: findfont: score(FontEntry(fname='C:\\Users\\86151\\anaconda3\\envs\\LightGBM\\lib\\site-packages\\matplotlib\\mpl-data\\fonts\\ttf\\cmmi10.ttf', name='cmmi10', style='normal', variant='normal', weight=400, stretch='normal', size='scalable')) = 10.05
2023-08-08 11:34:21 [DEBUG]: findfont: score(FontEntry(fname='C:\\Users\\86151\\anaconda3\\envs\\LightGBM\\lib\\site-packages\\matplotlib\\mpl-data\\fonts\\ttf\\STIXSizOneSymReg.ttf', name='STIXSizeOneSym', style='normal', variant='normal', weight=400, stretch='normal', size='scalable')) = 10.05
2023-08-08 11:34:21 [DEBUG]: findfont: score(FontEntry(fname='C:\\Users\\86151\\anaconda3\\envs\\LightGBM\\lib\\site-packages\\matplotlib\\mpl-data\\fonts\\ttf\\STIXSizTwoSymReg.ttf', name='STIXSizeTwoSym', style='normal', variant='normal', weight=400, stretch='normal', size='scalable')) = 10.05
2023-08-08 11:34:21 [DEBUG]: findfont: score(FontEntry(fname='C:\\Users\\86151\\anaconda3\\envs\\LightGBM\\lib\\site-packages\\matplotlib\\mpl-data\\fonts\\ttf\\STIXSizTwoSymBol.ttf', name='STIXSizeTwoSym', style='normal', variant='normal', weight=700, stretch='normal', size='scalable')) = 10.335
2023-08-08 11:34:21 [DEBUG]: findfont: score(FontEntry(fname='C:\\Users\\86151\\anaconda3\\envs\\LightGBM\\lib\\site-packages\\matplotlib\\mpl-data\\fonts\\ttf\\cmb10.ttf', name='cmb10', style='normal', variant='normal', weight=400, stretch='normal', size='scalable')) = 10.05
2023-08-08 11:34:21 [DEBUG]: findfont: score(FontEntry(fname='C:\\Users\\86151\\anaconda3\\envs\\LightGBM\\lib\\site-packages\\matplotlib\\mpl-data\\fonts\\ttf\\STIXNonUniBol.ttf', name='STIXNonUnicode', style='normal', variant='normal', weight=700, stretch='normal', size='scalable')) = 10.335
2023-08-08 11:34:21 [DEBUG]: findfont: score(FontEntry(fname='C:\\Users\\86151\\anaconda3\\envs\\LightGBM\\lib\\site-packages\\matplotlib\\mpl-data\\fonts\\ttf\\STIXSizFiveSymReg.ttf', name='STIXSizeFiveSym', style='normal', variant='normal', weight=400, stretch='normal', size='scalable')) = 10.05
2023-08-08 11:34:21 [DEBUG]: findfont: score(FontEntry(fname='C:\\Users\\86151\\anaconda3\\envs\\LightGBM\\lib\\site-packages\\matplotlib\\mpl-data\\fonts\\ttf\\STIXSizFourSymBol.ttf', name='STIXSizeFourSym', style='normal', variant='normal', weight=700, stretch='normal', size='scalable')) = 10.335
2023-08-08 11:34:21 [DEBUG]: findfont: score(FontEntry(fname='C:\\Users\\86151\\anaconda3\\envs\\LightGBM\\lib\\site-packages\\matplotlib\\mpl-data\\fonts\\ttf\\STIXSizFourSymReg.ttf', name='STIXSizeFourSym', style='normal', variant='normal', weight=400, stretch='normal', size='scalable')) = 10.05
2023-08-08 11:34:21 [DEBUG]: findfont: score(FontEntry(fname='C:\\Users\\86151\\anaconda3\\envs\\LightGBM\\lib\\site-packages\\matplotlib\\mpl-data\\fonts\\ttf\\DejaVuSans-Bold.ttf', name='DejaVu Sans', style='normal', variant='normal', weight=700, stretch='normal', size='scalable')) = 2.335
2023-08-08 11:34:21 [DEBUG]: findfont: score(FontEntry(fname='C:\\Users\\86151\\anaconda3\\envs\\LightGBM\\lib\\site-packages\\matplotlib\\mpl-data\\fonts\\ttf\\cmsy10.ttf', name='cmsy10', style='normal', variant='normal', weight=400, stretch='normal', size='scalable')) = 10.05
2023-08-08 11:34:21 [DEBUG]: findfont: score(FontEntry(fname='C:\\Users\\86151\\anaconda3\\envs\\LightGBM\\lib\\site-packages\\matplotlib\\mpl-data\\fonts\\ttf\\DejaVuSerif-Bold.ttf', name='DejaVu Serif', style='normal', variant='normal', weight=700, stretch='normal', size='scalable')) = 10.335
2023-08-08 11:34:21 [DEBUG]: findfont: score(FontEntry(fname='C:\\Users\\86151\\anaconda3\\envs\\LightGBM\\lib\\site-packages\\matplotlib\\mpl-data\\fonts\\ttf\\STIXGeneralBol.ttf', name='STIXGeneral', style='normal', variant='normal', weight=700, stretch='normal', size='scalable')) = 10.335
2023-08-08 11:34:21 [DEBUG]: findfont: score(FontEntry(fname='C:\\Users\\86151\\anaconda3\\envs\\LightGBM\\lib\\site-packages\\matplotlib\\mpl-data\\fonts\\ttf\\STIXGeneralBolIta.ttf', name='STIXGeneral', style='italic', variant='normal', weight=700, stretch='normal', size='scalable')) = 11.335
2023-08-08 11:34:21 [DEBUG]: findfont: score(FontEntry(fname='C:\\Users\\86151\\anaconda3\\envs\\LightGBM\\lib\\site-packages\\matplotlib\\mpl-data\\fonts\\ttf\\cmr10.ttf', name='cmr10', style='normal', variant='normal', weight=400, stretch='normal', size='scalable')) = 10.05
2023-08-08 11:34:21 [DEBUG]: findfont: score(FontEntry(fname='C:\\Users\\86151\\anaconda3\\envs\\LightGBM\\lib\\site-packages\\matplotlib\\mpl-data\\fonts\\ttf\\DejaVuSansMono-Bold.ttf', name='DejaVu Sans Mono', style='normal', variant='normal', weight=700, stretch='normal', size='scalable')) = 10.335
2023-08-08 11:34:21 [DEBUG]: findfont: score(FontEntry(fname='C:\\Users\\86151\\anaconda3\\envs\\LightGBM\\lib\\site-packages\\matplotlib\\mpl-data\\fonts\\ttf\\STIXSizOneSymBol.ttf', name='STIXSizeOneSym', style='normal', variant='normal', weight=700, stretch='normal', size='scalable')) = 10.335
2023-08-08 11:34:21 [DEBUG]: findfont: score(FontEntry(fname='C:\\Users\\86151\\anaconda3\\envs\\LightGBM\\lib\\site-packages\\matplotlib\\mpl-data\\fonts\\ttf\\DejaVuSerifDisplay.ttf', name='DejaVu Serif Display', style='normal', variant='normal', weight=400, stretch='normal', size='scalable')) = 10.05
2023-08-08 11:34:21 [DEBUG]: findfont: score(FontEntry(fname='C:\\Users\\86151\\anaconda3\\envs\\LightGBM\\lib\\site-packages\\matplotlib\\mpl-data\\fonts\\ttf\\STIXNonUniBolIta.ttf', name='STIXNonUnicode', style='italic', variant='normal', weight=700, stretch='normal', size='scalable')) = 11.335
2023-08-08 11:34:21 [DEBUG]: findfont: score(FontEntry(fname='C:\\Users\\86151\\anaconda3\\envs\\LightGBM\\lib\\site-packages\\matplotlib\\mpl-data\\fonts\\ttf\\STIXNonUniIta.ttf', name='STIXNonUnicode', style='italic', variant='normal', weight=400, stretch='normal', size='scalable')) = 11.05
2023-08-08 11:34:21 [DEBUG]: findfont: score(FontEntry(fname='C:\\Users\\86151\\anaconda3\\envs\\LightGBM\\lib\\site-packages\\matplotlib\\mpl-data\\fonts\\ttf\\DejaVuSansDisplay.ttf', name='DejaVu Sans Display', style='normal', variant='normal', weight=400, stretch='normal', size='scalable')) = 10.05
2023-08-08 11:34:21 [DEBUG]: findfont: score(FontEntry(fname='C:\\Users\\86151\\anaconda3\\envs\\LightGBM\\lib\\site-packages\\matplotlib\\mpl-data\\fonts\\ttf\\cmss10.ttf', name='cmss10', style='normal', variant='normal', weight=400, stretch='normal', size='scalable')) = 10.05
2023-08-08 11:34:21 [DEBUG]: findfont: score(FontEntry(fname='C:\\Users\\86151\\anaconda3\\envs\\LightGBM\\lib\\site-packages\\matplotlib\\mpl-data\\fonts\\ttf\\DejaVuSans-BoldOblique.ttf', name='DejaVu Sans', style='oblique', variant='normal', weight=700, stretch='normal', size='scalable')) = 3.335
2023-08-08 11:34:21 [DEBUG]: findfont: score(FontEntry(fname='C:\\Users\\86151\\anaconda3\\envs\\LightGBM\\lib\\site-packages\\matplotlib\\mpl-data\\fonts\\ttf\\STIXSizThreeSymBol.ttf', name='STIXSizeThreeSym', style='normal', variant='normal', weight=700, stretch='normal', size='scalable')) = 10.335
2023-08-08 11:34:21 [DEBUG]: findfont: score(FontEntry(fname='C:\\Users\\86151\\anaconda3\\envs\\LightGBM\\lib\\site-packages\\matplotlib\\mpl-data\\fonts\\ttf\\DejaVuSans.ttf', name='DejaVu Sans', style='normal', variant='normal', weight=400, stretch='normal', size='scalable')) = 2.05
2023-08-08 11:34:21 [DEBUG]: findfont: score(FontEntry(fname='C:\\Users\\86151\\anaconda3\\envs\\LightGBM\\lib\\site-packages\\matplotlib\\mpl-data\\fonts\\ttf\\cmex10.ttf', name='cmex10', style='normal', variant='normal', weight=400, stretch='normal', size='scalable')) = 10.05
2023-08-08 11:34:21 [DEBUG]: findfont: score(FontEntry(fname='C:\\Users\\86151\\anaconda3\\envs\\LightGBM\\lib\\site-packages\\matplotlib\\mpl-data\\fonts\\ttf\\cmtt10.ttf', name='cmtt10', style='normal', variant='normal', weight=400, stretch='normal', size='scalable')) = 10.05
2023-08-08 11:34:21 [DEBUG]: findfont: score(FontEntry(fname='C:\\Users\\86151\\anaconda3\\envs\\LightGBM\\lib\\site-packages\\matplotlib\\mpl-data\\fonts\\ttf\\DejaVuSans-Oblique.ttf', name='DejaVu Sans', style='oblique', variant='normal', weight=400, stretch='normal', size='scalable')) = 3.05
2023-08-08 11:34:21 [DEBUG]: findfont: score(FontEntry(fname='C:\\Users\\86151\\anaconda3\\envs\\LightGBM\\lib\\site-packages\\matplotlib\\mpl-data\\fonts\\ttf\\DejaVuSansMono-BoldOblique.ttf', name='DejaVu Sans Mono', style='oblique', variant='normal', weight=700, stretch='normal', size='scalable')) = 11.335
2023-08-08 11:34:21 [DEBUG]: findfont: score(FontEntry(fname='C:\\Users\\86151\\anaconda3\\envs\\LightGBM\\lib\\site-packages\\matplotlib\\mpl-data\\fonts\\ttf\\DejaVuSerif-Italic.ttf', name='DejaVu Serif', style='italic', variant='normal', weight=400, stretch='normal', size='scalable')) = 11.05
2023-08-08 11:34:21 [DEBUG]: findfont: score(FontEntry(fname='C:\\Users\\86151\\anaconda3\\envs\\LightGBM\\lib\\site-packages\\matplotlib\\mpl-data\\fonts\\ttf\\STIXGeneralItalic.ttf', name='STIXGeneral', style='italic', variant='normal', weight=400, stretch='normal', size='scalable')) = 11.05
2023-08-08 11:34:21 [DEBUG]: findfont: score(FontEntry(fname='C:\\Users\\86151\\anaconda3\\envs\\LightGBM\\lib\\site-packages\\matplotlib\\mpl-data\\fonts\\ttf\\DejaVuSerif.ttf', name='DejaVu Serif', style='normal', variant='normal', weight=400, stretch='normal', size='scalable')) = 10.05
2023-08-08 11:34:21 [DEBUG]: findfont: score(FontEntry(fname='C:\\Users\\86151\\anaconda3\\envs\\LightGBM\\lib\\site-packages\\matplotlib\\mpl-data\\fonts\\ttf\\STIXGeneral.ttf', name='STIXGeneral', style='normal', variant='normal', weight=400, stretch='normal', size='scalable')) = 10.05
2023-08-08 11:34:21 [DEBUG]: findfont: score(FontEntry(fname='C:\\Users\\86151\\anaconda3\\envs\\LightGBM\\lib\\site-packages\\matplotlib\\mpl-data\\fonts\\ttf\\STIXSizThreeSymReg.ttf', name='STIXSizeThreeSym', style='normal', variant='normal', weight=400, stretch='normal', size='scalable')) = 10.05
2023-08-08 11:34:21 [DEBUG]: findfont: score(FontEntry(fname='C:\\WINDOWS\\Fonts\\gadugi.ttf', name='Gadugi', style='normal', variant='normal', weight=400, stretch='normal', size='scalable')) = 10.05
2023-08-08 11:34:21 [DEBUG]: findfont: score(FontEntry(fname='C:\\WINDOWS\\Fonts\\MISTRAL.TTF', name='Mistral', style='normal', variant='normal', weight=400, stretch='normal', size='scalable')) = 10.05
2023-08-08 11:34:21 [DEBUG]: findfont: score(FontEntry(fname='C:\\Windows\\Fonts\\ERASBD.TTF', name='Eras Bold ITC', style='normal', variant='normal', weight=400, stretch='normal', size='scalable')) = 10.05
2023-08-08 11:34:21 [DEBUG]: findfont: score(FontEntry(fname='C:\\WINDOWS\\Fonts\\segmdl2.ttf', name='Segoe MDL2 Assets', style='normal', variant='normal', weight=400, stretch='normal', size='scalable')) = 10.05
2023-08-08 11:34:21 [DEBUG]: findfont: score(FontEntry(fname='C:\\WINDOWS\\Fonts\\GOUDYSTO.TTF', name='Goudy Stout', style='normal', variant='normal', weight=400, stretch='normal', size='scalable')) = 10.05
2023-08-08 11:34:21 [DEBUG]: findfont: score(FontEntry(fname='C:\\WINDOWS\\Fonts\\POORICH.TTF', name='Poor Richard', style='normal', variant='normal', weight=400, stretch='normal', size='scalable')) = 10.05
2023-08-08 11:34:21 [DEBUG]: findfont: score(FontEntry(fname='C:\\WINDOWS\\Fonts\\INFROMAN.TTF', name='Informal Roman', style='normal', variant='normal', weight=400, stretch='normal', size='scalable')) = 10.05
2023-08-08 11:34:21 [DEBUG]: findfont: score(FontEntry(fname='C:\\Windows\\Fonts\\CURLZ___.TTF', name='Curlz MT', style='normal', variant='normal', weight=400, stretch='normal', size='scalable')) = 10.05
2023-08-08 11:34:21 [DEBUG]: findfont: score(FontEntry(fname='C:\\WINDOWS\\Fonts\\simsun.ttc', name='SimSun', style='normal', variant='normal', weight=400, stretch='normal', size='scalable')) = 10.05
2023-08-08 11:34:21 [DEBUG]: findfont: score(FontEntry(fname='C:\\Windows\\Fonts\\constan.ttf', name='Constantia', style='normal', variant='normal', weight=400, stretch='normal', size='scalable')) = 10.05
2023-08-08 11:34:21 [DEBUG]: findfont: score(FontEntry(fname='C:\\WINDOWS\\Fonts\\STXIHEI.TTF', name='STXihei', style='normal', variant='normal', weight=400, stretch='normal', size='scalable')) = 10.05
2023-08-08 11:34:21 [DEBUG]: findfont: score(FontEntry(fname='C:\\WINDOWS\\Fonts\\trebucbd.ttf', name='Trebuchet MS', style='normal', variant='normal', weight=700, stretch='normal', size='scalable')) = 10.335
2023-08-08 11:34:21 [DEBUG]: findfont: score(FontEntry(fname='C:\\Windows\\Fonts\\seguisb.ttf', name='Segoe UI', style='normal', variant='normal', weight=600, stretch='normal', size='scalable')) = 10.24
2023-08-08 11:34:21 [DEBUG]: findfont: score(FontEntry(fname='C:\\WINDOWS\\Fonts\\georgia.ttf', name='Georgia', style='normal', variant='normal', weight=400, stretch='normal', size='scalable')) = 10.05
2023-08-08 11:34:21 [DEBUG]: findfont: score(FontEntry(fname='C:\\WINDOWS\\Fonts\\msjhl.ttc', name='Microsoft JhengHei', style='normal', variant='normal', weight=290, stretch='normal', size='scalable')) = 10.1545
2023-08-08 11:34:21 [DEBUG]: findfont: score(FontEntry(fname='C:\\Windows\\Fonts\\COOPBL.TTF', name='Cooper Black', style='normal', variant='normal', weight=400, stretch='normal', size='scalable')) = 10.05
2023-08-08 11:34:21 [DEBUG]: findfont: score(FontEntry(fname='C:\\WINDOWS\\Fonts\\CASTELAR.TTF', name='Castellar', style='normal', variant='normal', weight=400, stretch='normal', size='scalable')) = 10.05
2023-08-08 11:34:21 [DEBUG]: findfont: score(FontEntry(fname='C:\\Windows\\Fonts\\STHUPO.TTF', name='STHupo', style='normal', variant='normal', weight=400, stretch='normal', size='scalable')) = 10.05
2023-08-08 11:34:21 [DEBUG]: findfont: score(FontEntry(fname='C:\\Windows\\Fonts\\sylfaen.ttf', name='Sylfaen', style='normal', variant='normal', weight=400, stretch='normal', size='scalable')) = 10.05
2023-08-08 11:34:21 [DEBUG]: findfont: score(FontEntry(fname='C:\\WINDOWS\\Fonts\\WINGDNG2.TTF', name='Wingdings 2', style='normal', variant='normal', weight=400, stretch='normal', size='scalable')) = 10.05
2023-08-08 11:34:21 [DEBUG]: findfont: score(FontEntry(fname='C:\\WINDOWS\\Fonts\\arial.ttf', name='Arial', style='normal', variant='normal', weight=400, stretch='normal', size='scalable')) = 0.05
2023-08-08 11:34:21 [DEBUG]: findfont: score(FontEntry(fname='C:\\WINDOWS\\Fonts\\impact.ttf', name='Impact', style='normal', variant='normal', weight=400, stretch='normal', size='scalable')) = 10.05
2023-08-08 11:34:21 [DEBUG]: findfont: score(FontEntry(fname='C:\\WINDOWS\\Fonts\\seguisym.ttf', name='Segoe UI Symbol', style='normal', variant='normal', weight=400, stretch='normal', size='scalable')) = 10.05
2023-08-08 11:34:21 [DEBUG]: findfont: score(FontEntry(fname='C:\\Windows\\Fonts\\GILLUBCD.TTF', name='Gill Sans Ultra Bold Condensed', style='normal', variant='normal', weight=400, stretch='condensed', size='scalable')) = 10.25
2023-08-08 11:34:21 [DEBUG]: findfont: score(FontEntry(fname='C:\\Windows\\Fonts\\corbelli.ttf', name='Corbel', style='italic', variant='normal', weight=300, stretch='normal', size='scalable')) = 11.145
2023-08-08 11:34:21 [DEBUG]: findfont: score(FontEntry(fname='C:\\WINDOWS\\Fonts\\DUBAI-LIGHT.TTF', name='Dubai', style='normal', variant='normal', weight=300, stretch='normal', size='scalable')) = 10.145
2023-08-08 11:34:21 [DEBUG]: findfont: score(FontEntry(fname='C:\\WINDOWS\\Fonts\\holomdl2.ttf', name='HoloLens MDL2 Assets', style='normal', variant='normal', weight=400, stretch='normal', size='scalable')) = 10.05
2023-08-08 11:34:21 [DEBUG]: findfont: score(FontEntry(fname='C:\\WINDOWS\\Fonts\\ENGR.TTF', name='Engravers MT', style='normal', variant='normal', weight=500, stretch='normal', size='scalable')) = 10.145
2023-08-08 11:34:21 [DEBUG]: findfont: score(FontEntry(fname='C:\\WINDOWS\\Fonts\\BASKVILL.TTF', name='Baskerville Old Face', style='normal', variant='normal', weight=400, stretch='normal', size='scalable')) = 10.05
2023-08-08 11:34:21 [DEBUG]: findfont: score(FontEntry(fname='C:\\Windows\\Fonts\\ARIALNB.TTF', name='Arial', style='normal', variant='normal', weight=700, stretch='condensed', size='scalable')) = 0.5349999999999999
2023-08-08 11:34:21 [DEBUG]: findfont: score(FontEntry(fname='C:\\Windows\\Fonts\\SIMYOU.TTF', name='YouYuan', style='normal', variant='normal', weight=400, stretch='normal', size='scalable')) = 10.05
2023-08-08 11:34:21 [DEBUG]: findfont: score(FontEntry(fname='C:\\Windows\\Fonts\\simhei.ttf', name='SimHei', style='normal', variant='normal', weight=400, stretch='normal', size='scalable')) = 10.05
2023-08-08 11:34:21 [DEBUG]: findfont: score(FontEntry(fname='C:\\Windows\\Fonts\\LFAXDI.TTF', name='Lucida Fax', style='italic', variant='normal', weight=600, stretch='normal', size='scalable')) = 11.24
2023-08-08 11:34:21 [DEBUG]: findfont: score(FontEntry(fname='C:\\Windows\\Fonts\\CALIFR.TTF', name='Californian FB', style='normal', variant='normal', weight=400, stretch='normal', size='scalable')) = 10.05
2023-08-08 11:34:21 [DEBUG]: findfont: score(FontEntry(fname='C:\\WINDOWS\\Fonts\\ITCKRIST.TTF', name='Kristen ITC', style='normal', variant='normal', weight=400, stretch='normal', size='scalable')) = 10.05
2023-08-08 11:34:21 [DEBUG]: findfont: score(FontEntry(fname='C:\\Windows\\Fonts\\SNAP____.TTF', name='Snap ITC', style='normal', variant='normal', weight=400, stretch='normal', size='scalable')) = 10.05
2023-08-08 11:34:21 [DEBUG]: findfont: score(FontEntry(fname='C:\\Windows\\Fonts\\calibrib.ttf', name='Calibri', style='normal', variant='normal', weight=700, stretch='normal', size='scalable')) = 10.335
2023-08-08 11:34:21 [DEBUG]: findfont: score(FontEntry(fname='C:\\Windows\\Fonts\\msjhl.ttc', name='Microsoft JhengHei', style='normal', variant='normal', weight=290, stretch='normal', size='scalable')) = 10.1545
2023-08-08 11:34:21 [DEBUG]: findfont: score(FontEntry(fname='C:\\WINDOWS\\Fonts\\GOUDOSI.TTF', name='Goudy Old Style', style='italic', variant='normal', weight=400, stretch='normal', size='scalable')) = 11.05
2023-08-08 11:34:21 [DEBUG]: findfont: score(FontEntry(fname='C:\\WINDOWS\\Fonts\\LTYPE.TTF', name='Lucida Sans Typewriter', style='normal', variant='normal', weight=400, stretch='normal', size='scalable')) = 10.05
2023-08-08 11:34:21 [DEBUG]: findfont: score(FontEntry(fname='C:\\Windows\\Fonts\\LCALLIG.TTF', name='Lucida Calligraphy', style='italic', variant='normal', weight=400, stretch='normal', size='scalable')) = 11.05
2023-08-08 11:34:21 [DEBUG]: findfont: score(FontEntry(fname='C:\\WINDOWS\\Fonts\\Candara.ttf', name='Candara', style='normal', variant='normal', weight=400, stretch='normal', size='scalable')) = 10.05
2023-08-08 11:34:21 [DEBUG]: findfont: score(FontEntry(fname='C:\\WINDOWS\\Fonts\\LFAXDI.TTF', name='Lucida Fax', style='italic', variant='normal', weight=600, stretch='normal', size='scalable')) = 11.24
2023-08-08 11:34:21 [DEBUG]: findfont: score(FontEntry(fname='C:\\Windows\\Fonts\\gadugib.ttf', name='Gadugi', style='normal', variant='normal', weight=700, stretch='normal', size='scalable')) = 10.335
2023-08-08 11:34:21 [DEBUG]: findfont: score(FontEntry(fname='C:\\WINDOWS\\Fonts\\LBRITEDI.TTF', name='Lucida Bright', style='italic', variant='normal', weight=600, stretch='normal', size='scalable')) = 11.24
2023-08-08 11:34:21 [DEBUG]: findfont: score(FontEntry(fname='C:\\WINDOWS\\Fonts\\GARABD.TTF', name='Garamond', style='normal', variant='normal', weight=700, stretch='normal', size='scalable')) = 10.335
2023-08-08 11:34:21 [DEBUG]: findfont: score(FontEntry(fname='C:\\WINDOWS\\Fonts\\ntailu.ttf', name='Microsoft New Tai Lue', style='normal', variant='normal', weight=400, stretch='normal', size='scalable')) = 10.05
2023-08-08 11:34:21 [DEBUG]: findfont: score(FontEntry(fname='C:\\WINDOWS\\Fonts\\GLECB.TTF', name='Gloucester MT Extra Condensed', style='normal', variant='normal', weight=400, stretch='condensed', size='scalable')) = 10.25
2023-08-08 11:34:21 [DEBUG]: findfont: score(FontEntry(fname='C:\\Windows\\Fonts\\georgiai.ttf', name='Georgia', style='italic', variant='normal', weight=400, stretch='normal', size='scalable')) = 11.05
2023-08-08 11:34:21 [DEBUG]: findfont: score(FontEntry(fname='C:\\WINDOWS\\Fonts\\ITCBLKAD.TTF', name='Blackadder ITC', style='normal', variant='normal', weight=400, stretch='normal', size='scalable')) = 10.05
2023-08-08 11:34:21 [DEBUG]: findfont: score(FontEntry(fname='C:\\Windows\\Fonts\\Deng.ttf', name='DengXian', style='normal', variant='normal', weight=400, stretch='normal', size='scalable')) = 10.05
2023-08-08 11:34:21 [DEBUG]: findfont: score(FontEntry(fname='C:\\Windows\\Fonts\\JUICE___.TTF', name='Juice ITC', style='normal', variant='normal', weight=400, stretch='normal', size='scalable')) = 10.05
2023-08-08 11:34:21 [DEBUG]: findfont: score(FontEntry(fname='C:\\WINDOWS\\Fonts\\GOTHICI.TTF', name='Century Gothic', style='italic', variant='normal', weight=400, stretch='normal', size='scalable')) = 11.05
2023-08-08 11:34:21 [DEBUG]: findfont: score(FontEntry(fname='C:\\WINDOWS\\Fonts\\OUTLOOK.TTF', name='MS Outlook', style='normal', variant='normal', weight=400, stretch='normal', size='scalable')) = 10.05
2023-08-08 11:34:21 [DEBUG]: findfont: score(FontEntry(fname='C:\\Windows\\Fonts\\LHANDW.TTF', name='Lucida Handwriting', style='italic', variant='normal', weight=400, stretch='normal', size='scalable')) = 11.05
2023-08-08 11:34:21 [DEBUG]: findfont: score(FontEntry(fname='C:\\Windows\\Fonts\\FRABK.TTF', name='Franklin Gothic Book', style='normal', variant='normal', weight=400, stretch='normal', size='scalable')) = 10.05
2023-08-08 11:34:21 [DEBUG]: findfont: score(FontEntry(fname='C:\\Windows\\Fonts\\arial.ttf', name='Arial', style='normal', variant='normal', weight=400, stretch='normal', size='scalable')) = 0.05
2023-08-08 11:34:21 [DEBUG]: findfont: score(FontEntry(fname='C:\\WINDOWS\\Fonts\\consolai.ttf', name='Consolas', style='italic', variant='normal', weight=400, stretch='normal', size='scalable')) = 11.05
2023-08-08 11:34:21 [DEBUG]: findfont: score(FontEntry(fname='C:\\WINDOWS\\Fonts\\LATINWD.TTF', name='Wide Latin', style='normal', variant='normal', weight=400, stretch='expanded', size='scalable')) = 10.25
2023-08-08 11:34:21 [DEBUG]: findfont: score(FontEntry(fname='C:\\WINDOWS\\Fonts\\JUICE___.TTF', name='Juice ITC', style='normal', variant='normal', weight=400, stretch='normal', size='scalable')) = 10.05
2023-08-08 11:34:21 [DEBUG]: findfont: score(FontEntry(fname='C:\\Windows\\Fonts\\ONYX.TTF', name='Onyx', style='normal', variant='normal', weight=400, stretch='normal', size='scalable')) = 10.05
2023-08-08 11:34:21 [DEBUG]: findfont: score(FontEntry(fname='C:\\Windows\\Fonts\\VLADIMIR.TTF', name='Vladimir Script', style='normal', variant='normal', weight=400, stretch='normal', size='scalable')) = 10.05
2023-08-08 11:34:21 [DEBUG]: findfont: score(FontEntry(fname='C:\\WINDOWS\\Fonts\\seguibli.ttf', name='Segoe UI', style='italic', variant='normal', weight=900, stretch='normal', size='scalable')) = 11.525
2023-08-08 11:34:21 [DEBUG]: findfont: score(FontEntry(fname='C:\\Windows\\Fonts\\LBRITEDI.TTF', name='Lucida Bright', style='italic', variant='normal', weight=600, stretch='normal', size='scalable')) = 11.24
2023-08-08 11:34:21 [DEBUG]: findfont: score(FontEntry(fname='C:\\Windows\\Fonts\\phagspa.ttf', name='Microsoft PhagsPa', style='normal', variant='normal', weight=400, stretch='normal', size='scalable')) = 10.05
2023-08-08 11:34:21 [DEBUG]: findfont: score(FontEntry(fname='C:\\Windows\\Fonts\\GARA.TTF', name='Garamond', style='normal', variant='normal', weight=400, stretch='normal', size='scalable')) = 10.05
2023-08-08 11:34:21 [DEBUG]: findfont: score(FontEntry(fname='C:\\Windows\\Fonts\\NirmalaB.ttf', name='Nirmala UI', style='normal', variant='normal', weight=700, stretch='normal', size='scalable')) = 10.335
2023-08-08 11:34:21 [DEBUG]: findfont: score(FontEntry(fname='C:\\WINDOWS\\Fonts\\TCB_____.TTF', name='Tw Cen MT', style='normal', variant='normal', weight=700, stretch='normal', size='scalable')) = 10.335
2023-08-08 11:34:21 [DEBUG]: findfont: score(FontEntry(fname='C:\\WINDOWS\\Fonts\\LFAX.TTF', name='Lucida Fax', style='normal', variant='normal', weight=400, stretch='normal', size='scalable')) = 10.05
2023-08-08 11:34:21 [DEBUG]: findfont: score(FontEntry(fname='C:\\Windows\\Fonts\\STXINWEI.TTF', name='STXinwei', style='normal', variant='normal', weight=400, stretch='normal', size='scalable')) = 10.05
2023-08-08 11:34:21 [DEBUG]: findfont: score(FontEntry(fname='C:\\WINDOWS\\Fonts\\GARAIT.TTF', name='Garamond', style='italic', variant='normal', weight=400, stretch='normal', size='scalable')) = 11.05
2023-08-08 11:34:21 [DEBUG]: findfont: score(FontEntry(fname='C:\\WINDOWS\\Fonts\\BSSYM7.TTF', name='Bookshelf Symbol 7', style='normal', variant='normal', weight=400, stretch='normal', size='scalable')) = 10.05
2023-08-08 11:34:21 [DEBUG]: findfont: score(FontEntry(fname='C:\\Windows\\Fonts\\PRISTINA.TTF', name='Pristina', style='normal', variant='normal', weight=400, stretch='normal', size='scalable')) = 10.05
2023-08-08 11:34:21 [DEBUG]: findfont: score(FontEntry(fname='C:\\WINDOWS\\Fonts\\ANTQUABI.TTF', name='Book Antiqua', style='italic', variant='normal', weight=700, stretch='normal', size='scalable')) = 11.335
2023-08-08 11:34:21 [DEBUG]: findfont: score(FontEntry(fname='C:\\Windows\\Fonts\\STZHONGS.TTF', name='STZhongsong', style='normal', variant='normal', weight=400, stretch='normal', size='scalable')) = 10.05
2023-08-08 11:34:21 [DEBUG]: findfont: score(FontEntry(fname='C:\\WINDOWS\\Fonts\\courbd.ttf', name='Courier New', style='normal', variant='normal', weight=700, stretch='normal', size='scalable')) = 10.335
2023-08-08 11:34:21 [DEBUG]: findfont: score(FontEntry(fname='C:\\Windows\\Fonts\\OUTLOOK.TTF', name='MS Outlook', style='normal', variant='normal', weight=400, stretch='normal', size='scalable')) = 10.05
2023-08-08 11:34:21 [DEBUG]: findfont: score(FontEntry(fname='C:\\Windows\\Fonts\\cambriab.ttf', name='Cambria', style='normal', variant='normal', weight=700, stretch='normal', size='scalable')) = 10.335
2023-08-08 11:34:21 [DEBUG]: findfont: score(FontEntry(fname='C:\\Windows\\Fonts\\BOOKOSB.TTF', name='Bookman Old Style', style='normal', variant='normal', weight=600, stretch='normal', size='scalable')) = 10.24
2023-08-08 11:34:21 [DEBUG]: findfont: score(FontEntry(fname='C:\\Windows\\Fonts\\TCM_____.TTF', name='Tw Cen MT', style='normal', variant='normal', weight=400, stretch='normal', size='scalable')) = 10.05
2023-08-08 11:34:21 [DEBUG]: findfont: score(FontEntry(fname='C:\\Windows\\Fonts\\calibrili.ttf', name='Calibri', style='italic', variant='normal', weight=300, stretch='normal', size='scalable')) = 11.145
2023-08-08 11:34:21 [DEBUG]: findfont: score(FontEntry(fname='C:\\WINDOWS\\Fonts\\BELLB.TTF', name='Bell MT', style='normal', variant='normal', weight=700, stretch='normal', size='scalable')) = 10.335
2023-08-08 11:34:21 [DEBUG]: findfont: score(FontEntry(fname='C:\\Windows\\Fonts\\COLONNA.TTF', name='Colonna MT', style='normal', variant='normal', weight=400, stretch='normal', size='scalable')) = 10.05
2023-08-08 11:34:21 [DEBUG]: findfont: score(FontEntry(fname='C:\\WINDOWS\\Fonts\\segoepr.ttf', name='Segoe Print', style='normal', variant='normal', weight=400, stretch='normal', size='scalable')) = 10.05
2023-08-08 11:34:21 [DEBUG]: findfont: score(FontEntry(fname='C:\\WINDOWS\\Fonts\\ELEPHNTI.TTF', name='Elephant', style='italic', variant='normal', weight=400, stretch='normal', size='scalable')) = 11.05
2023-08-08 11:34:21 [DEBUG]: findfont: score(FontEntry(fname='C:\\WINDOWS\\Fonts\\AGENCYR.TTF', name='Agency FB', style='normal', variant='normal', weight=400, stretch='normal', size='scalable')) = 10.05
2023-08-08 11:34:21 [DEBUG]: findfont: score(FontEntry(fname='C:\\WINDOWS\\Fonts\\corbell.ttf', name='Corbel', style='normal', variant='normal', weight=300, stretch='normal', size='scalable')) = 10.145
2023-08-08 11:34:21 [DEBUG]: findfont: score(FontEntry(fname='C:\\WINDOWS\\Fonts\\micross.ttf', name='Microsoft Sans Serif', style='normal', variant='normal', weight=400, stretch='normal', size='scalable')) = 10.05
2023-08-08 11:34:21 [DEBUG]: findfont: score(FontEntry(fname='C:\\Windows\\Fonts\\lucon.ttf', name='Lucida Console', style='normal', variant='normal', weight=400, stretch='normal', size='scalable')) = 10.05
2023-08-08 11:34:21 [DEBUG]: findfont: score(FontEntry(fname='C:\\Windows\\Fonts\\NumberOnly.ttf', name='NumberOnly', style='normal', variant='normal', weight=700, stretch='normal', size='scalable')) = 10.335
2023-08-08 11:34:21 [DEBUG]: findfont: score(FontEntry(fname='C:\\Windows\\Fonts\\PERB____.TTF', name='Perpetua', style='normal', variant='normal', weight=700, stretch='normal', size='scalable')) = 10.335
2023-08-08 11:34:21 [DEBUG]: findfont: score(FontEntry(fname='C:\\Windows\\Fonts\\calibriz.ttf', name='Calibri', style='italic', variant='normal', weight=700, stretch='normal', size='scalable')) = 11.335
2023-08-08 11:34:21 [DEBUG]: findfont: score(FontEntry(fname='C:\\WINDOWS\\Fonts\\CALIFR.TTF', name='Californian FB', style='normal', variant='normal', weight=400, stretch='normal', size='scalable')) = 10.05
2023-08-08 11:34:21 [DEBUG]: findfont: score(FontEntry(fname='C:\\Windows\\Fonts\\GOTHICB.TTF', name='Century Gothic', style='normal', variant='normal', weight=700, stretch='normal', size='scalable')) = 10.335
2023-08-08 11:34:21 [DEBUG]: findfont: score(FontEntry(fname='C:\\WINDOWS\\Fonts\\TEMPSITC.TTF', name='Tempus Sans ITC', style='normal', variant='normal', weight=400, stretch='normal', size='scalable')) = 10.05
2023-08-08 11:34:21 [DEBUG]: findfont: score(FontEntry(fname='C:\\WINDOWS\\Fonts\\LBRITE.TTF', name='Lucida Bright', style='normal', variant='normal', weight=400, stretch='normal', size='scalable')) = 10.05
2023-08-08 11:34:21 [DEBUG]: findfont: score(FontEntry(fname='C:\\WINDOWS\\Fonts\\TCBI____.TTF', name='Tw Cen MT', style='italic', variant='normal', weight=700, stretch='normal', size='scalable')) = 11.335
2023-08-08 11:34:21 [DEBUG]: findfont: score(FontEntry(fname='C:\\Windows\\Fonts\\GOUDYSTO.TTF', name='Goudy Stout', style='normal', variant='normal', weight=400, stretch='normal', size='scalable')) = 10.05
2023-08-08 11:34:21 [DEBUG]: findfont: score(FontEntry(fname='C:\\Windows\\Fonts\\ROCC____.TTF', name='Rockwell Condensed', style='normal', variant='normal', weight=400, stretch='condensed', size='scalable')) = 10.25
2023-08-08 11:34:21 [DEBUG]: findfont: score(FontEntry(fname='C:\\WINDOWS\\Fonts\\BOD_B.TTF', name='Bodoni MT', style='normal', variant='normal', weight=700, stretch='normal', size='scalable')) = 10.335
2023-08-08 11:34:21 [DEBUG]: findfont: score(FontEntry(fname='C:\\Windows\\Fonts\\Dengb.ttf', name='DengXian', style='normal', variant='normal', weight=700, stretch='normal', size='scalable')) = 10.335
2023-08-08 11:34:21 [DEBUG]: findfont: score(FontEntry(fname='C:\\Windows\\Fonts\\CENTAUR.TTF', name='Centaur', style='normal', variant='normal', weight=400, stretch='normal', size='scalable')) = 10.05
2023-08-08 11:34:21 [DEBUG]: findfont: score(FontEntry(fname='C:\\WINDOWS\\Fonts\\SCHLBKI.TTF', name='Century Schoolbook', style='italic', variant='normal', weight=400, stretch='normal', size='scalable')) = 11.05
2023-08-08 11:34:21 [DEBUG]: findfont: score(FontEntry(fname='C:\\Windows\\Fonts\\holomdl2.ttf', name='HoloLens MDL2 Assets', style='normal', variant='normal', weight=400, stretch='normal', size='scalable')) = 10.05
2023-08-08 11:34:21 [DEBUG]: findfont: score(FontEntry(fname='C:\\WINDOWS\\Fonts\\GILBI___.TTF', name='Gill Sans MT', style='italic', variant='normal', weight=700, stretch='normal', size='scalable')) = 11.335
2023-08-08 11:34:21 [DEBUG]: findfont: score(FontEntry(fname='C:\\WINDOWS\\Fonts\\TCMI____.TTF', name='Tw Cen MT', style='italic', variant='normal', weight=400, stretch='normal', size='scalable')) = 11.05
2023-08-08 11:34:21 [DEBUG]: findfont: score(FontEntry(fname='C:\\Windows\\Fonts\\ROCK.TTF', name='Rockwell', style='normal', variant='normal', weight=400, stretch='normal', size='scalable')) = 10.05
2023-08-08 11:34:21 [DEBUG]: findfont: score(FontEntry(fname='C:\\Windows\\Fonts\\VINERITC.TTF', name='Viner Hand ITC', style='normal', variant='normal', weight=400, stretch='normal', size='scalable')) = 10.05
2023-08-08 11:34:21 [DEBUG]: findfont: score(FontEntry(fname='C:\\WINDOWS\\Fonts\\WINGDNG3.TTF', name='Wingdings 3', style='normal', variant='normal', weight=400, stretch='normal', size='scalable')) = 10.05
2023-08-08 11:34:21 [DEBUG]: findfont: score(FontEntry(fname='C:\\Windows\\Fonts\\mvboli.ttf', name='MV Boli', style='normal', variant='normal', weight=400, stretch='normal', size='scalable')) = 10.05
2023-08-08 11:34:21 [DEBUG]: findfont: score(FontEntry(fname='C:\\Windows\\Fonts\\ARIALN.TTF', name='Arial', style='normal', variant='normal', weight=400, stretch='condensed', size='scalable')) = 0.25
2023-08-08 11:34:21 [DEBUG]: findfont: score(FontEntry(fname='C:\\Windows\\Fonts\\SitkaI.ttc', name='Sitka Small', style='italic', variant='normal', weight=400, stretch='normal', size='scalable')) = 11.05
2023-08-08 11:34:21 [DEBUG]: findfont: score(FontEntry(fname='C:\\Windows\\Fonts\\msgothic.ttc', name='MS Gothic', style='normal', variant='normal', weight=400, stretch='normal', size='scalable')) = 10.05
2023-08-08 11:34:21 [DEBUG]: findfont: score(FontEntry(fname='C:\\Windows\\Fonts\\COPRGTB.TTF', name='Copperplate Gothic Bold', style='normal', variant='normal', weight=400, stretch='normal', size='scalable')) = 10.05
2023-08-08 11:34:21 [DEBUG]: findfont: score(FontEntry(fname='C:\\Windows\\Fonts\\BELLI.TTF', name='Bell MT', style='italic', variant='normal', weight=400, stretch='normal', size='scalable')) = 11.05
2023-08-08 11:34:21 [DEBUG]: findfont: score(FontEntry(fname='C:\\WINDOWS\\Fonts\\LSANSI.TTF', name='Lucida Sans', style='italic', variant='normal', weight=400, stretch='normal', size='scalable')) = 11.05
2023-08-08 11:34:21 [DEBUG]: findfont: score(FontEntry(fname='C:\\WINDOWS\\Fonts\\PRISTINA.TTF', name='Pristina', style='normal', variant='normal', weight=400, stretch='normal', size='scalable')) = 10.05
2023-08-08 11:34:21 [DEBUG]: findfont: score(FontEntry(fname='C:\\Windows\\Fonts\\CALISTB.TTF', name='Calisto MT', style='normal', variant='normal', weight=700, stretch='normal', size='scalable')) = 10.335
2023-08-08 11:34:21 [DEBUG]: findfont: score(FontEntry(fname='C:\\WINDOWS\\Fonts\\BOD_CR.TTF', name='Bodoni MT', style='normal', variant='normal', weight=400, stretch='condensed', size='scalable')) = 10.25
2023-08-08 11:34:21 [DEBUG]: findfont: score(FontEntry(fname='C:\\WINDOWS\\Fonts\\msyhbd.ttc', name='Microsoft YaHei', style='normal', variant='normal', weight=700, stretch='normal', size='scalable')) = 10.335
2023-08-08 11:34:21 [DEBUG]: findfont: score(FontEntry(fname='C:\\WINDOWS\\Fonts\\FORTE.TTF', name='Forte', style='normal', variant='normal', weight=400, stretch='normal', size='scalable')) = 10.05
2023-08-08 11:34:21 [DEBUG]: findfont: score(FontEntry(fname='C:\\Windows\\Fonts\\HATTEN.TTF', name='Haettenschweiler', style='normal', variant='normal', weight=400, stretch='normal', size='scalable')) = 10.05
2023-08-08 11:34:21 [DEBUG]: findfont: score(FontEntry(fname='C:\\WINDOWS\\Fonts\\COOPBL.TTF', name='Cooper Black', style='normal', variant='normal', weight=400, stretch='normal', size='scalable')) = 10.05
2023-08-08 11:34:21 [DEBUG]: findfont: score(FontEntry(fname='C:\\Windows\\Fonts\\seguisym.ttf', name='Segoe UI Symbol', style='normal', variant='normal', weight=400, stretch='normal', size='scalable')) = 10.05
2023-08-08 11:34:21 [DEBUG]: findfont: score(FontEntry(fname='C:\\Windows\\Fonts\\GOTHICBI.TTF', name='Century Gothic', style='italic', variant='normal', weight=700, stretch='normal', size='scalable')) = 11.335
2023-08-08 11:34:21 [DEBUG]: findfont: score(FontEntry(fname='C:\\WINDOWS\\Fonts\\BOOKOSI.TTF', name='Bookman Old Style', style='italic', variant='normal', weight=300, stretch='normal', size='scalable')) = 11.145
2023-08-08 11:34:21 [DEBUG]: findfont: score(FontEntry(fname='C:\\WINDOWS\\Fonts\\phagspab.ttf', name='Microsoft PhagsPa', style='normal', variant='normal', weight=700, stretch='normal', size='scalable')) = 10.335
2023-08-08 11:34:21 [DEBUG]: findfont: score(FontEntry(fname='C:\\Windows\\Fonts\\FRAHV.TTF', name='Franklin Gothic Heavy', style='normal', variant='normal', weight=400, stretch='normal', size='scalable')) = 10.05
2023-08-08 11:34:21 [DEBUG]: findfont: score(FontEntry(fname='C:\\WINDOWS\\Fonts\\HTOWERT.TTF', name='High Tower Text', style='normal', variant='normal', weight=400, stretch='normal', size='scalable')) = 10.05
2023-08-08 11:34:21 [DEBUG]: findfont: score(FontEntry(fname='C:\\Windows\\Fonts\\BOD_I.TTF', name='Bodoni MT', style='italic', variant='normal', weight=400, stretch='normal', size='scalable')) = 11.05
2023-08-08 11:34:21 [DEBUG]: findfont: score(FontEntry(fname='C:\\WINDOWS\\Fonts\\BOOKOS.TTF', name='Bookman Old Style', style='normal', variant='normal', weight=300, stretch='normal', size='scalable')) = 10.145
2023-08-08 11:34:21 [DEBUG]: findfont: score(FontEntry(fname='C:\\WINDOWS\\Fonts\\OCRAEXT.TTF', name='OCR A Extended', style='normal', variant='normal', weight=400, stretch='expanded', size='scalable')) = 10.25
2023-08-08 11:34:21 [DEBUG]: findfont: score(FontEntry(fname='C:\\WINDOWS\\Fonts\\calibri.ttf', name='Calibri', style='normal', variant='normal', weight=400, stretch='normal', size='scalable')) = 10.05
2023-08-08 11:34:21 [DEBUG]: findfont: score(FontEntry(fname='C:\\Windows\\Fonts\\timesbd.ttf', name='Times New Roman', style='normal', variant='normal', weight=700, stretch='normal', size='scalable')) = 10.335
2023-08-08 11:34:21 [DEBUG]: findfont: score(FontEntry(fname='C:\\Windows\\Fonts\\GILBI___.TTF', name='Gill Sans MT', style='italic', variant='normal', weight=700, stretch='normal', size='scalable')) = 11.335
2023-08-08 11:34:21 [DEBUG]: findfont: score(FontEntry(fname='C:\\WINDOWS\\Fonts\\taile.ttf', name='Microsoft Tai Le', style='normal', variant='normal', weight=400, stretch='normal', size='scalable')) = 10.05
2023-08-08 11:34:21 [DEBUG]: findfont: score(FontEntry(fname='C:\\WINDOWS\\Fonts\\STCAIYUN.TTF', name='STCaiyun', style='normal', variant='normal', weight=400, stretch='normal', size='scalable')) = 10.05
2023-08-08 11:34:21 [DEBUG]: findfont: score(FontEntry(fname='C:\\Windows\\Fonts\\palabi.ttf', name='Palatino Linotype', style='italic', variant='normal', weight=700, stretch='normal', size='scalable')) = 11.335
2023-08-08 11:34:21 [DEBUG]: findfont: score(FontEntry(fname='C:\\Windows\\Fonts\\BOD_BLAI.TTF', name='Bodoni MT', style='italic', variant='normal', weight=900, stretch='normal', size='scalable')) = 11.525
2023-08-08 11:34:21 [DEBUG]: findfont: score(FontEntry(fname='C:\\Windows\\Fonts\\BELLB.TTF', name='Bell MT', style='normal', variant='normal', weight=700, stretch='normal', size='scalable')) = 10.335
2023-08-08 11:34:21 [DEBUG]: findfont: score(FontEntry(fname='C:\\WINDOWS\\Fonts\\msyh.ttc', name='Microsoft YaHei', style='normal', variant='normal', weight=400, stretch='normal', size='scalable')) = 10.05
2023-08-08 11:34:21 [DEBUG]: findfont: score(FontEntry(fname='C:\\WINDOWS\\Fonts\\msyhl.ttc', name='Microsoft YaHei', style='normal', variant='normal', weight=290, stretch='normal', size='scalable')) = 10.1545
2023-08-08 11:34:21 [DEBUG]: findfont: score(FontEntry(fname='C:\\WINDOWS\\Fonts\\PERTILI.TTF', name='Perpetua Titling MT', style='normal', variant='normal', weight=300, stretch='normal', size='scalable')) = 10.145
2023-08-08 11:34:21 [DEBUG]: findfont: score(FontEntry(fname='C:\\WINDOWS\\Fonts\\SitkaZ.ttc', name='Sitka Small', style='italic', variant='normal', weight=700, stretch='normal', size='scalable')) = 11.335
2023-08-08 11:34:21 [DEBUG]: findfont: score(FontEntry(fname='C:\\WINDOWS\\Fonts\\timesbi.ttf', name='Times New Roman', style='italic', variant='normal', weight=700, stretch='normal', size='scalable')) = 11.335
2023-08-08 11:34:21 [DEBUG]: findfont: score(FontEntry(fname='C:\\Windows\\Fonts\\TCMI____.TTF', name='Tw Cen MT', style='italic', variant='normal', weight=400, stretch='normal', size='scalable')) = 11.05
2023-08-08 11:34:21 [DEBUG]: findfont: score(FontEntry(fname='C:\\Windows\\Fonts\\SitkaB.ttc', name='Sitka Small', style='normal', variant='normal', weight=700, stretch='normal', size='scalable')) = 10.335
2023-08-08 11:34:21 [DEBUG]: findfont: score(FontEntry(fname='C:\\Windows\\Fonts\\STENCIL.TTF', name='Stencil', style='normal', variant='normal', weight=400, stretch='normal', size='scalable')) = 10.05
2023-08-08 11:34:21 [DEBUG]: findfont: score(FontEntry(fname='C:\\Windows\\Fonts\\Candarab.ttf', name='Candara', style='normal', variant='normal', weight=700, stretch='normal', size='scalable')) = 10.335
2023-08-08 11:34:21 [DEBUG]: findfont: score(FontEntry(fname='C:\\WINDOWS\\Fonts\\ARIALNI.TTF', name='Arial', style='italic', variant='normal', weight=400, stretch='condensed', size='scalable')) = 1.25
2023-08-08 11:34:21 [DEBUG]: findfont: score(FontEntry(fname='C:\\WINDOWS\\Fonts\\constani.ttf', name='Constantia', style='italic', variant='normal', weight=400, stretch='normal', size='scalable')) = 11.05
2023-08-08 11:34:21 [DEBUG]: findfont: score(FontEntry(fname='C:\\WINDOWS\\Fonts\\GOUDOSB.TTF', name='Goudy Old Style', style='normal', variant='normal', weight=700, stretch='normal', size='scalable')) = 10.335
2023-08-08 11:34:21 [DEBUG]: findfont: score(FontEntry(fname='C:\\Windows\\Fonts\\GARABD.TTF', name='Garamond', style='normal', variant='normal', weight=700, stretch='normal', size='scalable')) = 10.335
2023-08-08 11:34:21 [DEBUG]: findfont: score(FontEntry(fname='C:\\Windows\\Fonts\\PERTILI.TTF', name='Perpetua Titling MT', style='normal', variant='normal', weight=300, stretch='normal', size='scalable')) = 10.145
2023-08-08 11:34:21 [DEBUG]: findfont: score(FontEntry(fname='C:\\Windows\\Fonts\\Candaral.ttf', name='Candara', style='normal', variant='normal', weight=400, stretch='normal', size='scalable')) = 10.05
2023-08-08 11:34:21 [DEBUG]: findfont: score(FontEntry(fname='C:\\Windows\\Fonts\\CALIFB.TTF', name='Californian FB', style='normal', variant='normal', weight=700, stretch='normal', size='scalable')) = 10.335
2023-08-08 11:34:21 [DEBUG]: findfont: score(FontEntry(fname='C:\\Windows\\Fonts\\PAPYRUS.TTF', name='Papyrus', style='normal', variant='normal', weight=400, stretch='normal', size='scalable')) = 10.05
2023-08-08 11:34:21 [DEBUG]: findfont: score(FontEntry(fname='C:\\Windows\\Fonts\\consolai.ttf', name='Consolas', style='italic', variant='normal', weight=400, stretch='normal', size='scalable')) = 11.05
2023-08-08 11:34:21 [DEBUG]: findfont: score(FontEntry(fname='C:\\WINDOWS\\Fonts\\COPRGTL.TTF', name='Copperplate Gothic Light', style='normal', variant='normal', weight=400, stretch='normal', size='scalable')) = 10.05
2023-08-08 11:34:21 [DEBUG]: findfont: score(FontEntry(fname='C:\\WINDOWS\\Fonts\\LEELAWDB.TTF', name='Leelawadee', style='normal', variant='normal', weight=700, stretch='normal', size='scalable')) = 10.335
2023-08-08 11:34:21 [DEBUG]: findfont: score(FontEntry(fname='C:\\Windows\\Fonts\\verdanai.ttf', name='Verdana', style='italic', variant='normal', weight=400, stretch='normal', size='scalable')) = 11.05
2023-08-08 11:34:21 [DEBUG]: findfont: score(FontEntry(fname='C:\\Windows\\Fonts\\YuGothR.ttc', name='Yu Gothic', style='normal', variant='normal', weight=400, stretch='normal', size='scalable')) = 10.05
2023-08-08 11:34:21 [DEBUG]: findfont: score(FontEntry(fname='C:\\WINDOWS\\Fonts\\RAGE.TTF', name='Rage Italic', style='italic', variant='normal', weight=400, stretch='normal', size='scalable')) = 11.05
2023-08-08 11:34:21 [DEBUG]: findfont: score(FontEntry(fname='C:\\Windows\\Fonts\\BOD_CBI.TTF', name='Bodoni MT', style='italic', variant='normal', weight=700, stretch='condensed', size='scalable')) = 11.535
2023-08-08 11:34:21 [DEBUG]: findfont: score(FontEntry(fname='C:\\Windows\\Fonts\\TCBI____.TTF', name='Tw Cen MT', style='italic', variant='normal', weight=700, stretch='normal', size='scalable')) = 11.335
2023-08-08 11:34:21 [DEBUG]: findfont: score(FontEntry(fname='C:\\WINDOWS\\Fonts\\simsunb.ttf', name='SimSun-ExtB', style='normal', variant='normal', weight=400, stretch='normal', size='scalable')) = 10.05
2023-08-08 11:34:21 [DEBUG]: findfont: score(FontEntry(fname='C:\\Windows\\Fonts\\courbi.ttf', name='Courier New', style='italic', variant='normal', weight=700, stretch='normal', size='scalable')) = 11.335
2023-08-08 11:34:21 [DEBUG]: findfont: score(FontEntry(fname='C:\\WINDOWS\\Fonts\\constanz.ttf', name='Constantia', style='italic', variant='normal', weight=700, stretch='normal', size='scalable')) = 11.335
2023-08-08 11:34:21 [DEBUG]: findfont: score(FontEntry(fname='C:\\WINDOWS\\Fonts\\LEELAWAD.TTF', name='Leelawadee', style='normal', variant='normal', weight=400, stretch='normal', size='scalable')) = 10.05
2023-08-08 11:34:21 [DEBUG]: findfont: score(FontEntry(fname='C:\\WINDOWS\\Fonts\\BOD_BI.TTF', name='Bodoni MT', style='italic', variant='normal', weight=700, stretch='normal', size='scalable')) = 11.335
2023-08-08 11:34:21 [DEBUG]: findfont: score(FontEntry(fname='C:\\Windows\\Fonts\\ALGER.TTF', name='Algerian', style='normal', variant='normal', weight=400, stretch='normal', size='scalable')) = 10.05
2023-08-08 11:34:21 [DEBUG]: findfont: score(FontEntry(fname='C:\\WINDOWS\\Fonts\\SCRIPTBL.TTF', name='Script MT Bold', style='normal', variant='normal', weight=700, stretch='normal', size='scalable')) = 10.335
2023-08-08 11:34:21 [DEBUG]: findfont: score(FontEntry(fname='C:\\Windows\\Fonts\\couri.ttf', name='Courier New', style='italic', variant='normal', weight=400, stretch='normal', size='scalable')) = 11.05
2023-08-08 11:34:21 [DEBUG]: findfont: score(FontEntry(fname='C:\\Windows\\Fonts\\tahomabd.ttf', name='Tahoma', style='normal', variant='normal', weight=700, stretch='normal', size='scalable')) = 10.335
2023-08-08 11:34:21 [DEBUG]: findfont: score(FontEntry(fname='C:\\Windows\\Fonts\\cambria.ttc', name='Cambria', style='normal', variant='normal', weight=400, stretch='normal', size='scalable')) = 10.05
2023-08-08 11:34:21 [DEBUG]: findfont: score(FontEntry(fname='C:\\WINDOWS\\Fonts\\Nirmala.ttf', name='Nirmala UI', style='normal', variant='normal', weight=400, stretch='normal', size='scalable')) = 10.05
2023-08-08 11:34:21 [DEBUG]: findfont: score(FontEntry(fname='C:\\WINDOWS\\Fonts\\BERNHC.TTF', name='Bernard MT Condensed', style='normal', variant='normal', weight=400, stretch='condensed', size='scalable')) = 10.25
2023-08-08 11:34:21 [DEBUG]: findfont: score(FontEntry(fname='C:\\Windows\\Fonts\\REFSAN.TTF', name='MS Reference Sans Serif', style='normal', variant='normal', weight=400, stretch='normal', size='scalable')) = 10.05
2023-08-08 11:34:21 [DEBUG]: findfont: score(FontEntry(fname='C:\\WINDOWS\\Fonts\\STLITI.TTF', name='STLiti', style='normal', variant='normal', weight=400, stretch='normal', size='scalable')) = 10.05
2023-08-08 11:34:21 [DEBUG]: findfont: score(FontEntry(fname='C:\\WINDOWS\\Fonts\\Inkfree.ttf', name='Ink Free', style='normal', variant='normal', weight=400, stretch='normal', size='scalable')) = 10.05
2023-08-08 11:34:21 [DEBUG]: findfont: score(FontEntry(fname='C:\\WINDOWS\\Fonts\\mingliub.ttc', name='MingLiU-ExtB', style='normal', variant='normal', weight=400, stretch='normal', size='scalable')) = 10.05
2023-08-08 11:34:21 [DEBUG]: findfont: score(FontEntry(fname='C:\\Windows\\Fonts\\ARIALNI.TTF', name='Arial', style='italic', variant='normal', weight=400, stretch='condensed', size='scalable')) = 1.25
2023-08-08 11:34:21 [DEBUG]: findfont: score(FontEntry(fname='C:\\Windows\\Fonts\\GILB____.TTF', name='Gill Sans MT', style='normal', variant='normal', weight=700, stretch='normal', size='scalable')) = 10.335
2023-08-08 11:34:21 [DEBUG]: findfont: score(FontEntry(fname='C:\\Windows\\Fonts\\georgiaz.ttf', name='Georgia', style='italic', variant='normal', weight=700, stretch='normal', size='scalable')) = 11.335
2023-08-08 11:34:21 [DEBUG]: findfont: score(FontEntry(fname='C:\\WINDOWS\\Fonts\\SNAP____.TTF', name='Snap ITC', style='normal', variant='normal', weight=400, stretch='normal', size='scalable')) = 10.05
2023-08-08 11:34:21 [DEBUG]: findfont: score(FontEntry(fname='C:\\Windows\\Fonts\\POORICH.TTF', name='Poor Richard', style='normal', variant='normal', weight=400, stretch='normal', size='scalable')) = 10.05
2023-08-08 11:34:21 [DEBUG]: findfont: score(FontEntry(fname='C:\\Windows\\Fonts\\GOUDOSB.TTF', name='Goudy Old Style', style='normal', variant='normal', weight=700, stretch='normal', size='scalable')) = 10.335
2023-08-08 11:34:21 [DEBUG]: findfont: score(FontEntry(fname='C:\\WINDOWS\\Fonts\\tahoma.ttf', name='Tahoma', style='normal', variant='normal', weight=400, stretch='normal', size='scalable')) = 10.05
2023-08-08 11:34:21 [DEBUG]: findfont: score(FontEntry(fname='C:\\Windows\\Fonts\\webdings.ttf', name='Webdings', style='normal', variant='normal', weight=400, stretch='normal', size='scalable')) = 10.05
2023-08-08 11:34:21 [DEBUG]: findfont: score(FontEntry(fname='C:\\WINDOWS\\Fonts\\BOD_CBI.TTF', name='Bodoni MT', style='italic', variant='normal', weight=700, stretch='condensed', size='scalable')) = 11.535
2023-08-08 11:34:21 [DEBUG]: findfont: score(FontEntry(fname='C:\\Windows\\Fonts\\RAGE.TTF', name='Rage Italic', style='italic', variant='normal', weight=400, stretch='normal', size='scalable')) = 11.05
2023-08-08 11:34:21 [DEBUG]: findfont: score(FontEntry(fname='C:\\Windows\\Fonts\\LFAX.TTF', name='Lucida Fax', style='normal', variant='normal', weight=400, stretch='normal', size='scalable')) = 10.05
2023-08-08 11:34:21 [DEBUG]: findfont: score(FontEntry(fname='C:\\Windows\\Fonts\\simsun.ttc', name='SimSun', style='normal', variant='normal', weight=400, stretch='normal', size='scalable')) = 10.05
2023-08-08 11:34:21 [DEBUG]: findfont: score(FontEntry(fname='C:\\Windows\\Fonts\\STKAITI.TTF', name='STKaiti', style='normal', variant='normal', weight=400, stretch='normal', size='scalable')) = 10.05
2023-08-08 11:34:21 [DEBUG]: findfont: score(FontEntry(fname='C:\\Windows\\Fonts\\LTYPEBO.TTF', name='Lucida Sans Typewriter', style='oblique', variant='normal', weight=600, stretch='normal', size='scalable')) = 11.24
2023-08-08 11:34:21 [DEBUG]: findfont: score(FontEntry(fname='C:\\Windows\\Fonts\\PLAYBILL.TTF', name='Playbill', style='normal', variant='normal', weight=400, stretch='normal', size='scalable')) = 10.05
2023-08-08 11:34:21 [DEBUG]: findfont: score(FontEntry(fname='C:\\WINDOWS\\Fonts\\consolaz.ttf', name='Consolas', style='italic', variant='normal', weight=700, stretch='normal', size='scalable')) = 11.335
2023-08-08 11:34:21 [DEBUG]: findfont: score(FontEntry(fname='C:\\Windows\\Fonts\\ERASMD.TTF', name='Eras Medium ITC', style='normal', variant='normal', weight=400, stretch='normal', size='scalable')) = 10.05
2023-08-08 11:34:21 [DEBUG]: findfont: score(FontEntry(fname='C:\\WINDOWS\\Fonts\\PERTIBD.TTF', name='Perpetua Titling MT', style='normal', variant='normal', weight=700, stretch='normal', size='scalable')) = 10.335
2023-08-08 11:34:21 [DEBUG]: findfont: score(FontEntry(fname='C:\\WINDOWS\\Fonts\\BRITANIC.TTF', name='Britannic Bold', style='normal', variant='normal', weight=400, stretch='normal', size='scalable')) = 10.05
2023-08-08 11:34:21 [DEBUG]: findfont: score(FontEntry(fname='C:\\Windows\\Fonts\\ANTQUAB.TTF', name='Book Antiqua', style='normal', variant='normal', weight=700, stretch='normal', size='scalable')) = 10.335
2023-08-08 11:34:21 [DEBUG]: findfont: score(FontEntry(fname='C:\\WINDOWS\\Fonts\\himalaya.ttf', name='Microsoft Himalaya', style='normal', variant='normal', weight=400, stretch='normal', size='scalable')) = 10.05
2023-08-08 11:34:21 [DEBUG]: findfont: score(FontEntry(fname='C:\\WINDOWS\\Fonts\\seguisbi.ttf', name='Segoe UI', style='italic', variant='normal', weight=600, stretch='normal', size='scalable')) = 11.24
2023-08-08 11:34:21 [DEBUG]: findfont: score(FontEntry(fname='C:\\Windows\\Fonts\\GILC____.TTF', name='Gill Sans MT Condensed', style='normal', variant='normal', weight=400, stretch='condensed', size='scalable')) = 10.25
2023-08-08 11:34:21 [DEBUG]: findfont: score(FontEntry(fname='C:\\Windows\\Fonts\\LBRITEI.TTF', name='Lucida Bright', style='italic', variant='normal', weight=400, stretch='normal', size='scalable')) = 11.05
2023-08-08 11:34:21 [DEBUG]: findfont: score(FontEntry(fname='C:\\WINDOWS\\Fonts\\corbel.ttf', name='Corbel', style='normal', variant='normal', weight=400, stretch='normal', size='scalable')) = 10.05
2023-08-08 11:34:21 [DEBUG]: findfont: score(FontEntry(fname='C:\\WINDOWS\\Fonts\\REFSAN.TTF', name='MS Reference Sans Serif', style='normal', variant='normal', weight=400, stretch='normal', size='scalable')) = 10.05
2023-08-08 11:34:21 [DEBUG]: findfont: score(FontEntry(fname='C:\\WINDOWS\\Fonts\\palabi.ttf', name='Palatino Linotype', style='italic', variant='normal', weight=700, stretch='normal', size='scalable')) = 11.335
2023-08-08 11:34:21 [DEBUG]: findfont: score(FontEntry(fname='C:\\Windows\\Fonts\\CENTURY.TTF', name='Century', style='normal', variant='normal', weight=400, stretch='normal', size='scalable')) = 10.05
2023-08-08 11:34:21 [DEBUG]: findfont: score(FontEntry(fname='C:\\WINDOWS\\Fonts\\seguibl.ttf', name='Segoe UI', style='normal', variant='normal', weight=900, stretch='normal', size='scalable')) = 10.525
2023-08-08 11:34:21 [DEBUG]: findfont: score(FontEntry(fname='C:\\Windows\\Fonts\\bahnschrift.ttf', name='Bahnschrift', style='normal', variant='normal', weight=400, stretch='normal', size='scalable')) = 10.05
2023-08-08 11:34:21 [DEBUG]: findfont: score(FontEntry(fname='C:\\Windows\\Fonts\\LTYPE.TTF', name='Lucida Sans Typewriter', style='normal', variant='normal', weight=400, stretch='normal', size='scalable')) = 10.05
2023-08-08 11:34:21 [DEBUG]: findfont: score(FontEntry(fname='C:\\Windows\\Fonts\\ARIALNBI.TTF', name='Arial', style='italic', variant='normal', weight=700, stretch='condensed', size='scalable')) = 1.535
2023-08-08 11:34:21 [DEBUG]: findfont: score(FontEntry(fname='C:\\WINDOWS\\Fonts\\BAUHS93.TTF', name='Bauhaus 93', style='normal', variant='normal', weight=400, stretch='normal', size='scalable')) = 10.05
2023-08-08 11:34:21 [DEBUG]: findfont: score(FontEntry(fname='C:\\Windows\\Fonts\\seguibli.ttf', name='Segoe UI', style='italic', variant='normal', weight=900, stretch='normal', size='scalable')) = 11.525
2023-08-08 11:34:21 [DEBUG]: findfont: score(FontEntry(fname='C:\\WINDOWS\\Fonts\\ebrima.ttf', name='Ebrima', style='normal', variant='normal', weight=400, stretch='normal', size='scalable')) = 10.05
2023-08-08 11:34:21 [DEBUG]: findfont: score(FontEntry(fname='C:\\Windows\\Fonts\\PERBI___.TTF', name='Perpetua', style='italic', variant='normal', weight=700, stretch='normal', size='scalable')) = 11.335
2023-08-08 11:34:21 [DEBUG]: findfont: score(FontEntry(fname='C:\\WINDOWS\\Fonts\\calibrili.ttf', name='Calibri', style='italic', variant='normal', weight=300, stretch='normal', size='scalable')) = 11.145
2023-08-08 11:34:21 [DEBUG]: findfont: score(FontEntry(fname='C:\\Windows\\Fonts\\segoeuisl.ttf', name='Segoe UI', style='normal', variant='normal', weight=350, stretch='normal', size='scalable')) = 10.0975
2023-08-08 11:34:21 [DEBUG]: findfont: score(FontEntry(fname='C:\\WINDOWS\\Fonts\\STXINGKA.TTF', name='STXingkai', style='normal', variant='normal', weight=400, stretch='normal', size='scalable')) = 10.05
2023-08-08 11:34:21 [DEBUG]: findfont: score(FontEntry(fname='C:\\Windows\\Fonts\\KUNSTLER.TTF', name='Kunstler Script', style='normal', variant='normal', weight=400, stretch='normal', size='scalable')) = 10.05
2023-08-08 11:34:21 [DEBUG]: findfont: score(FontEntry(fname='C:\\WINDOWS\\Fonts\\YuGothL.ttc', name='Yu Gothic', style='normal', variant='normal', weight=300, stretch='normal', size='scalable')) = 10.145
2023-08-08 11:34:21 [DEBUG]: findfont: score(FontEntry(fname='C:\\Windows\\Fonts\\ELEPHNT.TTF', name='Elephant', style='normal', variant='normal', weight=400, stretch='normal', size='scalable')) = 10.05
2023-08-08 11:34:21 [DEBUG]: findfont: score(FontEntry(fname='C:\\Windows\\Fonts\\VIVALDII.TTF', name='Vivaldi', style='italic', variant='normal', weight=400, stretch='normal', size='scalable')) = 11.05
2023-08-08 11:34:21 [DEBUG]: findfont: score(FontEntry(fname='C:\\WINDOWS\\Fonts\\STENCIL.TTF', name='Stencil', style='normal', variant='normal', weight=400, stretch='normal', size='scalable')) = 10.05
2023-08-08 11:34:21 [DEBUG]: findfont: score(FontEntry(fname='C:\\Windows\\Fonts\\FRAMDCN.TTF', name='Franklin Gothic Medium Cond', style='normal', variant='normal', weight=400, stretch='condensed', size='scalable')) = 10.25
2023-08-08 11:34:21 [DEBUG]: findfont: score(FontEntry(fname='C:\\WINDOWS\\Fonts\\segoeuib.ttf', name='Segoe UI', style='normal', variant='normal', weight=700, stretch='normal', size='scalable')) = 10.335
2023-08-08 11:34:21 [DEBUG]: findfont: score(FontEntry(fname='C:\\Windows\\Fonts\\cour.ttf', name='Courier New', style='normal', variant='normal', weight=400, stretch='normal', size='scalable')) = 10.05
2023-08-08 11:34:21 [DEBUG]: findfont: score(FontEntry(fname='C:\\WINDOWS\\Fonts\\LTYPEBO.TTF', name='Lucida Sans Typewriter', style='oblique', variant='normal', weight=600, stretch='normal', size='scalable')) = 11.24
2023-08-08 11:34:21 [DEBUG]: findfont: score(FontEntry(fname='C:\\WINDOWS\\Fonts\\Deng.ttf', name='DengXian', style='normal', variant='normal', weight=400, stretch='normal', size='scalable')) = 10.05
2023-08-08 11:34:21 [DEBUG]: findfont: score(FontEntry(fname='C:\\Windows\\Fonts\\CALISTBI.TTF', name='Calisto MT', style='italic', variant='normal', weight=700, stretch='normal', size='scalable')) = 11.335
2023-08-08 11:34:21 [DEBUG]: findfont: score(FontEntry(fname='C:\\Windows\\Fonts\\COPRGTL.TTF', name='Copperplate Gothic Light', style='normal', variant='normal', weight=400, stretch='normal', size='scalable')) = 10.05
2023-08-08 11:34:21 [DEBUG]: findfont: score(FontEntry(fname='C:\\WINDOWS\\Fonts\\BOOKOSB.TTF', name='Bookman Old Style', style='normal', variant='normal', weight=600, stretch='normal', size='scalable')) = 10.24
2023-08-08 11:34:21 [DEBUG]: findfont: score(FontEntry(fname='C:\\Windows\\Fonts\\segoeuii.ttf', name='Segoe UI', style='italic', variant='normal', weight=400, stretch='normal', size='scalable')) = 11.05
2023-08-08 11:34:21 [DEBUG]: findfont: score(FontEntry(fname='C:\\WINDOWS\\Fonts\\DUBAI-REGULAR.TTF', name='Dubai', style='normal', variant='normal', weight=400, stretch='normal', size='scalable')) = 10.05
2023-08-08 11:34:21 [DEBUG]: findfont: score(FontEntry(fname='C:\\Windows\\Fonts\\BRUSHSCI.TTF', name='Brush Script MT', style='italic', variant='normal', weight=400, stretch='normal', size='scalable')) = 11.05
2023-08-08 11:34:21 [DEBUG]: findfont: score(FontEntry(fname='C:\\Windows\\Fonts\\WINGDNG2.TTF', name='Wingdings 2', style='normal', variant='normal', weight=400, stretch='normal', size='scalable')) = 10.05
2023-08-08 11:34:21 [DEBUG]: findfont: score(FontEntry(fname='C:\\Windows\\Fonts\\trebucbd.ttf', name='Trebuchet MS', style='normal', variant='normal', weight=700, stretch='normal', size='scalable')) = 10.335
2023-08-08 11:34:21 [DEBUG]: findfont: score(FontEntry(fname='C:\\WINDOWS\\Fonts\\seguisli.ttf', name='Segoe UI', style='italic', variant='normal', weight=350, stretch='normal', size='scalable')) = 11.0975
2023-08-08 11:34:21 [DEBUG]: findfont: score(FontEntry(fname='C:\\WINDOWS\\Fonts\\SCHLBKBI.TTF', name='Century Schoolbook', style='italic', variant='normal', weight=700, stretch='normal', size='scalable')) = 11.335
2023-08-08 11:34:21 [DEBUG]: findfont: score(FontEntry(fname='C:\\WINDOWS\\Fonts\\CENTAUR.TTF', name='Centaur', style='normal', variant='normal', weight=400, stretch='normal', size='scalable')) = 10.05
2023-08-08 11:34:21 [DEBUG]: findfont: score(FontEntry(fname='C:\\Windows\\Fonts\\LEELAWAD.TTF', name='Leelawadee', style='normal', variant='normal', weight=400, stretch='normal', size='scalable')) = 10.05
2023-08-08 11:34:21 [DEBUG]: findfont: score(FontEntry(fname='C:\\WINDOWS\\Fonts\\sylfaen.ttf', name='Sylfaen', style='normal', variant='normal', weight=400, stretch='normal', size='scalable')) = 10.05
2023-08-08 11:34:21 [DEBUG]: findfont: score(FontEntry(fname='C:\\WINDOWS\\Fonts\\LBRITED.TTF', name='Lucida Bright', style='normal', variant='normal', weight=600, stretch='normal', size='scalable')) = 10.24
2023-08-08 11:34:21 [DEBUG]: findfont: score(FontEntry(fname='C:\\WINDOWS\\Fonts\\DUBAI-BOLD.TTF', name='Dubai', style='normal', variant='normal', weight=700, stretch='normal', size='scalable')) = 10.335
2023-08-08 11:34:21 [DEBUG]: findfont: score(FontEntry(fname='C:\\WINDOWS\\Fonts\\LeelawUI.ttf', name='Leelawadee UI', style='normal', variant='normal', weight=400, stretch='normal', size='scalable')) = 10.05
2023-08-08 11:34:21 [DEBUG]: findfont: score(FontEntry(fname='C:\\WINDOWS\\Fonts\\l_10646.ttf', name='Lucida Sans Unicode', style='normal', variant='normal', weight=400, stretch='normal', size='scalable')) = 10.05
2023-08-08 11:34:21 [DEBUG]: findfont: score(FontEntry(fname='C:\\WINDOWS\\Fonts\\verdanaz.ttf', name='Verdana', style='italic', variant='normal', weight=700, stretch='normal', size='scalable')) = 11.335
2023-08-08 11:34:21 [DEBUG]: findfont: score(FontEntry(fname='C:\\Windows\\Fonts\\LeelUIsl.ttf', name='Leelawadee UI', style='normal', variant='normal', weight=350, stretch='normal', size='scalable')) = 10.0975
2023-08-08 11:34:21 [DEBUG]: findfont: score(FontEntry(fname='C:\\WINDOWS\\Fonts\\FRADMIT.TTF', name='Franklin Gothic Demi', style='italic', variant='normal', weight=400, stretch='normal', size='scalable')) = 11.05
2023-08-08 11:34:21 [DEBUG]: findfont: score(FontEntry(fname='C:\\WINDOWS\\Fonts\\CALIST.TTF', name='Calisto MT', style='normal', variant='normal', weight=400, stretch='normal', size='scalable')) = 10.05
2023-08-08 11:34:21 [DEBUG]: findfont: score(FontEntry(fname='C:\\Windows\\Fonts\\STXIHEI.TTF', name='STXihei', style='normal', variant='normal', weight=400, stretch='normal', size='scalable')) = 10.05
2023-08-08 11:34:21 [DEBUG]: findfont: score(FontEntry(fname='C:\\Windows\\Fonts\\LATINWD.TTF', name='Wide Latin', style='normal', variant='normal', weight=400, stretch='expanded', size='scalable')) = 10.25
2023-08-08 11:34:21 [DEBUG]: findfont: score(FontEntry(fname='C:\\WINDOWS\\Fonts\\msjh.ttc', name='Microsoft JhengHei', style='normal', variant='normal', weight=400, stretch='normal', size='scalable')) = 10.05
2023-08-08 11:34:21 [DEBUG]: findfont: score(FontEntry(fname='C:\\WINDOWS\\Fonts\\GIGI.TTF', name='Gigi', style='normal', variant='normal', weight=400, stretch='normal', size='scalable')) = 10.05
2023-08-08 11:34:21 [DEBUG]: findfont: score(FontEntry(fname='C:\\WINDOWS\\Fonts\\cour.ttf', name='Courier New', style='normal', variant='normal', weight=400, stretch='normal', size='scalable')) = 10.05
2023-08-08 11:34:21 [DEBUG]: findfont: score(FontEntry(fname='C:\\WINDOWS\\Fonts\\corbelb.ttf', name='Corbel', style='normal', variant='normal', weight=700, stretch='normal', size='scalable')) = 10.335
2023-08-08 11:34:21 [DEBUG]: findfont: score(FontEntry(fname='C:\\WINDOWS\\Fonts\\NirmalaB.ttf', name='Nirmala UI', style='normal', variant='normal', weight=700, stretch='normal', size='scalable')) = 10.335
2023-08-08 11:34:21 [DEBUG]: findfont: score(FontEntry(fname='C:\\Windows\\Fonts\\georgiab.ttf', name='Georgia', style='normal', variant='normal', weight=700, stretch='normal', size='scalable')) = 10.335
2023-08-08 11:34:21 [DEBUG]: findfont: score(FontEntry(fname='C:\\WINDOWS\\Fonts\\couri.ttf', name='Courier New', style='italic', variant='normal', weight=400, stretch='normal', size='scalable')) = 11.05
2023-08-08 11:34:21 [DEBUG]: findfont: score(FontEntry(fname='C:\\Windows\\Fonts\\LEELAWDB.TTF', name='Leelawadee', style='normal', variant='normal', weight=700, stretch='normal', size='scalable')) = 10.335
2023-08-08 11:34:21 [DEBUG]: findfont: score(FontEntry(fname='C:\\WINDOWS\\Fonts\\FRADMCN.TTF', name='Franklin Gothic Demi Cond', style='normal', variant='normal', weight=400, stretch='condensed', size='scalable')) = 10.25
2023-08-08 11:34:21 [DEBUG]: findfont: score(FontEntry(fname='C:\\Windows\\Fonts\\corbell.ttf', name='Corbel', style='normal', variant='normal', weight=300, stretch='normal', size='scalable')) = 10.145
2023-08-08 11:34:21 [DEBUG]: findfont: score(FontEntry(fname='C:\\Windows\\Fonts\\MAIAN.TTF', name='Maiandra GD', style='normal', variant='normal', weight=400, stretch='normal', size='scalable')) = 10.05
2023-08-08 11:34:21 [DEBUG]: findfont: score(FontEntry(fname='C:\\WINDOWS\\Fonts\\BOD_PSTC.TTF', name='Bodoni MT', style='normal', variant='normal', weight=300, stretch='normal', size='scalable')) = 10.145
2023-08-08 11:34:21 [DEBUG]: findfont: score(FontEntry(fname='C:\\WINDOWS\\Fonts\\arialbi.ttf', name='Arial', style='italic', variant='normal', weight=700, stretch='normal', size='scalable')) = 1.335
2023-08-08 11:34:21 [DEBUG]: findfont: score(FontEntry(fname='C:\\Windows\\Fonts\\verdanab.ttf', name='Verdana', style='normal', variant='normal', weight=700, stretch='normal', size='scalable')) = 10.335
2023-08-08 11:34:21 [DEBUG]: findfont: score(FontEntry(fname='C:\\WINDOWS\\Fonts\\BRLNSB.TTF', name='Berlin Sans FB', style='normal', variant='normal', weight=700, stretch='normal', size='scalable')) = 10.335
2023-08-08 11:34:21 [DEBUG]: findfont: score(FontEntry(fname='C:\\WINDOWS\\Fonts\\consola.ttf', name='Consolas', style='normal', variant='normal', weight=400, stretch='normal', size='scalable')) = 10.05
2023-08-08 11:34:21 [DEBUG]: findfont: score(FontEntry(fname='C:\\WINDOWS\\Fonts\\msjhbd.ttc', name='Microsoft JhengHei', style='normal', variant='normal', weight=700, stretch='normal', size='scalable')) = 10.335
2023-08-08 11:34:21 [DEBUG]: findfont: score(FontEntry(fname='C:\\WINDOWS\\Fonts\\PAPYRUS.TTF', name='Papyrus', style='normal', variant='normal', weight=400, stretch='normal', size='scalable')) = 10.05
2023-08-08 11:34:21 [DEBUG]: findfont: score(FontEntry(fname='C:\\Windows\\Fonts\\GOUDOS.TTF', name='Goudy Old Style', style='normal', variant='normal', weight=400, stretch='normal', size='scalable')) = 10.05
2023-08-08 11:34:21 [DEBUG]: findfont: score(FontEntry(fname='C:\\Windows\\Fonts\\Candarali.ttf', name='Candara', style='italic', variant='normal', weight=400, stretch='normal', size='scalable')) = 11.05
2023-08-08 11:34:21 [DEBUG]: findfont: score(FontEntry(fname='C:\\Windows\\Fonts\\simsunb.ttf', name='SimSun-ExtB', style='normal', variant='normal', weight=400, stretch='normal', size='scalable')) = 10.05
2023-08-08 11:34:21 [DEBUG]: findfont: score(FontEntry(fname='C:\\Windows\\Fonts\\BRLNSR.TTF', name='Berlin Sans FB', style='normal', variant='normal', weight=400, stretch='normal', size='scalable')) = 10.05
2023-08-08 11:34:21 [DEBUG]: findfont: score(FontEntry(fname='C:\\Windows\\Fonts\\seguili.ttf', name='Segoe UI', style='italic', variant='normal', weight=300, stretch='normal', size='scalable')) = 11.145
2023-08-08 11:34:21 [DEBUG]: findfont: score(FontEntry(fname='C:\\Windows\\Fonts\\constani.ttf', name='Constantia', style='italic', variant='normal', weight=400, stretch='normal', size='scalable')) = 11.05
2023-08-08 11:34:21 [DEBUG]: findfont: score(FontEntry(fname='C:\\WINDOWS\\Fonts\\BOD_CB.TTF', name='Bodoni MT', style='normal', variant='normal', weight=700, stretch='condensed', size='scalable')) = 10.535
2023-08-08 11:34:21 [DEBUG]: findfont: score(FontEntry(fname='C:\\Windows\\Fonts\\OLDENGL.TTF', name='Old English Text MT', style='normal', variant='normal', weight=400, stretch='normal', size='scalable')) = 10.05
2023-08-08 11:34:21 [DEBUG]: findfont: score(FontEntry(fname='C:\\WINDOWS\\Fonts\\ROCK.TTF', name='Rockwell', style='normal', variant='normal', weight=400, stretch='normal', size='scalable')) = 10.05
2023-08-08 11:34:21 [DEBUG]: findfont: score(FontEntry(fname='C:\\Windows\\Fonts\\DUBAI-MEDIUM.TTF', name='Dubai', style='normal', variant='normal', weight=500, stretch='normal', size='scalable')) = 10.145
2023-08-08 11:34:21 [DEBUG]: findfont: score(FontEntry(fname='C:\\Windows\\Fonts\\JOKERMAN.TTF', name='Jokerman', style='normal', variant='normal', weight=400, stretch='normal', size='scalable')) = 10.05
2023-08-08 11:34:21 [DEBUG]: findfont: score(FontEntry(fname='C:\\Windows\\Fonts\\LSANS.TTF', name='Lucida Sans', style='normal', variant='normal', weight=400, stretch='normal', size='scalable')) = 10.05
2023-08-08 11:34:21 [DEBUG]: findfont: score(FontEntry(fname='C:\\WINDOWS\\Fonts\\simfang.ttf', name='FangSong', style='normal', variant='normal', weight=400, stretch='normal', size='scalable')) = 10.05
2023-08-08 11:34:21 [DEBUG]: findfont: score(FontEntry(fname='C:\\WINDOWS\\Fonts\\marlett.ttf', name='Marlett', style='normal', variant='normal', weight=500, stretch='normal', size='scalable')) = 10.145
2023-08-08 11:34:21 [DEBUG]: findfont: score(FontEntry(fname='C:\\WINDOWS\\Fonts\\YuGothR.ttc', name='Yu Gothic', style='normal', variant='normal', weight=400, stretch='normal', size='scalable')) = 10.05
2023-08-08 11:34:21 [DEBUG]: findfont: score(FontEntry(fname='C:\\WINDOWS\\Fonts\\LHANDW.TTF', name='Lucida Handwriting', style='italic', variant='normal', weight=400, stretch='normal', size='scalable')) = 11.05
2023-08-08 11:34:21 [DEBUG]: findfont: score(FontEntry(fname='C:\\WINDOWS\\Fonts\\TCCB____.TTF', name='Tw Cen MT Condensed', style='normal', variant='normal', weight=700, stretch='condensed', size='scalable')) = 10.535
2023-08-08 11:34:21 [DEBUG]: findfont: score(FontEntry(fname='C:\\WINDOWS\\Fonts\\palai.ttf', name='Palatino Linotype', style='italic', variant='normal', weight=400, stretch='normal', size='scalable')) = 11.05
2023-08-08 11:34:21 [DEBUG]: findfont: score(FontEntry(fname='C:\\WINDOWS\\Fonts\\YuGothM.ttc', name='Yu Gothic', style='normal', variant='normal', weight=500, stretch='normal', size='scalable')) = 10.145
2023-08-08 11:34:21 [DEBUG]: findfont: score(FontEntry(fname='C:\\WINDOWS\\Fonts\\FZYTK.TTF', name='FZYaoTi', style='normal', variant='normal', weight=400, stretch='normal', size='scalable')) = 10.05
2023-08-08 11:34:21 [DEBUG]: findfont: score(FontEntry(fname='C:\\WINDOWS\\Fonts\\times.ttf', name='Times New Roman', style='normal', variant='normal', weight=400, stretch='normal', size='scalable')) = 10.05
2023-08-08 11:34:21 [DEBUG]: findfont: score(FontEntry(fname='C:\\Windows\\Fonts\\BKANT.TTF', name='Book Antiqua', style='normal', variant='normal', weight=400, stretch='normal', size='scalable')) = 10.05
2023-08-08 11:34:21 [DEBUG]: findfont: score(FontEntry(fname='C:\\WINDOWS\\Fonts\\GOUDOS.TTF', name='Goudy Old Style', style='normal', variant='normal', weight=400, stretch='normal', size='scalable')) = 10.05
2023-08-08 11:34:21 [DEBUG]: findfont: score(FontEntry(fname='C:\\Windows\\Fonts\\verdanaz.ttf', name='Verdana', style='italic', variant='normal', weight=700, stretch='normal', size='scalable')) = 11.335
2023-08-08 11:34:21 [DEBUG]: findfont: score(FontEntry(fname='C:\\Windows\\Fonts\\seguiemj.ttf', name='Segoe UI Emoji', style='normal', variant='normal', weight=400, stretch='normal', size='scalable')) = 10.05
2023-08-08 11:34:22 [DEBUG]: findfont: score(FontEntry(fname='C:\\Windows\\Fonts\\FRABKIT.TTF', name='Franklin Gothic Book', style='italic', variant='normal', weight=400, stretch='normal', size='scalable')) = 11.05
2023-08-08 11:34:22 [DEBUG]: findfont: score(FontEntry(fname='C:\\WINDOWS\\Fonts\\ROCKB.TTF', name='Rockwell', style='normal', variant='normal', weight=700, stretch='normal', size='scalable')) = 10.335
2023-08-08 11:34:22 [DEBUG]: findfont: score(FontEntry(fname='C:\\Windows\\Fonts\\HTOWERT.TTF', name='High Tower Text', style='normal', variant='normal', weight=400, stretch='normal', size='scalable')) = 10.05
2023-08-08 11:34:22 [DEBUG]: findfont: score(FontEntry(fname='C:\\Windows\\Fonts\\FTLTLT.TTF', name='Footlight MT Light', style='normal', variant='normal', weight=300, stretch='normal', size='scalable')) = 10.145
2023-08-08 11:34:22 [DEBUG]: findfont: score(FontEntry(fname='C:\\Windows\\Fonts\\SCRIPTBL.TTF', name='Script MT Bold', style='normal', variant='normal', weight=700, stretch='normal', size='scalable')) = 10.335
2023-08-08 11:34:22 [DEBUG]: findfont: score(FontEntry(fname='C:\\WINDOWS\\Fonts\\calibril.ttf', name='Calibri', style='normal', variant='normal', weight=300, stretch='normal', size='scalable')) = 10.145
2023-08-08 11:34:22 [DEBUG]: findfont: score(FontEntry(fname='C:\\WINDOWS\\Fonts\\MAIAN.TTF', name='Maiandra GD', style='normal', variant='normal', weight=400, stretch='normal', size='scalable')) = 10.05
2023-08-08 11:34:22 [DEBUG]: findfont: score(FontEntry(fname='C:\\WINDOWS\\Fonts\\TCM_____.TTF', name='Tw Cen MT', style='normal', variant='normal', weight=400, stretch='normal', size='scalable')) = 10.05
2023-08-08 11:34:22 [DEBUG]: findfont: score(FontEntry(fname='C:\\WINDOWS\\Fonts\\GOTHICB.TTF', name='Century Gothic', style='normal', variant='normal', weight=700, stretch='normal', size='scalable')) = 10.335
2023-08-08 11:34:22 [DEBUG]: findfont: score(FontEntry(fname='C:\\WINDOWS\\Fonts\\NirmalaS.ttf', name='Nirmala UI', style='normal', variant='normal', weight=350, stretch='normal', size='scalable')) = 10.0975
2023-08-08 11:34:22 [DEBUG]: findfont: score(FontEntry(fname='C:\\WINDOWS\\Fonts\\SitkaB.ttc', name='Sitka Small', style='normal', variant='normal', weight=700, stretch='normal', size='scalable')) = 10.335
2023-08-08 11:34:22 [DEBUG]: findfont: score(FontEntry(fname='C:\\Windows\\Fonts\\ROCKBI.TTF', name='Rockwell', style='italic', variant='normal', weight=700, stretch='normal', size='scalable')) = 11.335
2023-08-08 11:34:22 [DEBUG]: findfont: score(FontEntry(fname='C:\\WINDOWS\\Fonts\\corbeli.ttf', name='Corbel', style='italic', variant='normal', weight=400, stretch='normal', size='scalable')) = 11.05
2023-08-08 11:34:22 [DEBUG]: findfont: score(FontEntry(fname='C:\\Windows\\Fonts\\segoesc.ttf', name='Segoe Script', style='normal', variant='normal', weight=400, stretch='normal', size='scalable')) = 10.05
2023-08-08 11:34:22 [DEBUG]: findfont: score(FontEntry(fname='C:\\Windows\\Fonts\\Sitka.ttc', name='Sitka Small', style='normal', variant='normal', weight=400, stretch='normal', size='scalable')) = 10.05
2023-08-08 11:34:22 [DEBUG]: findfont: score(FontEntry(fname='C:\\WINDOWS\\Fonts\\ANTQUAB.TTF', name='Book Antiqua', style='normal', variant='normal', weight=700, stretch='normal', size='scalable')) = 10.335
2023-08-08 11:34:22 [DEBUG]: findfont: score(FontEntry(fname='C:\\WINDOWS\\Fonts\\comicbd.ttf', name='Comic Sans MS', style='normal', variant='normal', weight=700, stretch='normal', size='scalable')) = 10.335
2023-08-08 11:34:22 [DEBUG]: findfont: score(FontEntry(fname='C:\\Windows\\Fonts\\GLSNECB.TTF', name='Gill Sans MT Ext Condensed Bold', style='normal', variant='normal', weight=400, stretch='condensed', size='scalable')) = 10.25
2023-08-08 11:34:22 [DEBUG]: findfont: score(FontEntry(fname='C:\\Windows\\Fonts\\mingliub.ttc', name='MingLiU-ExtB', style='normal', variant='normal', weight=400, stretch='normal', size='scalable')) = 10.05
2023-08-08 11:34:22 [DEBUG]: findfont: score(FontEntry(fname='C:\\WINDOWS\\Fonts\\Dengl.ttf', name='DengXian', style='normal', variant='normal', weight=300, stretch='normal', size='scalable')) = 10.145
2023-08-08 11:34:22 [DEBUG]: findfont: score(FontEntry(fname='C:\\WINDOWS\\Fonts\\segoeuiz.ttf', name='Segoe UI', style='italic', variant='normal', weight=700, stretch='normal', size='scalable')) = 11.335
2023-08-08 11:34:22 [DEBUG]: findfont: score(FontEntry(fname='C:\\WINDOWS\\Fonts\\REFSPCL.TTF', name='MS Reference Specialty', style='normal', variant='normal', weight=400, stretch='normal', size='scalable')) = 10.05
2023-08-08 11:34:22 [DEBUG]: findfont: score(FontEntry(fname='C:\\WINDOWS\\Fonts\\framdit.ttf', name='Franklin Gothic Medium', style='italic', variant='normal', weight=400, stretch='normal', size='scalable')) = 11.05
2023-08-08 11:34:22 [DEBUG]: findfont: score(FontEntry(fname='C:\\WINDOWS\\Fonts\\symbol.ttf', name='Symbol', style='normal', variant='normal', weight=400, stretch='normal', size='scalable')) = 10.05
2023-08-08 11:34:22 [DEBUG]: findfont: score(FontEntry(fname='C:\\WINDOWS\\Fonts\\ITCEDSCR.TTF', name='Edwardian Script ITC', style='normal', variant='normal', weight=400, stretch='normal', size='scalable')) = 10.05
2023-08-08 11:34:22 [DEBUG]: findfont: score(FontEntry(fname='C:\\Windows\\Fonts\\PERTIBD.TTF', name='Perpetua Titling MT', style='normal', variant='normal', weight=700, stretch='normal', size='scalable')) = 10.335
2023-08-08 11:34:22 [DEBUG]: findfont: score(FontEntry(fname='C:\\WINDOWS\\Fonts\\NIAGSOL.TTF', name='Niagara Solid', style='normal', variant='normal', weight=400, stretch='normal', size='scalable')) = 10.05
2023-08-08 11:34:22 [DEBUG]: findfont: score(FontEntry(fname='C:\\Windows\\Fonts\\segoeprb.ttf', name='Segoe Print', style='normal', variant='normal', weight=700, stretch='normal', size='scalable')) = 10.335
2023-08-08 11:34:22 [DEBUG]: findfont: score(FontEntry(fname='C:\\Windows\\Fonts\\comicz.ttf', name='Comic Sans MS', style='italic', variant='normal', weight=700, stretch='normal', size='scalable')) = 11.335
2023-08-08 11:34:22 [DEBUG]: findfont: score(FontEntry(fname='C:\\Windows\\Fonts\\framdit.ttf', name='Franklin Gothic Medium', style='italic', variant='normal', weight=400, stretch='normal', size='scalable')) = 11.05
2023-08-08 11:34:22 [DEBUG]: findfont: score(FontEntry(fname='C:\\WINDOWS\\Fonts\\malgunbd.ttf', name='Malgun Gothic', style='normal', variant='normal', weight=700, stretch='normal', size='scalable')) = 10.335
2023-08-08 11:34:22 [DEBUG]: findfont: score(FontEntry(fname='C:\\Windows\\Fonts\\GILI____.TTF', name='Gill Sans MT', style='italic', variant='normal', weight=400, stretch='normal', size='scalable')) = 11.05
2023-08-08 11:34:22 [DEBUG]: findfont: score(FontEntry(fname='C:\\WINDOWS\\Fonts\\FRAMDCN.TTF', name='Franklin Gothic Medium Cond', style='normal', variant='normal', weight=400, stretch='condensed', size='scalable')) = 10.25
2023-08-08 11:34:22 [DEBUG]: findfont: score(FontEntry(fname='C:\\Windows\\Fonts\\segoeui.ttf', name='Segoe UI', style='normal', variant='normal', weight=400, stretch='normal', size='scalable')) = 10.05
2023-08-08 11:34:22 [DEBUG]: findfont: score(FontEntry(fname='C:\\Windows\\Fonts\\FRADM.TTF', name='Franklin Gothic Demi', style='normal', variant='normal', weight=400, stretch='normal', size='scalable')) = 10.05
2023-08-08 11:34:22 [DEBUG]: findfont: score(FontEntry(fname='C:\\Windows\\Fonts\\AGENCYB.TTF', name='Agency FB', style='normal', variant='normal', weight=700, stretch='normal', size='scalable')) = 10.335
2023-08-08 11:34:22 [DEBUG]: findfont: score(FontEntry(fname='C:\\Windows\\Fonts\\ERASDEMI.TTF', name='Eras Demi ITC', style='normal', variant='normal', weight=400, stretch='normal', size='scalable')) = 10.05
2023-08-08 11:34:22 [DEBUG]: findfont: score(FontEntry(fname='C:\\Windows\\Fonts\\DUBAI-BOLD.TTF', name='Dubai', style='normal', variant='normal', weight=700, stretch='normal', size='scalable')) = 10.335
2023-08-08 11:34:22 [DEBUG]: findfont: score(FontEntry(fname='C:\\WINDOWS\\Fonts\\corbelz.ttf', name='Corbel', style='italic', variant='normal', weight=700, stretch='normal', size='scalable')) = 11.335
2023-08-08 11:34:22 [DEBUG]: findfont: score(FontEntry(fname='C:\\WINDOWS\\Fonts\\GILB____.TTF', name='Gill Sans MT', style='normal', variant='normal', weight=700, stretch='normal', size='scalable')) = 10.335
2023-08-08 11:34:22 [DEBUG]: findfont: score(FontEntry(fname='C:\\Windows\\Fonts\\STLITI.TTF', name='STLiti', style='normal', variant='normal', weight=400, stretch='normal', size='scalable')) = 10.05
2023-08-08 11:34:22 [DEBUG]: findfont: score(FontEntry(fname='C:\\WINDOWS\\Fonts\\segoeuii.ttf', name='Segoe UI', style='italic', variant='normal', weight=400, stretch='normal', size='scalable')) = 11.05
2023-08-08 11:34:22 [DEBUG]: findfont: score(FontEntry(fname='C:\\WINDOWS\\Fonts\\verdanai.ttf', name='Verdana', style='italic', variant='normal', weight=400, stretch='normal', size='scalable')) = 11.05
2023-08-08 11:34:22 [DEBUG]: findfont: score(FontEntry(fname='C:\\WINDOWS\\Fonts\\PARCHM.TTF', name='Parchment', style='normal', variant='normal', weight=400, stretch='normal', size='scalable')) = 10.05
2023-08-08 11:34:22 [DEBUG]: findfont: score(FontEntry(fname='C:\\Windows\\Fonts\\segoeuil.ttf', name='Segoe UI', style='normal', variant='normal', weight=300, stretch='normal', size='scalable')) = 10.145
2023-08-08 11:34:22 [DEBUG]: findfont: score(FontEntry(fname='C:\\Windows\\Fonts\\Nirmala.ttf', name='Nirmala UI', style='normal', variant='normal', weight=400, stretch='normal', size='scalable')) = 10.05
2023-08-08 11:34:22 [DEBUG]: findfont: score(FontEntry(fname='C:\\WINDOWS\\Fonts\\LFAXD.TTF', name='Lucida Fax', style='normal', variant='normal', weight=600, stretch='normal', size='scalable')) = 10.24
2023-08-08 11:34:22 [DEBUG]: findfont: score(FontEntry(fname='C:\\Windows\\Fonts\\BASKVILL.TTF', name='Baskerville Old Face', style='normal', variant='normal', weight=400, stretch='normal', size='scalable')) = 10.05
2023-08-08 11:34:22 [DEBUG]: findfont: score(FontEntry(fname='C:\\WINDOWS\\Fonts\\ERASBD.TTF', name='Eras Bold ITC', style='normal', variant='normal', weight=400, stretch='normal', size='scalable')) = 10.05
2023-08-08 11:34:22 [DEBUG]: findfont: score(FontEntry(fname='C:\\WINDOWS\\Fonts\\STKAITI.TTF', name='STKaiti', style='normal', variant='normal', weight=400, stretch='normal', size='scalable')) = 10.05
2023-08-08 11:34:22 [DEBUG]: findfont: score(FontEntry(fname='C:\\Windows\\Fonts\\BSSYM7.TTF', name='Bookshelf Symbol 7', style='normal', variant='normal', weight=400, stretch='normal', size='scalable')) = 10.05
2023-08-08 11:34:22 [DEBUG]: findfont: score(FontEntry(fname='C:\\Windows\\Fonts\\HARLOWSI.TTF', name='Harlow Solid Italic', style='italic', variant='normal', weight=400, stretch='normal', size='scalable')) = 11.05
2023-08-08 11:34:22 [DEBUG]: findfont: score(FontEntry(fname='C:\\Windows\\Fonts\\BOOKOSI.TTF', name='Bookman Old Style', style='italic', variant='normal', weight=300, stretch='normal', size='scalable')) = 11.145
2023-08-08 11:34:22 [DEBUG]: findfont: score(FontEntry(fname='C:\\Windows\\Fonts\\YuGothL.ttc', name='Yu Gothic', style='normal', variant='normal', weight=300, stretch='normal', size='scalable')) = 10.145
2023-08-08 11:34:22 [DEBUG]: findfont: score(FontEntry(fname='C:\\Windows\\Fonts\\LSANSD.TTF', name='Lucida Sans', style='normal', variant='normal', weight=600, stretch='normal', size='scalable')) = 10.24
2023-08-08 11:34:22 [DEBUG]: findfont: score(FontEntry(fname='C:\\Windows\\Fonts\\LTYPEO.TTF', name='Lucida Sans Typewriter', style='oblique', variant='normal', weight=400, stretch='normal', size='scalable')) = 11.05
2023-08-08 11:34:22 [DEBUG]: findfont: score(FontEntry(fname='C:\\WINDOWS\\Fonts\\FRSCRIPT.TTF', name='French Script MT', style='normal', variant='normal', weight=400, stretch='normal', size='scalable')) = 10.05
2023-08-08 11:34:22 [DEBUG]: findfont: score(FontEntry(fname='C:\\WINDOWS\\Fonts\\Candarai.ttf', name='Candara', style='italic', variant='normal', weight=400, stretch='normal', size='scalable')) = 11.05
2023-08-08 11:34:22 [DEBUG]: findfont: score(FontEntry(fname='C:\\Windows\\Fonts\\calibri.ttf', name='Calibri', style='normal', variant='normal', weight=400, stretch='normal', size='scalable')) = 10.05
2023-08-08 11:34:22 [DEBUG]: findfont: score(FontEntry(fname='C:\\WINDOWS\\Fonts\\Sitka.ttc', name='Sitka Small', style='normal', variant='normal', weight=400, stretch='normal', size='scalable')) = 10.05
2023-08-08 11:34:22 [DEBUG]: findfont: score(FontEntry(fname='C:\\Windows\\Fonts\\CALISTI.TTF', name='Calisto MT', style='italic', variant='normal', weight=400, stretch='normal', size='scalable')) = 11.05
2023-08-08 11:34:22 [DEBUG]: findfont: score(FontEntry(fname='C:\\WINDOWS\\Fonts\\BRADHITC.TTF', name='Bradley Hand ITC', style='normal', variant='normal', weight=400, stretch='normal', size='scalable')) = 10.05
2023-08-08 11:34:22 [DEBUG]: findfont: score(FontEntry(fname='C:\\Windows\\Fonts\\ANTQUABI.TTF', name='Book Antiqua', style='italic', variant='normal', weight=700, stretch='normal', size='scalable')) = 11.335
2023-08-08 11:34:22 [DEBUG]: findfont: score(FontEntry(fname='C:\\WINDOWS\\Fonts\\ROCKI.TTF', name='Rockwell', style='italic', variant='normal', weight=400, stretch='normal', size='scalable')) = 11.05
2023-08-08 11:34:22 [DEBUG]: findfont: score(FontEntry(fname='C:\\Windows\\Fonts\\PER_____.TTF', name='Perpetua', style='normal', variant='normal', weight=400, stretch='normal', size='scalable')) = 10.05
2023-08-08 11:34:22 [DEBUG]: findfont: score(FontEntry(fname='C:\\WINDOWS\\Fonts\\timesi.ttf', name='Times New Roman', style='italic', variant='normal', weight=400, stretch='normal', size='scalable')) = 11.05
2023-08-08 11:34:22 [DEBUG]: findfont: score(FontEntry(fname='C:\\Windows\\Fonts\\mmrtextb.ttf', name='Myanmar Text', style='normal', variant='normal', weight=700, stretch='normal', size='scalable')) = 10.335
2023-08-08 11:34:22 [DEBUG]: findfont: score(FontEntry(fname='C:\\WINDOWS\\Fonts\\COPRGTB.TTF', name='Copperplate Gothic Bold', style='normal', variant='normal', weight=400, stretch='normal', size='scalable')) = 10.05
2023-08-08 11:34:22 [DEBUG]: findfont: score(FontEntry(fname='C:\\WINDOWS\\Fonts\\GILC____.TTF', name='Gill Sans MT Condensed', style='normal', variant='normal', weight=400, stretch='condensed', size='scalable')) = 10.25
2023-08-08 11:34:22 [DEBUG]: findfont: score(FontEntry(fname='C:\\Windows\\Fonts\\GLECB.TTF', name='Gloucester MT Extra Condensed', style='normal', variant='normal', weight=400, stretch='condensed', size='scalable')) = 10.25
2023-08-08 11:34:22 [DEBUG]: findfont: score(FontEntry(fname='C:\\WINDOWS\\Fonts\\ariblk.ttf', name='Arial', style='normal', variant='normal', weight=900, stretch='normal', size='scalable')) = 0.525
2023-08-08 11:34:22 [DEBUG]: findfont: score(FontEntry(fname='C:\\Windows\\Fonts\\micross.ttf', name='Microsoft Sans Serif', style='normal', variant='normal', weight=400, stretch='normal', size='scalable')) = 10.05
2023-08-08 11:34:22 [DEBUG]: findfont: score(FontEntry(fname='C:\\WINDOWS\\Fonts\\SCHLBKB.TTF', name='Century Schoolbook', style='normal', variant='normal', weight=700, stretch='normal', size='scalable')) = 10.335
2023-08-08 11:34:22 [DEBUG]: findfont: score(FontEntry(fname='C:\\Windows\\Fonts\\FREESCPT.TTF', name='Freestyle Script', style='normal', variant='normal', weight=400, stretch='normal', size='scalable')) = 10.05
2023-08-08 11:34:22 [DEBUG]: findfont: score(FontEntry(fname='C:\\Windows\\Fonts\\Dengl.ttf', name='DengXian', style='normal', variant='normal', weight=300, stretch='normal', size='scalable')) = 10.145
2023-08-08 11:34:22 [DEBUG]: findfont: score(FontEntry(fname='C:\\Windows\\Fonts\\BOD_BLAR.TTF', name='Bodoni MT', style='normal', variant='normal', weight=900, stretch='normal', size='scalable')) = 10.525
2023-08-08 11:34:22 [DEBUG]: findfont: score(FontEntry(fname='C:\\WINDOWS\\Fonts\\LCALLIG.TTF', name='Lucida Calligraphy', style='italic', variant='normal', weight=400, stretch='normal', size='scalable')) = 11.05
2023-08-08 11:34:22 [DEBUG]: findfont: score(FontEntry(fname='C:\\Windows\\Fonts\\Gabriola.ttf', name='Gabriola', style='normal', variant='normal', weight=400, stretch='normal', size='scalable')) = 10.05
2023-08-08 11:34:22 [DEBUG]: findfont: score(FontEntry(fname='C:\\Windows\\Fonts\\ntailub.ttf', name='Microsoft New Tai Lue', style='normal', variant='normal', weight=700, stretch='normal', size='scalable')) = 10.335
2023-08-08 11:34:22 [DEBUG]: findfont: score(FontEntry(fname='C:\\Windows\\Fonts\\GOTHICI.TTF', name='Century Gothic', style='italic', variant='normal', weight=400, stretch='normal', size='scalable')) = 11.05
2023-08-08 11:34:22 [DEBUG]: findfont: score(FontEntry(fname='C:\\WINDOWS\\Fonts\\SHOWG.TTF', name='Showcard Gothic', style='normal', variant='normal', weight=400, stretch='normal', size='scalable')) = 10.05
2023-08-08 11:34:22 [DEBUG]: findfont: score(FontEntry(fname='C:\\Windows\\Fonts\\BRLNSDB.TTF', name='Berlin Sans FB Demi', style='normal', variant='normal', weight=700, stretch='normal', size='scalable')) = 10.335
2023-08-08 11:34:22 [DEBUG]: findfont: score(FontEntry(fname='C:\\Windows\\Fonts\\wingding.ttf', name='Wingdings', style='normal', variant='normal', weight=400, stretch='normal', size='scalable')) = 10.05
2023-08-08 11:34:22 [DEBUG]: findfont: score(FontEntry(fname='C:\\Windows\\Fonts\\BRLNSB.TTF', name='Berlin Sans FB', style='normal', variant='normal', weight=700, stretch='normal', size='scalable')) = 10.335
2023-08-08 11:34:22 [DEBUG]: findfont: score(FontEntry(fname='C:\\WINDOWS\\Fonts\\ANTQUAI.TTF', name='Book Antiqua', style='italic', variant='normal', weight=400, stretch='normal', size='scalable')) = 11.05
2023-08-08 11:34:22 [DEBUG]: findfont: score(FontEntry(fname='C:\\WINDOWS\\Fonts\\timesbd.ttf', name='Times New Roman', style='normal', variant='normal', weight=700, stretch='normal', size='scalable')) = 10.335
2023-08-08 11:34:22 [DEBUG]: findfont: score(FontEntry(fname='C:\\WINDOWS\\Fonts\\BELL.TTF', name='Bell MT', style='normal', variant='normal', weight=400, stretch='normal', size='scalable')) = 10.05
2023-08-08 11:34:22 [DEBUG]: findfont: score(FontEntry(fname='C:\\WINDOWS\\Fonts\\ARIALNBI.TTF', name='Arial', style='italic', variant='normal', weight=700, stretch='condensed', size='scalable')) = 1.535
2023-08-08 11:34:22 [DEBUG]: findfont: score(FontEntry(fname='C:\\WINDOWS\\Fonts\\segoeui.ttf', name='Segoe UI', style='normal', variant='normal', weight=400, stretch='normal', size='scalable')) = 10.05
2023-08-08 11:34:22 [DEBUG]: findfont: score(FontEntry(fname='C:\\WINDOWS\\Fonts\\seguiemj.ttf', name='Segoe UI Emoji', style='normal', variant='normal', weight=400, stretch='normal', size='scalable')) = 10.05
2023-08-08 11:34:22 [DEBUG]: findfont: score(FontEntry(fname='C:\\Windows\\Fonts\\comici.ttf', name='Comic Sans MS', style='italic', variant='normal', weight=400, stretch='normal', size='scalable')) = 11.05
2023-08-08 11:34:22 [DEBUG]: findfont: score(FontEntry(fname='C:\\Windows\\Fonts\\MTCORSVA.TTF', name='Monotype Corsiva', style='normal', variant='normal', weight=400, stretch='normal', size='scalable')) = 10.05
2023-08-08 11:34:22 [DEBUG]: findfont: score(FontEntry(fname='C:\\WINDOWS\\Fonts\\MTEXTRA.TTF', name='MT Extra', style='normal', variant='normal', weight=400, stretch='normal', size='scalable')) = 10.05
2023-08-08 11:34:22 [DEBUG]: findfont: score(FontEntry(fname='C:\\WINDOWS\\Fonts\\bahnschrift.ttf', name='Bahnschrift', style='normal', variant='normal', weight=400, stretch='normal', size='scalable')) = 10.05
2023-08-08 11:34:22 [DEBUG]: findfont: score(FontEntry(fname='C:\\Windows\\Fonts\\BRADHITC.TTF', name='Bradley Hand ITC', style='normal', variant='normal', weight=400, stretch='normal', size='scalable')) = 10.05
2023-08-08 11:34:22 [DEBUG]: findfont: score(FontEntry(fname='C:\\WINDOWS\\Fonts\\ERASLGHT.TTF', name='Eras Light ITC', style='normal', variant='normal', weight=400, stretch='normal', size='scalable')) = 10.05
2023-08-08 11:34:22 [DEBUG]: findfont: score(FontEntry(fname='C:\\WINDOWS\\Fonts\\javatext.ttf', name='Javanese Text', style='normal', variant='normal', weight=400, stretch='normal', size='scalable')) = 10.05
2023-08-08 11:34:22 [DEBUG]: findfont: score(FontEntry(fname='C:\\WINDOWS\\Fonts\\MTCORSVA.TTF', name='Monotype Corsiva', style='normal', variant='normal', weight=400, stretch='normal', size='scalable')) = 10.05
2023-08-08 11:34:22 [DEBUG]: findfont: score(FontEntry(fname='C:\\Windows\\Fonts\\ITCBLKAD.TTF', name='Blackadder ITC', style='normal', variant='normal', weight=400, stretch='normal', size='scalable')) = 10.05
2023-08-08 11:34:22 [DEBUG]: findfont: score(FontEntry(fname='C:\\Windows\\Fonts\\FRADMIT.TTF', name='Franklin Gothic Demi', style='italic', variant='normal', weight=400, stretch='normal', size='scalable')) = 11.05
2023-08-08 11:34:22 [DEBUG]: findfont: score(FontEntry(fname='C:\\WINDOWS\\Fonts\\YuGothB.ttc', name='Yu Gothic', style='normal', variant='normal', weight=700, stretch='normal', size='scalable')) = 10.335
2023-08-08 11:34:22 [DEBUG]: findfont: score(FontEntry(fname='C:\\WINDOWS\\Fonts\\LSANSD.TTF', name='Lucida Sans', style='normal', variant='normal', weight=600, stretch='normal', size='scalable')) = 10.24
2023-08-08 11:34:22 [DEBUG]: findfont: score(FontEntry(fname='C:\\Windows\\Fonts\\segoeuiz.ttf', name='Segoe UI', style='italic', variant='normal', weight=700, stretch='normal', size='scalable')) = 11.335
2023-08-08 11:34:22 [DEBUG]: findfont: score(FontEntry(fname='C:\\Windows\\Fonts\\FRAHVIT.TTF', name='Franklin Gothic Heavy', style='italic', variant='normal', weight=400, stretch='normal', size='scalable')) = 11.05
2023-08-08 11:34:22 [DEBUG]: findfont: score(FontEntry(fname='C:\\Windows\\Fonts\\msjhbd.ttc', name='Microsoft JhengHei', style='normal', variant='normal', weight=700, stretch='normal', size='scalable')) = 10.335
2023-08-08 11:34:22 [DEBUG]: findfont: score(FontEntry(fname='C:\\WINDOWS\\Fonts\\STFANGSO.TTF', name='STFangsong', style='normal', variant='normal', weight=400, stretch='normal', size='scalable')) = 10.05
2023-08-08 11:34:22 [DEBUG]: findfont: score(FontEntry(fname='C:\\WINDOWS\\Fonts\\LBRITEI.TTF', name='Lucida Bright', style='italic', variant='normal', weight=400, stretch='normal', size='scalable')) = 11.05
2023-08-08 11:34:22 [DEBUG]: findfont: score(FontEntry(fname='C:\\Windows\\Fonts\\impact.ttf', name='Impact', style='normal', variant='normal', weight=400, stretch='normal', size='scalable')) = 10.05
2023-08-08 11:34:22 [DEBUG]: findfont: score(FontEntry(fname='C:\\WINDOWS\\Fonts\\方正粗黑宋简体.ttf', name='FZCuHeiSongS-B-GB', style='normal', variant='normal', weight=400, stretch='normal', size='scalable')) = 10.05
2023-08-08 11:34:22 [DEBUG]: findfont: score(FontEntry(fname='C:\\WINDOWS\\Fonts\\georgiai.ttf', name='Georgia', style='italic', variant='normal', weight=400, stretch='normal', size='scalable')) = 11.05
2023-08-08 11:34:22 [DEBUG]: findfont: score(FontEntry(fname='C:\\WINDOWS\\Fonts\\mmrtext.ttf', name='Myanmar Text', style='normal', variant='normal', weight=400, stretch='normal', size='scalable')) = 10.05
2023-08-08 11:34:22 [DEBUG]: findfont: score(FontEntry(fname='C:\\Windows\\Fonts\\seguibl.ttf', name='Segoe UI', style='normal', variant='normal', weight=900, stretch='normal', size='scalable')) = 10.525
2023-08-08 11:34:22 [DEBUG]: findfont: score(FontEntry(fname='C:\\Windows\\Fonts\\AGENCYR.TTF', name='Agency FB', style='normal', variant='normal', weight=400, stretch='normal', size='scalable')) = 10.05
2023-08-08 11:34:22 [DEBUG]: findfont: score(FontEntry(fname='C:\\Windows\\Fonts\\framd.ttf', name='Franklin Gothic Medium', style='normal', variant='normal', weight=400, stretch='normal', size='scalable')) = 10.05
2023-08-08 11:34:22 [DEBUG]: findfont: score(FontEntry(fname='C:\\Windows\\Fonts\\msyhbd.ttc', name='Microsoft YaHei', style='normal', variant='normal', weight=700, stretch='normal', size='scalable')) = 10.335
2023-08-08 11:34:22 [DEBUG]: findfont: score(FontEntry(fname='C:\\WINDOWS\\Fonts\\AGENCYB.TTF', name='Agency FB', style='normal', variant='normal', weight=700, stretch='normal', size='scalable')) = 10.335
2023-08-08 11:34:22 [DEBUG]: findfont: score(FontEntry(fname='C:\\WINDOWS\\Fonts\\GILSANUB.TTF', name='Gill Sans Ultra Bold', style='normal', variant='normal', weight=400, stretch='normal', size='scalable')) = 10.05
2023-08-08 11:34:22 [DEBUG]: findfont: score(FontEntry(fname='C:\\WINDOWS\\Fonts\\ROCKBI.TTF', name='Rockwell', style='italic', variant='normal', weight=700, stretch='normal', size='scalable')) = 11.335
2023-08-08 11:34:22 [DEBUG]: findfont: score(FontEntry(fname='C:\\Windows\\Fonts\\l_10646.ttf', name='Lucida Sans Unicode', style='normal', variant='normal', weight=400, stretch='normal', size='scalable')) = 10.05
2023-08-08 11:34:22 [DEBUG]: findfont: score(FontEntry(fname='C:\\Windows\\Fonts\\FELIXTI.TTF', name='Felix Titling', style='normal', variant='normal', weight=400, stretch='normal', size='scalable')) = 10.05
2023-08-08 11:34:22 [DEBUG]: findfont: score(FontEntry(fname='C:\\WINDOWS\\Fonts\\PERBI___.TTF', name='Perpetua', style='italic', variant='normal', weight=700, stretch='normal', size='scalable')) = 11.335
2023-08-08 11:34:22 [DEBUG]: findfont: score(FontEntry(fname='C:\\WINDOWS\\Fonts\\NumberOnly.ttf', name='NumberOnly', style='normal', variant='normal', weight=700, stretch='normal', size='scalable')) = 10.335
2023-08-08 11:34:22 [DEBUG]: findfont: score(FontEntry(fname='C:\\WINDOWS\\Fonts\\Candaral.ttf', name='Candara', style='normal', variant='normal', weight=400, stretch='normal', size='scalable')) = 10.05
2023-08-08 11:34:22 [DEBUG]: findfont: score(FontEntry(fname='C:\\WINDOWS\\Fonts\\corbelli.ttf', name='Corbel', style='italic', variant='normal', weight=300, stretch='normal', size='scalable')) = 11.145
2023-08-08 11:34:22 [DEBUG]: findfont: score(FontEntry(fname='C:\\WINDOWS\\Fonts\\VINERITC.TTF', name='Viner Hand ITC', style='normal', variant='normal', weight=400, stretch='normal', size='scalable')) = 10.05
2023-08-08 11:34:22 [DEBUG]: findfont: score(FontEntry(fname='C:\\WINDOWS\\Fonts\\LSANS.TTF', name='Lucida Sans', style='normal', variant='normal', weight=400, stretch='normal', size='scalable')) = 10.05
2023-08-08 11:34:22 [DEBUG]: findfont: score(FontEntry(fname='C:\\Windows\\Fonts\\constanb.ttf', name='Constantia', style='normal', variant='normal', weight=700, stretch='normal', size='scalable')) = 10.335
2023-08-08 11:34:22 [DEBUG]: findfont: score(FontEntry(fname='C:\\Windows\\Fonts\\BROADW.TTF', name='Broadway', style='normal', variant='normal', weight=400, stretch='normal', size='scalable')) = 10.05
2023-08-08 11:34:22 [DEBUG]: findfont: score(FontEntry(fname='C:\\Windows\\Fonts\\timesi.ttf', name='Times New Roman', style='italic', variant='normal', weight=400, stretch='normal', size='scalable')) = 11.05
2023-08-08 11:34:22 [DEBUG]: findfont: score(FontEntry(fname='C:\\Windows\\Fonts\\msyhl.ttc', name='Microsoft YaHei', style='normal', variant='normal', weight=290, stretch='normal', size='scalable')) = 10.1545
2023-08-08 11:34:22 [DEBUG]: findfont: score(FontEntry(fname='C:\\Windows\\Fonts\\YuGothM.ttc', name='Yu Gothic', style='normal', variant='normal', weight=500, stretch='normal', size='scalable')) = 10.145
2023-08-08 11:34:22 [DEBUG]: findfont: score(FontEntry(fname='C:\\WINDOWS\\Fonts\\CENTURY.TTF', name='Century', style='normal', variant='normal', weight=400, stretch='normal', size='scalable')) = 10.05
2023-08-08 11:34:22 [DEBUG]: findfont: score(FontEntry(fname='C:\\WINDOWS\\Fonts\\PERI____.TTF', name='Perpetua', style='italic', variant='normal', weight=400, stretch='normal', size='scalable')) = 11.05
2023-08-08 11:34:22 [DEBUG]: findfont: score(FontEntry(fname='C:\\Windows\\Fonts\\LTYPEB.TTF', name='Lucida Sans Typewriter', style='normal', variant='normal', weight=600, stretch='normal', size='scalable')) = 10.24
2023-08-08 11:34:22 [DEBUG]: findfont: score(FontEntry(fname='C:\\Windows\\Fonts\\ELEPHNTI.TTF', name='Elephant', style='italic', variant='normal', weight=400, stretch='normal', size='scalable')) = 11.05
2023-08-08 11:34:22 [DEBUG]: findfont: score(FontEntry(fname='C:\\Windows\\Fonts\\tahoma.ttf', name='Tahoma', style='normal', variant='normal', weight=400, stretch='normal', size='scalable')) = 10.05
2023-08-08 11:34:22 [DEBUG]: findfont: score(FontEntry(fname='C:\\Windows\\Fonts\\BOD_PSTC.TTF', name='Bodoni MT', style='normal', variant='normal', weight=300, stretch='normal', size='scalable')) = 10.145
2023-08-08 11:34:22 [DEBUG]: findfont: score(FontEntry(fname='C:\\Windows\\Fonts\\corbel.ttf', name='Corbel', style='normal', variant='normal', weight=400, stretch='normal', size='scalable')) = 10.05
2023-08-08 11:34:22 [DEBUG]: findfont: score(FontEntry(fname='C:\\WINDOWS\\Fonts\\MATURASC.TTF', name='Matura MT Script Capitals', style='normal', variant='normal', weight=400, stretch='normal', size='scalable')) = 10.05
2023-08-08 11:34:22 [DEBUG]: findfont: score(FontEntry(fname='C:\\Windows\\Fonts\\ariblk.ttf', name='Arial', style='normal', variant='normal', weight=900, stretch='normal', size='scalable')) = 0.525
2023-08-08 11:34:22 [DEBUG]: findfont: score(FontEntry(fname='C:\\Windows\\Fonts\\MAGNETOB.TTF', name='Magneto', style='normal', variant='normal', weight=700, stretch='normal', size='scalable')) = 10.335
2023-08-08 11:34:22 [DEBUG]: findfont: score(FontEntry(fname='C:\\WINDOWS\\Fonts\\cambriaz.ttf', name='Cambria', style='italic', variant='normal', weight=700, stretch='normal', size='scalable')) = 11.335
2023-08-08 11:34:22 [DEBUG]: findfont: score(FontEntry(fname='C:\\Windows\\Fonts\\cambriai.ttf', name='Cambria', style='italic', variant='normal', weight=400, stretch='normal', size='scalable')) = 11.05
2023-08-08 11:34:22 [DEBUG]: findfont: score(FontEntry(fname='C:\\WINDOWS\\Fonts\\GARA.TTF', name='Garamond', style='normal', variant='normal', weight=400, stretch='normal', size='scalable')) = 10.05
2023-08-08 11:34:22 [DEBUG]: findfont: score(FontEntry(fname='C:\\Windows\\Fonts\\TCCEB.TTF', name='Tw Cen MT Condensed Extra Bold', style='normal', variant='normal', weight=400, stretch='condensed', size='scalable')) = 10.25
2023-08-08 11:34:22 [DEBUG]: findfont: score(FontEntry(fname='C:\\WINDOWS\\Fonts\\calibrii.ttf', name='Calibri', style='italic', variant='normal', weight=400, stretch='normal', size='scalable')) = 11.05
2023-08-08 11:34:22 [DEBUG]: findfont: score(FontEntry(fname='C:\\Windows\\Fonts\\palai.ttf', name='Palatino Linotype', style='italic', variant='normal', weight=400, stretch='normal', size='scalable')) = 11.05
2023-08-08 11:34:22 [DEBUG]: findfont: score(FontEntry(fname='C:\\WINDOWS\\Fonts\\MSUIGHUR.TTF', name='Microsoft Uighur', style='normal', variant='normal', weight=400, stretch='normal', size='scalable')) = 10.05
2023-08-08 11:34:22 [DEBUG]: findfont: score(FontEntry(fname='C:\\Windows\\Fonts\\segoeuib.ttf', name='Segoe UI', style='normal', variant='normal', weight=700, stretch='normal', size='scalable')) = 10.335
2023-08-08 11:34:22 [DEBUG]: findfont: score(FontEntry(fname='C:\\WINDOWS\\Fonts\\Candaraz.ttf', name='Candara', style='italic', variant='normal', weight=700, stretch='normal', size='scalable')) = 11.335
2023-08-08 11:34:22 [DEBUG]: findfont: score(FontEntry(fname='C:\\Windows\\Fonts\\TCB_____.TTF', name='Tw Cen MT', style='normal', variant='normal', weight=700, stretch='normal', size='scalable')) = 10.335
2023-08-08 11:34:22 [DEBUG]: findfont: score(FontEntry(fname='C:\\WINDOWS\\Fonts\\BOD_R.TTF', name='Bodoni MT', style='normal', variant='normal', weight=400, stretch='normal', size='scalable')) = 10.05
2023-08-08 11:34:22 [DEBUG]: findfont: score(FontEntry(fname='C:\\WINDOWS\\Fonts\\STSONG.TTF', name='STSong', style='normal', variant='normal', weight=400, stretch='normal', size='scalable')) = 10.05
2023-08-08 11:34:22 [DEBUG]: findfont: score(FontEntry(fname='C:\\WINDOWS\\Fonts\\FELIXTI.TTF', name='Felix Titling', style='normal', variant='normal', weight=400, stretch='normal', size='scalable')) = 10.05
2023-08-08 11:34:22 [DEBUG]: findfont: score(FontEntry(fname='C:\\Windows\\Fonts\\YuGothB.ttc', name='Yu Gothic', style='normal', variant='normal', weight=700, stretch='normal', size='scalable')) = 10.335
2023-08-08 11:34:22 [DEBUG]: findfont: score(FontEntry(fname='C:\\Windows\\Fonts\\GARAIT.TTF', name='Garamond', style='italic', variant='normal', weight=400, stretch='normal', size='scalable')) = 11.05
2023-08-08 11:34:22 [DEBUG]: findfont: score(FontEntry(fname='C:\\Windows\\Fonts\\ROCKI.TTF', name='Rockwell', style='italic', variant='normal', weight=400, stretch='normal', size='scalable')) = 11.05
2023-08-08 11:34:22 [DEBUG]: findfont: score(FontEntry(fname='C:\\WINDOWS\\Fonts\\consolab.ttf', name='Consolas', style='normal', variant='normal', weight=700, stretch='normal', size='scalable')) = 10.335
2023-08-08 11:34:22 [DEBUG]: findfont: score(FontEntry(fname='C:\\Windows\\Fonts\\timesbi.ttf', name='Times New Roman', style='italic', variant='normal', weight=700, stretch='normal', size='scalable')) = 11.335
2023-08-08 11:34:22 [DEBUG]: findfont: score(FontEntry(fname='C:\\WINDOWS\\Fonts\\msyi.ttf', name='Microsoft Yi Baiti', style='normal', variant='normal', weight=400, stretch='normal', size='scalable')) = 10.05
2023-08-08 11:34:22 [DEBUG]: findfont: score(FontEntry(fname='C:\\WINDOWS\\Fonts\\MSUIGHUB.TTF', name='Microsoft Uighur', style='normal', variant='normal', weight=700, stretch='normal', size='scalable')) = 10.335
2023-08-08 11:34:22 [DEBUG]: findfont: score(FontEntry(fname='C:\\Windows\\Fonts\\FRSCRIPT.TTF', name='French Script MT', style='normal', variant='normal', weight=400, stretch='normal', size='scalable')) = 10.05
2023-08-08 11:34:22 [DEBUG]: findfont: score(FontEntry(fname='C:\\Windows\\Fonts\\NIAGENG.TTF', name='Niagara Engraved', style='normal', variant='normal', weight=400, stretch='normal', size='scalable')) = 10.05
2023-08-08 11:34:22 [DEBUG]: findfont: score(FontEntry(fname='C:\\WINDOWS\\Fonts\\BOD_I.TTF', name='Bodoni MT', style='italic', variant='normal', weight=400, stretch='normal', size='scalable')) = 11.05
2023-08-08 11:34:22 [DEBUG]: findfont: score(FontEntry(fname='C:\\Windows\\Fonts\\gadugi.ttf', name='Gadugi', style='normal', variant='normal', weight=400, stretch='normal', size='scalable')) = 10.05
2023-08-08 11:34:22 [DEBUG]: findfont: score(FontEntry(fname='C:\\WINDOWS\\Fonts\\comici.ttf', name='Comic Sans MS', style='italic', variant='normal', weight=400, stretch='normal', size='scalable')) = 11.05
2023-08-08 11:34:22 [DEBUG]: findfont: score(FontEntry(fname='C:\\WINDOWS\\Fonts\\trebucit.ttf', name='Trebuchet MS', style='italic', variant='normal', weight=400, stretch='normal', size='scalable')) = 11.05
2023-08-08 11:34:22 [DEBUG]: findfont: score(FontEntry(fname='C:\\Windows\\Fonts\\Candarai.ttf', name='Candara', style='italic', variant='normal', weight=400, stretch='normal', size='scalable')) = 11.05
2023-08-08 11:34:22 [DEBUG]: findfont: score(FontEntry(fname='C:\\Windows\\Fonts\\FZSTK.TTF', name='FZShuTi', style='normal', variant='normal', weight=400, stretch='normal', size='scalable')) = 10.05
2023-08-08 11:34:22 [DEBUG]: findfont: score(FontEntry(fname='C:\\WINDOWS\\Fonts\\CALISTI.TTF', name='Calisto MT', style='italic', variant='normal', weight=400, stretch='normal', size='scalable')) = 11.05
2023-08-08 11:34:22 [DEBUG]: findfont: score(FontEntry(fname='C:\\Windows\\Fonts\\ROCKB.TTF', name='Rockwell', style='normal', variant='normal', weight=700, stretch='normal', size='scalable')) = 10.335
2023-08-08 11:34:22 [DEBUG]: findfont: score(FontEntry(fname='C:\\Windows\\Fonts\\WINGDNG3.TTF', name='Wingdings 3', style='normal', variant='normal', weight=400, stretch='normal', size='scalable')) = 10.05
2023-08-08 11:34:22 [DEBUG]: findfont: score(FontEntry(fname='C:\\WINDOWS\\Fonts\\trebuc.ttf', name='Trebuchet MS', style='normal', variant='normal', weight=400, stretch='normal', size='scalable')) = 10.05
2023-08-08 11:34:22 [DEBUG]: findfont: score(FontEntry(fname='C:\\Windows\\Fonts\\FZYTK.TTF', name='FZYaoTi', style='normal', variant='normal', weight=400, stretch='normal', size='scalable')) = 10.05
2023-08-08 11:34:22 [DEBUG]: findfont: score(FontEntry(fname='C:\\Windows\\Fonts\\DUBAI-REGULAR.TTF', name='Dubai', style='normal', variant='normal', weight=400, stretch='normal', size='scalable')) = 10.05
2023-08-08 11:34:22 [DEBUG]: findfont: score(FontEntry(fname='C:\\WINDOWS\\Fonts\\georgiaz.ttf', name='Georgia', style='italic', variant='normal', weight=700, stretch='normal', size='scalable')) = 11.335
2023-08-08 11:34:22 [DEBUG]: findfont: score(FontEntry(fname='C:\\WINDOWS\\Fonts\\FRABKIT.TTF', name='Franklin Gothic Book', style='italic', variant='normal', weight=400, stretch='normal', size='scalable')) = 11.05
2023-08-08 11:34:22 [DEBUG]: findfont: score(FontEntry(fname='C:\\WINDOWS\\Fonts\\LeelaUIb.ttf', name='Leelawadee UI', style='normal', variant='normal', weight=700, stretch='normal', size='scalable')) = 10.335
2023-08-08 11:34:22 [DEBUG]: findfont: score(FontEntry(fname='C:\\Windows\\Fonts\\CALIST.TTF', name='Calisto MT', style='normal', variant='normal', weight=400, stretch='normal', size='scalable')) = 10.05
2023-08-08 11:34:22 [DEBUG]: findfont: score(FontEntry(fname='C:\\WINDOWS\\Fonts\\malgun.ttf', name='Malgun Gothic', style='normal', variant='normal', weight=400, stretch='normal', size='scalable')) = 10.05
2023-08-08 11:34:22 [DEBUG]: findfont: score(FontEntry(fname='C:\\WINDOWS\\Fonts\\FREESCPT.TTF', name='Freestyle Script', style='normal', variant='normal', weight=400, stretch='normal', size='scalable')) = 10.05
2023-08-08 11:34:22 [DEBUG]: findfont: score(FontEntry(fname='C:\\WINDOWS\\Fonts\\ROCCB___.TTF', name='Rockwell Condensed', style='normal', variant='normal', weight=700, stretch='condensed', size='scalable')) = 10.535
2023-08-08 11:34:22 [DEBUG]: findfont: score(FontEntry(fname='C:\\Windows\\Fonts\\consolaz.ttf', name='Consolas', style='italic', variant='normal', weight=700, stretch='normal', size='scalable')) = 11.335
2023-08-08 11:34:22 [DEBUG]: findfont: score(FontEntry(fname='C:\\Windows\\Fonts\\BOD_R.TTF', name='Bodoni MT', style='normal', variant='normal', weight=400, stretch='normal', size='scalable')) = 10.05
2023-08-08 11:34:22 [DEBUG]: findfont: score(FontEntry(fname='C:\\WINDOWS\\Fonts\\LTYPEB.TTF', name='Lucida Sans Typewriter', style='normal', variant='normal', weight=600, stretch='normal', size='scalable')) = 10.24
2023-08-08 11:34:22 [DEBUG]: findfont: score(FontEntry(fname='C:\\WINDOWS\\Fonts\\BROADW.TTF', name='Broadway', style='normal', variant='normal', weight=400, stretch='normal', size='scalable')) = 10.05
2023-08-08 11:34:22 [DEBUG]: findfont: score(FontEntry(fname='C:\\Windows\\Fonts\\malgunbd.ttf', name='Malgun Gothic', style='normal', variant='normal', weight=700, stretch='normal', size='scalable')) = 10.335
2023-08-08 11:34:22 [DEBUG]: findfont: score(FontEntry(fname='C:\\Windows\\Fonts\\MTEXTRA.TTF', name='MT Extra', style='normal', variant='normal', weight=400, stretch='normal', size='scalable')) = 10.05
2023-08-08 11:34:22 [DEBUG]: findfont: score(FontEntry(fname='C:\\Windows\\Fonts\\ariali.ttf', name='Arial', style='italic', variant='normal', weight=400, stretch='normal', size='scalable')) = 1.05
2023-08-08 11:34:22 [DEBUG]: findfont: score(FontEntry(fname='C:\\Windows\\Fonts\\PARCHM.TTF', name='Parchment', style='normal', variant='normal', weight=400, stretch='normal', size='scalable')) = 10.05
2023-08-08 11:34:22 [DEBUG]: findfont: score(FontEntry(fname='C:\\Windows\\Fonts\\Candaraz.ttf', name='Candara', style='italic', variant='normal', weight=700, stretch='normal', size='scalable')) = 11.335
2023-08-08 11:34:22 [DEBUG]: findfont: score(FontEntry(fname='C:\\WINDOWS\\Fonts\\ebrimabd.ttf', name='Ebrima', style='normal', variant='normal', weight=700, stretch='normal', size='scalable')) = 10.335
2023-08-08 11:34:22 [DEBUG]: findfont: score(FontEntry(fname='C:\\Windows\\Fonts\\BAUHS93.TTF', name='Bauhaus 93', style='normal', variant='normal', weight=400, stretch='normal', size='scalable')) = 10.05
2023-08-08 11:34:22 [DEBUG]: findfont: score(FontEntry(fname='C:\\Windows\\Fonts\\CENSCBK.TTF', name='Century Schoolbook', style='normal', variant='normal', weight=400, stretch='normal', size='scalable')) = 10.05
2023-08-08 11:34:22 [DEBUG]: findfont: score(FontEntry(fname='C:\\Windows\\Fonts\\mmrtext.ttf', name='Myanmar Text', style='normal', variant='normal', weight=400, stretch='normal', size='scalable')) = 10.05
2023-08-08 11:34:22 [DEBUG]: findfont: score(FontEntry(fname='C:\\WINDOWS\\Fonts\\FRAHVIT.TTF', name='Franklin Gothic Heavy', style='italic', variant='normal', weight=400, stretch='normal', size='scalable')) = 11.05
2023-08-08 11:34:22 [DEBUG]: findfont: score(FontEntry(fname='C:\\Windows\\Fonts\\ITCEDSCR.TTF', name='Edwardian Script ITC', style='normal', variant='normal', weight=400, stretch='normal', size='scalable')) = 10.05
2023-08-08 11:34:22 [DEBUG]: findfont: score(FontEntry(fname='C:\\WINDOWS\\Fonts\\verdanab.ttf', name='Verdana', style='normal', variant='normal', weight=700, stretch='normal', size='scalable')) = 10.335
2023-08-08 11:34:22 [DEBUG]: findfont: score(FontEntry(fname='C:\\Windows\\Fonts\\corbelb.ttf', name='Corbel', style='normal', variant='normal', weight=700, stretch='normal', size='scalable')) = 10.335
2023-08-08 11:34:22 [DEBUG]: findfont: score(FontEntry(fname='C:\\Windows\\Fonts\\LeelawUI.ttf', name='Leelawadee UI', style='normal', variant='normal', weight=400, stretch='normal', size='scalable')) = 10.05
2023-08-08 11:34:22 [DEBUG]: findfont: score(FontEntry(fname='C:\\Windows\\Fonts\\MATURASC.TTF', name='Matura MT Script Capitals', style='normal', variant='normal', weight=400, stretch='normal', size='scalable')) = 10.05
2023-08-08 11:34:22 [DEBUG]: findfont: score(FontEntry(fname='C:\\Windows\\Fonts\\MISTRAL.TTF', name='Mistral', style='normal', variant='normal', weight=400, stretch='normal', size='scalable')) = 10.05
2023-08-08 11:34:22 [DEBUG]: findfont: score(FontEntry(fname='C:\\Windows\\Fonts\\seguisli.ttf', name='Segoe UI', style='italic', variant='normal', weight=350, stretch='normal', size='scalable')) = 11.0975
2023-08-08 11:34:22 [DEBUG]: findfont: score(FontEntry(fname='C:\\WINDOWS\\Fonts\\GIL_____.TTF', name='Gill Sans MT', style='normal', variant='normal', weight=400, stretch='normal', size='scalable')) = 10.05
2023-08-08 11:34:22 [DEBUG]: findfont: score(FontEntry(fname='C:\\Windows\\Fonts\\HTOWERTI.TTF', name='High Tower Text', style='italic', variant='normal', weight=400, stretch='normal', size='scalable')) = 11.05
2023-08-08 11:34:22 [DEBUG]: findfont: score(FontEntry(fname='C:\\Windows\\Fonts\\BOOKOSBI.TTF', name='Bookman Old Style', style='italic', variant='normal', weight=600, stretch='normal', size='scalable')) = 11.24
2023-08-08 11:34:22 [DEBUG]: findfont: score(FontEntry(fname='C:\\Windows\\Fonts\\taile.ttf', name='Microsoft Tai Le', style='normal', variant='normal', weight=400, stretch='normal', size='scalable')) = 10.05
2023-08-08 11:34:22 [DEBUG]: findfont: score(FontEntry(fname='C:\\WINDOWS\\Fonts\\HTOWERTI.TTF', name='High Tower Text', style='italic', variant='normal', weight=400, stretch='normal', size='scalable')) = 11.05
2023-08-08 11:34:22 [DEBUG]: findfont: score(FontEntry(fname='C:\\Windows\\Fonts\\OCRAEXT.TTF', name='OCR A Extended', style='normal', variant='normal', weight=400, stretch='expanded', size='scalable')) = 10.25
2023-08-08 11:34:22 [DEBUG]: findfont: score(FontEntry(fname='C:\\WINDOWS\\Fonts\\KUNSTLER.TTF', name='Kunstler Script', style='normal', variant='normal', weight=400, stretch='normal', size='scalable')) = 10.05
2023-08-08 11:34:22 [DEBUG]: findfont: score(FontEntry(fname='C:\\Windows\\Fonts\\BOD_CI.TTF', name='Bodoni MT', style='italic', variant='normal', weight=400, stretch='condensed', size='scalable')) = 11.25
2023-08-08 11:34:22 [DEBUG]: findfont: score(FontEntry(fname='C:\\WINDOWS\\Fonts\\segoeprb.ttf', name='Segoe Print', style='normal', variant='normal', weight=700, stretch='normal', size='scalable')) = 10.335
2023-08-08 11:34:22 [DEBUG]: findfont: score(FontEntry(fname='C:\\WINDOWS\\Fonts\\SitkaI.ttc', name='Sitka Small', style='italic', variant='normal', weight=400, stretch='normal', size='scalable')) = 11.05
2023-08-08 11:34:22 [DEBUG]: findfont: score(FontEntry(fname='C:\\Windows\\Fonts\\constanz.ttf', name='Constantia', style='italic', variant='normal', weight=700, stretch='normal', size='scalable')) = 11.335
2023-08-08 11:34:22 [DEBUG]: findfont: score(FontEntry(fname='C:\\WINDOWS\\Fonts\\seguisb.ttf', name='Segoe UI', style='normal', variant='normal', weight=600, stretch='normal', size='scalable')) = 10.24
2023-08-08 11:34:22 [DEBUG]: findfont: score(FontEntry(fname='C:\\WINDOWS\\Fonts\\GILI____.TTF', name='Gill Sans MT', style='italic', variant='normal', weight=400, stretch='normal', size='scalable')) = 11.05
2023-08-08 11:34:22 [DEBUG]: findfont: score(FontEntry(fname='C:\\WINDOWS\\Fonts\\ntailub.ttf', name='Microsoft New Tai Lue', style='normal', variant='normal', weight=700, stretch='normal', size='scalable')) = 10.335
2023-08-08 11:34:22 [DEBUG]: findfont: score(FontEntry(fname='C:\\Windows\\Fonts\\pala.ttf', name='Palatino Linotype', style='normal', variant='normal', weight=400, stretch='normal', size='scalable')) = 10.05
2023-08-08 11:34:22 [DEBUG]: findfont: score(FontEntry(fname='C:\\Windows\\Fonts\\segoescb.ttf', name='Segoe Script', style='normal', variant='normal', weight=700, stretch='normal', size='scalable')) = 10.335
2023-08-08 11:34:22 [DEBUG]: findfont: score(FontEntry(fname='C:\\Windows\\Fonts\\NirmalaS.ttf', name='Nirmala UI', style='normal', variant='normal', weight=350, stretch='normal', size='scalable')) = 10.0975
2023-08-08 11:34:22 [DEBUG]: findfont: score(FontEntry(fname='C:\\WINDOWS\\Fonts\\arialbd.ttf', name='Arial', style='normal', variant='normal', weight=700, stretch='normal', size='scalable')) = 0.33499999999999996
2023-08-08 11:34:22 [DEBUG]: findfont: score(FontEntry(fname='C:\\WINDOWS\\Fonts\\FTLTLT.TTF', name='Footlight MT Light', style='normal', variant='normal', weight=300, stretch='normal', size='scalable')) = 10.145
2023-08-08 11:34:22 [DEBUG]: findfont: score(FontEntry(fname='C:\\Windows\\Fonts\\SIMLI.TTF', name='LiSu', style='normal', variant='normal', weight=400, stretch='normal', size='scalable')) = 10.05
2023-08-08 11:34:22 [DEBUG]: findfont: score(FontEntry(fname='C:\\Windows\\Fonts\\LBRITE.TTF', name='Lucida Bright', style='normal', variant='normal', weight=400, stretch='normal', size='scalable')) = 10.05
2023-08-08 11:34:22 [DEBUG]: findfont: score(FontEntry(fname='C:\\Windows\\Fonts\\palab.ttf', name='Palatino Linotype', style='normal', variant='normal', weight=700, stretch='normal', size='scalable')) = 10.335
2023-08-08 11:34:22 [DEBUG]: findfont: score(FontEntry(fname='C:\\Windows\\Fonts\\ROCKEB.TTF', name='Rockwell Extra Bold', style='normal', variant='normal', weight=800, stretch='normal', size='scalable')) = 10.43
2023-08-08 11:34:22 [DEBUG]: findfont: score(FontEntry(fname='C:\\Windows\\Fonts\\seguihis.ttf', name='Segoe UI Historic', style='normal', variant='normal', weight=400, stretch='normal', size='scalable')) = 10.05
2023-08-08 11:34:22 [DEBUG]: findfont: score(FontEntry(fname='C:\\WINDOWS\\Fonts\\ARLRDBD.TTF', name='Arial Rounded MT Bold', style='normal', variant='normal', weight=400, stretch='normal', size='scalable')) = 10.05
2023-08-08 11:34:22 [DEBUG]: findfont: score(FontEntry(fname='C:\\WINDOWS\\Fonts\\simhei.ttf', name='SimHei', style='normal', variant='normal', weight=400, stretch='normal', size='scalable')) = 10.05
2023-08-08 11:34:22 [DEBUG]: findfont: score(FontEntry(fname='C:\\WINDOWS\\Fonts\\CALISTB.TTF', name='Calisto MT', style='normal', variant='normal', weight=700, stretch='normal', size='scalable')) = 10.335
2023-08-08 11:34:22 [DEBUG]: findfont: score(FontEntry(fname='C:\\Windows\\Fonts\\NIAGSOL.TTF', name='Niagara Solid', style='normal', variant='normal', weight=400, stretch='normal', size='scalable')) = 10.05
2023-08-08 11:34:22 [DEBUG]: findfont: score(FontEntry(fname='C:\\Windows\\Fonts\\方正粗黑宋简体.ttf', name='FZCuHeiSongS-B-GB', style='normal', variant='normal', weight=400, stretch='normal', size='scalable')) = 10.05
2023-08-08 11:34:22 [DEBUG]: findfont: score(FontEntry(fname='C:\\Windows\\Fonts\\ERASLGHT.TTF', name='Eras Light ITC', style='normal', variant='normal', weight=400, stretch='normal', size='scalable')) = 10.05
2023-08-08 11:34:22 [DEBUG]: findfont: score(FontEntry(fname='C:\\Windows\\Fonts\\simfang.ttf', name='FangSong', style='normal', variant='normal', weight=400, stretch='normal', size='scalable')) = 10.05
2023-08-08 11:34:22 [DEBUG]: findfont: score(FontEntry(fname='C:\\WINDOWS\\Fonts\\GILLUBCD.TTF', name='Gill Sans Ultra Bold Condensed', style='normal', variant='normal', weight=400, stretch='condensed', size='scalable')) = 10.25
2023-08-08 11:34:22 [DEBUG]: findfont: score(FontEntry(fname='C:\\Windows\\Fonts\\BOD_BI.TTF', name='Bodoni MT', style='italic', variant='normal', weight=700, stretch='normal', size='scalable')) = 11.335
2023-08-08 11:34:22 [DEBUG]: findfont: score(FontEntry(fname='C:\\Windows\\Fonts\\comic.ttf', name='Comic Sans MS', style='normal', variant='normal', weight=400, stretch='normal', size='scalable')) = 10.05
2023-08-08 11:34:22 [DEBUG]: findfont: score(FontEntry(fname='C:\\WINDOWS\\Fonts\\ERASDEMI.TTF', name='Eras Demi ITC', style='normal', variant='normal', weight=400, stretch='normal', size='scalable')) = 10.05
2023-08-08 11:34:22 [DEBUG]: findfont: score(FontEntry(fname='C:\\Windows\\Fonts\\segoepr.ttf', name='Segoe Print', style='normal', variant='normal', weight=400, stretch='normal', size='scalable')) = 10.05
2023-08-08 11:34:22 [DEBUG]: findfont: score(FontEntry(fname='C:\\Windows\\Fonts\\courbd.ttf', name='Courier New', style='normal', variant='normal', weight=700, stretch='normal', size='scalable')) = 10.335
2023-08-08 11:34:22 [DEBUG]: findfont: score(FontEntry(fname='C:\\Windows\\Fonts\\verdana.ttf', name='Verdana', style='normal', variant='normal', weight=400, stretch='normal', size='scalable')) = 10.05
2023-08-08 11:34:22 [DEBUG]: findfont: score(FontEntry(fname='C:\\Windows\\Fonts\\SHOWG.TTF', name='Showcard Gothic', style='normal', variant='normal', weight=400, stretch='normal', size='scalable')) = 10.05
2023-08-08 11:34:22 [DEBUG]: findfont: score(FontEntry(fname='C:\\WINDOWS\\Fonts\\JOKERMAN.TTF', name='Jokerman', style='normal', variant='normal', weight=400, stretch='normal', size='scalable')) = 10.05
2023-08-08 11:34:22 [DEBUG]: findfont: score(FontEntry(fname='C:\\Windows\\Fonts\\FORTE.TTF', name='Forte', style='normal', variant='normal', weight=400, stretch='normal', size='scalable')) = 10.05
2023-08-08 11:34:22 [DEBUG]: findfont: score(FontEntry(fname='C:\\WINDOWS\\Fonts\\ELEPHNT.TTF', name='Elephant', style='normal', variant='normal', weight=400, stretch='normal', size='scalable')) = 10.05
2023-08-08 11:34:22 [DEBUG]: findfont: score(FontEntry(fname='C:\\WINDOWS\\Fonts\\BRUSHSCI.TTF', name='Brush Script MT', style='italic', variant='normal', weight=400, stretch='normal', size='scalable')) = 11.05
2023-08-08 11:34:22 [DEBUG]: findfont: score(FontEntry(fname='C:\\WINDOWS\\Fonts\\Candarali.ttf', name='Candara', style='italic', variant='normal', weight=400, stretch='normal', size='scalable')) = 11.05
2023-08-08 11:34:22 [DEBUG]: findfont: score(FontEntry(fname='C:\\WINDOWS\\Fonts\\palab.ttf', name='Palatino Linotype', style='normal', variant='normal', weight=700, stretch='normal', size='scalable')) = 10.335
2023-08-08 11:34:22 [DEBUG]: findfont: score(FontEntry(fname='C:\\Windows\\Fonts\\arialbd.ttf', name='Arial', style='normal', variant='normal', weight=700, stretch='normal', size='scalable')) = 0.33499999999999996
2023-08-08 11:34:22 [DEBUG]: findfont: score(FontEntry(fname='C:\\Windows\\Fonts\\LBRITED.TTF', name='Lucida Bright', style='normal', variant='normal', weight=600, stretch='normal', size='scalable')) = 10.24
2023-08-08 11:34:22 [DEBUG]: findfont: score(FontEntry(fname='C:\\WINDOWS\\Fonts\\CHILLER.TTF', name='Chiller', style='normal', variant='normal', weight=400, stretch='normal', size='scalable')) = 10.05
2023-08-08 11:34:22 [DEBUG]: findfont: score(FontEntry(fname='C:\\Windows\\Fonts\\CASTELAR.TTF', name='Castellar', style='normal', variant='normal', weight=400, stretch='normal', size='scalable')) = 10.05
2023-08-08 11:34:22 [DEBUG]: findfont: score(FontEntry(fname='C:\\WINDOWS\\Fonts\\cambriab.ttf', name='Cambria', style='normal', variant='normal', weight=700, stretch='normal', size='scalable')) = 10.335
2023-08-08 11:34:22 [DEBUG]: findfont: score(FontEntry(fname='C:\\WINDOWS\\Fonts\\SIMLI.TTF', name='LiSu', style='normal', variant='normal', weight=400, stretch='normal', size='scalable')) = 10.05
2023-08-08 11:34:22 [DEBUG]: findfont: score(FontEntry(fname='C:\\Windows\\Fonts\\SCHLBKB.TTF', name='Century Schoolbook', style='normal', variant='normal', weight=700, stretch='normal', size='scalable')) = 10.335
2023-08-08 11:34:22 [DEBUG]: findfont: score(FontEntry(fname='C:\\WINDOWS\\Fonts\\BRLNSDB.TTF', name='Berlin Sans FB Demi', style='normal', variant='normal', weight=700, stretch='normal', size='scalable')) = 10.335
2023-08-08 11:34:22 [DEBUG]: findfont: score(FontEntry(fname='C:\\WINDOWS\\Fonts\\tahomabd.ttf', name='Tahoma', style='normal', variant='normal', weight=700, stretch='normal', size='scalable')) = 10.335
2023-08-08 11:34:22 [DEBUG]: findfont: score(FontEntry(fname='C:\\Windows\\Fonts\\GOUDOSI.TTF', name='Goudy Old Style', style='italic', variant='normal', weight=400, stretch='normal', size='scalable')) = 11.05
2023-08-08 11:34:22 [DEBUG]: findfont: score(FontEntry(fname='C:\\WINDOWS\\Fonts\\BOD_CI.TTF', name='Bodoni MT', style='italic', variant='normal', weight=400, stretch='condensed', size='scalable')) = 11.25
2023-08-08 11:34:22 [DEBUG]: findfont: score(FontEntry(fname='C:\\WINDOWS\\Fonts\\CURLZ___.TTF', name='Curlz MT', style='normal', variant='normal', weight=400, stretch='normal', size='scalable')) = 10.05
2023-08-08 11:34:22 [DEBUG]: findfont: score(FontEntry(fname='C:\\WINDOWS\\Fonts\\PLAYBILL.TTF', name='Playbill', style='normal', variant='normal', weight=400, stretch='normal', size='scalable')) = 10.05
2023-08-08 11:34:22 [DEBUG]: findfont: score(FontEntry(fname='C:\\Windows\\Fonts\\DUBAI-LIGHT.TTF', name='Dubai', style='normal', variant='normal', weight=300, stretch='normal', size='scalable')) = 10.145
2023-08-08 11:34:22 [DEBUG]: findfont: score(FontEntry(fname='C:\\Windows\\Fonts\\MSUIGHUB.TTF', name='Microsoft Uighur', style='normal', variant='normal', weight=700, stretch='normal', size='scalable')) = 10.335
2023-08-08 11:34:22 [DEBUG]: findfont: score(FontEntry(fname='C:\\WINDOWS\\Fonts\\LFAXI.TTF', name='Lucida Fax', style='italic', variant='normal', weight=400, stretch='normal', size='scalable')) = 11.05
2023-08-08 11:34:22 [DEBUG]: findfont: score(FontEntry(fname='C:\\WINDOWS\\Fonts\\simkai.ttf', name='KaiTi', style='normal', variant='normal', weight=400, stretch='normal', size='scalable')) = 10.05
2023-08-08 11:34:22 [DEBUG]: findfont: score(FontEntry(fname='C:\\WINDOWS\\Fonts\\TCCEB.TTF', name='Tw Cen MT Condensed Extra Bold', style='normal', variant='normal', weight=400, stretch='condensed', size='scalable')) = 10.25
2023-08-08 11:34:22 [DEBUG]: findfont: score(FontEntry(fname='C:\\Windows\\Fonts\\ENGR.TTF', name='Engravers MT', style='normal', variant='normal', weight=500, stretch='normal', size='scalable')) = 10.145
2023-08-08 11:34:22 [DEBUG]: findfont: score(FontEntry(fname='C:\\Windows\\Fonts\\arialbi.ttf', name='Arial', style='italic', variant='normal', weight=700, stretch='normal', size='scalable')) = 1.335
2023-08-08 11:34:22 [DEBUG]: findfont: score(FontEntry(fname='C:\\Windows\\Fonts\\ebrima.ttf', name='Ebrima', style='normal', variant='normal', weight=400, stretch='normal', size='scalable')) = 10.05
2023-08-08 11:34:22 [DEBUG]: findfont: score(FontEntry(fname='C:\\WINDOWS\\Fonts\\BOOKOSBI.TTF', name='Bookman Old Style', style='italic', variant='normal', weight=600, stretch='normal', size='scalable')) = 11.24
2023-08-08 11:34:22 [DEBUG]: findfont: score(FontEntry(fname='C:\\WINDOWS\\Fonts\\Candarab.ttf', name='Candara', style='normal', variant='normal', weight=700, stretch='normal', size='scalable')) = 10.335
2023-08-08 11:34:22 [DEBUG]: findfont: score(FontEntry(fname='C:\\Windows\\Fonts\\BELL.TTF', name='Bell MT', style='normal', variant='normal', weight=400, stretch='normal', size='scalable')) = 10.05
2023-08-08 11:34:22 [DEBUG]: findfont: score(FontEntry(fname='C:\\Windows\\Fonts\\LSANSI.TTF', name='Lucida Sans', style='italic', variant='normal', weight=400, stretch='normal', size='scalable')) = 11.05
2023-08-08 11:34:22 [DEBUG]: findfont: score(FontEntry(fname='C:\\WINDOWS\\Fonts\\ariali.ttf', name='Arial', style='italic', variant='normal', weight=400, stretch='normal', size='scalable')) = 1.05
2023-08-08 11:34:22 [DEBUG]: findfont: score(FontEntry(fname='C:\\WINDOWS\\Fonts\\LeelUIsl.ttf', name='Leelawadee UI', style='normal', variant='normal', weight=350, stretch='normal', size='scalable')) = 10.0975
2023-08-08 11:34:22 [DEBUG]: findfont: score(FontEntry(fname='C:\\WINDOWS\\Fonts\\comicz.ttf', name='Comic Sans MS', style='italic', variant='normal', weight=700, stretch='normal', size='scalable')) = 11.335
2023-08-08 11:34:22 [DEBUG]: findfont: score(FontEntry(fname='C:\\Windows\\Fonts\\calibril.ttf', name='Calibri', style='normal', variant='normal', weight=300, stretch='normal', size='scalable')) = 10.145
2023-08-08 11:34:22 [DEBUG]: findfont: score(FontEntry(fname='C:\\Windows\\Fonts\\TCCB____.TTF', name='Tw Cen MT Condensed', style='normal', variant='normal', weight=700, stretch='condensed', size='scalable')) = 10.535
2023-08-08 11:34:22 [DEBUG]: findfont: score(FontEntry(fname='C:\\Windows\\Fonts\\calibrii.ttf', name='Calibri', style='italic', variant='normal', weight=400, stretch='normal', size='scalable')) = 11.05
2023-08-08 11:34:22 [DEBUG]: findfont: score(FontEntry(fname='C:\\Windows\\Fonts\\ARLRDBD.TTF', name='Arial Rounded MT Bold', style='normal', variant='normal', weight=400, stretch='normal', size='scalable')) = 10.05
2023-08-08 11:34:22 [DEBUG]: findfont: score(FontEntry(fname='C:\\Windows\\Fonts\\MOD20.TTF', name='Modern No. 20', style='normal', variant='normal', weight=400, stretch='normal', size='scalable')) = 10.05
2023-08-08 11:34:22 [DEBUG]: findfont: score(FontEntry(fname='C:\\Windows\\Fonts\\SCHLBKBI.TTF', name='Century Schoolbook', style='italic', variant='normal', weight=700, stretch='normal', size='scalable')) = 11.335
2023-08-08 11:34:22 [DEBUG]: findfont: score(FontEntry(fname='C:\\Windows\\Fonts\\monbaiti.ttf', name='Mongolian Baiti', style='normal', variant='normal', weight=400, stretch='normal', size='scalable')) = 10.05
2023-08-08 11:34:22 [DEBUG]: findfont: score(FontEntry(fname='C:\\WINDOWS\\Fonts\\GLSNECB.TTF', name='Gill Sans MT Ext Condensed Bold', style='normal', variant='normal', weight=400, stretch='condensed', size='scalable')) = 10.25
2023-08-08 11:34:22 [DEBUG]: findfont: score(FontEntry(fname='C:\\WINDOWS\\Fonts\\ONYX.TTF', name='Onyx', style='normal', variant='normal', weight=400, stretch='normal', size='scalable')) = 10.05
2023-08-08 11:34:22 [DEBUG]: findfont: score(FontEntry(fname='C:\\Windows\\Fonts\\phagspab.ttf', name='Microsoft PhagsPa', style='normal', variant='normal', weight=700, stretch='normal', size='scalable')) = 10.335
2023-08-08 11:34:22 [DEBUG]: findfont: score(FontEntry(fname='C:\\WINDOWS\\Fonts\\calibrib.ttf', name='Calibri', style='normal', variant='normal', weight=700, stretch='normal', size='scalable')) = 10.335
2023-08-08 11:34:22 [DEBUG]: findfont: score(FontEntry(fname='C:\\WINDOWS\\Fonts\\BELLI.TTF', name='Bell MT', style='italic', variant='normal', weight=400, stretch='normal', size='scalable')) = 11.05
2023-08-08 11:34:22 [DEBUG]: findfont: score(FontEntry(fname='C:\\WINDOWS\\Fonts\\ROCKEB.TTF', name='Rockwell Extra Bold', style='normal', variant='normal', weight=800, stretch='normal', size='scalable')) = 10.43
2023-08-08 11:34:22 [DEBUG]: findfont: score(FontEntry(fname='C:\\WINDOWS\\Fonts\\ROCC____.TTF', name='Rockwell Condensed', style='normal', variant='normal', weight=400, stretch='condensed', size='scalable')) = 10.25
2023-08-08 11:34:22 [DEBUG]: findfont: score(FontEntry(fname='C:\\Windows\\Fonts\\GILSANUB.TTF', name='Gill Sans Ultra Bold', style='normal', variant='normal', weight=400, stretch='normal', size='scalable')) = 10.05
2023-08-08 11:34:22 [DEBUG]: findfont: score(FontEntry(fname='C:\\WINDOWS\\Fonts\\TCCM____.TTF', name='Tw Cen MT Condensed', style='normal', variant='normal', weight=400, stretch='condensed', size='scalable')) = 10.25
2023-08-08 11:34:22 [DEBUG]: findfont: score(FontEntry(fname='C:\\Windows\\Fonts\\corbeli.ttf', name='Corbel', style='italic', variant='normal', weight=400, stretch='normal', size='scalable')) = 11.05
2023-08-08 11:34:22 [DEBUG]: findfont: score(FontEntry(fname='C:\\WINDOWS\\Fonts\\BKANT.TTF', name='Book Antiqua', style='normal', variant='normal', weight=400, stretch='normal', size='scalable')) = 10.05
2023-08-08 11:34:22 [DEBUG]: findfont: score(FontEntry(fname='C:\\WINDOWS\\Fonts\\lucon.ttf', name='Lucida Console', style='normal', variant='normal', weight=400, stretch='normal', size='scalable')) = 10.05
2023-08-08 11:34:22 [DEBUG]: findfont: score(FontEntry(fname='C:\\Windows\\Fonts\\times.ttf', name='Times New Roman', style='normal', variant='normal', weight=400, stretch='normal', size='scalable')) = 10.05
2023-08-08 11:34:22 [DEBUG]: findfont: score(FontEntry(fname='C:\\Windows\\Fonts\\HARNGTON.TTF', name='Harrington', style='normal', variant='normal', weight=400, stretch='normal', size='scalable')) = 10.05
2023-08-08 11:34:22 [DEBUG]: findfont: score(FontEntry(fname='C:\\Windows\\Fonts\\BOD_CB.TTF', name='Bodoni MT', style='normal', variant='normal', weight=700, stretch='condensed', size='scalable')) = 10.535
2023-08-08 11:34:22 [DEBUG]: findfont: score(FontEntry(fname='C:\\WINDOWS\\Fonts\\HARNGTON.TTF', name='Harrington', style='normal', variant='normal', weight=400, stretch='normal', size='scalable')) = 10.05
2023-08-08 11:34:22 [DEBUG]: findfont: score(FontEntry(fname='C:\\Windows\\Fonts\\consolab.ttf', name='Consolas', style='normal', variant='normal', weight=700, stretch='normal', size='scalable')) = 10.335
2023-08-08 11:34:22 [DEBUG]: findfont: score(FontEntry(fname='C:\\Windows\\Fonts\\ANTQUAI.TTF', name='Book Antiqua', style='italic', variant='normal', weight=400, stretch='normal', size='scalable')) = 11.05
2023-08-08 11:34:22 [DEBUG]: findfont: score(FontEntry(fname='C:\\WINDOWS\\Fonts\\verdana.ttf', name='Verdana', style='normal', variant='normal', weight=400, stretch='normal', size='scalable')) = 10.05
2023-08-08 11:34:22 [DEBUG]: findfont: score(FontEntry(fname='C:\\WINDOWS\\Fonts\\framd.ttf', name='Franklin Gothic Medium', style='normal', variant='normal', weight=400, stretch='normal', size='scalable')) = 10.05
2023-08-08 11:34:22 [DEBUG]: findfont: score(FontEntry(fname='C:\\Windows\\Fonts\\cambriaz.ttf', name='Cambria', style='italic', variant='normal', weight=700, stretch='normal', size='scalable')) = 11.335
2023-08-08 11:34:22 [DEBUG]: findfont: score(FontEntry(fname='C:\\WINDOWS\\Fonts\\CALIFI.TTF', name='Californian FB', style='italic', variant='normal', weight=400, stretch='normal', size='scalable')) = 11.05
2023-08-08 11:34:22 [DEBUG]: findfont: score(FontEntry(fname='C:\\WINDOWS\\Fonts\\SIMYOU.TTF', name='YouYuan', style='normal', variant='normal', weight=400, stretch='normal', size='scalable')) = 10.05
2023-08-08 11:34:22 [DEBUG]: findfont: score(FontEntry(fname='C:\\WINDOWS\\Fonts\\ALGER.TTF', name='Algerian', style='normal', variant='normal', weight=400, stretch='normal', size='scalable')) = 10.05
2023-08-08 11:34:22 [DEBUG]: findfont: score(FontEntry(fname='C:\\WINDOWS\\Fonts\\msgothic.ttc', name='MS Gothic', style='normal', variant='normal', weight=400, stretch='normal', size='scalable')) = 10.05
2023-08-08 11:34:22 [DEBUG]: findfont: score(FontEntry(fname='C:\\Windows\\Fonts\\LeelaUIb.ttf', name='Leelawadee UI', style='normal', variant='normal', weight=700, stretch='normal', size='scalable')) = 10.335
2023-08-08 11:34:22 [DEBUG]: findfont: score(FontEntry(fname='C:\\WINDOWS\\Fonts\\BRLNSR.TTF', name='Berlin Sans FB', style='normal', variant='normal', weight=400, stretch='normal', size='scalable')) = 10.05
2023-08-08 11:34:22 [DEBUG]: findfont: score(FontEntry(fname='C:\\Windows\\Fonts\\PERI____.TTF', name='Perpetua', style='italic', variant='normal', weight=400, stretch='normal', size='scalable')) = 11.05
2023-08-08 11:34:22 [DEBUG]: findfont: score(FontEntry(fname='C:\\WINDOWS\\Fonts\\PALSCRI.TTF', name='Palace Script MT', style='normal', variant='normal', weight=400, stretch='normal', size='scalable')) = 10.05
2023-08-08 11:34:22 [DEBUG]: findfont: score(FontEntry(fname='C:\\Windows\\Fonts\\Inkfree.ttf', name='Ink Free', style='normal', variant='normal', weight=400, stretch='normal', size='scalable')) = 10.05
2023-08-08 11:34:22 [DEBUG]: findfont: score(FontEntry(fname='C:\\Windows\\Fonts\\SitkaZ.ttc', name='Sitka Small', style='italic', variant='normal', weight=700, stretch='normal', size='scalable')) = 11.335
2023-08-08 11:34:22 [DEBUG]: findfont: score(FontEntry(fname='C:\\WINDOWS\\Fonts\\comic.ttf', name='Comic Sans MS', style='normal', variant='normal', weight=400, stretch='normal', size='scalable')) = 10.05
2023-08-08 11:34:22 [DEBUG]: findfont: score(FontEntry(fname='C:\\Windows\\Fonts\\trebuc.ttf', name='Trebuchet MS', style='normal', variant='normal', weight=400, stretch='normal', size='scalable')) = 10.05
2023-08-08 11:34:22 [DEBUG]: findfont: score(FontEntry(fname='C:\\WINDOWS\\Fonts\\GOTHIC.TTF', name='Century Gothic', style='normal', variant='normal', weight=400, stretch='normal', size='scalable')) = 10.05
2023-08-08 11:34:22 [DEBUG]: findfont: score(FontEntry(fname='C:\\WINDOWS\\Fonts\\mvboli.ttf', name='MV Boli', style='normal', variant='normal', weight=400, stretch='normal', size='scalable')) = 10.05
2023-08-08 11:34:22 [DEBUG]: findfont: score(FontEntry(fname='C:\\WINDOWS\\Fonts\\GOTHICBI.TTF', name='Century Gothic', style='italic', variant='normal', weight=700, stretch='normal', size='scalable')) = 11.335
2023-08-08 11:34:22 [DEBUG]: findfont: score(FontEntry(fname='C:\\Windows\\Fonts\\GOTHIC.TTF', name='Century Gothic', style='normal', variant='normal', weight=400, stretch='normal', size='scalable')) = 10.05
2023-08-08 11:34:22 [DEBUG]: findfont: score(FontEntry(fname='C:\\Windows\\Fonts\\BOD_B.TTF', name='Bodoni MT', style='normal', variant='normal', weight=700, stretch='normal', size='scalable')) = 10.335
2023-08-08 11:34:22 [DEBUG]: findfont: score(FontEntry(fname='C:\\WINDOWS\\Fonts\\Gabriola.ttf', name='Gabriola', style='normal', variant='normal', weight=400, stretch='normal', size='scalable')) = 10.05
2023-08-08 11:34:22 [DEBUG]: findfont: score(FontEntry(fname='C:\\WINDOWS\\Fonts\\seguili.ttf', name='Segoe UI', style='italic', variant='normal', weight=300, stretch='normal', size='scalable')) = 11.145
2023-08-08 11:34:22 [DEBUG]: findfont: score(FontEntry(fname='C:\\Windows\\Fonts\\FRADMCN.TTF', name='Franklin Gothic Demi Cond', style='normal', variant='normal', weight=400, stretch='condensed', size='scalable')) = 10.25
2023-08-08 11:34:22 [DEBUG]: findfont: score(FontEntry(fname='C:\\WINDOWS\\Fonts\\DUBAI-MEDIUM.TTF', name='Dubai', style='normal', variant='normal', weight=500, stretch='normal', size='scalable')) = 10.145
2023-08-08 11:34:22 [DEBUG]: findfont: score(FontEntry(fname='C:\\WINDOWS\\Fonts\\NIAGENG.TTF', name='Niagara Engraved', style='normal', variant='normal', weight=400, stretch='normal', size='scalable')) = 10.05
2023-08-08 11:34:22 [DEBUG]: findfont: score(FontEntry(fname='C:\\Windows\\Fonts\\javatext.ttf', name='Javanese Text', style='normal', variant='normal', weight=400, stretch='normal', size='scalable')) = 10.05
2023-08-08 11:34:22 [DEBUG]: findfont: score(FontEntry(fname='C:\\WINDOWS\\Fonts\\trebucbi.ttf', name='Trebuchet MS', style='italic', variant='normal', weight=700, stretch='normal', size='scalable')) = 11.335
2023-08-08 11:34:22 [DEBUG]: findfont: score(FontEntry(fname='C:\\Windows\\Fonts\\STFANGSO.TTF', name='STFangsong', style='normal', variant='normal', weight=400, stretch='normal', size='scalable')) = 10.05
2023-08-08 11:34:22 [DEBUG]: findfont: score(FontEntry(fname='C:\\Windows\\Fonts\\TCCM____.TTF', name='Tw Cen MT Condensed', style='normal', variant='normal', weight=400, stretch='condensed', size='scalable')) = 10.25
2023-08-08 11:34:22 [DEBUG]: findfont: score(FontEntry(fname='C:\\WINDOWS\\Fonts\\STXINWEI.TTF', name='STXinwei', style='normal', variant='normal', weight=400, stretch='normal', size='scalable')) = 10.05
2023-08-08 11:34:22 [DEBUG]: findfont: score(FontEntry(fname='C:\\WINDOWS\\Fonts\\taileb.ttf', name='Microsoft Tai Le', style='normal', variant='normal', weight=700, stretch='normal', size='scalable')) = 10.335
2023-08-08 11:34:22 [DEBUG]: findfont: score(FontEntry(fname='C:\\WINDOWS\\Fonts\\BOD_BLAR.TTF', name='Bodoni MT', style='normal', variant='normal', weight=900, stretch='normal', size='scalable')) = 10.525
2023-08-08 11:34:22 [DEBUG]: findfont: score(FontEntry(fname='C:\\Windows\\Fonts\\BOD_CR.TTF', name='Bodoni MT', style='normal', variant='normal', weight=400, stretch='condensed', size='scalable')) = 10.25
2023-08-08 11:34:22 [DEBUG]: findfont: score(FontEntry(fname='C:\\Windows\\Fonts\\INFROMAN.TTF', name='Informal Roman', style='normal', variant='normal', weight=400, stretch='normal', size='scalable')) = 10.05
2023-08-08 11:34:22 [DEBUG]: findfont: score(FontEntry(fname='C:\\WINDOWS\\Fonts\\FZSTK.TTF', name='FZShuTi', style='normal', variant='normal', weight=400, stretch='normal', size='scalable')) = 10.05
2023-08-08 11:34:22 [DEBUG]: findfont: score(FontEntry(fname='C:\\WINDOWS\\Fonts\\CENSCBK.TTF', name='Century Schoolbook', style='normal', variant='normal', weight=400, stretch='normal', size='scalable')) = 10.05
2023-08-08 11:34:22 [DEBUG]: findfont: score(FontEntry(fname='C:\\Windows\\Fonts\\msjh.ttc', name='Microsoft JhengHei', style='normal', variant='normal', weight=400, stretch='normal', size='scalable')) = 10.05
2023-08-08 11:34:22 [DEBUG]: findfont: score(FontEntry(fname='C:\\WINDOWS\\Fonts\\cambriai.ttf', name='Cambria', style='italic', variant='normal', weight=400, stretch='normal', size='scalable')) = 11.05
2023-08-08 11:34:22 [DEBUG]: findfont: score(FontEntry(fname='C:\\Windows\\Fonts\\ROCCB___.TTF', name='Rockwell Condensed', style='normal', variant='normal', weight=700, stretch='condensed', size='scalable')) = 10.535
2023-08-08 11:34:22 [DEBUG]: findfont: score(FontEntry(fname='C:\\WINDOWS\\Fonts\\courbi.ttf', name='Courier New', style='italic', variant='normal', weight=700, stretch='normal', size='scalable')) = 11.335
2023-08-08 11:34:22 [DEBUG]: findfont: score(FontEntry(fname='C:\\Windows\\Fonts\\GIL_____.TTF', name='Gill Sans MT', style='normal', variant='normal', weight=400, stretch='normal', size='scalable')) = 10.05
2023-08-08 11:34:22 [DEBUG]: findfont: score(FontEntry(fname='C:\\WINDOWS\\Fonts\\ARIALN.TTF', name='Arial', style='normal', variant='normal', weight=400, stretch='condensed', size='scalable')) = 0.25
2023-08-08 11:34:22 [DEBUG]: findfont: score(FontEntry(fname='C:\\WINDOWS\\Fonts\\STHUPO.TTF', name='STHupo', style='normal', variant='normal', weight=400, stretch='normal', size='scalable')) = 10.05
2023-08-08 11:34:22 [DEBUG]: findfont: score(FontEntry(fname='C:\\Windows\\Fonts\\consola.ttf', name='Consolas', style='normal', variant='normal', weight=400, stretch='normal', size='scalable')) = 10.05
2023-08-08 11:34:22 [DEBUG]: findfont: score(FontEntry(fname='C:\\Windows\\Fonts\\seguisbi.ttf', name='Segoe UI', style='italic', variant='normal', weight=600, stretch='normal', size='scalable')) = 11.24
2023-08-08 11:34:22 [DEBUG]: findfont: score(FontEntry(fname='C:\\WINDOWS\\Fonts\\malgunsl.ttf', name='Malgun Gothic', style='normal', variant='normal', weight=300, stretch='normal', size='scalable')) = 10.145
2023-08-08 11:34:22 [DEBUG]: findfont: score(FontEntry(fname='C:\\Windows\\Fonts\\REFSPCL.TTF', name='MS Reference Specialty', style='normal', variant='normal', weight=400, stretch='normal', size='scalable')) = 10.05
2023-08-08 11:34:22 [DEBUG]: findfont: score(FontEntry(fname='C:\\WINDOWS\\Fonts\\OLDENGL.TTF', name='Old English Text MT', style='normal', variant='normal', weight=400, stretch='normal', size='scalable')) = 10.05
2023-08-08 11:34:22 [DEBUG]: findfont: score(FontEntry(fname='C:\\WINDOWS\\Fonts\\LSANSDI.TTF', name='Lucida Sans', style='italic', variant='normal', weight=600, stretch='normal', size='scalable')) = 11.24
2023-08-08 11:34:22 [DEBUG]: findfont: score(FontEntry(fname='C:\\WINDOWS\\Fonts\\pala.ttf', name='Palatino Linotype', style='normal', variant='normal', weight=400, stretch='normal', size='scalable')) = 10.05
2023-08-08 11:34:22 [DEBUG]: findfont: score(FontEntry(fname='C:\\Windows\\Fonts\\simkai.ttf', name='KaiTi', style='normal', variant='normal', weight=400, stretch='normal', size='scalable')) = 10.05
2023-08-08 11:34:22 [DEBUG]: findfont: score(FontEntry(fname='C:\\Windows\\Fonts\\trebucit.ttf', name='Trebuchet MS', style='italic', variant='normal', weight=400, stretch='normal', size='scalable')) = 11.05
2023-08-08 11:34:22 [DEBUG]: findfont: score(FontEntry(fname='C:\\WINDOWS\\Fonts\\phagspa.ttf', name='Microsoft PhagsPa', style='normal', variant='normal', weight=400, stretch='normal', size='scalable')) = 10.05
2023-08-08 11:34:22 [DEBUG]: findfont: score(FontEntry(fname='C:\\Windows\\Fonts\\BOOKOS.TTF', name='Bookman Old Style', style='normal', variant='normal', weight=300, stretch='normal', size='scalable')) = 10.145
2023-08-08 11:34:22 [DEBUG]: findfont: score(FontEntry(fname='C:\\WINDOWS\\Fonts\\constanb.ttf', name='Constantia', style='normal', variant='normal', weight=700, stretch='normal', size='scalable')) = 10.335
2023-08-08 11:34:22 [DEBUG]: findfont: score(FontEntry(fname='C:\\Windows\\Fonts\\comicbd.ttf', name='Comic Sans MS', style='normal', variant='normal', weight=700, stretch='normal', size='scalable')) = 10.335
2023-08-08 11:34:22 [DEBUG]: findfont: score(FontEntry(fname='C:\\WINDOWS\\Fonts\\webdings.ttf', name='Webdings', style='normal', variant='normal', weight=400, stretch='normal', size='scalable')) = 10.05
2023-08-08 11:34:22 [DEBUG]: findfont: score(FontEntry(fname='C:\\WINDOWS\\Fonts\\FRADM.TTF', name='Franklin Gothic Demi', style='normal', variant='normal', weight=400, stretch='normal', size='scalable')) = 10.05
2023-08-08 11:34:22 [DEBUG]: findfont: score(FontEntry(fname='C:\\WINDOWS\\Fonts\\CALISTBI.TTF', name='Calisto MT', style='italic', variant='normal', weight=700, stretch='normal', size='scalable')) = 11.335
2023-08-08 11:34:22 [DEBUG]: findfont: score(FontEntry(fname='C:\\Windows\\Fonts\\BERNHC.TTF', name='Bernard MT Condensed', style='normal', variant='normal', weight=400, stretch='condensed', size='scalable')) = 10.25
2023-08-08 11:34:22 [DEBUG]: findfont: score(FontEntry(fname='C:\\WINDOWS\\Fonts\\FRABK.TTF', name='Franklin Gothic Book', style='normal', variant='normal', weight=400, stretch='normal', size='scalable')) = 10.05
2023-08-08 11:34:22 [DEBUG]: findfont: score(FontEntry(fname='C:\\Windows\\Fonts\\ntailu.ttf', name='Microsoft New Tai Lue', style='normal', variant='normal', weight=400, stretch='normal', size='scalable')) = 10.05
2023-08-08 11:34:22 [DEBUG]: findfont: score(FontEntry(fname='C:\\Windows\\Fonts\\GIGI.TTF', name='Gigi', style='normal', variant='normal', weight=400, stretch='normal', size='scalable')) = 10.05
2023-08-08 11:34:22 [DEBUG]: findfont: score(FontEntry(fname='C:\\Windows\\Fonts\\malgunsl.ttf', name='Malgun Gothic', style='normal', variant='normal', weight=300, stretch='normal', size='scalable')) = 10.145
2023-08-08 11:34:22 [DEBUG]: findfont: score(FontEntry(fname='C:\\Windows\\Fonts\\CHILLER.TTF', name='Chiller', style='normal', variant='normal', weight=400, stretch='normal', size='scalable')) = 10.05
2023-08-08 11:34:22 [DEBUG]: findfont: score(FontEntry(fname='C:\\Windows\\Fonts\\msyi.ttf', name='Microsoft Yi Baiti', style='normal', variant='normal', weight=400, stretch='normal', size='scalable')) = 10.05
2023-08-08 11:34:22 [DEBUG]: findfont: score(FontEntry(fname='C:\\WINDOWS\\Fonts\\PERB____.TTF', name='Perpetua', style='normal', variant='normal', weight=700, stretch='normal', size='scalable')) = 10.335
2023-08-08 11:34:22 [DEBUG]: findfont: score(FontEntry(fname='C:\\Windows\\Fonts\\himalaya.ttf', name='Microsoft Himalaya', style='normal', variant='normal', weight=400, stretch='normal', size='scalable')) = 10.05
2023-08-08 11:34:22 [DEBUG]: findfont: score(FontEntry(fname='C:\\WINDOWS\\Fonts\\HATTEN.TTF', name='Haettenschweiler', style='normal', variant='normal', weight=400, stretch='normal', size='scalable')) = 10.05
2023-08-08 11:34:22 [DEBUG]: findfont: score(FontEntry(fname='C:\\Windows\\Fonts\\CALIFI.TTF', name='Californian FB', style='italic', variant='normal', weight=400, stretch='normal', size='scalable')) = 11.05
2023-08-08 11:34:22 [DEBUG]: findfont: score(FontEntry(fname='C:\\WINDOWS\\Fonts\\gadugib.ttf', name='Gadugi', style='normal', variant='normal', weight=700, stretch='normal', size='scalable')) = 10.335
2023-08-08 11:34:22 [DEBUG]: findfont: score(FontEntry(fname='C:\\WINDOWS\\Fonts\\ERASMD.TTF', name='Eras Medium ITC', style='normal', variant='normal', weight=400, stretch='normal', size='scalable')) = 10.05
2023-08-08 11:34:22 [DEBUG]: findfont: score(FontEntry(fname='C:\\Windows\\Fonts\\TEMPSITC.TTF', name='Tempus Sans ITC', style='normal', variant='normal', weight=400, stretch='normal', size='scalable')) = 10.05
2023-08-08 11:34:22 [DEBUG]: findfont: score(FontEntry(fname='C:\\Windows\\Fonts\\STSONG.TTF', name='STSong', style='normal', variant='normal', weight=400, stretch='normal', size='scalable')) = 10.05
2023-08-08 11:34:22 [DEBUG]: findfont: score(FontEntry(fname='C:\\WINDOWS\\Fonts\\LTYPEO.TTF', name='Lucida Sans Typewriter', style='oblique', variant='normal', weight=400, stretch='normal', size='scalable')) = 11.05
2023-08-08 11:34:22 [DEBUG]: findfont: score(FontEntry(fname='C:\\WINDOWS\\Fonts\\segoescb.ttf', name='Segoe Script', style='normal', variant='normal', weight=700, stretch='normal', size='scalable')) = 10.335
2023-08-08 11:34:22 [DEBUG]: findfont: score(FontEntry(fname='C:\\WINDOWS\\Fonts\\segoesc.ttf', name='Segoe Script', style='normal', variant='normal', weight=400, stretch='normal', size='scalable')) = 10.05
2023-08-08 11:34:22 [DEBUG]: findfont: score(FontEntry(fname='C:\\WINDOWS\\Fonts\\CALIFB.TTF', name='Californian FB', style='normal', variant='normal', weight=700, stretch='normal', size='scalable')) = 10.335
2023-08-08 11:34:22 [DEBUG]: findfont: score(FontEntry(fname='C:\\Windows\\Fonts\\ebrimabd.ttf', name='Ebrima', style='normal', variant='normal', weight=700, stretch='normal', size='scalable')) = 10.335
2023-08-08 11:34:22 [DEBUG]: findfont: score(FontEntry(fname='C:\\Windows\\Fonts\\BRITANIC.TTF', name='Britannic Bold', style='normal', variant='normal', weight=400, stretch='normal', size='scalable')) = 10.05
2023-08-08 11:34:22 [DEBUG]: findfont: score(FontEntry(fname='C:\\WINDOWS\\Fonts\\STZHONGS.TTF', name='STZhongsong', style='normal', variant='normal', weight=400, stretch='normal', size='scalable')) = 10.05
2023-08-08 11:34:22 [DEBUG]: findfont: score(FontEntry(fname='C:\\WINDOWS\\Fonts\\calibriz.ttf', name='Calibri', style='italic', variant='normal', weight=700, stretch='normal', size='scalable')) = 11.335
2023-08-08 11:34:22 [DEBUG]: findfont: score(FontEntry(fname='C:\\WINDOWS\\Fonts\\segoeuisl.ttf', name='Segoe UI', style='normal', variant='normal', weight=350, stretch='normal', size='scalable')) = 10.0975
2023-08-08 11:34:22 [DEBUG]: findfont: score(FontEntry(fname='C:\\Windows\\Fonts\\STXINGKA.TTF', name='STXingkai', style='normal', variant='normal', weight=400, stretch='normal', size='scalable')) = 10.05
2023-08-08 11:34:22 [DEBUG]: findfont: score(FontEntry(fname='C:\\Windows\\Fonts\\malgun.ttf', name='Malgun Gothic', style='normal', variant='normal', weight=400, stretch='normal', size='scalable')) = 10.05
2023-08-08 11:34:22 [DEBUG]: findfont: score(FontEntry(fname='C:\\WINDOWS\\Fonts\\MOD20.TTF', name='Modern No. 20', style='normal', variant='normal', weight=400, stretch='normal', size='scalable')) = 10.05
2023-08-08 11:34:22 [DEBUG]: findfont: score(FontEntry(fname='C:\\WINDOWS\\Fonts\\FRAHV.TTF', name='Franklin Gothic Heavy', style='normal', variant='normal', weight=400, stretch='normal', size='scalable')) = 10.05
2023-08-08 11:34:22 [DEBUG]: findfont: score(FontEntry(fname='C:\\Windows\\Fonts\\symbol.ttf', name='Symbol', style='normal', variant='normal', weight=400, stretch='normal', size='scalable')) = 10.05
2023-08-08 11:34:22 [DEBUG]: findfont: score(FontEntry(fname='C:\\Windows\\Fonts\\PALSCRI.TTF', name='Palace Script MT', style='normal', variant='normal', weight=400, stretch='normal', size='scalable')) = 10.05
2023-08-08 11:34:22 [DEBUG]: findfont: score(FontEntry(fname='C:\\WINDOWS\\Fonts\\COLONNA.TTF', name='Colonna MT', style='normal', variant='normal', weight=400, stretch='normal', size='scalable')) = 10.05
2023-08-08 11:34:22 [DEBUG]: findfont: score(FontEntry(fname='C:\\WINDOWS\\Fonts\\VIVALDII.TTF', name='Vivaldi', style='italic', variant='normal', weight=400, stretch='normal', size='scalable')) = 11.05
2023-08-08 11:34:22 [DEBUG]: findfont: score(FontEntry(fname='C:\\Windows\\Fonts\\IMPRISHA.TTF', name='Imprint MT Shadow', style='normal', variant='normal', weight=400, stretch='normal', size='scalable')) = 10.05
2023-08-08 11:34:22 [DEBUG]: findfont: score(FontEntry(fname='C:\\WINDOWS\\Fonts\\segoeuil.ttf', name='Segoe UI', style='normal', variant='normal', weight=300, stretch='normal', size='scalable')) = 10.145
2023-08-08 11:34:22 [DEBUG]: findfont: score(FontEntry(fname='C:\\Windows\\Fonts\\taileb.ttf', name='Microsoft Tai Le', style='normal', variant='normal', weight=700, stretch='normal', size='scalable')) = 10.335
2023-08-08 11:34:22 [DEBUG]: findfont: score(FontEntry(fname='C:\\WINDOWS\\Fonts\\PER_____.TTF', name='Perpetua', style='normal', variant='normal', weight=400, stretch='normal', size='scalable')) = 10.05
2023-08-08 11:34:22 [DEBUG]: findfont: score(FontEntry(fname='C:\\WINDOWS\\Fonts\\IMPRISHA.TTF', name='Imprint MT Shadow', style='normal', variant='normal', weight=400, stretch='normal', size='scalable')) = 10.05
2023-08-08 11:34:22 [DEBUG]: findfont: score(FontEntry(fname='C:\\Windows\\Fonts\\LFAXD.TTF', name='Lucida Fax', style='normal', variant='normal', weight=600, stretch='normal', size='scalable')) = 10.24
2023-08-08 11:34:22 [DEBUG]: findfont: score(FontEntry(fname='C:\\Windows\\Fonts\\SCHLBKI.TTF', name='Century Schoolbook', style='italic', variant='normal', weight=400, stretch='normal', size='scalable')) = 11.05
2023-08-08 11:34:22 [DEBUG]: findfont: score(FontEntry(fname='C:\\Windows\\Fonts\\segmdl2.ttf', name='Segoe MDL2 Assets', style='normal', variant='normal', weight=400, stretch='normal', size='scalable')) = 10.05
2023-08-08 11:34:22 [DEBUG]: findfont: score(FontEntry(fname='C:\\WINDOWS\\Fonts\\BOD_BLAI.TTF', name='Bodoni MT', style='italic', variant='normal', weight=900, stretch='normal', size='scalable')) = 11.525
2023-08-08 11:34:22 [DEBUG]: findfont: score(FontEntry(fname='C:\\WINDOWS\\Fonts\\monbaiti.ttf', name='Mongolian Baiti', style='normal', variant='normal', weight=400, stretch='normal', size='scalable')) = 10.05
2023-08-08 11:34:22 [DEBUG]: findfont: score(FontEntry(fname='C:\\WINDOWS\\Fonts\\MAGNETOB.TTF', name='Magneto', style='normal', variant='normal', weight=700, stretch='normal', size='scalable')) = 10.335
2023-08-08 11:34:22 [DEBUG]: findfont: score(FontEntry(fname='C:\\Windows\\Fonts\\STCAIYUN.TTF', name='STCaiyun', style='normal', variant='normal', weight=400, stretch='normal', size='scalable')) = 10.05
2023-08-08 11:34:22 [DEBUG]: findfont: score(FontEntry(fname='C:\\WINDOWS\\Fonts\\cambria.ttc', name='Cambria', style='normal', variant='normal', weight=400, stretch='normal', size='scalable')) = 10.05
2023-08-08 11:34:22 [DEBUG]: findfont: score(FontEntry(fname='C:\\WINDOWS\\Fonts\\seguihis.ttf', name='Segoe UI Historic', style='normal', variant='normal', weight=400, stretch='normal', size='scalable')) = 10.05
2023-08-08 11:34:22 [DEBUG]: findfont: score(FontEntry(fname='C:\\Windows\\Fonts\\ITCKRIST.TTF', name='Kristen ITC', style='normal', variant='normal', weight=400, stretch='normal', size='scalable')) = 10.05
2023-08-08 11:34:22 [DEBUG]: findfont: score(FontEntry(fname='C:\\Windows\\Fonts\\georgia.ttf', name='Georgia', style='normal', variant='normal', weight=400, stretch='normal', size='scalable')) = 10.05
2023-08-08 11:34:22 [DEBUG]: findfont: score(FontEntry(fname='C:\\Windows\\Fonts\\msyh.ttc', name='Microsoft YaHei', style='normal', variant='normal', weight=400, stretch='normal', size='scalable')) = 10.05
2023-08-08 11:34:22 [DEBUG]: findfont: score(FontEntry(fname='C:\\Windows\\Fonts\\trebucbi.ttf', name='Trebuchet MS', style='italic', variant='normal', weight=700, stretch='normal', size='scalable')) = 11.335
2023-08-08 11:34:22 [DEBUG]: findfont: score(FontEntry(fname='C:\\WINDOWS\\Fonts\\constan.ttf', name='Constantia', style='normal', variant='normal', weight=400, stretch='normal', size='scalable')) = 10.05
2023-08-08 11:34:22 [DEBUG]: findfont: score(FontEntry(fname='C:\\Windows\\Fonts\\Candara.ttf', name='Candara', style='normal', variant='normal', weight=400, stretch='normal', size='scalable')) = 10.05
2023-08-08 11:34:22 [DEBUG]: findfont: score(FontEntry(fname='C:\\WINDOWS\\Fonts\\ARIALNB.TTF', name='Arial', style='normal', variant='normal', weight=700, stretch='condensed', size='scalable')) = 0.5349999999999999
2023-08-08 11:34:22 [DEBUG]: findfont: score(FontEntry(fname='C:\\WINDOWS\\Fonts\\RAVIE.TTF', name='Ravie', style='normal', variant='normal', weight=400, stretch='normal', size='scalable')) = 10.05
2023-08-08 11:34:22 [DEBUG]: findfont: score(FontEntry(fname='C:\\Windows\\Fonts\\LFAXI.TTF', name='Lucida Fax', style='italic', variant='normal', weight=400, stretch='normal', size='scalable')) = 11.05
2023-08-08 11:34:22 [DEBUG]: findfont: score(FontEntry(fname='C:\\Windows\\Fonts\\MSUIGHUR.TTF', name='Microsoft Uighur', style='normal', variant='normal', weight=400, stretch='normal', size='scalable')) = 10.05
2023-08-08 11:34:22 [DEBUG]: findfont: score(FontEntry(fname='C:\\WINDOWS\\Fonts\\wingding.ttf', name='Wingdings', style='normal', variant='normal', weight=400, stretch='normal', size='scalable')) = 10.05
2023-08-08 11:34:22 [DEBUG]: findfont: score(FontEntry(fname='C:\\Windows\\Fonts\\RAVIE.TTF', name='Ravie', style='normal', variant='normal', weight=400, stretch='normal', size='scalable')) = 10.05
2023-08-08 11:34:22 [DEBUG]: findfont: score(FontEntry(fname='C:\\Windows\\Fonts\\LSANSDI.TTF', name='Lucida Sans', style='italic', variant='normal', weight=600, stretch='normal', size='scalable')) = 11.24
2023-08-08 11:34:22 [DEBUG]: findfont: score(FontEntry(fname='C:\\WINDOWS\\Fonts\\georgiab.ttf', name='Georgia', style='normal', variant='normal', weight=700, stretch='normal', size='scalable')) = 10.335
2023-08-08 11:34:22 [DEBUG]: findfont: score(FontEntry(fname='C:\\WINDOWS\\Fonts\\VLADIMIR.TTF', name='Vladimir Script', style='normal', variant='normal', weight=400, stretch='normal', size='scalable')) = 10.05
2023-08-08 11:34:22 [DEBUG]: findfont: score(FontEntry(fname='C:\\WINDOWS\\Fonts\\HARLOWSI.TTF', name='Harlow Solid Italic', style='italic', variant='normal', weight=400, stretch='normal', size='scalable')) = 11.05
2023-08-08 11:34:22 [DEBUG]: findfont: score(FontEntry(fname='C:\\WINDOWS\\Fonts\\mmrtextb.ttf', name='Myanmar Text', style='normal', variant='normal', weight=700, stretch='normal', size='scalable')) = 10.335
2023-08-08 11:34:22 [DEBUG]: findfont: score(FontEntry(fname='C:\\WINDOWS\\Fonts\\Dengb.ttf', name='DengXian', style='normal', variant='normal', weight=700, stretch='normal', size='scalable')) = 10.335
2023-08-08 11:34:22 [DEBUG]: findfont: score(FontEntry(fname='C:\\Windows\\Fonts\\corbelz.ttf', name='Corbel', style='italic', variant='normal', weight=700, stretch='normal', size='scalable')) = 11.335
2023-08-08 11:34:22 [DEBUG]: findfont: Matching sans\-serif:style=normal:variant=normal:weight=normal:stretch=normal:size=16.5 to Arial ('C:\\WINDOWS\\Fonts\\arial.ttf') with score of 0.050000.
2023-08-08 11:34:22 [DEBUG]: findfont: Matching sans\-serif:style=normal:variant=normal:weight=normal:stretch=normal:size=34.0.
2023-08-08 11:34:22 [DEBUG]: findfont: score(FontEntry(fname='C:\\Users\\86151\\anaconda3\\envs\\LightGBM\\lib\\site-packages\\matplotlib\\mpl-data\\fonts\\ttf\\STIXNonUni.ttf', name='STIXNonUnicode', style='normal', variant='normal', weight=400, stretch='normal', size='scalable')) = 10.05
2023-08-08 11:34:22 [DEBUG]: findfont: score(FontEntry(fname='C:\\Users\\86151\\anaconda3\\envs\\LightGBM\\lib\\site-packages\\matplotlib\\mpl-data\\fonts\\ttf\\DejaVuSansMono-Oblique.ttf', name='DejaVu Sans Mono', style='oblique', variant='normal', weight=400, stretch='normal', size='scalable')) = 11.05
2023-08-08 11:34:22 [DEBUG]: findfont: score(FontEntry(fname='C:\\Users\\86151\\anaconda3\\envs\\LightGBM\\lib\\site-packages\\matplotlib\\mpl-data\\fonts\\ttf\\DejaVuSansMono.ttf', name='DejaVu Sans Mono', style='normal', variant='normal', weight=400, stretch='normal', size='scalable')) = 10.05
2023-08-08 11:34:22 [DEBUG]: findfont: score(FontEntry(fname='C:\\Users\\86151\\anaconda3\\envs\\LightGBM\\lib\\site-packages\\matplotlib\\mpl-data\\fonts\\ttf\\DejaVuSerif-BoldItalic.ttf', name='DejaVu Serif', style='italic', variant='normal', weight=700, stretch='normal', size='scalable')) = 11.335
2023-08-08 11:34:22 [DEBUG]: findfont: score(FontEntry(fname='C:\\Users\\86151\\anaconda3\\envs\\LightGBM\\lib\\site-packages\\matplotlib\\mpl-data\\fonts\\ttf\\cmmi10.ttf', name='cmmi10', style='normal', variant='normal', weight=400, stretch='normal', size='scalable')) = 10.05
2023-08-08 11:34:22 [DEBUG]: findfont: score(FontEntry(fname='C:\\Users\\86151\\anaconda3\\envs\\LightGBM\\lib\\site-packages\\matplotlib\\mpl-data\\fonts\\ttf\\STIXSizOneSymReg.ttf', name='STIXSizeOneSym', style='normal', variant='normal', weight=400, stretch='normal', size='scalable')) = 10.05
2023-08-08 11:34:22 [DEBUG]: findfont: score(FontEntry(fname='C:\\Users\\86151\\anaconda3\\envs\\LightGBM\\lib\\site-packages\\matplotlib\\mpl-data\\fonts\\ttf\\STIXSizTwoSymReg.ttf', name='STIXSizeTwoSym', style='normal', variant='normal', weight=400, stretch='normal', size='scalable')) = 10.05
2023-08-08 11:34:22 [DEBUG]: findfont: score(FontEntry(fname='C:\\Users\\86151\\anaconda3\\envs\\LightGBM\\lib\\site-packages\\matplotlib\\mpl-data\\fonts\\ttf\\STIXSizTwoSymBol.ttf', name='STIXSizeTwoSym', style='normal', variant='normal', weight=700, stretch='normal', size='scalable')) = 10.335
2023-08-08 11:34:22 [DEBUG]: findfont: score(FontEntry(fname='C:\\Users\\86151\\anaconda3\\envs\\LightGBM\\lib\\site-packages\\matplotlib\\mpl-data\\fonts\\ttf\\cmb10.ttf', name='cmb10', style='normal', variant='normal', weight=400, stretch='normal', size='scalable')) = 10.05
2023-08-08 11:34:22 [DEBUG]: findfont: score(FontEntry(fname='C:\\Users\\86151\\anaconda3\\envs\\LightGBM\\lib\\site-packages\\matplotlib\\mpl-data\\fonts\\ttf\\STIXNonUniBol.ttf', name='STIXNonUnicode', style='normal', variant='normal', weight=700, stretch='normal', size='scalable')) = 10.335
2023-08-08 11:34:22 [DEBUG]: findfont: score(FontEntry(fname='C:\\Users\\86151\\anaconda3\\envs\\LightGBM\\lib\\site-packages\\matplotlib\\mpl-data\\fonts\\ttf\\STIXSizFiveSymReg.ttf', name='STIXSizeFiveSym', style='normal', variant='normal', weight=400, stretch='normal', size='scalable')) = 10.05
2023-08-08 11:34:22 [DEBUG]: findfont: score(FontEntry(fname='C:\\Users\\86151\\anaconda3\\envs\\LightGBM\\lib\\site-packages\\matplotlib\\mpl-data\\fonts\\ttf\\STIXSizFourSymBol.ttf', name='STIXSizeFourSym', style='normal', variant='normal', weight=700, stretch='normal', size='scalable')) = 10.335
2023-08-08 11:34:22 [DEBUG]: findfont: score(FontEntry(fname='C:\\Users\\86151\\anaconda3\\envs\\LightGBM\\lib\\site-packages\\matplotlib\\mpl-data\\fonts\\ttf\\STIXSizFourSymReg.ttf', name='STIXSizeFourSym', style='normal', variant='normal', weight=400, stretch='normal', size='scalable')) = 10.05
2023-08-08 11:34:22 [DEBUG]: findfont: score(FontEntry(fname='C:\\Users\\86151\\anaconda3\\envs\\LightGBM\\lib\\site-packages\\matplotlib\\mpl-data\\fonts\\ttf\\DejaVuSans-Bold.ttf', name='DejaVu Sans', style='normal', variant='normal', weight=700, stretch='normal', size='scalable')) = 2.335
2023-08-08 11:34:22 [DEBUG]: findfont: score(FontEntry(fname='C:\\Users\\86151\\anaconda3\\envs\\LightGBM\\lib\\site-packages\\matplotlib\\mpl-data\\fonts\\ttf\\cmsy10.ttf', name='cmsy10', style='normal', variant='normal', weight=400, stretch='normal', size='scalable')) = 10.05
2023-08-08 11:34:22 [DEBUG]: findfont: score(FontEntry(fname='C:\\Users\\86151\\anaconda3\\envs\\LightGBM\\lib\\site-packages\\matplotlib\\mpl-data\\fonts\\ttf\\DejaVuSerif-Bold.ttf', name='DejaVu Serif', style='normal', variant='normal', weight=700, stretch='normal', size='scalable')) = 10.335
2023-08-08 11:34:22 [DEBUG]: findfont: score(FontEntry(fname='C:\\Users\\86151\\anaconda3\\envs\\LightGBM\\lib\\site-packages\\matplotlib\\mpl-data\\fonts\\ttf\\STIXGeneralBol.ttf', name='STIXGeneral', style='normal', variant='normal', weight=700, stretch='normal', size='scalable')) = 10.335
2023-08-08 11:34:22 [DEBUG]: findfont: score(FontEntry(fname='C:\\Users\\86151\\anaconda3\\envs\\LightGBM\\lib\\site-packages\\matplotlib\\mpl-data\\fonts\\ttf\\STIXGeneralBolIta.ttf', name='STIXGeneral', style='italic', variant='normal', weight=700, stretch='normal', size='scalable')) = 11.335
2023-08-08 11:34:22 [DEBUG]: findfont: score(FontEntry(fname='C:\\Users\\86151\\anaconda3\\envs\\LightGBM\\lib\\site-packages\\matplotlib\\mpl-data\\fonts\\ttf\\cmr10.ttf', name='cmr10', style='normal', variant='normal', weight=400, stretch='normal', size='scalable')) = 10.05
2023-08-08 11:34:22 [DEBUG]: findfont: score(FontEntry(fname='C:\\Users\\86151\\anaconda3\\envs\\LightGBM\\lib\\site-packages\\matplotlib\\mpl-data\\fonts\\ttf\\DejaVuSansMono-Bold.ttf', name='DejaVu Sans Mono', style='normal', variant='normal', weight=700, stretch='normal', size='scalable')) = 10.335
2023-08-08 11:34:22 [DEBUG]: findfont: score(FontEntry(fname='C:\\Users\\86151\\anaconda3\\envs\\LightGBM\\lib\\site-packages\\matplotlib\\mpl-data\\fonts\\ttf\\STIXSizOneSymBol.ttf', name='STIXSizeOneSym', style='normal', variant='normal', weight=700, stretch='normal', size='scalable')) = 10.335
2023-08-08 11:34:22 [DEBUG]: findfont: score(FontEntry(fname='C:\\Users\\86151\\anaconda3\\envs\\LightGBM\\lib\\site-packages\\matplotlib\\mpl-data\\fonts\\ttf\\DejaVuSerifDisplay.ttf', name='DejaVu Serif Display', style='normal', variant='normal', weight=400, stretch='normal', size='scalable')) = 10.05
2023-08-08 11:34:22 [DEBUG]: findfont: score(FontEntry(fname='C:\\Users\\86151\\anaconda3\\envs\\LightGBM\\lib\\site-packages\\matplotlib\\mpl-data\\fonts\\ttf\\STIXNonUniBolIta.ttf', name='STIXNonUnicode', style='italic', variant='normal', weight=700, stretch='normal', size='scalable')) = 11.335
2023-08-08 11:34:22 [DEBUG]: findfont: score(FontEntry(fname='C:\\Users\\86151\\anaconda3\\envs\\LightGBM\\lib\\site-packages\\matplotlib\\mpl-data\\fonts\\ttf\\STIXNonUniIta.ttf', name='STIXNonUnicode', style='italic', variant='normal', weight=400, stretch='normal', size='scalable')) = 11.05
2023-08-08 11:34:22 [DEBUG]: findfont: score(FontEntry(fname='C:\\Users\\86151\\anaconda3\\envs\\LightGBM\\lib\\site-packages\\matplotlib\\mpl-data\\fonts\\ttf\\DejaVuSansDisplay.ttf', name='DejaVu Sans Display', style='normal', variant='normal', weight=400, stretch='normal', size='scalable')) = 10.05
2023-08-08 11:34:22 [DEBUG]: findfont: score(FontEntry(fname='C:\\Users\\86151\\anaconda3\\envs\\LightGBM\\lib\\site-packages\\matplotlib\\mpl-data\\fonts\\ttf\\cmss10.ttf', name='cmss10', style='normal', variant='normal', weight=400, stretch='normal', size='scalable')) = 10.05
2023-08-08 11:34:22 [DEBUG]: findfont: score(FontEntry(fname='C:\\Users\\86151\\anaconda3\\envs\\LightGBM\\lib\\site-packages\\matplotlib\\mpl-data\\fonts\\ttf\\DejaVuSans-BoldOblique.ttf', name='DejaVu Sans', style='oblique', variant='normal', weight=700, stretch='normal', size='scalable')) = 3.335
2023-08-08 11:34:22 [DEBUG]: findfont: score(FontEntry(fname='C:\\Users\\86151\\anaconda3\\envs\\LightGBM\\lib\\site-packages\\matplotlib\\mpl-data\\fonts\\ttf\\STIXSizThreeSymBol.ttf', name='STIXSizeThreeSym', style='normal', variant='normal', weight=700, stretch='normal', size='scalable')) = 10.335
2023-08-08 11:34:22 [DEBUG]: findfont: score(FontEntry(fname='C:\\Users\\86151\\anaconda3\\envs\\LightGBM\\lib\\site-packages\\matplotlib\\mpl-data\\fonts\\ttf\\DejaVuSans.ttf', name='DejaVu Sans', style='normal', variant='normal', weight=400, stretch='normal', size='scalable')) = 2.05
2023-08-08 11:34:22 [DEBUG]: findfont: score(FontEntry(fname='C:\\Users\\86151\\anaconda3\\envs\\LightGBM\\lib\\site-packages\\matplotlib\\mpl-data\\fonts\\ttf\\cmex10.ttf', name='cmex10', style='normal', variant='normal', weight=400, stretch='normal', size='scalable')) = 10.05
2023-08-08 11:34:22 [DEBUG]: findfont: score(FontEntry(fname='C:\\Users\\86151\\anaconda3\\envs\\LightGBM\\lib\\site-packages\\matplotlib\\mpl-data\\fonts\\ttf\\cmtt10.ttf', name='cmtt10', style='normal', variant='normal', weight=400, stretch='normal', size='scalable')) = 10.05
2023-08-08 11:34:22 [DEBUG]: findfont: score(FontEntry(fname='C:\\Users\\86151\\anaconda3\\envs\\LightGBM\\lib\\site-packages\\matplotlib\\mpl-data\\fonts\\ttf\\DejaVuSans-Oblique.ttf', name='DejaVu Sans', style='oblique', variant='normal', weight=400, stretch='normal', size='scalable')) = 3.05
2023-08-08 11:34:22 [DEBUG]: findfont: score(FontEntry(fname='C:\\Users\\86151\\anaconda3\\envs\\LightGBM\\lib\\site-packages\\matplotlib\\mpl-data\\fonts\\ttf\\DejaVuSansMono-BoldOblique.ttf', name='DejaVu Sans Mono', style='oblique', variant='normal', weight=700, stretch='normal', size='scalable')) = 11.335
2023-08-08 11:34:22 [DEBUG]: findfont: score(FontEntry(fname='C:\\Users\\86151\\anaconda3\\envs\\LightGBM\\lib\\site-packages\\matplotlib\\mpl-data\\fonts\\ttf\\DejaVuSerif-Italic.ttf', name='DejaVu Serif', style='italic', variant='normal', weight=400, stretch='normal', size='scalable')) = 11.05
2023-08-08 11:34:22 [DEBUG]: findfont: score(FontEntry(fname='C:\\Users\\86151\\anaconda3\\envs\\LightGBM\\lib\\site-packages\\matplotlib\\mpl-data\\fonts\\ttf\\STIXGeneralItalic.ttf', name='STIXGeneral', style='italic', variant='normal', weight=400, stretch='normal', size='scalable')) = 11.05
2023-08-08 11:34:22 [DEBUG]: findfont: score(FontEntry(fname='C:\\Users\\86151\\anaconda3\\envs\\LightGBM\\lib\\site-packages\\matplotlib\\mpl-data\\fonts\\ttf\\DejaVuSerif.ttf', name='DejaVu Serif', style='normal', variant='normal', weight=400, stretch='normal', size='scalable')) = 10.05
2023-08-08 11:34:22 [DEBUG]: findfont: score(FontEntry(fname='C:\\Users\\86151\\anaconda3\\envs\\LightGBM\\lib\\site-packages\\matplotlib\\mpl-data\\fonts\\ttf\\STIXGeneral.ttf', name='STIXGeneral', style='normal', variant='normal', weight=400, stretch='normal', size='scalable')) = 10.05
2023-08-08 11:34:22 [DEBUG]: findfont: score(FontEntry(fname='C:\\Users\\86151\\anaconda3\\envs\\LightGBM\\lib\\site-packages\\matplotlib\\mpl-data\\fonts\\ttf\\STIXSizThreeSymReg.ttf', name='STIXSizeThreeSym', style='normal', variant='normal', weight=400, stretch='normal', size='scalable')) = 10.05
2023-08-08 11:34:22 [DEBUG]: findfont: score(FontEntry(fname='C:\\WINDOWS\\Fonts\\gadugi.ttf', name='Gadugi', style='normal', variant='normal', weight=400, stretch='normal', size='scalable')) = 10.05
2023-08-08 11:34:22 [DEBUG]: findfont: score(FontEntry(fname='C:\\WINDOWS\\Fonts\\MISTRAL.TTF', name='Mistral', style='normal', variant='normal', weight=400, stretch='normal', size='scalable')) = 10.05
2023-08-08 11:34:22 [DEBUG]: findfont: score(FontEntry(fname='C:\\Windows\\Fonts\\ERASBD.TTF', name='Eras Bold ITC', style='normal', variant='normal', weight=400, stretch='normal', size='scalable')) = 10.05
2023-08-08 11:34:22 [DEBUG]: findfont: score(FontEntry(fname='C:\\WINDOWS\\Fonts\\segmdl2.ttf', name='Segoe MDL2 Assets', style='normal', variant='normal', weight=400, stretch='normal', size='scalable')) = 10.05
2023-08-08 11:34:22 [DEBUG]: findfont: score(FontEntry(fname='C:\\WINDOWS\\Fonts\\GOUDYSTO.TTF', name='Goudy Stout', style='normal', variant='normal', weight=400, stretch='normal', size='scalable')) = 10.05
2023-08-08 11:34:22 [DEBUG]: findfont: score(FontEntry(fname='C:\\WINDOWS\\Fonts\\POORICH.TTF', name='Poor Richard', style='normal', variant='normal', weight=400, stretch='normal', size='scalable')) = 10.05
2023-08-08 11:34:22 [DEBUG]: findfont: score(FontEntry(fname='C:\\WINDOWS\\Fonts\\INFROMAN.TTF', name='Informal Roman', style='normal', variant='normal', weight=400, stretch='normal', size='scalable')) = 10.05
2023-08-08 11:34:22 [DEBUG]: findfont: score(FontEntry(fname='C:\\Windows\\Fonts\\CURLZ___.TTF', name='Curlz MT', style='normal', variant='normal', weight=400, stretch='normal', size='scalable')) = 10.05
2023-08-08 11:34:22 [DEBUG]: findfont: score(FontEntry(fname='C:\\WINDOWS\\Fonts\\simsun.ttc', name='SimSun', style='normal', variant='normal', weight=400, stretch='normal', size='scalable')) = 10.05
2023-08-08 11:34:22 [DEBUG]: findfont: score(FontEntry(fname='C:\\Windows\\Fonts\\constan.ttf', name='Constantia', style='normal', variant='normal', weight=400, stretch='normal', size='scalable')) = 10.05
2023-08-08 11:34:22 [DEBUG]: findfont: score(FontEntry(fname='C:\\WINDOWS\\Fonts\\STXIHEI.TTF', name='STXihei', style='normal', variant='normal', weight=400, stretch='normal', size='scalable')) = 10.05
2023-08-08 11:34:22 [DEBUG]: findfont: score(FontEntry(fname='C:\\WINDOWS\\Fonts\\trebucbd.ttf', name='Trebuchet MS', style='normal', variant='normal', weight=700, stretch='normal', size='scalable')) = 10.335
2023-08-08 11:34:22 [DEBUG]: findfont: score(FontEntry(fname='C:\\Windows\\Fonts\\seguisb.ttf', name='Segoe UI', style='normal', variant='normal', weight=600, stretch='normal', size='scalable')) = 10.24
2023-08-08 11:34:22 [DEBUG]: findfont: score(FontEntry(fname='C:\\WINDOWS\\Fonts\\georgia.ttf', name='Georgia', style='normal', variant='normal', weight=400, stretch='normal', size='scalable')) = 10.05
2023-08-08 11:34:22 [DEBUG]: findfont: score(FontEntry(fname='C:\\WINDOWS\\Fonts\\msjhl.ttc', name='Microsoft JhengHei', style='normal', variant='normal', weight=290, stretch='normal', size='scalable')) = 10.1545
2023-08-08 11:34:22 [DEBUG]: findfont: score(FontEntry(fname='C:\\Windows\\Fonts\\COOPBL.TTF', name='Cooper Black', style='normal', variant='normal', weight=400, stretch='normal', size='scalable')) = 10.05
2023-08-08 11:34:22 [DEBUG]: findfont: score(FontEntry(fname='C:\\WINDOWS\\Fonts\\CASTELAR.TTF', name='Castellar', style='normal', variant='normal', weight=400, stretch='normal', size='scalable')) = 10.05
2023-08-08 11:34:22 [DEBUG]: findfont: score(FontEntry(fname='C:\\Windows\\Fonts\\STHUPO.TTF', name='STHupo', style='normal', variant='normal', weight=400, stretch='normal', size='scalable')) = 10.05
2023-08-08 11:34:22 [DEBUG]: findfont: score(FontEntry(fname='C:\\Windows\\Fonts\\sylfaen.ttf', name='Sylfaen', style='normal', variant='normal', weight=400, stretch='normal', size='scalable')) = 10.05
2023-08-08 11:34:22 [DEBUG]: findfont: score(FontEntry(fname='C:\\WINDOWS\\Fonts\\WINGDNG2.TTF', name='Wingdings 2', style='normal', variant='normal', weight=400, stretch='normal', size='scalable')) = 10.05
2023-08-08 11:34:22 [DEBUG]: findfont: score(FontEntry(fname='C:\\WINDOWS\\Fonts\\arial.ttf', name='Arial', style='normal', variant='normal', weight=400, stretch='normal', size='scalable')) = 0.05
2023-08-08 11:34:22 [DEBUG]: findfont: score(FontEntry(fname='C:\\WINDOWS\\Fonts\\impact.ttf', name='Impact', style='normal', variant='normal', weight=400, stretch='normal', size='scalable')) = 10.05
2023-08-08 11:34:22 [DEBUG]: findfont: score(FontEntry(fname='C:\\WINDOWS\\Fonts\\seguisym.ttf', name='Segoe UI Symbol', style='normal', variant='normal', weight=400, stretch='normal', size='scalable')) = 10.05
2023-08-08 11:34:22 [DEBUG]: findfont: score(FontEntry(fname='C:\\Windows\\Fonts\\GILLUBCD.TTF', name='Gill Sans Ultra Bold Condensed', style='normal', variant='normal', weight=400, stretch='condensed', size='scalable')) = 10.25
2023-08-08 11:34:22 [DEBUG]: findfont: score(FontEntry(fname='C:\\Windows\\Fonts\\corbelli.ttf', name='Corbel', style='italic', variant='normal', weight=300, stretch='normal', size='scalable')) = 11.145
2023-08-08 11:34:22 [DEBUG]: findfont: score(FontEntry(fname='C:\\WINDOWS\\Fonts\\DUBAI-LIGHT.TTF', name='Dubai', style='normal', variant='normal', weight=300, stretch='normal', size='scalable')) = 10.145
2023-08-08 11:34:22 [DEBUG]: findfont: score(FontEntry(fname='C:\\WINDOWS\\Fonts\\holomdl2.ttf', name='HoloLens MDL2 Assets', style='normal', variant='normal', weight=400, stretch='normal', size='scalable')) = 10.05
2023-08-08 11:34:22 [DEBUG]: findfont: score(FontEntry(fname='C:\\WINDOWS\\Fonts\\ENGR.TTF', name='Engravers MT', style='normal', variant='normal', weight=500, stretch='normal', size='scalable')) = 10.145
2023-08-08 11:34:22 [DEBUG]: findfont: score(FontEntry(fname='C:\\WINDOWS\\Fonts\\BASKVILL.TTF', name='Baskerville Old Face', style='normal', variant='normal', weight=400, stretch='normal', size='scalable')) = 10.05
2023-08-08 11:34:22 [DEBUG]: findfont: score(FontEntry(fname='C:\\Windows\\Fonts\\ARIALNB.TTF', name='Arial', style='normal', variant='normal', weight=700, stretch='condensed', size='scalable')) = 0.5349999999999999
2023-08-08 11:34:22 [DEBUG]: findfont: score(FontEntry(fname='C:\\Windows\\Fonts\\SIMYOU.TTF', name='YouYuan', style='normal', variant='normal', weight=400, stretch='normal', size='scalable')) = 10.05
2023-08-08 11:34:22 [DEBUG]: findfont: score(FontEntry(fname='C:\\Windows\\Fonts\\simhei.ttf', name='SimHei', style='normal', variant='normal', weight=400, stretch='normal', size='scalable')) = 10.05
2023-08-08 11:34:22 [DEBUG]: findfont: score(FontEntry(fname='C:\\Windows\\Fonts\\LFAXDI.TTF', name='Lucida Fax', style='italic', variant='normal', weight=600, stretch='normal', size='scalable')) = 11.24
2023-08-08 11:34:22 [DEBUG]: findfont: score(FontEntry(fname='C:\\Windows\\Fonts\\CALIFR.TTF', name='Californian FB', style='normal', variant='normal', weight=400, stretch='normal', size='scalable')) = 10.05
2023-08-08 11:34:22 [DEBUG]: findfont: score(FontEntry(fname='C:\\WINDOWS\\Fonts\\ITCKRIST.TTF', name='Kristen ITC', style='normal', variant='normal', weight=400, stretch='normal', size='scalable')) = 10.05
2023-08-08 11:34:22 [DEBUG]: findfont: score(FontEntry(fname='C:\\Windows\\Fonts\\SNAP____.TTF', name='Snap ITC', style='normal', variant='normal', weight=400, stretch='normal', size='scalable')) = 10.05
2023-08-08 11:34:22 [DEBUG]: findfont: score(FontEntry(fname='C:\\Windows\\Fonts\\calibrib.ttf', name='Calibri', style='normal', variant='normal', weight=700, stretch='normal', size='scalable')) = 10.335
2023-08-08 11:34:22 [DEBUG]: findfont: score(FontEntry(fname='C:\\Windows\\Fonts\\msjhl.ttc', name='Microsoft JhengHei', style='normal', variant='normal', weight=290, stretch='normal', size='scalable')) = 10.1545
2023-08-08 11:34:22 [DEBUG]: findfont: score(FontEntry(fname='C:\\WINDOWS\\Fonts\\GOUDOSI.TTF', name='Goudy Old Style', style='italic', variant='normal', weight=400, stretch='normal', size='scalable')) = 11.05
2023-08-08 11:34:22 [DEBUG]: findfont: score(FontEntry(fname='C:\\WINDOWS\\Fonts\\LTYPE.TTF', name='Lucida Sans Typewriter', style='normal', variant='normal', weight=400, stretch='normal', size='scalable')) = 10.05
2023-08-08 11:34:22 [DEBUG]: findfont: score(FontEntry(fname='C:\\Windows\\Fonts\\LCALLIG.TTF', name='Lucida Calligraphy', style='italic', variant='normal', weight=400, stretch='normal', size='scalable')) = 11.05
2023-08-08 11:34:22 [DEBUG]: findfont: score(FontEntry(fname='C:\\WINDOWS\\Fonts\\Candara.ttf', name='Candara', style='normal', variant='normal', weight=400, stretch='normal', size='scalable')) = 10.05
2023-08-08 11:34:22 [DEBUG]: findfont: score(FontEntry(fname='C:\\WINDOWS\\Fonts\\LFAXDI.TTF', name='Lucida Fax', style='italic', variant='normal', weight=600, stretch='normal', size='scalable')) = 11.24
2023-08-08 11:34:22 [DEBUG]: findfont: score(FontEntry(fname='C:\\Windows\\Fonts\\gadugib.ttf', name='Gadugi', style='normal', variant='normal', weight=700, stretch='normal', size='scalable')) = 10.335
2023-08-08 11:34:22 [DEBUG]: findfont: score(FontEntry(fname='C:\\WINDOWS\\Fonts\\LBRITEDI.TTF', name='Lucida Bright', style='italic', variant='normal', weight=600, stretch='normal', size='scalable')) = 11.24
2023-08-08 11:34:22 [DEBUG]: findfont: score(FontEntry(fname='C:\\WINDOWS\\Fonts\\GARABD.TTF', name='Garamond', style='normal', variant='normal', weight=700, stretch='normal', size='scalable')) = 10.335
2023-08-08 11:34:22 [DEBUG]: findfont: score(FontEntry(fname='C:\\WINDOWS\\Fonts\\ntailu.ttf', name='Microsoft New Tai Lue', style='normal', variant='normal', weight=400, stretch='normal', size='scalable')) = 10.05
2023-08-08 11:34:22 [DEBUG]: findfont: score(FontEntry(fname='C:\\WINDOWS\\Fonts\\GLECB.TTF', name='Gloucester MT Extra Condensed', style='normal', variant='normal', weight=400, stretch='condensed', size='scalable')) = 10.25
2023-08-08 11:34:22 [DEBUG]: findfont: score(FontEntry(fname='C:\\Windows\\Fonts\\georgiai.ttf', name='Georgia', style='italic', variant='normal', weight=400, stretch='normal', size='scalable')) = 11.05
2023-08-08 11:34:22 [DEBUG]: findfont: score(FontEntry(fname='C:\\WINDOWS\\Fonts\\ITCBLKAD.TTF', name='Blackadder ITC', style='normal', variant='normal', weight=400, stretch='normal', size='scalable')) = 10.05
2023-08-08 11:34:22 [DEBUG]: findfont: score(FontEntry(fname='C:\\Windows\\Fonts\\Deng.ttf', name='DengXian', style='normal', variant='normal', weight=400, stretch='normal', size='scalable')) = 10.05
2023-08-08 11:34:22 [DEBUG]: findfont: score(FontEntry(fname='C:\\Windows\\Fonts\\JUICE___.TTF', name='Juice ITC', style='normal', variant='normal', weight=400, stretch='normal', size='scalable')) = 10.05
2023-08-08 11:34:22 [DEBUG]: findfont: score(FontEntry(fname='C:\\WINDOWS\\Fonts\\GOTHICI.TTF', name='Century Gothic', style='italic', variant='normal', weight=400, stretch='normal', size='scalable')) = 11.05
2023-08-08 11:34:22 [DEBUG]: findfont: score(FontEntry(fname='C:\\WINDOWS\\Fonts\\OUTLOOK.TTF', name='MS Outlook', style='normal', variant='normal', weight=400, stretch='normal', size='scalable')) = 10.05
2023-08-08 11:34:22 [DEBUG]: findfont: score(FontEntry(fname='C:\\Windows\\Fonts\\LHANDW.TTF', name='Lucida Handwriting', style='italic', variant='normal', weight=400, stretch='normal', size='scalable')) = 11.05
2023-08-08 11:34:22 [DEBUG]: findfont: score(FontEntry(fname='C:\\Windows\\Fonts\\FRABK.TTF', name='Franklin Gothic Book', style='normal', variant='normal', weight=400, stretch='normal', size='scalable')) = 10.05
2023-08-08 11:34:22 [DEBUG]: findfont: score(FontEntry(fname='C:\\Windows\\Fonts\\arial.ttf', name='Arial', style='normal', variant='normal', weight=400, stretch='normal', size='scalable')) = 0.05
2023-08-08 11:34:22 [DEBUG]: findfont: score(FontEntry(fname='C:\\WINDOWS\\Fonts\\consolai.ttf', name='Consolas', style='italic', variant='normal', weight=400, stretch='normal', size='scalable')) = 11.05
2023-08-08 11:34:22 [DEBUG]: findfont: score(FontEntry(fname='C:\\WINDOWS\\Fonts\\LATINWD.TTF', name='Wide Latin', style='normal', variant='normal', weight=400, stretch='expanded', size='scalable')) = 10.25
2023-08-08 11:34:22 [DEBUG]: findfont: score(FontEntry(fname='C:\\WINDOWS\\Fonts\\JUICE___.TTF', name='Juice ITC', style='normal', variant='normal', weight=400, stretch='normal', size='scalable')) = 10.05
2023-08-08 11:34:22 [DEBUG]: findfont: score(FontEntry(fname='C:\\Windows\\Fonts\\ONYX.TTF', name='Onyx', style='normal', variant='normal', weight=400, stretch='normal', size='scalable')) = 10.05
2023-08-08 11:34:22 [DEBUG]: findfont: score(FontEntry(fname='C:\\Windows\\Fonts\\VLADIMIR.TTF', name='Vladimir Script', style='normal', variant='normal', weight=400, stretch='normal', size='scalable')) = 10.05
2023-08-08 11:34:22 [DEBUG]: findfont: score(FontEntry(fname='C:\\WINDOWS\\Fonts\\seguibli.ttf', name='Segoe UI', style='italic', variant='normal', weight=900, stretch='normal', size='scalable')) = 11.525
2023-08-08 11:34:22 [DEBUG]: findfont: score(FontEntry(fname='C:\\Windows\\Fonts\\LBRITEDI.TTF', name='Lucida Bright', style='italic', variant='normal', weight=600, stretch='normal', size='scalable')) = 11.24
2023-08-08 11:34:22 [DEBUG]: findfont: score(FontEntry(fname='C:\\Windows\\Fonts\\phagspa.ttf', name='Microsoft PhagsPa', style='normal', variant='normal', weight=400, stretch='normal', size='scalable')) = 10.05
2023-08-08 11:34:22 [DEBUG]: findfont: score(FontEntry(fname='C:\\Windows\\Fonts\\GARA.TTF', name='Garamond', style='normal', variant='normal', weight=400, stretch='normal', size='scalable')) = 10.05
2023-08-08 11:34:22 [DEBUG]: findfont: score(FontEntry(fname='C:\\Windows\\Fonts\\NirmalaB.ttf', name='Nirmala UI', style='normal', variant='normal', weight=700, stretch='normal', size='scalable')) = 10.335
2023-08-08 11:34:22 [DEBUG]: findfont: score(FontEntry(fname='C:\\WINDOWS\\Fonts\\TCB_____.TTF', name='Tw Cen MT', style='normal', variant='normal', weight=700, stretch='normal', size='scalable')) = 10.335
2023-08-08 11:34:22 [DEBUG]: findfont: score(FontEntry(fname='C:\\WINDOWS\\Fonts\\LFAX.TTF', name='Lucida Fax', style='normal', variant='normal', weight=400, stretch='normal', size='scalable')) = 10.05
2023-08-08 11:34:22 [DEBUG]: findfont: score(FontEntry(fname='C:\\Windows\\Fonts\\STXINWEI.TTF', name='STXinwei', style='normal', variant='normal', weight=400, stretch='normal', size='scalable')) = 10.05
2023-08-08 11:34:22 [DEBUG]: findfont: score(FontEntry(fname='C:\\WINDOWS\\Fonts\\GARAIT.TTF', name='Garamond', style='italic', variant='normal', weight=400, stretch='normal', size='scalable')) = 11.05
2023-08-08 11:34:22 [DEBUG]: findfont: score(FontEntry(fname='C:\\WINDOWS\\Fonts\\BSSYM7.TTF', name='Bookshelf Symbol 7', style='normal', variant='normal', weight=400, stretch='normal', size='scalable')) = 10.05
2023-08-08 11:34:22 [DEBUG]: findfont: score(FontEntry(fname='C:\\Windows\\Fonts\\PRISTINA.TTF', name='Pristina', style='normal', variant='normal', weight=400, stretch='normal', size='scalable')) = 10.05
2023-08-08 11:34:22 [DEBUG]: findfont: score(FontEntry(fname='C:\\WINDOWS\\Fonts\\ANTQUABI.TTF', name='Book Antiqua', style='italic', variant='normal', weight=700, stretch='normal', size='scalable')) = 11.335
2023-08-08 11:34:22 [DEBUG]: findfont: score(FontEntry(fname='C:\\Windows\\Fonts\\STZHONGS.TTF', name='STZhongsong', style='normal', variant='normal', weight=400, stretch='normal', size='scalable')) = 10.05
2023-08-08 11:34:22 [DEBUG]: findfont: score(FontEntry(fname='C:\\WINDOWS\\Fonts\\courbd.ttf', name='Courier New', style='normal', variant='normal', weight=700, stretch='normal', size='scalable')) = 10.335
2023-08-08 11:34:22 [DEBUG]: findfont: score(FontEntry(fname='C:\\Windows\\Fonts\\OUTLOOK.TTF', name='MS Outlook', style='normal', variant='normal', weight=400, stretch='normal', size='scalable')) = 10.05
2023-08-08 11:34:22 [DEBUG]: findfont: score(FontEntry(fname='C:\\Windows\\Fonts\\cambriab.ttf', name='Cambria', style='normal', variant='normal', weight=700, stretch='normal', size='scalable')) = 10.335
2023-08-08 11:34:22 [DEBUG]: findfont: score(FontEntry(fname='C:\\Windows\\Fonts\\BOOKOSB.TTF', name='Bookman Old Style', style='normal', variant='normal', weight=600, stretch='normal', size='scalable')) = 10.24
2023-08-08 11:34:22 [DEBUG]: findfont: score(FontEntry(fname='C:\\Windows\\Fonts\\TCM_____.TTF', name='Tw Cen MT', style='normal', variant='normal', weight=400, stretch='normal', size='scalable')) = 10.05
2023-08-08 11:34:22 [DEBUG]: findfont: score(FontEntry(fname='C:\\Windows\\Fonts\\calibrili.ttf', name='Calibri', style='italic', variant='normal', weight=300, stretch='normal', size='scalable')) = 11.145
2023-08-08 11:34:22 [DEBUG]: findfont: score(FontEntry(fname='C:\\WINDOWS\\Fonts\\BELLB.TTF', name='Bell MT', style='normal', variant='normal', weight=700, stretch='normal', size='scalable')) = 10.335
2023-08-08 11:34:22 [DEBUG]: findfont: score(FontEntry(fname='C:\\Windows\\Fonts\\COLONNA.TTF', name='Colonna MT', style='normal', variant='normal', weight=400, stretch='normal', size='scalable')) = 10.05
2023-08-08 11:34:22 [DEBUG]: findfont: score(FontEntry(fname='C:\\WINDOWS\\Fonts\\segoepr.ttf', name='Segoe Print', style='normal', variant='normal', weight=400, stretch='normal', size='scalable')) = 10.05
2023-08-08 11:34:22 [DEBUG]: findfont: score(FontEntry(fname='C:\\WINDOWS\\Fonts\\ELEPHNTI.TTF', name='Elephant', style='italic', variant='normal', weight=400, stretch='normal', size='scalable')) = 11.05
2023-08-08 11:34:22 [DEBUG]: findfont: score(FontEntry(fname='C:\\WINDOWS\\Fonts\\AGENCYR.TTF', name='Agency FB', style='normal', variant='normal', weight=400, stretch='normal', size='scalable')) = 10.05
2023-08-08 11:34:22 [DEBUG]: findfont: score(FontEntry(fname='C:\\WINDOWS\\Fonts\\corbell.ttf', name='Corbel', style='normal', variant='normal', weight=300, stretch='normal', size='scalable')) = 10.145
2023-08-08 11:34:22 [DEBUG]: findfont: score(FontEntry(fname='C:\\WINDOWS\\Fonts\\micross.ttf', name='Microsoft Sans Serif', style='normal', variant='normal', weight=400, stretch='normal', size='scalable')) = 10.05
2023-08-08 11:34:22 [DEBUG]: findfont: score(FontEntry(fname='C:\\Windows\\Fonts\\lucon.ttf', name='Lucida Console', style='normal', variant='normal', weight=400, stretch='normal', size='scalable')) = 10.05
2023-08-08 11:34:22 [DEBUG]: findfont: score(FontEntry(fname='C:\\Windows\\Fonts\\NumberOnly.ttf', name='NumberOnly', style='normal', variant='normal', weight=700, stretch='normal', size='scalable')) = 10.335
2023-08-08 11:34:22 [DEBUG]: findfont: score(FontEntry(fname='C:\\Windows\\Fonts\\PERB____.TTF', name='Perpetua', style='normal', variant='normal', weight=700, stretch='normal', size='scalable')) = 10.335
2023-08-08 11:34:22 [DEBUG]: findfont: score(FontEntry(fname='C:\\Windows\\Fonts\\calibriz.ttf', name='Calibri', style='italic', variant='normal', weight=700, stretch='normal', size='scalable')) = 11.335
2023-08-08 11:34:22 [DEBUG]: findfont: score(FontEntry(fname='C:\\WINDOWS\\Fonts\\CALIFR.TTF', name='Californian FB', style='normal', variant='normal', weight=400, stretch='normal', size='scalable')) = 10.05
2023-08-08 11:34:22 [DEBUG]: findfont: score(FontEntry(fname='C:\\Windows\\Fonts\\GOTHICB.TTF', name='Century Gothic', style='normal', variant='normal', weight=700, stretch='normal', size='scalable')) = 10.335
2023-08-08 11:34:22 [DEBUG]: findfont: score(FontEntry(fname='C:\\WINDOWS\\Fonts\\TEMPSITC.TTF', name='Tempus Sans ITC', style='normal', variant='normal', weight=400, stretch='normal', size='scalable')) = 10.05
2023-08-08 11:34:22 [DEBUG]: findfont: score(FontEntry(fname='C:\\WINDOWS\\Fonts\\LBRITE.TTF', name='Lucida Bright', style='normal', variant='normal', weight=400, stretch='normal', size='scalable')) = 10.05
2023-08-08 11:34:22 [DEBUG]: findfont: score(FontEntry(fname='C:\\WINDOWS\\Fonts\\TCBI____.TTF', name='Tw Cen MT', style='italic', variant='normal', weight=700, stretch='normal', size='scalable')) = 11.335
2023-08-08 11:34:22 [DEBUG]: findfont: score(FontEntry(fname='C:\\Windows\\Fonts\\GOUDYSTO.TTF', name='Goudy Stout', style='normal', variant='normal', weight=400, stretch='normal', size='scalable')) = 10.05
2023-08-08 11:34:22 [DEBUG]: findfont: score(FontEntry(fname='C:\\Windows\\Fonts\\ROCC____.TTF', name='Rockwell Condensed', style='normal', variant='normal', weight=400, stretch='condensed', size='scalable')) = 10.25
2023-08-08 11:34:22 [DEBUG]: findfont: score(FontEntry(fname='C:\\WINDOWS\\Fonts\\BOD_B.TTF', name='Bodoni MT', style='normal', variant='normal', weight=700, stretch='normal', size='scalable')) = 10.335
2023-08-08 11:34:22 [DEBUG]: findfont: score(FontEntry(fname='C:\\Windows\\Fonts\\Dengb.ttf', name='DengXian', style='normal', variant='normal', weight=700, stretch='normal', size='scalable')) = 10.335
2023-08-08 11:34:22 [DEBUG]: findfont: score(FontEntry(fname='C:\\Windows\\Fonts\\CENTAUR.TTF', name='Centaur', style='normal', variant='normal', weight=400, stretch='normal', size='scalable')) = 10.05
2023-08-08 11:34:22 [DEBUG]: findfont: score(FontEntry(fname='C:\\WINDOWS\\Fonts\\SCHLBKI.TTF', name='Century Schoolbook', style='italic', variant='normal', weight=400, stretch='normal', size='scalable')) = 11.05
2023-08-08 11:34:22 [DEBUG]: findfont: score(FontEntry(fname='C:\\Windows\\Fonts\\holomdl2.ttf', name='HoloLens MDL2 Assets', style='normal', variant='normal', weight=400, stretch='normal', size='scalable')) = 10.05
2023-08-08 11:34:22 [DEBUG]: findfont: score(FontEntry(fname='C:\\WINDOWS\\Fonts\\GILBI___.TTF', name='Gill Sans MT', style='italic', variant='normal', weight=700, stretch='normal', size='scalable')) = 11.335
2023-08-08 11:34:22 [DEBUG]: findfont: score(FontEntry(fname='C:\\WINDOWS\\Fonts\\TCMI____.TTF', name='Tw Cen MT', style='italic', variant='normal', weight=400, stretch='normal', size='scalable')) = 11.05
2023-08-08 11:34:22 [DEBUG]: findfont: score(FontEntry(fname='C:\\Windows\\Fonts\\ROCK.TTF', name='Rockwell', style='normal', variant='normal', weight=400, stretch='normal', size='scalable')) = 10.05
2023-08-08 11:34:22 [DEBUG]: findfont: score(FontEntry(fname='C:\\Windows\\Fonts\\VINERITC.TTF', name='Viner Hand ITC', style='normal', variant='normal', weight=400, stretch='normal', size='scalable')) = 10.05
2023-08-08 11:34:22 [DEBUG]: findfont: score(FontEntry(fname='C:\\WINDOWS\\Fonts\\WINGDNG3.TTF', name='Wingdings 3', style='normal', variant='normal', weight=400, stretch='normal', size='scalable')) = 10.05
2023-08-08 11:34:22 [DEBUG]: findfont: score(FontEntry(fname='C:\\Windows\\Fonts\\mvboli.ttf', name='MV Boli', style='normal', variant='normal', weight=400, stretch='normal', size='scalable')) = 10.05
2023-08-08 11:34:22 [DEBUG]: findfont: score(FontEntry(fname='C:\\Windows\\Fonts\\ARIALN.TTF', name='Arial', style='normal', variant='normal', weight=400, stretch='condensed', size='scalable')) = 0.25
2023-08-08 11:34:22 [DEBUG]: findfont: score(FontEntry(fname='C:\\Windows\\Fonts\\SitkaI.ttc', name='Sitka Small', style='italic', variant='normal', weight=400, stretch='normal', size='scalable')) = 11.05
2023-08-08 11:34:22 [DEBUG]: findfont: score(FontEntry(fname='C:\\Windows\\Fonts\\msgothic.ttc', name='MS Gothic', style='normal', variant='normal', weight=400, stretch='normal', size='scalable')) = 10.05
2023-08-08 11:34:22 [DEBUG]: findfont: score(FontEntry(fname='C:\\Windows\\Fonts\\COPRGTB.TTF', name='Copperplate Gothic Bold', style='normal', variant='normal', weight=400, stretch='normal', size='scalable')) = 10.05
2023-08-08 11:34:22 [DEBUG]: findfont: score(FontEntry(fname='C:\\Windows\\Fonts\\BELLI.TTF', name='Bell MT', style='italic', variant='normal', weight=400, stretch='normal', size='scalable')) = 11.05
2023-08-08 11:34:22 [DEBUG]: findfont: score(FontEntry(fname='C:\\WINDOWS\\Fonts\\LSANSI.TTF', name='Lucida Sans', style='italic', variant='normal', weight=400, stretch='normal', size='scalable')) = 11.05
2023-08-08 11:34:22 [DEBUG]: findfont: score(FontEntry(fname='C:\\WINDOWS\\Fonts\\PRISTINA.TTF', name='Pristina', style='normal', variant='normal', weight=400, stretch='normal', size='scalable')) = 10.05
2023-08-08 11:34:22 [DEBUG]: findfont: score(FontEntry(fname='C:\\Windows\\Fonts\\CALISTB.TTF', name='Calisto MT', style='normal', variant='normal', weight=700, stretch='normal', size='scalable')) = 10.335
2023-08-08 11:34:22 [DEBUG]: findfont: score(FontEntry(fname='C:\\WINDOWS\\Fonts\\BOD_CR.TTF', name='Bodoni MT', style='normal', variant='normal', weight=400, stretch='condensed', size='scalable')) = 10.25
2023-08-08 11:34:22 [DEBUG]: findfont: score(FontEntry(fname='C:\\WINDOWS\\Fonts\\msyhbd.ttc', name='Microsoft YaHei', style='normal', variant='normal', weight=700, stretch='normal', size='scalable')) = 10.335
2023-08-08 11:34:22 [DEBUG]: findfont: score(FontEntry(fname='C:\\WINDOWS\\Fonts\\FORTE.TTF', name='Forte', style='normal', variant='normal', weight=400, stretch='normal', size='scalable')) = 10.05
2023-08-08 11:34:22 [DEBUG]: findfont: score(FontEntry(fname='C:\\Windows\\Fonts\\HATTEN.TTF', name='Haettenschweiler', style='normal', variant='normal', weight=400, stretch='normal', size='scalable')) = 10.05
2023-08-08 11:34:22 [DEBUG]: findfont: score(FontEntry(fname='C:\\WINDOWS\\Fonts\\COOPBL.TTF', name='Cooper Black', style='normal', variant='normal', weight=400, stretch='normal', size='scalable')) = 10.05
2023-08-08 11:34:22 [DEBUG]: findfont: score(FontEntry(fname='C:\\Windows\\Fonts\\seguisym.ttf', name='Segoe UI Symbol', style='normal', variant='normal', weight=400, stretch='normal', size='scalable')) = 10.05
2023-08-08 11:34:22 [DEBUG]: findfont: score(FontEntry(fname='C:\\Windows\\Fonts\\GOTHICBI.TTF', name='Century Gothic', style='italic', variant='normal', weight=700, stretch='normal', size='scalable')) = 11.335
2023-08-08 11:34:22 [DEBUG]: findfont: score(FontEntry(fname='C:\\WINDOWS\\Fonts\\BOOKOSI.TTF', name='Bookman Old Style', style='italic', variant='normal', weight=300, stretch='normal', size='scalable')) = 11.145
2023-08-08 11:34:22 [DEBUG]: findfont: score(FontEntry(fname='C:\\WINDOWS\\Fonts\\phagspab.ttf', name='Microsoft PhagsPa', style='normal', variant='normal', weight=700, stretch='normal', size='scalable')) = 10.335
2023-08-08 11:34:22 [DEBUG]: findfont: score(FontEntry(fname='C:\\Windows\\Fonts\\FRAHV.TTF', name='Franklin Gothic Heavy', style='normal', variant='normal', weight=400, stretch='normal', size='scalable')) = 10.05
2023-08-08 11:34:22 [DEBUG]: findfont: score(FontEntry(fname='C:\\WINDOWS\\Fonts\\HTOWERT.TTF', name='High Tower Text', style='normal', variant='normal', weight=400, stretch='normal', size='scalable')) = 10.05
2023-08-08 11:34:22 [DEBUG]: findfont: score(FontEntry(fname='C:\\Windows\\Fonts\\BOD_I.TTF', name='Bodoni MT', style='italic', variant='normal', weight=400, stretch='normal', size='scalable')) = 11.05
2023-08-08 11:34:22 [DEBUG]: findfont: score(FontEntry(fname='C:\\WINDOWS\\Fonts\\BOOKOS.TTF', name='Bookman Old Style', style='normal', variant='normal', weight=300, stretch='normal', size='scalable')) = 10.145
2023-08-08 11:34:22 [DEBUG]: findfont: score(FontEntry(fname='C:\\WINDOWS\\Fonts\\OCRAEXT.TTF', name='OCR A Extended', style='normal', variant='normal', weight=400, stretch='expanded', size='scalable')) = 10.25
2023-08-08 11:34:22 [DEBUG]: findfont: score(FontEntry(fname='C:\\WINDOWS\\Fonts\\calibri.ttf', name='Calibri', style='normal', variant='normal', weight=400, stretch='normal', size='scalable')) = 10.05
2023-08-08 11:34:22 [DEBUG]: findfont: score(FontEntry(fname='C:\\Windows\\Fonts\\timesbd.ttf', name='Times New Roman', style='normal', variant='normal', weight=700, stretch='normal', size='scalable')) = 10.335
2023-08-08 11:34:22 [DEBUG]: findfont: score(FontEntry(fname='C:\\Windows\\Fonts\\GILBI___.TTF', name='Gill Sans MT', style='italic', variant='normal', weight=700, stretch='normal', size='scalable')) = 11.335
2023-08-08 11:34:22 [DEBUG]: findfont: score(FontEntry(fname='C:\\WINDOWS\\Fonts\\taile.ttf', name='Microsoft Tai Le', style='normal', variant='normal', weight=400, stretch='normal', size='scalable')) = 10.05
2023-08-08 11:34:22 [DEBUG]: findfont: score(FontEntry(fname='C:\\WINDOWS\\Fonts\\STCAIYUN.TTF', name='STCaiyun', style='normal', variant='normal', weight=400, stretch='normal', size='scalable')) = 10.05
2023-08-08 11:34:22 [DEBUG]: findfont: score(FontEntry(fname='C:\\Windows\\Fonts\\palabi.ttf', name='Palatino Linotype', style='italic', variant='normal', weight=700, stretch='normal', size='scalable')) = 11.335
2023-08-08 11:34:22 [DEBUG]: findfont: score(FontEntry(fname='C:\\Windows\\Fonts\\BOD_BLAI.TTF', name='Bodoni MT', style='italic', variant='normal', weight=900, stretch='normal', size='scalable')) = 11.525
2023-08-08 11:34:22 [DEBUG]: findfont: score(FontEntry(fname='C:\\Windows\\Fonts\\BELLB.TTF', name='Bell MT', style='normal', variant='normal', weight=700, stretch='normal', size='scalable')) = 10.335
2023-08-08 11:34:22 [DEBUG]: findfont: score(FontEntry(fname='C:\\WINDOWS\\Fonts\\msyh.ttc', name='Microsoft YaHei', style='normal', variant='normal', weight=400, stretch='normal', size='scalable')) = 10.05
2023-08-08 11:34:22 [DEBUG]: findfont: score(FontEntry(fname='C:\\WINDOWS\\Fonts\\msyhl.ttc', name='Microsoft YaHei', style='normal', variant='normal', weight=290, stretch='normal', size='scalable')) = 10.1545
2023-08-08 11:34:22 [DEBUG]: findfont: score(FontEntry(fname='C:\\WINDOWS\\Fonts\\PERTILI.TTF', name='Perpetua Titling MT', style='normal', variant='normal', weight=300, stretch='normal', size='scalable')) = 10.145
2023-08-08 11:34:22 [DEBUG]: findfont: score(FontEntry(fname='C:\\WINDOWS\\Fonts\\SitkaZ.ttc', name='Sitka Small', style='italic', variant='normal', weight=700, stretch='normal', size='scalable')) = 11.335
2023-08-08 11:34:22 [DEBUG]: findfont: score(FontEntry(fname='C:\\WINDOWS\\Fonts\\timesbi.ttf', name='Times New Roman', style='italic', variant='normal', weight=700, stretch='normal', size='scalable')) = 11.335
2023-08-08 11:34:22 [DEBUG]: findfont: score(FontEntry(fname='C:\\Windows\\Fonts\\TCMI____.TTF', name='Tw Cen MT', style='italic', variant='normal', weight=400, stretch='normal', size='scalable')) = 11.05
2023-08-08 11:34:22 [DEBUG]: findfont: score(FontEntry(fname='C:\\Windows\\Fonts\\SitkaB.ttc', name='Sitka Small', style='normal', variant='normal', weight=700, stretch='normal', size='scalable')) = 10.335
2023-08-08 11:34:22 [DEBUG]: findfont: score(FontEntry(fname='C:\\Windows\\Fonts\\STENCIL.TTF', name='Stencil', style='normal', variant='normal', weight=400, stretch='normal', size='scalable')) = 10.05
2023-08-08 11:34:22 [DEBUG]: findfont: score(FontEntry(fname='C:\\Windows\\Fonts\\Candarab.ttf', name='Candara', style='normal', variant='normal', weight=700, stretch='normal', size='scalable')) = 10.335
2023-08-08 11:34:22 [DEBUG]: findfont: score(FontEntry(fname='C:\\WINDOWS\\Fonts\\ARIALNI.TTF', name='Arial', style='italic', variant='normal', weight=400, stretch='condensed', size='scalable')) = 1.25
2023-08-08 11:34:22 [DEBUG]: findfont: score(FontEntry(fname='C:\\WINDOWS\\Fonts\\constani.ttf', name='Constantia', style='italic', variant='normal', weight=400, stretch='normal', size='scalable')) = 11.05
2023-08-08 11:34:22 [DEBUG]: findfont: score(FontEntry(fname='C:\\WINDOWS\\Fonts\\GOUDOSB.TTF', name='Goudy Old Style', style='normal', variant='normal', weight=700, stretch='normal', size='scalable')) = 10.335
2023-08-08 11:34:22 [DEBUG]: findfont: score(FontEntry(fname='C:\\Windows\\Fonts\\GARABD.TTF', name='Garamond', style='normal', variant='normal', weight=700, stretch='normal', size='scalable')) = 10.335
2023-08-08 11:34:22 [DEBUG]: findfont: score(FontEntry(fname='C:\\Windows\\Fonts\\PERTILI.TTF', name='Perpetua Titling MT', style='normal', variant='normal', weight=300, stretch='normal', size='scalable')) = 10.145
2023-08-08 11:34:22 [DEBUG]: findfont: score(FontEntry(fname='C:\\Windows\\Fonts\\Candaral.ttf', name='Candara', style='normal', variant='normal', weight=400, stretch='normal', size='scalable')) = 10.05
2023-08-08 11:34:22 [DEBUG]: findfont: score(FontEntry(fname='C:\\Windows\\Fonts\\CALIFB.TTF', name='Californian FB', style='normal', variant='normal', weight=700, stretch='normal', size='scalable')) = 10.335
2023-08-08 11:34:22 [DEBUG]: findfont: score(FontEntry(fname='C:\\Windows\\Fonts\\PAPYRUS.TTF', name='Papyrus', style='normal', variant='normal', weight=400, stretch='normal', size='scalable')) = 10.05
2023-08-08 11:34:22 [DEBUG]: findfont: score(FontEntry(fname='C:\\Windows\\Fonts\\consolai.ttf', name='Consolas', style='italic', variant='normal', weight=400, stretch='normal', size='scalable')) = 11.05
2023-08-08 11:34:22 [DEBUG]: findfont: score(FontEntry(fname='C:\\WINDOWS\\Fonts\\COPRGTL.TTF', name='Copperplate Gothic Light', style='normal', variant='normal', weight=400, stretch='normal', size='scalable')) = 10.05
2023-08-08 11:34:22 [DEBUG]: findfont: score(FontEntry(fname='C:\\WINDOWS\\Fonts\\LEELAWDB.TTF', name='Leelawadee', style='normal', variant='normal', weight=700, stretch='normal', size='scalable')) = 10.335
2023-08-08 11:34:22 [DEBUG]: findfont: score(FontEntry(fname='C:\\Windows\\Fonts\\verdanai.ttf', name='Verdana', style='italic', variant='normal', weight=400, stretch='normal', size='scalable')) = 11.05
2023-08-08 11:34:22 [DEBUG]: findfont: score(FontEntry(fname='C:\\Windows\\Fonts\\YuGothR.ttc', name='Yu Gothic', style='normal', variant='normal', weight=400, stretch='normal', size='scalable')) = 10.05
2023-08-08 11:34:22 [DEBUG]: findfont: score(FontEntry(fname='C:\\WINDOWS\\Fonts\\RAGE.TTF', name='Rage Italic', style='italic', variant='normal', weight=400, stretch='normal', size='scalable')) = 11.05
2023-08-08 11:34:22 [DEBUG]: findfont: score(FontEntry(fname='C:\\Windows\\Fonts\\BOD_CBI.TTF', name='Bodoni MT', style='italic', variant='normal', weight=700, stretch='condensed', size='scalable')) = 11.535
2023-08-08 11:34:22 [DEBUG]: findfont: score(FontEntry(fname='C:\\Windows\\Fonts\\TCBI____.TTF', name='Tw Cen MT', style='italic', variant='normal', weight=700, stretch='normal', size='scalable')) = 11.335
2023-08-08 11:34:22 [DEBUG]: findfont: score(FontEntry(fname='C:\\WINDOWS\\Fonts\\simsunb.ttf', name='SimSun-ExtB', style='normal', variant='normal', weight=400, stretch='normal', size='scalable')) = 10.05
2023-08-08 11:34:22 [DEBUG]: findfont: score(FontEntry(fname='C:\\Windows\\Fonts\\courbi.ttf', name='Courier New', style='italic', variant='normal', weight=700, stretch='normal', size='scalable')) = 11.335
2023-08-08 11:34:22 [DEBUG]: findfont: score(FontEntry(fname='C:\\WINDOWS\\Fonts\\constanz.ttf', name='Constantia', style='italic', variant='normal', weight=700, stretch='normal', size='scalable')) = 11.335
2023-08-08 11:34:22 [DEBUG]: findfont: score(FontEntry(fname='C:\\WINDOWS\\Fonts\\LEELAWAD.TTF', name='Leelawadee', style='normal', variant='normal', weight=400, stretch='normal', size='scalable')) = 10.05
2023-08-08 11:34:22 [DEBUG]: findfont: score(FontEntry(fname='C:\\WINDOWS\\Fonts\\BOD_BI.TTF', name='Bodoni MT', style='italic', variant='normal', weight=700, stretch='normal', size='scalable')) = 11.335
2023-08-08 11:34:22 [DEBUG]: findfont: score(FontEntry(fname='C:\\Windows\\Fonts\\ALGER.TTF', name='Algerian', style='normal', variant='normal', weight=400, stretch='normal', size='scalable')) = 10.05
2023-08-08 11:34:22 [DEBUG]: findfont: score(FontEntry(fname='C:\\WINDOWS\\Fonts\\SCRIPTBL.TTF', name='Script MT Bold', style='normal', variant='normal', weight=700, stretch='normal', size='scalable')) = 10.335
2023-08-08 11:34:22 [DEBUG]: findfont: score(FontEntry(fname='C:\\Windows\\Fonts\\couri.ttf', name='Courier New', style='italic', variant='normal', weight=400, stretch='normal', size='scalable')) = 11.05
2023-08-08 11:34:22 [DEBUG]: findfont: score(FontEntry(fname='C:\\Windows\\Fonts\\tahomabd.ttf', name='Tahoma', style='normal', variant='normal', weight=700, stretch='normal', size='scalable')) = 10.335
2023-08-08 11:34:22 [DEBUG]: findfont: score(FontEntry(fname='C:\\Windows\\Fonts\\cambria.ttc', name='Cambria', style='normal', variant='normal', weight=400, stretch='normal', size='scalable')) = 10.05
2023-08-08 11:34:22 [DEBUG]: findfont: score(FontEntry(fname='C:\\WINDOWS\\Fonts\\Nirmala.ttf', name='Nirmala UI', style='normal', variant='normal', weight=400, stretch='normal', size='scalable')) = 10.05
2023-08-08 11:34:22 [DEBUG]: findfont: score(FontEntry(fname='C:\\WINDOWS\\Fonts\\BERNHC.TTF', name='Bernard MT Condensed', style='normal', variant='normal', weight=400, stretch='condensed', size='scalable')) = 10.25
2023-08-08 11:34:22 [DEBUG]: findfont: score(FontEntry(fname='C:\\Windows\\Fonts\\REFSAN.TTF', name='MS Reference Sans Serif', style='normal', variant='normal', weight=400, stretch='normal', size='scalable')) = 10.05
2023-08-08 11:34:22 [DEBUG]: findfont: score(FontEntry(fname='C:\\WINDOWS\\Fonts\\STLITI.TTF', name='STLiti', style='normal', variant='normal', weight=400, stretch='normal', size='scalable')) = 10.05
2023-08-08 11:34:22 [DEBUG]: findfont: score(FontEntry(fname='C:\\WINDOWS\\Fonts\\Inkfree.ttf', name='Ink Free', style='normal', variant='normal', weight=400, stretch='normal', size='scalable')) = 10.05
2023-08-08 11:34:22 [DEBUG]: findfont: score(FontEntry(fname='C:\\WINDOWS\\Fonts\\mingliub.ttc', name='MingLiU-ExtB', style='normal', variant='normal', weight=400, stretch='normal', size='scalable')) = 10.05
2023-08-08 11:34:22 [DEBUG]: findfont: score(FontEntry(fname='C:\\Windows\\Fonts\\ARIALNI.TTF', name='Arial', style='italic', variant='normal', weight=400, stretch='condensed', size='scalable')) = 1.25
2023-08-08 11:34:22 [DEBUG]: findfont: score(FontEntry(fname='C:\\Windows\\Fonts\\GILB____.TTF', name='Gill Sans MT', style='normal', variant='normal', weight=700, stretch='normal', size='scalable')) = 10.335
2023-08-08 11:34:22 [DEBUG]: findfont: score(FontEntry(fname='C:\\Windows\\Fonts\\georgiaz.ttf', name='Georgia', style='italic', variant='normal', weight=700, stretch='normal', size='scalable')) = 11.335
2023-08-08 11:34:22 [DEBUG]: findfont: score(FontEntry(fname='C:\\WINDOWS\\Fonts\\SNAP____.TTF', name='Snap ITC', style='normal', variant='normal', weight=400, stretch='normal', size='scalable')) = 10.05
2023-08-08 11:34:22 [DEBUG]: findfont: score(FontEntry(fname='C:\\Windows\\Fonts\\POORICH.TTF', name='Poor Richard', style='normal', variant='normal', weight=400, stretch='normal', size='scalable')) = 10.05
2023-08-08 11:34:22 [DEBUG]: findfont: score(FontEntry(fname='C:\\Windows\\Fonts\\GOUDOSB.TTF', name='Goudy Old Style', style='normal', variant='normal', weight=700, stretch='normal', size='scalable')) = 10.335
2023-08-08 11:34:22 [DEBUG]: findfont: score(FontEntry(fname='C:\\WINDOWS\\Fonts\\tahoma.ttf', name='Tahoma', style='normal', variant='normal', weight=400, stretch='normal', size='scalable')) = 10.05
2023-08-08 11:34:22 [DEBUG]: findfont: score(FontEntry(fname='C:\\Windows\\Fonts\\webdings.ttf', name='Webdings', style='normal', variant='normal', weight=400, stretch='normal', size='scalable')) = 10.05
2023-08-08 11:34:22 [DEBUG]: findfont: score(FontEntry(fname='C:\\WINDOWS\\Fonts\\BOD_CBI.TTF', name='Bodoni MT', style='italic', variant='normal', weight=700, stretch='condensed', size='scalable')) = 11.535
2023-08-08 11:34:22 [DEBUG]: findfont: score(FontEntry(fname='C:\\Windows\\Fonts\\RAGE.TTF', name='Rage Italic', style='italic', variant='normal', weight=400, stretch='normal', size='scalable')) = 11.05
2023-08-08 11:34:22 [DEBUG]: findfont: score(FontEntry(fname='C:\\Windows\\Fonts\\LFAX.TTF', name='Lucida Fax', style='normal', variant='normal', weight=400, stretch='normal', size='scalable')) = 10.05
2023-08-08 11:34:22 [DEBUG]: findfont: score(FontEntry(fname='C:\\Windows\\Fonts\\simsun.ttc', name='SimSun', style='normal', variant='normal', weight=400, stretch='normal', size='scalable')) = 10.05
2023-08-08 11:34:22 [DEBUG]: findfont: score(FontEntry(fname='C:\\Windows\\Fonts\\STKAITI.TTF', name='STKaiti', style='normal', variant='normal', weight=400, stretch='normal', size='scalable')) = 10.05
2023-08-08 11:34:22 [DEBUG]: findfont: score(FontEntry(fname='C:\\Windows\\Fonts\\LTYPEBO.TTF', name='Lucida Sans Typewriter', style='oblique', variant='normal', weight=600, stretch='normal', size='scalable')) = 11.24
2023-08-08 11:34:22 [DEBUG]: findfont: score(FontEntry(fname='C:\\Windows\\Fonts\\PLAYBILL.TTF', name='Playbill', style='normal', variant='normal', weight=400, stretch='normal', size='scalable')) = 10.05
2023-08-08 11:34:22 [DEBUG]: findfont: score(FontEntry(fname='C:\\WINDOWS\\Fonts\\consolaz.ttf', name='Consolas', style='italic', variant='normal', weight=700, stretch='normal', size='scalable')) = 11.335
2023-08-08 11:34:22 [DEBUG]: findfont: score(FontEntry(fname='C:\\Windows\\Fonts\\ERASMD.TTF', name='Eras Medium ITC', style='normal', variant='normal', weight=400, stretch='normal', size='scalable')) = 10.05
2023-08-08 11:34:22 [DEBUG]: findfont: score(FontEntry(fname='C:\\WINDOWS\\Fonts\\PERTIBD.TTF', name='Perpetua Titling MT', style='normal', variant='normal', weight=700, stretch='normal', size='scalable')) = 10.335
2023-08-08 11:34:22 [DEBUG]: findfont: score(FontEntry(fname='C:\\WINDOWS\\Fonts\\BRITANIC.TTF', name='Britannic Bold', style='normal', variant='normal', weight=400, stretch='normal', size='scalable')) = 10.05
2023-08-08 11:34:22 [DEBUG]: findfont: score(FontEntry(fname='C:\\Windows\\Fonts\\ANTQUAB.TTF', name='Book Antiqua', style='normal', variant='normal', weight=700, stretch='normal', size='scalable')) = 10.335
2023-08-08 11:34:22 [DEBUG]: findfont: score(FontEntry(fname='C:\\WINDOWS\\Fonts\\himalaya.ttf', name='Microsoft Himalaya', style='normal', variant='normal', weight=400, stretch='normal', size='scalable')) = 10.05
2023-08-08 11:34:22 [DEBUG]: findfont: score(FontEntry(fname='C:\\WINDOWS\\Fonts\\seguisbi.ttf', name='Segoe UI', style='italic', variant='normal', weight=600, stretch='normal', size='scalable')) = 11.24
2023-08-08 11:34:22 [DEBUG]: findfont: score(FontEntry(fname='C:\\Windows\\Fonts\\GILC____.TTF', name='Gill Sans MT Condensed', style='normal', variant='normal', weight=400, stretch='condensed', size='scalable')) = 10.25
2023-08-08 11:34:22 [DEBUG]: findfont: score(FontEntry(fname='C:\\Windows\\Fonts\\LBRITEI.TTF', name='Lucida Bright', style='italic', variant='normal', weight=400, stretch='normal', size='scalable')) = 11.05
2023-08-08 11:34:22 [DEBUG]: findfont: score(FontEntry(fname='C:\\WINDOWS\\Fonts\\corbel.ttf', name='Corbel', style='normal', variant='normal', weight=400, stretch='normal', size='scalable')) = 10.05
2023-08-08 11:34:22 [DEBUG]: findfont: score(FontEntry(fname='C:\\WINDOWS\\Fonts\\REFSAN.TTF', name='MS Reference Sans Serif', style='normal', variant='normal', weight=400, stretch='normal', size='scalable')) = 10.05
2023-08-08 11:34:22 [DEBUG]: findfont: score(FontEntry(fname='C:\\WINDOWS\\Fonts\\palabi.ttf', name='Palatino Linotype', style='italic', variant='normal', weight=700, stretch='normal', size='scalable')) = 11.335
2023-08-08 11:34:22 [DEBUG]: findfont: score(FontEntry(fname='C:\\Windows\\Fonts\\CENTURY.TTF', name='Century', style='normal', variant='normal', weight=400, stretch='normal', size='scalable')) = 10.05
2023-08-08 11:34:22 [DEBUG]: findfont: score(FontEntry(fname='C:\\WINDOWS\\Fonts\\seguibl.ttf', name='Segoe UI', style='normal', variant='normal', weight=900, stretch='normal', size='scalable')) = 10.525
2023-08-08 11:34:22 [DEBUG]: findfont: score(FontEntry(fname='C:\\Windows\\Fonts\\bahnschrift.ttf', name='Bahnschrift', style='normal', variant='normal', weight=400, stretch='normal', size='scalable')) = 10.05
2023-08-08 11:34:22 [DEBUG]: findfont: score(FontEntry(fname='C:\\Windows\\Fonts\\LTYPE.TTF', name='Lucida Sans Typewriter', style='normal', variant='normal', weight=400, stretch='normal', size='scalable')) = 10.05
2023-08-08 11:34:22 [DEBUG]: findfont: score(FontEntry(fname='C:\\Windows\\Fonts\\ARIALNBI.TTF', name='Arial', style='italic', variant='normal', weight=700, stretch='condensed', size='scalable')) = 1.535
2023-08-08 11:34:22 [DEBUG]: findfont: score(FontEntry(fname='C:\\WINDOWS\\Fonts\\BAUHS93.TTF', name='Bauhaus 93', style='normal', variant='normal', weight=400, stretch='normal', size='scalable')) = 10.05
2023-08-08 11:34:22 [DEBUG]: findfont: score(FontEntry(fname='C:\\Windows\\Fonts\\seguibli.ttf', name='Segoe UI', style='italic', variant='normal', weight=900, stretch='normal', size='scalable')) = 11.525
2023-08-08 11:34:22 [DEBUG]: findfont: score(FontEntry(fname='C:\\WINDOWS\\Fonts\\ebrima.ttf', name='Ebrima', style='normal', variant='normal', weight=400, stretch='normal', size='scalable')) = 10.05
2023-08-08 11:34:22 [DEBUG]: findfont: score(FontEntry(fname='C:\\Windows\\Fonts\\PERBI___.TTF', name='Perpetua', style='italic', variant='normal', weight=700, stretch='normal', size='scalable')) = 11.335
2023-08-08 11:34:22 [DEBUG]: findfont: score(FontEntry(fname='C:\\WINDOWS\\Fonts\\calibrili.ttf', name='Calibri', style='italic', variant='normal', weight=300, stretch='normal', size='scalable')) = 11.145
2023-08-08 11:34:22 [DEBUG]: findfont: score(FontEntry(fname='C:\\Windows\\Fonts\\segoeuisl.ttf', name='Segoe UI', style='normal', variant='normal', weight=350, stretch='normal', size='scalable')) = 10.0975
2023-08-08 11:34:22 [DEBUG]: findfont: score(FontEntry(fname='C:\\WINDOWS\\Fonts\\STXINGKA.TTF', name='STXingkai', style='normal', variant='normal', weight=400, stretch='normal', size='scalable')) = 10.05
2023-08-08 11:34:22 [DEBUG]: findfont: score(FontEntry(fname='C:\\Windows\\Fonts\\KUNSTLER.TTF', name='Kunstler Script', style='normal', variant='normal', weight=400, stretch='normal', size='scalable')) = 10.05
2023-08-08 11:34:22 [DEBUG]: findfont: score(FontEntry(fname='C:\\WINDOWS\\Fonts\\YuGothL.ttc', name='Yu Gothic', style='normal', variant='normal', weight=300, stretch='normal', size='scalable')) = 10.145
2023-08-08 11:34:22 [DEBUG]: findfont: score(FontEntry(fname='C:\\Windows\\Fonts\\ELEPHNT.TTF', name='Elephant', style='normal', variant='normal', weight=400, stretch='normal', size='scalable')) = 10.05
2023-08-08 11:34:22 [DEBUG]: findfont: score(FontEntry(fname='C:\\Windows\\Fonts\\VIVALDII.TTF', name='Vivaldi', style='italic', variant='normal', weight=400, stretch='normal', size='scalable')) = 11.05
2023-08-08 11:34:22 [DEBUG]: findfont: score(FontEntry(fname='C:\\WINDOWS\\Fonts\\STENCIL.TTF', name='Stencil', style='normal', variant='normal', weight=400, stretch='normal', size='scalable')) = 10.05
2023-08-08 11:34:22 [DEBUG]: findfont: score(FontEntry(fname='C:\\Windows\\Fonts\\FRAMDCN.TTF', name='Franklin Gothic Medium Cond', style='normal', variant='normal', weight=400, stretch='condensed', size='scalable')) = 10.25
2023-08-08 11:34:22 [DEBUG]: findfont: score(FontEntry(fname='C:\\WINDOWS\\Fonts\\segoeuib.ttf', name='Segoe UI', style='normal', variant='normal', weight=700, stretch='normal', size='scalable')) = 10.335
2023-08-08 11:34:22 [DEBUG]: findfont: score(FontEntry(fname='C:\\Windows\\Fonts\\cour.ttf', name='Courier New', style='normal', variant='normal', weight=400, stretch='normal', size='scalable')) = 10.05
2023-08-08 11:34:22 [DEBUG]: findfont: score(FontEntry(fname='C:\\WINDOWS\\Fonts\\LTYPEBO.TTF', name='Lucida Sans Typewriter', style='oblique', variant='normal', weight=600, stretch='normal', size='scalable')) = 11.24
2023-08-08 11:34:22 [DEBUG]: findfont: score(FontEntry(fname='C:\\WINDOWS\\Fonts\\Deng.ttf', name='DengXian', style='normal', variant='normal', weight=400, stretch='normal', size='scalable')) = 10.05
2023-08-08 11:34:22 [DEBUG]: findfont: score(FontEntry(fname='C:\\Windows\\Fonts\\CALISTBI.TTF', name='Calisto MT', style='italic', variant='normal', weight=700, stretch='normal', size='scalable')) = 11.335
2023-08-08 11:34:22 [DEBUG]: findfont: score(FontEntry(fname='C:\\Windows\\Fonts\\COPRGTL.TTF', name='Copperplate Gothic Light', style='normal', variant='normal', weight=400, stretch='normal', size='scalable')) = 10.05
2023-08-08 11:34:22 [DEBUG]: findfont: score(FontEntry(fname='C:\\WINDOWS\\Fonts\\BOOKOSB.TTF', name='Bookman Old Style', style='normal', variant='normal', weight=600, stretch='normal', size='scalable')) = 10.24
2023-08-08 11:34:22 [DEBUG]: findfont: score(FontEntry(fname='C:\\Windows\\Fonts\\segoeuii.ttf', name='Segoe UI', style='italic', variant='normal', weight=400, stretch='normal', size='scalable')) = 11.05
2023-08-08 11:34:22 [DEBUG]: findfont: score(FontEntry(fname='C:\\WINDOWS\\Fonts\\DUBAI-REGULAR.TTF', name='Dubai', style='normal', variant='normal', weight=400, stretch='normal', size='scalable')) = 10.05
2023-08-08 11:34:22 [DEBUG]: findfont: score(FontEntry(fname='C:\\Windows\\Fonts\\BRUSHSCI.TTF', name='Brush Script MT', style='italic', variant='normal', weight=400, stretch='normal', size='scalable')) = 11.05
2023-08-08 11:34:22 [DEBUG]: findfont: score(FontEntry(fname='C:\\Windows\\Fonts\\WINGDNG2.TTF', name='Wingdings 2', style='normal', variant='normal', weight=400, stretch='normal', size='scalable')) = 10.05
2023-08-08 11:34:22 [DEBUG]: findfont: score(FontEntry(fname='C:\\Windows\\Fonts\\trebucbd.ttf', name='Trebuchet MS', style='normal', variant='normal', weight=700, stretch='normal', size='scalable')) = 10.335
2023-08-08 11:34:22 [DEBUG]: findfont: score(FontEntry(fname='C:\\WINDOWS\\Fonts\\seguisli.ttf', name='Segoe UI', style='italic', variant='normal', weight=350, stretch='normal', size='scalable')) = 11.0975
2023-08-08 11:34:22 [DEBUG]: findfont: score(FontEntry(fname='C:\\WINDOWS\\Fonts\\SCHLBKBI.TTF', name='Century Schoolbook', style='italic', variant='normal', weight=700, stretch='normal', size='scalable')) = 11.335
2023-08-08 11:34:22 [DEBUG]: findfont: score(FontEntry(fname='C:\\WINDOWS\\Fonts\\CENTAUR.TTF', name='Centaur', style='normal', variant='normal', weight=400, stretch='normal', size='scalable')) = 10.05
2023-08-08 11:34:22 [DEBUG]: findfont: score(FontEntry(fname='C:\\Windows\\Fonts\\LEELAWAD.TTF', name='Leelawadee', style='normal', variant='normal', weight=400, stretch='normal', size='scalable')) = 10.05
2023-08-08 11:34:22 [DEBUG]: findfont: score(FontEntry(fname='C:\\WINDOWS\\Fonts\\sylfaen.ttf', name='Sylfaen', style='normal', variant='normal', weight=400, stretch='normal', size='scalable')) = 10.05
2023-08-08 11:34:22 [DEBUG]: findfont: score(FontEntry(fname='C:\\WINDOWS\\Fonts\\LBRITED.TTF', name='Lucida Bright', style='normal', variant='normal', weight=600, stretch='normal', size='scalable')) = 10.24
2023-08-08 11:34:22 [DEBUG]: findfont: score(FontEntry(fname='C:\\WINDOWS\\Fonts\\DUBAI-BOLD.TTF', name='Dubai', style='normal', variant='normal', weight=700, stretch='normal', size='scalable')) = 10.335
2023-08-08 11:34:22 [DEBUG]: findfont: score(FontEntry(fname='C:\\WINDOWS\\Fonts\\LeelawUI.ttf', name='Leelawadee UI', style='normal', variant='normal', weight=400, stretch='normal', size='scalable')) = 10.05
2023-08-08 11:34:22 [DEBUG]: findfont: score(FontEntry(fname='C:\\WINDOWS\\Fonts\\l_10646.ttf', name='Lucida Sans Unicode', style='normal', variant='normal', weight=400, stretch='normal', size='scalable')) = 10.05
2023-08-08 11:34:22 [DEBUG]: findfont: score(FontEntry(fname='C:\\WINDOWS\\Fonts\\verdanaz.ttf', name='Verdana', style='italic', variant='normal', weight=700, stretch='normal', size='scalable')) = 11.335
2023-08-08 11:34:22 [DEBUG]: findfont: score(FontEntry(fname='C:\\Windows\\Fonts\\LeelUIsl.ttf', name='Leelawadee UI', style='normal', variant='normal', weight=350, stretch='normal', size='scalable')) = 10.0975
2023-08-08 11:34:22 [DEBUG]: findfont: score(FontEntry(fname='C:\\WINDOWS\\Fonts\\FRADMIT.TTF', name='Franklin Gothic Demi', style='italic', variant='normal', weight=400, stretch='normal', size='scalable')) = 11.05
2023-08-08 11:34:22 [DEBUG]: findfont: score(FontEntry(fname='C:\\WINDOWS\\Fonts\\CALIST.TTF', name='Calisto MT', style='normal', variant='normal', weight=400, stretch='normal', size='scalable')) = 10.05
2023-08-08 11:34:22 [DEBUG]: findfont: score(FontEntry(fname='C:\\Windows\\Fonts\\STXIHEI.TTF', name='STXihei', style='normal', variant='normal', weight=400, stretch='normal', size='scalable')) = 10.05
2023-08-08 11:34:22 [DEBUG]: findfont: score(FontEntry(fname='C:\\Windows\\Fonts\\LATINWD.TTF', name='Wide Latin', style='normal', variant='normal', weight=400, stretch='expanded', size='scalable')) = 10.25
2023-08-08 11:34:22 [DEBUG]: findfont: score(FontEntry(fname='C:\\WINDOWS\\Fonts\\msjh.ttc', name='Microsoft JhengHei', style='normal', variant='normal', weight=400, stretch='normal', size='scalable')) = 10.05
2023-08-08 11:34:22 [DEBUG]: findfont: score(FontEntry(fname='C:\\WINDOWS\\Fonts\\GIGI.TTF', name='Gigi', style='normal', variant='normal', weight=400, stretch='normal', size='scalable')) = 10.05
2023-08-08 11:34:22 [DEBUG]: findfont: score(FontEntry(fname='C:\\WINDOWS\\Fonts\\cour.ttf', name='Courier New', style='normal', variant='normal', weight=400, stretch='normal', size='scalable')) = 10.05
2023-08-08 11:34:22 [DEBUG]: findfont: score(FontEntry(fname='C:\\WINDOWS\\Fonts\\corbelb.ttf', name='Corbel', style='normal', variant='normal', weight=700, stretch='normal', size='scalable')) = 10.335
2023-08-08 11:34:22 [DEBUG]: findfont: score(FontEntry(fname='C:\\WINDOWS\\Fonts\\NirmalaB.ttf', name='Nirmala UI', style='normal', variant='normal', weight=700, stretch='normal', size='scalable')) = 10.335
2023-08-08 11:34:22 [DEBUG]: findfont: score(FontEntry(fname='C:\\Windows\\Fonts\\georgiab.ttf', name='Georgia', style='normal', variant='normal', weight=700, stretch='normal', size='scalable')) = 10.335
2023-08-08 11:34:22 [DEBUG]: findfont: score(FontEntry(fname='C:\\WINDOWS\\Fonts\\couri.ttf', name='Courier New', style='italic', variant='normal', weight=400, stretch='normal', size='scalable')) = 11.05
2023-08-08 11:34:22 [DEBUG]: findfont: score(FontEntry(fname='C:\\Windows\\Fonts\\LEELAWDB.TTF', name='Leelawadee', style='normal', variant='normal', weight=700, stretch='normal', size='scalable')) = 10.335
2023-08-08 11:34:22 [DEBUG]: findfont: score(FontEntry(fname='C:\\WINDOWS\\Fonts\\FRADMCN.TTF', name='Franklin Gothic Demi Cond', style='normal', variant='normal', weight=400, stretch='condensed', size='scalable')) = 10.25
2023-08-08 11:34:22 [DEBUG]: findfont: score(FontEntry(fname='C:\\Windows\\Fonts\\corbell.ttf', name='Corbel', style='normal', variant='normal', weight=300, stretch='normal', size='scalable')) = 10.145
2023-08-08 11:34:22 [DEBUG]: findfont: score(FontEntry(fname='C:\\Windows\\Fonts\\MAIAN.TTF', name='Maiandra GD', style='normal', variant='normal', weight=400, stretch='normal', size='scalable')) = 10.05
2023-08-08 11:34:22 [DEBUG]: findfont: score(FontEntry(fname='C:\\WINDOWS\\Fonts\\BOD_PSTC.TTF', name='Bodoni MT', style='normal', variant='normal', weight=300, stretch='normal', size='scalable')) = 10.145
2023-08-08 11:34:22 [DEBUG]: findfont: score(FontEntry(fname='C:\\WINDOWS\\Fonts\\arialbi.ttf', name='Arial', style='italic', variant='normal', weight=700, stretch='normal', size='scalable')) = 1.335
2023-08-08 11:34:22 [DEBUG]: findfont: score(FontEntry(fname='C:\\Windows\\Fonts\\verdanab.ttf', name='Verdana', style='normal', variant='normal', weight=700, stretch='normal', size='scalable')) = 10.335
2023-08-08 11:34:22 [DEBUG]: findfont: score(FontEntry(fname='C:\\WINDOWS\\Fonts\\BRLNSB.TTF', name='Berlin Sans FB', style='normal', variant='normal', weight=700, stretch='normal', size='scalable')) = 10.335
2023-08-08 11:34:22 [DEBUG]: findfont: score(FontEntry(fname='C:\\WINDOWS\\Fonts\\consola.ttf', name='Consolas', style='normal', variant='normal', weight=400, stretch='normal', size='scalable')) = 10.05
2023-08-08 11:34:22 [DEBUG]: findfont: score(FontEntry(fname='C:\\WINDOWS\\Fonts\\msjhbd.ttc', name='Microsoft JhengHei', style='normal', variant='normal', weight=700, stretch='normal', size='scalable')) = 10.335
2023-08-08 11:34:22 [DEBUG]: findfont: score(FontEntry(fname='C:\\WINDOWS\\Fonts\\PAPYRUS.TTF', name='Papyrus', style='normal', variant='normal', weight=400, stretch='normal', size='scalable')) = 10.05
2023-08-08 11:34:22 [DEBUG]: findfont: score(FontEntry(fname='C:\\Windows\\Fonts\\GOUDOS.TTF', name='Goudy Old Style', style='normal', variant='normal', weight=400, stretch='normal', size='scalable')) = 10.05
2023-08-08 11:34:22 [DEBUG]: findfont: score(FontEntry(fname='C:\\Windows\\Fonts\\Candarali.ttf', name='Candara', style='italic', variant='normal', weight=400, stretch='normal', size='scalable')) = 11.05
2023-08-08 11:34:22 [DEBUG]: findfont: score(FontEntry(fname='C:\\Windows\\Fonts\\simsunb.ttf', name='SimSun-ExtB', style='normal', variant='normal', weight=400, stretch='normal', size='scalable')) = 10.05
2023-08-08 11:34:22 [DEBUG]: findfont: score(FontEntry(fname='C:\\Windows\\Fonts\\BRLNSR.TTF', name='Berlin Sans FB', style='normal', variant='normal', weight=400, stretch='normal', size='scalable')) = 10.05
2023-08-08 11:34:22 [DEBUG]: findfont: score(FontEntry(fname='C:\\Windows\\Fonts\\seguili.ttf', name='Segoe UI', style='italic', variant='normal', weight=300, stretch='normal', size='scalable')) = 11.145
2023-08-08 11:34:22 [DEBUG]: findfont: score(FontEntry(fname='C:\\Windows\\Fonts\\constani.ttf', name='Constantia', style='italic', variant='normal', weight=400, stretch='normal', size='scalable')) = 11.05
2023-08-08 11:34:22 [DEBUG]: findfont: score(FontEntry(fname='C:\\WINDOWS\\Fonts\\BOD_CB.TTF', name='Bodoni MT', style='normal', variant='normal', weight=700, stretch='condensed', size='scalable')) = 10.535
2023-08-08 11:34:22 [DEBUG]: findfont: score(FontEntry(fname='C:\\Windows\\Fonts\\OLDENGL.TTF', name='Old English Text MT', style='normal', variant='normal', weight=400, stretch='normal', size='scalable')) = 10.05
2023-08-08 11:34:22 [DEBUG]: findfont: score(FontEntry(fname='C:\\WINDOWS\\Fonts\\ROCK.TTF', name='Rockwell', style='normal', variant='normal', weight=400, stretch='normal', size='scalable')) = 10.05
2023-08-08 11:34:22 [DEBUG]: findfont: score(FontEntry(fname='C:\\Windows\\Fonts\\DUBAI-MEDIUM.TTF', name='Dubai', style='normal', variant='normal', weight=500, stretch='normal', size='scalable')) = 10.145
2023-08-08 11:34:22 [DEBUG]: findfont: score(FontEntry(fname='C:\\Windows\\Fonts\\JOKERMAN.TTF', name='Jokerman', style='normal', variant='normal', weight=400, stretch='normal', size='scalable')) = 10.05
2023-08-08 11:34:22 [DEBUG]: findfont: score(FontEntry(fname='C:\\Windows\\Fonts\\LSANS.TTF', name='Lucida Sans', style='normal', variant='normal', weight=400, stretch='normal', size='scalable')) = 10.05
2023-08-08 11:34:22 [DEBUG]: findfont: score(FontEntry(fname='C:\\WINDOWS\\Fonts\\simfang.ttf', name='FangSong', style='normal', variant='normal', weight=400, stretch='normal', size='scalable')) = 10.05
2023-08-08 11:34:22 [DEBUG]: findfont: score(FontEntry(fname='C:\\WINDOWS\\Fonts\\marlett.ttf', name='Marlett', style='normal', variant='normal', weight=500, stretch='normal', size='scalable')) = 10.145
2023-08-08 11:34:22 [DEBUG]: findfont: score(FontEntry(fname='C:\\WINDOWS\\Fonts\\YuGothR.ttc', name='Yu Gothic', style='normal', variant='normal', weight=400, stretch='normal', size='scalable')) = 10.05
2023-08-08 11:34:22 [DEBUG]: findfont: score(FontEntry(fname='C:\\WINDOWS\\Fonts\\LHANDW.TTF', name='Lucida Handwriting', style='italic', variant='normal', weight=400, stretch='normal', size='scalable')) = 11.05
2023-08-08 11:34:22 [DEBUG]: findfont: score(FontEntry(fname='C:\\WINDOWS\\Fonts\\TCCB____.TTF', name='Tw Cen MT Condensed', style='normal', variant='normal', weight=700, stretch='condensed', size='scalable')) = 10.535
2023-08-08 11:34:22 [DEBUG]: findfont: score(FontEntry(fname='C:\\WINDOWS\\Fonts\\palai.ttf', name='Palatino Linotype', style='italic', variant='normal', weight=400, stretch='normal', size='scalable')) = 11.05
2023-08-08 11:34:22 [DEBUG]: findfont: score(FontEntry(fname='C:\\WINDOWS\\Fonts\\YuGothM.ttc', name='Yu Gothic', style='normal', variant='normal', weight=500, stretch='normal', size='scalable')) = 10.145
2023-08-08 11:34:22 [DEBUG]: findfont: score(FontEntry(fname='C:\\WINDOWS\\Fonts\\FZYTK.TTF', name='FZYaoTi', style='normal', variant='normal', weight=400, stretch='normal', size='scalable')) = 10.05
2023-08-08 11:34:22 [DEBUG]: findfont: score(FontEntry(fname='C:\\WINDOWS\\Fonts\\times.ttf', name='Times New Roman', style='normal', variant='normal', weight=400, stretch='normal', size='scalable')) = 10.05
2023-08-08 11:34:22 [DEBUG]: findfont: score(FontEntry(fname='C:\\Windows\\Fonts\\BKANT.TTF', name='Book Antiqua', style='normal', variant='normal', weight=400, stretch='normal', size='scalable')) = 10.05
2023-08-08 11:34:22 [DEBUG]: findfont: score(FontEntry(fname='C:\\WINDOWS\\Fonts\\GOUDOS.TTF', name='Goudy Old Style', style='normal', variant='normal', weight=400, stretch='normal', size='scalable')) = 10.05
2023-08-08 11:34:22 [DEBUG]: findfont: score(FontEntry(fname='C:\\Windows\\Fonts\\verdanaz.ttf', name='Verdana', style='italic', variant='normal', weight=700, stretch='normal', size='scalable')) = 11.335
2023-08-08 11:34:22 [DEBUG]: findfont: score(FontEntry(fname='C:\\Windows\\Fonts\\seguiemj.ttf', name='Segoe UI Emoji', style='normal', variant='normal', weight=400, stretch='normal', size='scalable')) = 10.05
2023-08-08 11:34:22 [DEBUG]: findfont: score(FontEntry(fname='C:\\Windows\\Fonts\\FRABKIT.TTF', name='Franklin Gothic Book', style='italic', variant='normal', weight=400, stretch='normal', size='scalable')) = 11.05
2023-08-08 11:34:22 [DEBUG]: findfont: score(FontEntry(fname='C:\\WINDOWS\\Fonts\\ROCKB.TTF', name='Rockwell', style='normal', variant='normal', weight=700, stretch='normal', size='scalable')) = 10.335
2023-08-08 11:34:22 [DEBUG]: findfont: score(FontEntry(fname='C:\\Windows\\Fonts\\HTOWERT.TTF', name='High Tower Text', style='normal', variant='normal', weight=400, stretch='normal', size='scalable')) = 10.05
2023-08-08 11:34:22 [DEBUG]: findfont: score(FontEntry(fname='C:\\Windows\\Fonts\\FTLTLT.TTF', name='Footlight MT Light', style='normal', variant='normal', weight=300, stretch='normal', size='scalable')) = 10.145
2023-08-08 11:34:22 [DEBUG]: findfont: score(FontEntry(fname='C:\\Windows\\Fonts\\SCRIPTBL.TTF', name='Script MT Bold', style='normal', variant='normal', weight=700, stretch='normal', size='scalable')) = 10.335
2023-08-08 11:34:22 [DEBUG]: findfont: score(FontEntry(fname='C:\\WINDOWS\\Fonts\\calibril.ttf', name='Calibri', style='normal', variant='normal', weight=300, stretch='normal', size='scalable')) = 10.145
2023-08-08 11:34:22 [DEBUG]: findfont: score(FontEntry(fname='C:\\WINDOWS\\Fonts\\MAIAN.TTF', name='Maiandra GD', style='normal', variant='normal', weight=400, stretch='normal', size='scalable')) = 10.05
2023-08-08 11:34:22 [DEBUG]: findfont: score(FontEntry(fname='C:\\WINDOWS\\Fonts\\TCM_____.TTF', name='Tw Cen MT', style='normal', variant='normal', weight=400, stretch='normal', size='scalable')) = 10.05
2023-08-08 11:34:22 [DEBUG]: findfont: score(FontEntry(fname='C:\\WINDOWS\\Fonts\\GOTHICB.TTF', name='Century Gothic', style='normal', variant='normal', weight=700, stretch='normal', size='scalable')) = 10.335
2023-08-08 11:34:22 [DEBUG]: findfont: score(FontEntry(fname='C:\\WINDOWS\\Fonts\\NirmalaS.ttf', name='Nirmala UI', style='normal', variant='normal', weight=350, stretch='normal', size='scalable')) = 10.0975
2023-08-08 11:34:22 [DEBUG]: findfont: score(FontEntry(fname='C:\\WINDOWS\\Fonts\\SitkaB.ttc', name='Sitka Small', style='normal', variant='normal', weight=700, stretch='normal', size='scalable')) = 10.335
2023-08-08 11:34:22 [DEBUG]: findfont: score(FontEntry(fname='C:\\Windows\\Fonts\\ROCKBI.TTF', name='Rockwell', style='italic', variant='normal', weight=700, stretch='normal', size='scalable')) = 11.335
2023-08-08 11:34:22 [DEBUG]: findfont: score(FontEntry(fname='C:\\WINDOWS\\Fonts\\corbeli.ttf', name='Corbel', style='italic', variant='normal', weight=400, stretch='normal', size='scalable')) = 11.05
2023-08-08 11:34:22 [DEBUG]: findfont: score(FontEntry(fname='C:\\Windows\\Fonts\\segoesc.ttf', name='Segoe Script', style='normal', variant='normal', weight=400, stretch='normal', size='scalable')) = 10.05
2023-08-08 11:34:22 [DEBUG]: findfont: score(FontEntry(fname='C:\\Windows\\Fonts\\Sitka.ttc', name='Sitka Small', style='normal', variant='normal', weight=400, stretch='normal', size='scalable')) = 10.05
2023-08-08 11:34:22 [DEBUG]: findfont: score(FontEntry(fname='C:\\WINDOWS\\Fonts\\ANTQUAB.TTF', name='Book Antiqua', style='normal', variant='normal', weight=700, stretch='normal', size='scalable')) = 10.335
2023-08-08 11:34:22 [DEBUG]: findfont: score(FontEntry(fname='C:\\WINDOWS\\Fonts\\comicbd.ttf', name='Comic Sans MS', style='normal', variant='normal', weight=700, stretch='normal', size='scalable')) = 10.335
2023-08-08 11:34:22 [DEBUG]: findfont: score(FontEntry(fname='C:\\Windows\\Fonts\\GLSNECB.TTF', name='Gill Sans MT Ext Condensed Bold', style='normal', variant='normal', weight=400, stretch='condensed', size='scalable')) = 10.25
2023-08-08 11:34:22 [DEBUG]: findfont: score(FontEntry(fname='C:\\Windows\\Fonts\\mingliub.ttc', name='MingLiU-ExtB', style='normal', variant='normal', weight=400, stretch='normal', size='scalable')) = 10.05
2023-08-08 11:34:22 [DEBUG]: findfont: score(FontEntry(fname='C:\\WINDOWS\\Fonts\\Dengl.ttf', name='DengXian', style='normal', variant='normal', weight=300, stretch='normal', size='scalable')) = 10.145
2023-08-08 11:34:22 [DEBUG]: findfont: score(FontEntry(fname='C:\\WINDOWS\\Fonts\\segoeuiz.ttf', name='Segoe UI', style='italic', variant='normal', weight=700, stretch='normal', size='scalable')) = 11.335
2023-08-08 11:34:22 [DEBUG]: findfont: score(FontEntry(fname='C:\\WINDOWS\\Fonts\\REFSPCL.TTF', name='MS Reference Specialty', style='normal', variant='normal', weight=400, stretch='normal', size='scalable')) = 10.05
2023-08-08 11:34:22 [DEBUG]: findfont: score(FontEntry(fname='C:\\WINDOWS\\Fonts\\framdit.ttf', name='Franklin Gothic Medium', style='italic', variant='normal', weight=400, stretch='normal', size='scalable')) = 11.05
2023-08-08 11:34:22 [DEBUG]: findfont: score(FontEntry(fname='C:\\WINDOWS\\Fonts\\symbol.ttf', name='Symbol', style='normal', variant='normal', weight=400, stretch='normal', size='scalable')) = 10.05
2023-08-08 11:34:22 [DEBUG]: findfont: score(FontEntry(fname='C:\\WINDOWS\\Fonts\\ITCEDSCR.TTF', name='Edwardian Script ITC', style='normal', variant='normal', weight=400, stretch='normal', size='scalable')) = 10.05
2023-08-08 11:34:22 [DEBUG]: findfont: score(FontEntry(fname='C:\\Windows\\Fonts\\PERTIBD.TTF', name='Perpetua Titling MT', style='normal', variant='normal', weight=700, stretch='normal', size='scalable')) = 10.335
2023-08-08 11:34:22 [DEBUG]: findfont: score(FontEntry(fname='C:\\WINDOWS\\Fonts\\NIAGSOL.TTF', name='Niagara Solid', style='normal', variant='normal', weight=400, stretch='normal', size='scalable')) = 10.05
2023-08-08 11:34:22 [DEBUG]: findfont: score(FontEntry(fname='C:\\Windows\\Fonts\\segoeprb.ttf', name='Segoe Print', style='normal', variant='normal', weight=700, stretch='normal', size='scalable')) = 10.335
2023-08-08 11:34:22 [DEBUG]: findfont: score(FontEntry(fname='C:\\Windows\\Fonts\\comicz.ttf', name='Comic Sans MS', style='italic', variant='normal', weight=700, stretch='normal', size='scalable')) = 11.335
2023-08-08 11:34:22 [DEBUG]: findfont: score(FontEntry(fname='C:\\Windows\\Fonts\\framdit.ttf', name='Franklin Gothic Medium', style='italic', variant='normal', weight=400, stretch='normal', size='scalable')) = 11.05
2023-08-08 11:34:22 [DEBUG]: findfont: score(FontEntry(fname='C:\\WINDOWS\\Fonts\\malgunbd.ttf', name='Malgun Gothic', style='normal', variant='normal', weight=700, stretch='normal', size='scalable')) = 10.335
2023-08-08 11:34:22 [DEBUG]: findfont: score(FontEntry(fname='C:\\Windows\\Fonts\\GILI____.TTF', name='Gill Sans MT', style='italic', variant='normal', weight=400, stretch='normal', size='scalable')) = 11.05
2023-08-08 11:34:22 [DEBUG]: findfont: score(FontEntry(fname='C:\\WINDOWS\\Fonts\\FRAMDCN.TTF', name='Franklin Gothic Medium Cond', style='normal', variant='normal', weight=400, stretch='condensed', size='scalable')) = 10.25
2023-08-08 11:34:22 [DEBUG]: findfont: score(FontEntry(fname='C:\\Windows\\Fonts\\segoeui.ttf', name='Segoe UI', style='normal', variant='normal', weight=400, stretch='normal', size='scalable')) = 10.05
2023-08-08 11:34:22 [DEBUG]: findfont: score(FontEntry(fname='C:\\Windows\\Fonts\\FRADM.TTF', name='Franklin Gothic Demi', style='normal', variant='normal', weight=400, stretch='normal', size='scalable')) = 10.05
2023-08-08 11:34:22 [DEBUG]: findfont: score(FontEntry(fname='C:\\Windows\\Fonts\\AGENCYB.TTF', name='Agency FB', style='normal', variant='normal', weight=700, stretch='normal', size='scalable')) = 10.335
2023-08-08 11:34:22 [DEBUG]: findfont: score(FontEntry(fname='C:\\Windows\\Fonts\\ERASDEMI.TTF', name='Eras Demi ITC', style='normal', variant='normal', weight=400, stretch='normal', size='scalable')) = 10.05
2023-08-08 11:34:22 [DEBUG]: findfont: score(FontEntry(fname='C:\\Windows\\Fonts\\DUBAI-BOLD.TTF', name='Dubai', style='normal', variant='normal', weight=700, stretch='normal', size='scalable')) = 10.335
2023-08-08 11:34:22 [DEBUG]: findfont: score(FontEntry(fname='C:\\WINDOWS\\Fonts\\corbelz.ttf', name='Corbel', style='italic', variant='normal', weight=700, stretch='normal', size='scalable')) = 11.335
2023-08-08 11:34:22 [DEBUG]: findfont: score(FontEntry(fname='C:\\WINDOWS\\Fonts\\GILB____.TTF', name='Gill Sans MT', style='normal', variant='normal', weight=700, stretch='normal', size='scalable')) = 10.335
2023-08-08 11:34:22 [DEBUG]: findfont: score(FontEntry(fname='C:\\Windows\\Fonts\\STLITI.TTF', name='STLiti', style='normal', variant='normal', weight=400, stretch='normal', size='scalable')) = 10.05
2023-08-08 11:34:22 [DEBUG]: findfont: score(FontEntry(fname='C:\\WINDOWS\\Fonts\\segoeuii.ttf', name='Segoe UI', style='italic', variant='normal', weight=400, stretch='normal', size='scalable')) = 11.05
2023-08-08 11:34:22 [DEBUG]: findfont: score(FontEntry(fname='C:\\WINDOWS\\Fonts\\verdanai.ttf', name='Verdana', style='italic', variant='normal', weight=400, stretch='normal', size='scalable')) = 11.05
2023-08-08 11:34:22 [DEBUG]: findfont: score(FontEntry(fname='C:\\WINDOWS\\Fonts\\PARCHM.TTF', name='Parchment', style='normal', variant='normal', weight=400, stretch='normal', size='scalable')) = 10.05
2023-08-08 11:34:22 [DEBUG]: findfont: score(FontEntry(fname='C:\\Windows\\Fonts\\segoeuil.ttf', name='Segoe UI', style='normal', variant='normal', weight=300, stretch='normal', size='scalable')) = 10.145
2023-08-08 11:34:22 [DEBUG]: findfont: score(FontEntry(fname='C:\\Windows\\Fonts\\Nirmala.ttf', name='Nirmala UI', style='normal', variant='normal', weight=400, stretch='normal', size='scalable')) = 10.05
2023-08-08 11:34:22 [DEBUG]: findfont: score(FontEntry(fname='C:\\WINDOWS\\Fonts\\LFAXD.TTF', name='Lucida Fax', style='normal', variant='normal', weight=600, stretch='normal', size='scalable')) = 10.24
2023-08-08 11:34:22 [DEBUG]: findfont: score(FontEntry(fname='C:\\Windows\\Fonts\\BASKVILL.TTF', name='Baskerville Old Face', style='normal', variant='normal', weight=400, stretch='normal', size='scalable')) = 10.05
2023-08-08 11:34:22 [DEBUG]: findfont: score(FontEntry(fname='C:\\WINDOWS\\Fonts\\ERASBD.TTF', name='Eras Bold ITC', style='normal', variant='normal', weight=400, stretch='normal', size='scalable')) = 10.05
2023-08-08 11:34:22 [DEBUG]: findfont: score(FontEntry(fname='C:\\WINDOWS\\Fonts\\STKAITI.TTF', name='STKaiti', style='normal', variant='normal', weight=400, stretch='normal', size='scalable')) = 10.05
2023-08-08 11:34:22 [DEBUG]: findfont: score(FontEntry(fname='C:\\Windows\\Fonts\\BSSYM7.TTF', name='Bookshelf Symbol 7', style='normal', variant='normal', weight=400, stretch='normal', size='scalable')) = 10.05
2023-08-08 11:34:22 [DEBUG]: findfont: score(FontEntry(fname='C:\\Windows\\Fonts\\HARLOWSI.TTF', name='Harlow Solid Italic', style='italic', variant='normal', weight=400, stretch='normal', size='scalable')) = 11.05
2023-08-08 11:34:22 [DEBUG]: findfont: score(FontEntry(fname='C:\\Windows\\Fonts\\BOOKOSI.TTF', name='Bookman Old Style', style='italic', variant='normal', weight=300, stretch='normal', size='scalable')) = 11.145
2023-08-08 11:34:22 [DEBUG]: findfont: score(FontEntry(fname='C:\\Windows\\Fonts\\YuGothL.ttc', name='Yu Gothic', style='normal', variant='normal', weight=300, stretch='normal', size='scalable')) = 10.145
2023-08-08 11:34:22 [DEBUG]: findfont: score(FontEntry(fname='C:\\Windows\\Fonts\\LSANSD.TTF', name='Lucida Sans', style='normal', variant='normal', weight=600, stretch='normal', size='scalable')) = 10.24
2023-08-08 11:34:22 [DEBUG]: findfont: score(FontEntry(fname='C:\\Windows\\Fonts\\LTYPEO.TTF', name='Lucida Sans Typewriter', style='oblique', variant='normal', weight=400, stretch='normal', size='scalable')) = 11.05
2023-08-08 11:34:22 [DEBUG]: findfont: score(FontEntry(fname='C:\\WINDOWS\\Fonts\\FRSCRIPT.TTF', name='French Script MT', style='normal', variant='normal', weight=400, stretch='normal', size='scalable')) = 10.05
2023-08-08 11:34:22 [DEBUG]: findfont: score(FontEntry(fname='C:\\WINDOWS\\Fonts\\Candarai.ttf', name='Candara', style='italic', variant='normal', weight=400, stretch='normal', size='scalable')) = 11.05
2023-08-08 11:34:22 [DEBUG]: findfont: score(FontEntry(fname='C:\\Windows\\Fonts\\calibri.ttf', name='Calibri', style='normal', variant='normal', weight=400, stretch='normal', size='scalable')) = 10.05
2023-08-08 11:34:22 [DEBUG]: findfont: score(FontEntry(fname='C:\\WINDOWS\\Fonts\\Sitka.ttc', name='Sitka Small', style='normal', variant='normal', weight=400, stretch='normal', size='scalable')) = 10.05
2023-08-08 11:34:22 [DEBUG]: findfont: score(FontEntry(fname='C:\\Windows\\Fonts\\CALISTI.TTF', name='Calisto MT', style='italic', variant='normal', weight=400, stretch='normal', size='scalable')) = 11.05
2023-08-08 11:34:22 [DEBUG]: findfont: score(FontEntry(fname='C:\\WINDOWS\\Fonts\\BRADHITC.TTF', name='Bradley Hand ITC', style='normal', variant='normal', weight=400, stretch='normal', size='scalable')) = 10.05
2023-08-08 11:34:22 [DEBUG]: findfont: score(FontEntry(fname='C:\\Windows\\Fonts\\ANTQUABI.TTF', name='Book Antiqua', style='italic', variant='normal', weight=700, stretch='normal', size='scalable')) = 11.335
2023-08-08 11:34:22 [DEBUG]: findfont: score(FontEntry(fname='C:\\WINDOWS\\Fonts\\ROCKI.TTF', name='Rockwell', style='italic', variant='normal', weight=400, stretch='normal', size='scalable')) = 11.05
2023-08-08 11:34:22 [DEBUG]: findfont: score(FontEntry(fname='C:\\Windows\\Fonts\\PER_____.TTF', name='Perpetua', style='normal', variant='normal', weight=400, stretch='normal', size='scalable')) = 10.05
2023-08-08 11:34:22 [DEBUG]: findfont: score(FontEntry(fname='C:\\WINDOWS\\Fonts\\timesi.ttf', name='Times New Roman', style='italic', variant='normal', weight=400, stretch='normal', size='scalable')) = 11.05
2023-08-08 11:34:22 [DEBUG]: findfont: score(FontEntry(fname='C:\\Windows\\Fonts\\mmrtextb.ttf', name='Myanmar Text', style='normal', variant='normal', weight=700, stretch='normal', size='scalable')) = 10.335
2023-08-08 11:34:22 [DEBUG]: findfont: score(FontEntry(fname='C:\\WINDOWS\\Fonts\\COPRGTB.TTF', name='Copperplate Gothic Bold', style='normal', variant='normal', weight=400, stretch='normal', size='scalable')) = 10.05
2023-08-08 11:34:22 [DEBUG]: findfont: score(FontEntry(fname='C:\\WINDOWS\\Fonts\\GILC____.TTF', name='Gill Sans MT Condensed', style='normal', variant='normal', weight=400, stretch='condensed', size='scalable')) = 10.25
2023-08-08 11:34:22 [DEBUG]: findfont: score(FontEntry(fname='C:\\Windows\\Fonts\\GLECB.TTF', name='Gloucester MT Extra Condensed', style='normal', variant='normal', weight=400, stretch='condensed', size='scalable')) = 10.25
2023-08-08 11:34:22 [DEBUG]: findfont: score(FontEntry(fname='C:\\WINDOWS\\Fonts\\ariblk.ttf', name='Arial', style='normal', variant='normal', weight=900, stretch='normal', size='scalable')) = 0.525
2023-08-08 11:34:22 [DEBUG]: findfont: score(FontEntry(fname='C:\\Windows\\Fonts\\micross.ttf', name='Microsoft Sans Serif', style='normal', variant='normal', weight=400, stretch='normal', size='scalable')) = 10.05
2023-08-08 11:34:22 [DEBUG]: findfont: score(FontEntry(fname='C:\\WINDOWS\\Fonts\\SCHLBKB.TTF', name='Century Schoolbook', style='normal', variant='normal', weight=700, stretch='normal', size='scalable')) = 10.335
2023-08-08 11:34:22 [DEBUG]: findfont: score(FontEntry(fname='C:\\Windows\\Fonts\\FREESCPT.TTF', name='Freestyle Script', style='normal', variant='normal', weight=400, stretch='normal', size='scalable')) = 10.05
2023-08-08 11:34:22 [DEBUG]: findfont: score(FontEntry(fname='C:\\Windows\\Fonts\\Dengl.ttf', name='DengXian', style='normal', variant='normal', weight=300, stretch='normal', size='scalable')) = 10.145
2023-08-08 11:34:22 [DEBUG]: findfont: score(FontEntry(fname='C:\\Windows\\Fonts\\BOD_BLAR.TTF', name='Bodoni MT', style='normal', variant='normal', weight=900, stretch='normal', size='scalable')) = 10.525
2023-08-08 11:34:22 [DEBUG]: findfont: score(FontEntry(fname='C:\\WINDOWS\\Fonts\\LCALLIG.TTF', name='Lucida Calligraphy', style='italic', variant='normal', weight=400, stretch='normal', size='scalable')) = 11.05
2023-08-08 11:34:22 [DEBUG]: findfont: score(FontEntry(fname='C:\\Windows\\Fonts\\Gabriola.ttf', name='Gabriola', style='normal', variant='normal', weight=400, stretch='normal', size='scalable')) = 10.05
2023-08-08 11:34:22 [DEBUG]: findfont: score(FontEntry(fname='C:\\Windows\\Fonts\\ntailub.ttf', name='Microsoft New Tai Lue', style='normal', variant='normal', weight=700, stretch='normal', size='scalable')) = 10.335
2023-08-08 11:34:22 [DEBUG]: findfont: score(FontEntry(fname='C:\\Windows\\Fonts\\GOTHICI.TTF', name='Century Gothic', style='italic', variant='normal', weight=400, stretch='normal', size='scalable')) = 11.05
2023-08-08 11:34:22 [DEBUG]: findfont: score(FontEntry(fname='C:\\WINDOWS\\Fonts\\SHOWG.TTF', name='Showcard Gothic', style='normal', variant='normal', weight=400, stretch='normal', size='scalable')) = 10.05
2023-08-08 11:34:22 [DEBUG]: findfont: score(FontEntry(fname='C:\\Windows\\Fonts\\BRLNSDB.TTF', name='Berlin Sans FB Demi', style='normal', variant='normal', weight=700, stretch='normal', size='scalable')) = 10.335
2023-08-08 11:34:22 [DEBUG]: findfont: score(FontEntry(fname='C:\\Windows\\Fonts\\wingding.ttf', name='Wingdings', style='normal', variant='normal', weight=400, stretch='normal', size='scalable')) = 10.05
2023-08-08 11:34:22 [DEBUG]: findfont: score(FontEntry(fname='C:\\Windows\\Fonts\\BRLNSB.TTF', name='Berlin Sans FB', style='normal', variant='normal', weight=700, stretch='normal', size='scalable')) = 10.335
2023-08-08 11:34:22 [DEBUG]: findfont: score(FontEntry(fname='C:\\WINDOWS\\Fonts\\ANTQUAI.TTF', name='Book Antiqua', style='italic', variant='normal', weight=400, stretch='normal', size='scalable')) = 11.05
2023-08-08 11:34:22 [DEBUG]: findfont: score(FontEntry(fname='C:\\WINDOWS\\Fonts\\timesbd.ttf', name='Times New Roman', style='normal', variant='normal', weight=700, stretch='normal', size='scalable')) = 10.335
2023-08-08 11:34:22 [DEBUG]: findfont: score(FontEntry(fname='C:\\WINDOWS\\Fonts\\BELL.TTF', name='Bell MT', style='normal', variant='normal', weight=400, stretch='normal', size='scalable')) = 10.05
2023-08-08 11:34:22 [DEBUG]: findfont: score(FontEntry(fname='C:\\WINDOWS\\Fonts\\ARIALNBI.TTF', name='Arial', style='italic', variant='normal', weight=700, stretch='condensed', size='scalable')) = 1.535
2023-08-08 11:34:22 [DEBUG]: findfont: score(FontEntry(fname='C:\\WINDOWS\\Fonts\\segoeui.ttf', name='Segoe UI', style='normal', variant='normal', weight=400, stretch='normal', size='scalable')) = 10.05
2023-08-08 11:34:22 [DEBUG]: findfont: score(FontEntry(fname='C:\\WINDOWS\\Fonts\\seguiemj.ttf', name='Segoe UI Emoji', style='normal', variant='normal', weight=400, stretch='normal', size='scalable')) = 10.05
2023-08-08 11:34:22 [DEBUG]: findfont: score(FontEntry(fname='C:\\Windows\\Fonts\\comici.ttf', name='Comic Sans MS', style='italic', variant='normal', weight=400, stretch='normal', size='scalable')) = 11.05
2023-08-08 11:34:22 [DEBUG]: findfont: score(FontEntry(fname='C:\\Windows\\Fonts\\MTCORSVA.TTF', name='Monotype Corsiva', style='normal', variant='normal', weight=400, stretch='normal', size='scalable')) = 10.05
2023-08-08 11:34:22 [DEBUG]: findfont: score(FontEntry(fname='C:\\WINDOWS\\Fonts\\MTEXTRA.TTF', name='MT Extra', style='normal', variant='normal', weight=400, stretch='normal', size='scalable')) = 10.05
2023-08-08 11:34:22 [DEBUG]: findfont: score(FontEntry(fname='C:\\WINDOWS\\Fonts\\bahnschrift.ttf', name='Bahnschrift', style='normal', variant='normal', weight=400, stretch='normal', size='scalable')) = 10.05
2023-08-08 11:34:22 [DEBUG]: findfont: score(FontEntry(fname='C:\\Windows\\Fonts\\BRADHITC.TTF', name='Bradley Hand ITC', style='normal', variant='normal', weight=400, stretch='normal', size='scalable')) = 10.05
2023-08-08 11:34:22 [DEBUG]: findfont: score(FontEntry(fname='C:\\WINDOWS\\Fonts\\ERASLGHT.TTF', name='Eras Light ITC', style='normal', variant='normal', weight=400, stretch='normal', size='scalable')) = 10.05
2023-08-08 11:34:22 [DEBUG]: findfont: score(FontEntry(fname='C:\\WINDOWS\\Fonts\\javatext.ttf', name='Javanese Text', style='normal', variant='normal', weight=400, stretch='normal', size='scalable')) = 10.05
2023-08-08 11:34:22 [DEBUG]: findfont: score(FontEntry(fname='C:\\WINDOWS\\Fonts\\MTCORSVA.TTF', name='Monotype Corsiva', style='normal', variant='normal', weight=400, stretch='normal', size='scalable')) = 10.05
2023-08-08 11:34:22 [DEBUG]: findfont: score(FontEntry(fname='C:\\Windows\\Fonts\\ITCBLKAD.TTF', name='Blackadder ITC', style='normal', variant='normal', weight=400, stretch='normal', size='scalable')) = 10.05
2023-08-08 11:34:22 [DEBUG]: findfont: score(FontEntry(fname='C:\\Windows\\Fonts\\FRADMIT.TTF', name='Franklin Gothic Demi', style='italic', variant='normal', weight=400, stretch='normal', size='scalable')) = 11.05
2023-08-08 11:34:22 [DEBUG]: findfont: score(FontEntry(fname='C:\\WINDOWS\\Fonts\\YuGothB.ttc', name='Yu Gothic', style='normal', variant='normal', weight=700, stretch='normal', size='scalable')) = 10.335
2023-08-08 11:34:22 [DEBUG]: findfont: score(FontEntry(fname='C:\\WINDOWS\\Fonts\\LSANSD.TTF', name='Lucida Sans', style='normal', variant='normal', weight=600, stretch='normal', size='scalable')) = 10.24
2023-08-08 11:34:22 [DEBUG]: findfont: score(FontEntry(fname='C:\\Windows\\Fonts\\segoeuiz.ttf', name='Segoe UI', style='italic', variant='normal', weight=700, stretch='normal', size='scalable')) = 11.335
2023-08-08 11:34:22 [DEBUG]: findfont: score(FontEntry(fname='C:\\Windows\\Fonts\\FRAHVIT.TTF', name='Franklin Gothic Heavy', style='italic', variant='normal', weight=400, stretch='normal', size='scalable')) = 11.05
2023-08-08 11:34:22 [DEBUG]: findfont: score(FontEntry(fname='C:\\Windows\\Fonts\\msjhbd.ttc', name='Microsoft JhengHei', style='normal', variant='normal', weight=700, stretch='normal', size='scalable')) = 10.335
2023-08-08 11:34:22 [DEBUG]: findfont: score(FontEntry(fname='C:\\WINDOWS\\Fonts\\STFANGSO.TTF', name='STFangsong', style='normal', variant='normal', weight=400, stretch='normal', size='scalable')) = 10.05
2023-08-08 11:34:22 [DEBUG]: findfont: score(FontEntry(fname='C:\\WINDOWS\\Fonts\\LBRITEI.TTF', name='Lucida Bright', style='italic', variant='normal', weight=400, stretch='normal', size='scalable')) = 11.05
2023-08-08 11:34:22 [DEBUG]: findfont: score(FontEntry(fname='C:\\Windows\\Fonts\\impact.ttf', name='Impact', style='normal', variant='normal', weight=400, stretch='normal', size='scalable')) = 10.05
2023-08-08 11:34:22 [DEBUG]: findfont: score(FontEntry(fname='C:\\WINDOWS\\Fonts\\方正粗黑宋简体.ttf', name='FZCuHeiSongS-B-GB', style='normal', variant='normal', weight=400, stretch='normal', size='scalable')) = 10.05
2023-08-08 11:34:22 [DEBUG]: findfont: score(FontEntry(fname='C:\\WINDOWS\\Fonts\\georgiai.ttf', name='Georgia', style='italic', variant='normal', weight=400, stretch='normal', size='scalable')) = 11.05
2023-08-08 11:34:22 [DEBUG]: findfont: score(FontEntry(fname='C:\\WINDOWS\\Fonts\\mmrtext.ttf', name='Myanmar Text', style='normal', variant='normal', weight=400, stretch='normal', size='scalable')) = 10.05
2023-08-08 11:34:22 [DEBUG]: findfont: score(FontEntry(fname='C:\\Windows\\Fonts\\seguibl.ttf', name='Segoe UI', style='normal', variant='normal', weight=900, stretch='normal', size='scalable')) = 10.525
2023-08-08 11:34:22 [DEBUG]: findfont: score(FontEntry(fname='C:\\Windows\\Fonts\\AGENCYR.TTF', name='Agency FB', style='normal', variant='normal', weight=400, stretch='normal', size='scalable')) = 10.05
2023-08-08 11:34:22 [DEBUG]: findfont: score(FontEntry(fname='C:\\Windows\\Fonts\\framd.ttf', name='Franklin Gothic Medium', style='normal', variant='normal', weight=400, stretch='normal', size='scalable')) = 10.05
2023-08-08 11:34:22 [DEBUG]: findfont: score(FontEntry(fname='C:\\Windows\\Fonts\\msyhbd.ttc', name='Microsoft YaHei', style='normal', variant='normal', weight=700, stretch='normal', size='scalable')) = 10.335
2023-08-08 11:34:22 [DEBUG]: findfont: score(FontEntry(fname='C:\\WINDOWS\\Fonts\\AGENCYB.TTF', name='Agency FB', style='normal', variant='normal', weight=700, stretch='normal', size='scalable')) = 10.335
2023-08-08 11:34:22 [DEBUG]: findfont: score(FontEntry(fname='C:\\WINDOWS\\Fonts\\GILSANUB.TTF', name='Gill Sans Ultra Bold', style='normal', variant='normal', weight=400, stretch='normal', size='scalable')) = 10.05
2023-08-08 11:34:22 [DEBUG]: findfont: score(FontEntry(fname='C:\\WINDOWS\\Fonts\\ROCKBI.TTF', name='Rockwell', style='italic', variant='normal', weight=700, stretch='normal', size='scalable')) = 11.335
2023-08-08 11:34:22 [DEBUG]: findfont: score(FontEntry(fname='C:\\Windows\\Fonts\\l_10646.ttf', name='Lucida Sans Unicode', style='normal', variant='normal', weight=400, stretch='normal', size='scalable')) = 10.05
2023-08-08 11:34:22 [DEBUG]: findfont: score(FontEntry(fname='C:\\Windows\\Fonts\\FELIXTI.TTF', name='Felix Titling', style='normal', variant='normal', weight=400, stretch='normal', size='scalable')) = 10.05
2023-08-08 11:34:22 [DEBUG]: findfont: score(FontEntry(fname='C:\\WINDOWS\\Fonts\\PERBI___.TTF', name='Perpetua', style='italic', variant='normal', weight=700, stretch='normal', size='scalable')) = 11.335
2023-08-08 11:34:22 [DEBUG]: findfont: score(FontEntry(fname='C:\\WINDOWS\\Fonts\\NumberOnly.ttf', name='NumberOnly', style='normal', variant='normal', weight=700, stretch='normal', size='scalable')) = 10.335
2023-08-08 11:34:22 [DEBUG]: findfont: score(FontEntry(fname='C:\\WINDOWS\\Fonts\\Candaral.ttf', name='Candara', style='normal', variant='normal', weight=400, stretch='normal', size='scalable')) = 10.05
2023-08-08 11:34:22 [DEBUG]: findfont: score(FontEntry(fname='C:\\WINDOWS\\Fonts\\corbelli.ttf', name='Corbel', style='italic', variant='normal', weight=300, stretch='normal', size='scalable')) = 11.145
2023-08-08 11:34:22 [DEBUG]: findfont: score(FontEntry(fname='C:\\WINDOWS\\Fonts\\VINERITC.TTF', name='Viner Hand ITC', style='normal', variant='normal', weight=400, stretch='normal', size='scalable')) = 10.05
2023-08-08 11:34:22 [DEBUG]: findfont: score(FontEntry(fname='C:\\WINDOWS\\Fonts\\LSANS.TTF', name='Lucida Sans', style='normal', variant='normal', weight=400, stretch='normal', size='scalable')) = 10.05
2023-08-08 11:34:22 [DEBUG]: findfont: score(FontEntry(fname='C:\\Windows\\Fonts\\constanb.ttf', name='Constantia', style='normal', variant='normal', weight=700, stretch='normal', size='scalable')) = 10.335
2023-08-08 11:34:22 [DEBUG]: findfont: score(FontEntry(fname='C:\\Windows\\Fonts\\BROADW.TTF', name='Broadway', style='normal', variant='normal', weight=400, stretch='normal', size='scalable')) = 10.05
2023-08-08 11:34:22 [DEBUG]: findfont: score(FontEntry(fname='C:\\Windows\\Fonts\\timesi.ttf', name='Times New Roman', style='italic', variant='normal', weight=400, stretch='normal', size='scalable')) = 11.05
2023-08-08 11:34:22 [DEBUG]: findfont: score(FontEntry(fname='C:\\Windows\\Fonts\\msyhl.ttc', name='Microsoft YaHei', style='normal', variant='normal', weight=290, stretch='normal', size='scalable')) = 10.1545
2023-08-08 11:34:22 [DEBUG]: findfont: score(FontEntry(fname='C:\\Windows\\Fonts\\YuGothM.ttc', name='Yu Gothic', style='normal', variant='normal', weight=500, stretch='normal', size='scalable')) = 10.145
2023-08-08 11:34:22 [DEBUG]: findfont: score(FontEntry(fname='C:\\WINDOWS\\Fonts\\CENTURY.TTF', name='Century', style='normal', variant='normal', weight=400, stretch='normal', size='scalable')) = 10.05
2023-08-08 11:34:22 [DEBUG]: findfont: score(FontEntry(fname='C:\\WINDOWS\\Fonts\\PERI____.TTF', name='Perpetua', style='italic', variant='normal', weight=400, stretch='normal', size='scalable')) = 11.05
2023-08-08 11:34:22 [DEBUG]: findfont: score(FontEntry(fname='C:\\Windows\\Fonts\\LTYPEB.TTF', name='Lucida Sans Typewriter', style='normal', variant='normal', weight=600, stretch='normal', size='scalable')) = 10.24
2023-08-08 11:34:22 [DEBUG]: findfont: score(FontEntry(fname='C:\\Windows\\Fonts\\ELEPHNTI.TTF', name='Elephant', style='italic', variant='normal', weight=400, stretch='normal', size='scalable')) = 11.05
2023-08-08 11:34:22 [DEBUG]: findfont: score(FontEntry(fname='C:\\Windows\\Fonts\\tahoma.ttf', name='Tahoma', style='normal', variant='normal', weight=400, stretch='normal', size='scalable')) = 10.05
2023-08-08 11:34:22 [DEBUG]: findfont: score(FontEntry(fname='C:\\Windows\\Fonts\\BOD_PSTC.TTF', name='Bodoni MT', style='normal', variant='normal', weight=300, stretch='normal', size='scalable')) = 10.145
2023-08-08 11:34:22 [DEBUG]: findfont: score(FontEntry(fname='C:\\Windows\\Fonts\\corbel.ttf', name='Corbel', style='normal', variant='normal', weight=400, stretch='normal', size='scalable')) = 10.05
2023-08-08 11:34:22 [DEBUG]: findfont: score(FontEntry(fname='C:\\WINDOWS\\Fonts\\MATURASC.TTF', name='Matura MT Script Capitals', style='normal', variant='normal', weight=400, stretch='normal', size='scalable')) = 10.05
2023-08-08 11:34:22 [DEBUG]: findfont: score(FontEntry(fname='C:\\Windows\\Fonts\\ariblk.ttf', name='Arial', style='normal', variant='normal', weight=900, stretch='normal', size='scalable')) = 0.525
2023-08-08 11:34:22 [DEBUG]: findfont: score(FontEntry(fname='C:\\Windows\\Fonts\\MAGNETOB.TTF', name='Magneto', style='normal', variant='normal', weight=700, stretch='normal', size='scalable')) = 10.335
2023-08-08 11:34:22 [DEBUG]: findfont: score(FontEntry(fname='C:\\WINDOWS\\Fonts\\cambriaz.ttf', name='Cambria', style='italic', variant='normal', weight=700, stretch='normal', size='scalable')) = 11.335
2023-08-08 11:34:22 [DEBUG]: findfont: score(FontEntry(fname='C:\\Windows\\Fonts\\cambriai.ttf', name='Cambria', style='italic', variant='normal', weight=400, stretch='normal', size='scalable')) = 11.05
2023-08-08 11:34:22 [DEBUG]: findfont: score(FontEntry(fname='C:\\WINDOWS\\Fonts\\GARA.TTF', name='Garamond', style='normal', variant='normal', weight=400, stretch='normal', size='scalable')) = 10.05
2023-08-08 11:34:22 [DEBUG]: findfont: score(FontEntry(fname='C:\\Windows\\Fonts\\TCCEB.TTF', name='Tw Cen MT Condensed Extra Bold', style='normal', variant='normal', weight=400, stretch='condensed', size='scalable')) = 10.25
2023-08-08 11:34:22 [DEBUG]: findfont: score(FontEntry(fname='C:\\WINDOWS\\Fonts\\calibrii.ttf', name='Calibri', style='italic', variant='normal', weight=400, stretch='normal', size='scalable')) = 11.05
2023-08-08 11:34:22 [DEBUG]: findfont: score(FontEntry(fname='C:\\Windows\\Fonts\\palai.ttf', name='Palatino Linotype', style='italic', variant='normal', weight=400, stretch='normal', size='scalable')) = 11.05
2023-08-08 11:34:22 [DEBUG]: findfont: score(FontEntry(fname='C:\\WINDOWS\\Fonts\\MSUIGHUR.TTF', name='Microsoft Uighur', style='normal', variant='normal', weight=400, stretch='normal', size='scalable')) = 10.05
2023-08-08 11:34:22 [DEBUG]: findfont: score(FontEntry(fname='C:\\Windows\\Fonts\\segoeuib.ttf', name='Segoe UI', style='normal', variant='normal', weight=700, stretch='normal', size='scalable')) = 10.335
2023-08-08 11:34:22 [DEBUG]: findfont: score(FontEntry(fname='C:\\WINDOWS\\Fonts\\Candaraz.ttf', name='Candara', style='italic', variant='normal', weight=700, stretch='normal', size='scalable')) = 11.335
2023-08-08 11:34:22 [DEBUG]: findfont: score(FontEntry(fname='C:\\Windows\\Fonts\\TCB_____.TTF', name='Tw Cen MT', style='normal', variant='normal', weight=700, stretch='normal', size='scalable')) = 10.335
2023-08-08 11:34:22 [DEBUG]: findfont: score(FontEntry(fname='C:\\WINDOWS\\Fonts\\BOD_R.TTF', name='Bodoni MT', style='normal', variant='normal', weight=400, stretch='normal', size='scalable')) = 10.05
2023-08-08 11:34:22 [DEBUG]: findfont: score(FontEntry(fname='C:\\WINDOWS\\Fonts\\STSONG.TTF', name='STSong', style='normal', variant='normal', weight=400, stretch='normal', size='scalable')) = 10.05
2023-08-08 11:34:22 [DEBUG]: findfont: score(FontEntry(fname='C:\\WINDOWS\\Fonts\\FELIXTI.TTF', name='Felix Titling', style='normal', variant='normal', weight=400, stretch='normal', size='scalable')) = 10.05
2023-08-08 11:34:22 [DEBUG]: findfont: score(FontEntry(fname='C:\\Windows\\Fonts\\YuGothB.ttc', name='Yu Gothic', style='normal', variant='normal', weight=700, stretch='normal', size='scalable')) = 10.335
2023-08-08 11:34:22 [DEBUG]: findfont: score(FontEntry(fname='C:\\Windows\\Fonts\\GARAIT.TTF', name='Garamond', style='italic', variant='normal', weight=400, stretch='normal', size='scalable')) = 11.05
2023-08-08 11:34:22 [DEBUG]: findfont: score(FontEntry(fname='C:\\Windows\\Fonts\\ROCKI.TTF', name='Rockwell', style='italic', variant='normal', weight=400, stretch='normal', size='scalable')) = 11.05
2023-08-08 11:34:22 [DEBUG]: findfont: score(FontEntry(fname='C:\\WINDOWS\\Fonts\\consolab.ttf', name='Consolas', style='normal', variant='normal', weight=700, stretch='normal', size='scalable')) = 10.335
2023-08-08 11:34:22 [DEBUG]: findfont: score(FontEntry(fname='C:\\Windows\\Fonts\\timesbi.ttf', name='Times New Roman', style='italic', variant='normal', weight=700, stretch='normal', size='scalable')) = 11.335
2023-08-08 11:34:22 [DEBUG]: findfont: score(FontEntry(fname='C:\\WINDOWS\\Fonts\\msyi.ttf', name='Microsoft Yi Baiti', style='normal', variant='normal', weight=400, stretch='normal', size='scalable')) = 10.05
2023-08-08 11:34:22 [DEBUG]: findfont: score(FontEntry(fname='C:\\WINDOWS\\Fonts\\MSUIGHUB.TTF', name='Microsoft Uighur', style='normal', variant='normal', weight=700, stretch='normal', size='scalable')) = 10.335
2023-08-08 11:34:22 [DEBUG]: findfont: score(FontEntry(fname='C:\\Windows\\Fonts\\FRSCRIPT.TTF', name='French Script MT', style='normal', variant='normal', weight=400, stretch='normal', size='scalable')) = 10.05
2023-08-08 11:34:22 [DEBUG]: findfont: score(FontEntry(fname='C:\\Windows\\Fonts\\NIAGENG.TTF', name='Niagara Engraved', style='normal', variant='normal', weight=400, stretch='normal', size='scalable')) = 10.05
2023-08-08 11:34:22 [DEBUG]: findfont: score(FontEntry(fname='C:\\WINDOWS\\Fonts\\BOD_I.TTF', name='Bodoni MT', style='italic', variant='normal', weight=400, stretch='normal', size='scalable')) = 11.05
2023-08-08 11:34:22 [DEBUG]: findfont: score(FontEntry(fname='C:\\Windows\\Fonts\\gadugi.ttf', name='Gadugi', style='normal', variant='normal', weight=400, stretch='normal', size='scalable')) = 10.05
2023-08-08 11:34:22 [DEBUG]: findfont: score(FontEntry(fname='C:\\WINDOWS\\Fonts\\comici.ttf', name='Comic Sans MS', style='italic', variant='normal', weight=400, stretch='normal', size='scalable')) = 11.05
2023-08-08 11:34:22 [DEBUG]: findfont: score(FontEntry(fname='C:\\WINDOWS\\Fonts\\trebucit.ttf', name='Trebuchet MS', style='italic', variant='normal', weight=400, stretch='normal', size='scalable')) = 11.05
2023-08-08 11:34:22 [DEBUG]: findfont: score(FontEntry(fname='C:\\Windows\\Fonts\\Candarai.ttf', name='Candara', style='italic', variant='normal', weight=400, stretch='normal', size='scalable')) = 11.05
2023-08-08 11:34:22 [DEBUG]: findfont: score(FontEntry(fname='C:\\Windows\\Fonts\\FZSTK.TTF', name='FZShuTi', style='normal', variant='normal', weight=400, stretch='normal', size='scalable')) = 10.05
2023-08-08 11:34:22 [DEBUG]: findfont: score(FontEntry(fname='C:\\WINDOWS\\Fonts\\CALISTI.TTF', name='Calisto MT', style='italic', variant='normal', weight=400, stretch='normal', size='scalable')) = 11.05
2023-08-08 11:34:22 [DEBUG]: findfont: score(FontEntry(fname='C:\\Windows\\Fonts\\ROCKB.TTF', name='Rockwell', style='normal', variant='normal', weight=700, stretch='normal', size='scalable')) = 10.335
2023-08-08 11:34:22 [DEBUG]: findfont: score(FontEntry(fname='C:\\Windows\\Fonts\\WINGDNG3.TTF', name='Wingdings 3', style='normal', variant='normal', weight=400, stretch='normal', size='scalable')) = 10.05
2023-08-08 11:34:22 [DEBUG]: findfont: score(FontEntry(fname='C:\\WINDOWS\\Fonts\\trebuc.ttf', name='Trebuchet MS', style='normal', variant='normal', weight=400, stretch='normal', size='scalable')) = 10.05
2023-08-08 11:34:22 [DEBUG]: findfont: score(FontEntry(fname='C:\\Windows\\Fonts\\FZYTK.TTF', name='FZYaoTi', style='normal', variant='normal', weight=400, stretch='normal', size='scalable')) = 10.05
2023-08-08 11:34:22 [DEBUG]: findfont: score(FontEntry(fname='C:\\Windows\\Fonts\\DUBAI-REGULAR.TTF', name='Dubai', style='normal', variant='normal', weight=400, stretch='normal', size='scalable')) = 10.05
2023-08-08 11:34:22 [DEBUG]: findfont: score(FontEntry(fname='C:\\WINDOWS\\Fonts\\georgiaz.ttf', name='Georgia', style='italic', variant='normal', weight=700, stretch='normal', size='scalable')) = 11.335
2023-08-08 11:34:22 [DEBUG]: findfont: score(FontEntry(fname='C:\\WINDOWS\\Fonts\\FRABKIT.TTF', name='Franklin Gothic Book', style='italic', variant='normal', weight=400, stretch='normal', size='scalable')) = 11.05
2023-08-08 11:34:22 [DEBUG]: findfont: score(FontEntry(fname='C:\\WINDOWS\\Fonts\\LeelaUIb.ttf', name='Leelawadee UI', style='normal', variant='normal', weight=700, stretch='normal', size='scalable')) = 10.335
2023-08-08 11:34:22 [DEBUG]: findfont: score(FontEntry(fname='C:\\Windows\\Fonts\\CALIST.TTF', name='Calisto MT', style='normal', variant='normal', weight=400, stretch='normal', size='scalable')) = 10.05
2023-08-08 11:34:22 [DEBUG]: findfont: score(FontEntry(fname='C:\\WINDOWS\\Fonts\\malgun.ttf', name='Malgun Gothic', style='normal', variant='normal', weight=400, stretch='normal', size='scalable')) = 10.05
2023-08-08 11:34:22 [DEBUG]: findfont: score(FontEntry(fname='C:\\WINDOWS\\Fonts\\FREESCPT.TTF', name='Freestyle Script', style='normal', variant='normal', weight=400, stretch='normal', size='scalable')) = 10.05
2023-08-08 11:34:22 [DEBUG]: findfont: score(FontEntry(fname='C:\\WINDOWS\\Fonts\\ROCCB___.TTF', name='Rockwell Condensed', style='normal', variant='normal', weight=700, stretch='condensed', size='scalable')) = 10.535
2023-08-08 11:34:22 [DEBUG]: findfont: score(FontEntry(fname='C:\\Windows\\Fonts\\consolaz.ttf', name='Consolas', style='italic', variant='normal', weight=700, stretch='normal', size='scalable')) = 11.335
2023-08-08 11:34:22 [DEBUG]: findfont: score(FontEntry(fname='C:\\Windows\\Fonts\\BOD_R.TTF', name='Bodoni MT', style='normal', variant='normal', weight=400, stretch='normal', size='scalable')) = 10.05
2023-08-08 11:34:22 [DEBUG]: findfont: score(FontEntry(fname='C:\\WINDOWS\\Fonts\\LTYPEB.TTF', name='Lucida Sans Typewriter', style='normal', variant='normal', weight=600, stretch='normal', size='scalable')) = 10.24
2023-08-08 11:34:22 [DEBUG]: findfont: score(FontEntry(fname='C:\\WINDOWS\\Fonts\\BROADW.TTF', name='Broadway', style='normal', variant='normal', weight=400, stretch='normal', size='scalable')) = 10.05
2023-08-08 11:34:22 [DEBUG]: findfont: score(FontEntry(fname='C:\\Windows\\Fonts\\malgunbd.ttf', name='Malgun Gothic', style='normal', variant='normal', weight=700, stretch='normal', size='scalable')) = 10.335
2023-08-08 11:34:22 [DEBUG]: findfont: score(FontEntry(fname='C:\\Windows\\Fonts\\MTEXTRA.TTF', name='MT Extra', style='normal', variant='normal', weight=400, stretch='normal', size='scalable')) = 10.05
2023-08-08 11:34:22 [DEBUG]: findfont: score(FontEntry(fname='C:\\Windows\\Fonts\\ariali.ttf', name='Arial', style='italic', variant='normal', weight=400, stretch='normal', size='scalable')) = 1.05
2023-08-08 11:34:22 [DEBUG]: findfont: score(FontEntry(fname='C:\\Windows\\Fonts\\PARCHM.TTF', name='Parchment', style='normal', variant='normal', weight=400, stretch='normal', size='scalable')) = 10.05
2023-08-08 11:34:22 [DEBUG]: findfont: score(FontEntry(fname='C:\\Windows\\Fonts\\Candaraz.ttf', name='Candara', style='italic', variant='normal', weight=700, stretch='normal', size='scalable')) = 11.335
2023-08-08 11:34:22 [DEBUG]: findfont: score(FontEntry(fname='C:\\WINDOWS\\Fonts\\ebrimabd.ttf', name='Ebrima', style='normal', variant='normal', weight=700, stretch='normal', size='scalable')) = 10.335
2023-08-08 11:34:22 [DEBUG]: findfont: score(FontEntry(fname='C:\\Windows\\Fonts\\BAUHS93.TTF', name='Bauhaus 93', style='normal', variant='normal', weight=400, stretch='normal', size='scalable')) = 10.05
2023-08-08 11:34:22 [DEBUG]: findfont: score(FontEntry(fname='C:\\Windows\\Fonts\\CENSCBK.TTF', name='Century Schoolbook', style='normal', variant='normal', weight=400, stretch='normal', size='scalable')) = 10.05
2023-08-08 11:34:22 [DEBUG]: findfont: score(FontEntry(fname='C:\\Windows\\Fonts\\mmrtext.ttf', name='Myanmar Text', style='normal', variant='normal', weight=400, stretch='normal', size='scalable')) = 10.05
2023-08-08 11:34:22 [DEBUG]: findfont: score(FontEntry(fname='C:\\WINDOWS\\Fonts\\FRAHVIT.TTF', name='Franklin Gothic Heavy', style='italic', variant='normal', weight=400, stretch='normal', size='scalable')) = 11.05
2023-08-08 11:34:22 [DEBUG]: findfont: score(FontEntry(fname='C:\\Windows\\Fonts\\ITCEDSCR.TTF', name='Edwardian Script ITC', style='normal', variant='normal', weight=400, stretch='normal', size='scalable')) = 10.05
2023-08-08 11:34:22 [DEBUG]: findfont: score(FontEntry(fname='C:\\WINDOWS\\Fonts\\verdanab.ttf', name='Verdana', style='normal', variant='normal', weight=700, stretch='normal', size='scalable')) = 10.335
2023-08-08 11:34:22 [DEBUG]: findfont: score(FontEntry(fname='C:\\Windows\\Fonts\\corbelb.ttf', name='Corbel', style='normal', variant='normal', weight=700, stretch='normal', size='scalable')) = 10.335
2023-08-08 11:34:22 [DEBUG]: findfont: score(FontEntry(fname='C:\\Windows\\Fonts\\LeelawUI.ttf', name='Leelawadee UI', style='normal', variant='normal', weight=400, stretch='normal', size='scalable')) = 10.05
2023-08-08 11:34:22 [DEBUG]: findfont: score(FontEntry(fname='C:\\Windows\\Fonts\\MATURASC.TTF', name='Matura MT Script Capitals', style='normal', variant='normal', weight=400, stretch='normal', size='scalable')) = 10.05
2023-08-08 11:34:22 [DEBUG]: findfont: score(FontEntry(fname='C:\\Windows\\Fonts\\MISTRAL.TTF', name='Mistral', style='normal', variant='normal', weight=400, stretch='normal', size='scalable')) = 10.05
2023-08-08 11:34:22 [DEBUG]: findfont: score(FontEntry(fname='C:\\Windows\\Fonts\\seguisli.ttf', name='Segoe UI', style='italic', variant='normal', weight=350, stretch='normal', size='scalable')) = 11.0975
2023-08-08 11:34:22 [DEBUG]: findfont: score(FontEntry(fname='C:\\WINDOWS\\Fonts\\GIL_____.TTF', name='Gill Sans MT', style='normal', variant='normal', weight=400, stretch='normal', size='scalable')) = 10.05
2023-08-08 11:34:22 [DEBUG]: findfont: score(FontEntry(fname='C:\\Windows\\Fonts\\HTOWERTI.TTF', name='High Tower Text', style='italic', variant='normal', weight=400, stretch='normal', size='scalable')) = 11.05
2023-08-08 11:34:22 [DEBUG]: findfont: score(FontEntry(fname='C:\\Windows\\Fonts\\BOOKOSBI.TTF', name='Bookman Old Style', style='italic', variant='normal', weight=600, stretch='normal', size='scalable')) = 11.24
2023-08-08 11:34:22 [DEBUG]: findfont: score(FontEntry(fname='C:\\Windows\\Fonts\\taile.ttf', name='Microsoft Tai Le', style='normal', variant='normal', weight=400, stretch='normal', size='scalable')) = 10.05
2023-08-08 11:34:22 [DEBUG]: findfont: score(FontEntry(fname='C:\\WINDOWS\\Fonts\\HTOWERTI.TTF', name='High Tower Text', style='italic', variant='normal', weight=400, stretch='normal', size='scalable')) = 11.05
2023-08-08 11:34:22 [DEBUG]: findfont: score(FontEntry(fname='C:\\Windows\\Fonts\\OCRAEXT.TTF', name='OCR A Extended', style='normal', variant='normal', weight=400, stretch='expanded', size='scalable')) = 10.25
2023-08-08 11:34:22 [DEBUG]: findfont: score(FontEntry(fname='C:\\WINDOWS\\Fonts\\KUNSTLER.TTF', name='Kunstler Script', style='normal', variant='normal', weight=400, stretch='normal', size='scalable')) = 10.05
2023-08-08 11:34:22 [DEBUG]: findfont: score(FontEntry(fname='C:\\Windows\\Fonts\\BOD_CI.TTF', name='Bodoni MT', style='italic', variant='normal', weight=400, stretch='condensed', size='scalable')) = 11.25
2023-08-08 11:34:22 [DEBUG]: findfont: score(FontEntry(fname='C:\\WINDOWS\\Fonts\\segoeprb.ttf', name='Segoe Print', style='normal', variant='normal', weight=700, stretch='normal', size='scalable')) = 10.335
2023-08-08 11:34:22 [DEBUG]: findfont: score(FontEntry(fname='C:\\WINDOWS\\Fonts\\SitkaI.ttc', name='Sitka Small', style='italic', variant='normal', weight=400, stretch='normal', size='scalable')) = 11.05
2023-08-08 11:34:22 [DEBUG]: findfont: score(FontEntry(fname='C:\\Windows\\Fonts\\constanz.ttf', name='Constantia', style='italic', variant='normal', weight=700, stretch='normal', size='scalable')) = 11.335
2023-08-08 11:34:22 [DEBUG]: findfont: score(FontEntry(fname='C:\\WINDOWS\\Fonts\\seguisb.ttf', name='Segoe UI', style='normal', variant='normal', weight=600, stretch='normal', size='scalable')) = 10.24
2023-08-08 11:34:22 [DEBUG]: findfont: score(FontEntry(fname='C:\\WINDOWS\\Fonts\\GILI____.TTF', name='Gill Sans MT', style='italic', variant='normal', weight=400, stretch='normal', size='scalable')) = 11.05
2023-08-08 11:34:22 [DEBUG]: findfont: score(FontEntry(fname='C:\\WINDOWS\\Fonts\\ntailub.ttf', name='Microsoft New Tai Lue', style='normal', variant='normal', weight=700, stretch='normal', size='scalable')) = 10.335
2023-08-08 11:34:22 [DEBUG]: findfont: score(FontEntry(fname='C:\\Windows\\Fonts\\pala.ttf', name='Palatino Linotype', style='normal', variant='normal', weight=400, stretch='normal', size='scalable')) = 10.05
2023-08-08 11:34:22 [DEBUG]: findfont: score(FontEntry(fname='C:\\Windows\\Fonts\\segoescb.ttf', name='Segoe Script', style='normal', variant='normal', weight=700, stretch='normal', size='scalable')) = 10.335
2023-08-08 11:34:22 [DEBUG]: findfont: score(FontEntry(fname='C:\\Windows\\Fonts\\NirmalaS.ttf', name='Nirmala UI', style='normal', variant='normal', weight=350, stretch='normal', size='scalable')) = 10.0975
2023-08-08 11:34:22 [DEBUG]: findfont: score(FontEntry(fname='C:\\WINDOWS\\Fonts\\arialbd.ttf', name='Arial', style='normal', variant='normal', weight=700, stretch='normal', size='scalable')) = 0.33499999999999996
2023-08-08 11:34:22 [DEBUG]: findfont: score(FontEntry(fname='C:\\WINDOWS\\Fonts\\FTLTLT.TTF', name='Footlight MT Light', style='normal', variant='normal', weight=300, stretch='normal', size='scalable')) = 10.145
2023-08-08 11:34:22 [DEBUG]: findfont: score(FontEntry(fname='C:\\Windows\\Fonts\\SIMLI.TTF', name='LiSu', style='normal', variant='normal', weight=400, stretch='normal', size='scalable')) = 10.05
2023-08-08 11:34:22 [DEBUG]: findfont: score(FontEntry(fname='C:\\Windows\\Fonts\\LBRITE.TTF', name='Lucida Bright', style='normal', variant='normal', weight=400, stretch='normal', size='scalable')) = 10.05
2023-08-08 11:34:22 [DEBUG]: findfont: score(FontEntry(fname='C:\\Windows\\Fonts\\palab.ttf', name='Palatino Linotype', style='normal', variant='normal', weight=700, stretch='normal', size='scalable')) = 10.335
2023-08-08 11:34:22 [DEBUG]: findfont: score(FontEntry(fname='C:\\Windows\\Fonts\\ROCKEB.TTF', name='Rockwell Extra Bold', style='normal', variant='normal', weight=800, stretch='normal', size='scalable')) = 10.43
2023-08-08 11:34:22 [DEBUG]: findfont: score(FontEntry(fname='C:\\Windows\\Fonts\\seguihis.ttf', name='Segoe UI Historic', style='normal', variant='normal', weight=400, stretch='normal', size='scalable')) = 10.05
2023-08-08 11:34:22 [DEBUG]: findfont: score(FontEntry(fname='C:\\WINDOWS\\Fonts\\ARLRDBD.TTF', name='Arial Rounded MT Bold', style='normal', variant='normal', weight=400, stretch='normal', size='scalable')) = 10.05
2023-08-08 11:34:22 [DEBUG]: findfont: score(FontEntry(fname='C:\\WINDOWS\\Fonts\\simhei.ttf', name='SimHei', style='normal', variant='normal', weight=400, stretch='normal', size='scalable')) = 10.05
2023-08-08 11:34:22 [DEBUG]: findfont: score(FontEntry(fname='C:\\WINDOWS\\Fonts\\CALISTB.TTF', name='Calisto MT', style='normal', variant='normal', weight=700, stretch='normal', size='scalable')) = 10.335
2023-08-08 11:34:22 [DEBUG]: findfont: score(FontEntry(fname='C:\\Windows\\Fonts\\NIAGSOL.TTF', name='Niagara Solid', style='normal', variant='normal', weight=400, stretch='normal', size='scalable')) = 10.05
2023-08-08 11:34:22 [DEBUG]: findfont: score(FontEntry(fname='C:\\Windows\\Fonts\\方正粗黑宋简体.ttf', name='FZCuHeiSongS-B-GB', style='normal', variant='normal', weight=400, stretch='normal', size='scalable')) = 10.05
2023-08-08 11:34:22 [DEBUG]: findfont: score(FontEntry(fname='C:\\Windows\\Fonts\\ERASLGHT.TTF', name='Eras Light ITC', style='normal', variant='normal', weight=400, stretch='normal', size='scalable')) = 10.05
2023-08-08 11:34:22 [DEBUG]: findfont: score(FontEntry(fname='C:\\Windows\\Fonts\\simfang.ttf', name='FangSong', style='normal', variant='normal', weight=400, stretch='normal', size='scalable')) = 10.05
2023-08-08 11:34:22 [DEBUG]: findfont: score(FontEntry(fname='C:\\WINDOWS\\Fonts\\GILLUBCD.TTF', name='Gill Sans Ultra Bold Condensed', style='normal', variant='normal', weight=400, stretch='condensed', size='scalable')) = 10.25
2023-08-08 11:34:22 [DEBUG]: findfont: score(FontEntry(fname='C:\\Windows\\Fonts\\BOD_BI.TTF', name='Bodoni MT', style='italic', variant='normal', weight=700, stretch='normal', size='scalable')) = 11.335
2023-08-08 11:34:22 [DEBUG]: findfont: score(FontEntry(fname='C:\\Windows\\Fonts\\comic.ttf', name='Comic Sans MS', style='normal', variant='normal', weight=400, stretch='normal', size='scalable')) = 10.05
2023-08-08 11:34:22 [DEBUG]: findfont: score(FontEntry(fname='C:\\WINDOWS\\Fonts\\ERASDEMI.TTF', name='Eras Demi ITC', style='normal', variant='normal', weight=400, stretch='normal', size='scalable')) = 10.05
2023-08-08 11:34:22 [DEBUG]: findfont: score(FontEntry(fname='C:\\Windows\\Fonts\\segoepr.ttf', name='Segoe Print', style='normal', variant='normal', weight=400, stretch='normal', size='scalable')) = 10.05
2023-08-08 11:34:22 [DEBUG]: findfont: score(FontEntry(fname='C:\\Windows\\Fonts\\courbd.ttf', name='Courier New', style='normal', variant='normal', weight=700, stretch='normal', size='scalable')) = 10.335
2023-08-08 11:34:22 [DEBUG]: findfont: score(FontEntry(fname='C:\\Windows\\Fonts\\verdana.ttf', name='Verdana', style='normal', variant='normal', weight=400, stretch='normal', size='scalable')) = 10.05
2023-08-08 11:34:22 [DEBUG]: findfont: score(FontEntry(fname='C:\\Windows\\Fonts\\SHOWG.TTF', name='Showcard Gothic', style='normal', variant='normal', weight=400, stretch='normal', size='scalable')) = 10.05
2023-08-08 11:34:22 [DEBUG]: findfont: score(FontEntry(fname='C:\\WINDOWS\\Fonts\\JOKERMAN.TTF', name='Jokerman', style='normal', variant='normal', weight=400, stretch='normal', size='scalable')) = 10.05
2023-08-08 11:34:22 [DEBUG]: findfont: score(FontEntry(fname='C:\\Windows\\Fonts\\FORTE.TTF', name='Forte', style='normal', variant='normal', weight=400, stretch='normal', size='scalable')) = 10.05
2023-08-08 11:34:22 [DEBUG]: findfont: score(FontEntry(fname='C:\\WINDOWS\\Fonts\\ELEPHNT.TTF', name='Elephant', style='normal', variant='normal', weight=400, stretch='normal', size='scalable')) = 10.05
2023-08-08 11:34:22 [DEBUG]: findfont: score(FontEntry(fname='C:\\WINDOWS\\Fonts\\BRUSHSCI.TTF', name='Brush Script MT', style='italic', variant='normal', weight=400, stretch='normal', size='scalable')) = 11.05
2023-08-08 11:34:22 [DEBUG]: findfont: score(FontEntry(fname='C:\\WINDOWS\\Fonts\\Candarali.ttf', name='Candara', style='italic', variant='normal', weight=400, stretch='normal', size='scalable')) = 11.05
2023-08-08 11:34:22 [DEBUG]: findfont: score(FontEntry(fname='C:\\WINDOWS\\Fonts\\palab.ttf', name='Palatino Linotype', style='normal', variant='normal', weight=700, stretch='normal', size='scalable')) = 10.335
2023-08-08 11:34:22 [DEBUG]: findfont: score(FontEntry(fname='C:\\Windows\\Fonts\\arialbd.ttf', name='Arial', style='normal', variant='normal', weight=700, stretch='normal', size='scalable')) = 0.33499999999999996
2023-08-08 11:34:22 [DEBUG]: findfont: score(FontEntry(fname='C:\\Windows\\Fonts\\LBRITED.TTF', name='Lucida Bright', style='normal', variant='normal', weight=600, stretch='normal', size='scalable')) = 10.24
2023-08-08 11:34:22 [DEBUG]: findfont: score(FontEntry(fname='C:\\WINDOWS\\Fonts\\CHILLER.TTF', name='Chiller', style='normal', variant='normal', weight=400, stretch='normal', size='scalable')) = 10.05
2023-08-08 11:34:22 [DEBUG]: findfont: score(FontEntry(fname='C:\\Windows\\Fonts\\CASTELAR.TTF', name='Castellar', style='normal', variant='normal', weight=400, stretch='normal', size='scalable')) = 10.05
2023-08-08 11:34:22 [DEBUG]: findfont: score(FontEntry(fname='C:\\WINDOWS\\Fonts\\cambriab.ttf', name='Cambria', style='normal', variant='normal', weight=700, stretch='normal', size='scalable')) = 10.335
2023-08-08 11:34:22 [DEBUG]: findfont: score(FontEntry(fname='C:\\WINDOWS\\Fonts\\SIMLI.TTF', name='LiSu', style='normal', variant='normal', weight=400, stretch='normal', size='scalable')) = 10.05
2023-08-08 11:34:22 [DEBUG]: findfont: score(FontEntry(fname='C:\\Windows\\Fonts\\SCHLBKB.TTF', name='Century Schoolbook', style='normal', variant='normal', weight=700, stretch='normal', size='scalable')) = 10.335
2023-08-08 11:34:22 [DEBUG]: findfont: score(FontEntry(fname='C:\\WINDOWS\\Fonts\\BRLNSDB.TTF', name='Berlin Sans FB Demi', style='normal', variant='normal', weight=700, stretch='normal', size='scalable')) = 10.335
2023-08-08 11:34:22 [DEBUG]: findfont: score(FontEntry(fname='C:\\WINDOWS\\Fonts\\tahomabd.ttf', name='Tahoma', style='normal', variant='normal', weight=700, stretch='normal', size='scalable')) = 10.335
2023-08-08 11:34:22 [DEBUG]: findfont: score(FontEntry(fname='C:\\Windows\\Fonts\\GOUDOSI.TTF', name='Goudy Old Style', style='italic', variant='normal', weight=400, stretch='normal', size='scalable')) = 11.05
2023-08-08 11:34:22 [DEBUG]: findfont: score(FontEntry(fname='C:\\WINDOWS\\Fonts\\BOD_CI.TTF', name='Bodoni MT', style='italic', variant='normal', weight=400, stretch='condensed', size='scalable')) = 11.25
2023-08-08 11:34:22 [DEBUG]: findfont: score(FontEntry(fname='C:\\WINDOWS\\Fonts\\CURLZ___.TTF', name='Curlz MT', style='normal', variant='normal', weight=400, stretch='normal', size='scalable')) = 10.05
2023-08-08 11:34:22 [DEBUG]: findfont: score(FontEntry(fname='C:\\WINDOWS\\Fonts\\PLAYBILL.TTF', name='Playbill', style='normal', variant='normal', weight=400, stretch='normal', size='scalable')) = 10.05
2023-08-08 11:34:22 [DEBUG]: findfont: score(FontEntry(fname='C:\\Windows\\Fonts\\DUBAI-LIGHT.TTF', name='Dubai', style='normal', variant='normal', weight=300, stretch='normal', size='scalable')) = 10.145
2023-08-08 11:34:22 [DEBUG]: findfont: score(FontEntry(fname='C:\\Windows\\Fonts\\MSUIGHUB.TTF', name='Microsoft Uighur', style='normal', variant='normal', weight=700, stretch='normal', size='scalable')) = 10.335
2023-08-08 11:34:22 [DEBUG]: findfont: score(FontEntry(fname='C:\\WINDOWS\\Fonts\\LFAXI.TTF', name='Lucida Fax', style='italic', variant='normal', weight=400, stretch='normal', size='scalable')) = 11.05
2023-08-08 11:34:22 [DEBUG]: findfont: score(FontEntry(fname='C:\\WINDOWS\\Fonts\\simkai.ttf', name='KaiTi', style='normal', variant='normal', weight=400, stretch='normal', size='scalable')) = 10.05
2023-08-08 11:34:22 [DEBUG]: findfont: score(FontEntry(fname='C:\\WINDOWS\\Fonts\\TCCEB.TTF', name='Tw Cen MT Condensed Extra Bold', style='normal', variant='normal', weight=400, stretch='condensed', size='scalable')) = 10.25
2023-08-08 11:34:22 [DEBUG]: findfont: score(FontEntry(fname='C:\\Windows\\Fonts\\ENGR.TTF', name='Engravers MT', style='normal', variant='normal', weight=500, stretch='normal', size='scalable')) = 10.145
2023-08-08 11:34:22 [DEBUG]: findfont: score(FontEntry(fname='C:\\Windows\\Fonts\\arialbi.ttf', name='Arial', style='italic', variant='normal', weight=700, stretch='normal', size='scalable')) = 1.335
2023-08-08 11:34:22 [DEBUG]: findfont: score(FontEntry(fname='C:\\Windows\\Fonts\\ebrima.ttf', name='Ebrima', style='normal', variant='normal', weight=400, stretch='normal', size='scalable')) = 10.05
2023-08-08 11:34:22 [DEBUG]: findfont: score(FontEntry(fname='C:\\WINDOWS\\Fonts\\BOOKOSBI.TTF', name='Bookman Old Style', style='italic', variant='normal', weight=600, stretch='normal', size='scalable')) = 11.24
2023-08-08 11:34:22 [DEBUG]: findfont: score(FontEntry(fname='C:\\WINDOWS\\Fonts\\Candarab.ttf', name='Candara', style='normal', variant='normal', weight=700, stretch='normal', size='scalable')) = 10.335
2023-08-08 11:34:22 [DEBUG]: findfont: score(FontEntry(fname='C:\\Windows\\Fonts\\BELL.TTF', name='Bell MT', style='normal', variant='normal', weight=400, stretch='normal', size='scalable')) = 10.05
2023-08-08 11:34:22 [DEBUG]: findfont: score(FontEntry(fname='C:\\Windows\\Fonts\\LSANSI.TTF', name='Lucida Sans', style='italic', variant='normal', weight=400, stretch='normal', size='scalable')) = 11.05
2023-08-08 11:34:22 [DEBUG]: findfont: score(FontEntry(fname='C:\\WINDOWS\\Fonts\\ariali.ttf', name='Arial', style='italic', variant='normal', weight=400, stretch='normal', size='scalable')) = 1.05
2023-08-08 11:34:22 [DEBUG]: findfont: score(FontEntry(fname='C:\\WINDOWS\\Fonts\\LeelUIsl.ttf', name='Leelawadee UI', style='normal', variant='normal', weight=350, stretch='normal', size='scalable')) = 10.0975
2023-08-08 11:34:22 [DEBUG]: findfont: score(FontEntry(fname='C:\\WINDOWS\\Fonts\\comicz.ttf', name='Comic Sans MS', style='italic', variant='normal', weight=700, stretch='normal', size='scalable')) = 11.335
2023-08-08 11:34:22 [DEBUG]: findfont: score(FontEntry(fname='C:\\Windows\\Fonts\\calibril.ttf', name='Calibri', style='normal', variant='normal', weight=300, stretch='normal', size='scalable')) = 10.145
2023-08-08 11:34:22 [DEBUG]: findfont: score(FontEntry(fname='C:\\Windows\\Fonts\\TCCB____.TTF', name='Tw Cen MT Condensed', style='normal', variant='normal', weight=700, stretch='condensed', size='scalable')) = 10.535
2023-08-08 11:34:22 [DEBUG]: findfont: score(FontEntry(fname='C:\\Windows\\Fonts\\calibrii.ttf', name='Calibri', style='italic', variant='normal', weight=400, stretch='normal', size='scalable')) = 11.05
2023-08-08 11:34:22 [DEBUG]: findfont: score(FontEntry(fname='C:\\Windows\\Fonts\\ARLRDBD.TTF', name='Arial Rounded MT Bold', style='normal', variant='normal', weight=400, stretch='normal', size='scalable')) = 10.05
2023-08-08 11:34:22 [DEBUG]: findfont: score(FontEntry(fname='C:\\Windows\\Fonts\\MOD20.TTF', name='Modern No. 20', style='normal', variant='normal', weight=400, stretch='normal', size='scalable')) = 10.05
2023-08-08 11:34:22 [DEBUG]: findfont: score(FontEntry(fname='C:\\Windows\\Fonts\\SCHLBKBI.TTF', name='Century Schoolbook', style='italic', variant='normal', weight=700, stretch='normal', size='scalable')) = 11.335
2023-08-08 11:34:22 [DEBUG]: findfont: score(FontEntry(fname='C:\\Windows\\Fonts\\monbaiti.ttf', name='Mongolian Baiti', style='normal', variant='normal', weight=400, stretch='normal', size='scalable')) = 10.05
2023-08-08 11:34:22 [DEBUG]: findfont: score(FontEntry(fname='C:\\WINDOWS\\Fonts\\GLSNECB.TTF', name='Gill Sans MT Ext Condensed Bold', style='normal', variant='normal', weight=400, stretch='condensed', size='scalable')) = 10.25
2023-08-08 11:34:22 [DEBUG]: findfont: score(FontEntry(fname='C:\\WINDOWS\\Fonts\\ONYX.TTF', name='Onyx', style='normal', variant='normal', weight=400, stretch='normal', size='scalable')) = 10.05
2023-08-08 11:34:22 [DEBUG]: findfont: score(FontEntry(fname='C:\\Windows\\Fonts\\phagspab.ttf', name='Microsoft PhagsPa', style='normal', variant='normal', weight=700, stretch='normal', size='scalable')) = 10.335
2023-08-08 11:34:22 [DEBUG]: findfont: score(FontEntry(fname='C:\\WINDOWS\\Fonts\\calibrib.ttf', name='Calibri', style='normal', variant='normal', weight=700, stretch='normal', size='scalable')) = 10.335
2023-08-08 11:34:22 [DEBUG]: findfont: score(FontEntry(fname='C:\\WINDOWS\\Fonts\\BELLI.TTF', name='Bell MT', style='italic', variant='normal', weight=400, stretch='normal', size='scalable')) = 11.05
2023-08-08 11:34:22 [DEBUG]: findfont: score(FontEntry(fname='C:\\WINDOWS\\Fonts\\ROCKEB.TTF', name='Rockwell Extra Bold', style='normal', variant='normal', weight=800, stretch='normal', size='scalable')) = 10.43
2023-08-08 11:34:22 [DEBUG]: findfont: score(FontEntry(fname='C:\\WINDOWS\\Fonts\\ROCC____.TTF', name='Rockwell Condensed', style='normal', variant='normal', weight=400, stretch='condensed', size='scalable')) = 10.25
2023-08-08 11:34:22 [DEBUG]: findfont: score(FontEntry(fname='C:\\Windows\\Fonts\\GILSANUB.TTF', name='Gill Sans Ultra Bold', style='normal', variant='normal', weight=400, stretch='normal', size='scalable')) = 10.05
2023-08-08 11:34:22 [DEBUG]: findfont: score(FontEntry(fname='C:\\WINDOWS\\Fonts\\TCCM____.TTF', name='Tw Cen MT Condensed', style='normal', variant='normal', weight=400, stretch='condensed', size='scalable')) = 10.25
2023-08-08 11:34:22 [DEBUG]: findfont: score(FontEntry(fname='C:\\Windows\\Fonts\\corbeli.ttf', name='Corbel', style='italic', variant='normal', weight=400, stretch='normal', size='scalable')) = 11.05
2023-08-08 11:34:22 [DEBUG]: findfont: score(FontEntry(fname='C:\\WINDOWS\\Fonts\\BKANT.TTF', name='Book Antiqua', style='normal', variant='normal', weight=400, stretch='normal', size='scalable')) = 10.05
2023-08-08 11:34:22 [DEBUG]: findfont: score(FontEntry(fname='C:\\WINDOWS\\Fonts\\lucon.ttf', name='Lucida Console', style='normal', variant='normal', weight=400, stretch='normal', size='scalable')) = 10.05
2023-08-08 11:34:22 [DEBUG]: findfont: score(FontEntry(fname='C:\\Windows\\Fonts\\times.ttf', name='Times New Roman', style='normal', variant='normal', weight=400, stretch='normal', size='scalable')) = 10.05
2023-08-08 11:34:22 [DEBUG]: findfont: score(FontEntry(fname='C:\\Windows\\Fonts\\HARNGTON.TTF', name='Harrington', style='normal', variant='normal', weight=400, stretch='normal', size='scalable')) = 10.05
2023-08-08 11:34:22 [DEBUG]: findfont: score(FontEntry(fname='C:\\Windows\\Fonts\\BOD_CB.TTF', name='Bodoni MT', style='normal', variant='normal', weight=700, stretch='condensed', size='scalable')) = 10.535
2023-08-08 11:34:22 [DEBUG]: findfont: score(FontEntry(fname='C:\\WINDOWS\\Fonts\\HARNGTON.TTF', name='Harrington', style='normal', variant='normal', weight=400, stretch='normal', size='scalable')) = 10.05
2023-08-08 11:34:22 [DEBUG]: findfont: score(FontEntry(fname='C:\\Windows\\Fonts\\consolab.ttf', name='Consolas', style='normal', variant='normal', weight=700, stretch='normal', size='scalable')) = 10.335
2023-08-08 11:34:22 [DEBUG]: findfont: score(FontEntry(fname='C:\\Windows\\Fonts\\ANTQUAI.TTF', name='Book Antiqua', style='italic', variant='normal', weight=400, stretch='normal', size='scalable')) = 11.05
2023-08-08 11:34:22 [DEBUG]: findfont: score(FontEntry(fname='C:\\WINDOWS\\Fonts\\verdana.ttf', name='Verdana', style='normal', variant='normal', weight=400, stretch='normal', size='scalable')) = 10.05
2023-08-08 11:34:22 [DEBUG]: findfont: score(FontEntry(fname='C:\\WINDOWS\\Fonts\\framd.ttf', name='Franklin Gothic Medium', style='normal', variant='normal', weight=400, stretch='normal', size='scalable')) = 10.05
2023-08-08 11:34:22 [DEBUG]: findfont: score(FontEntry(fname='C:\\Windows\\Fonts\\cambriaz.ttf', name='Cambria', style='italic', variant='normal', weight=700, stretch='normal', size='scalable')) = 11.335
2023-08-08 11:34:22 [DEBUG]: findfont: score(FontEntry(fname='C:\\WINDOWS\\Fonts\\CALIFI.TTF', name='Californian FB', style='italic', variant='normal', weight=400, stretch='normal', size='scalable')) = 11.05
2023-08-08 11:34:22 [DEBUG]: findfont: score(FontEntry(fname='C:\\WINDOWS\\Fonts\\SIMYOU.TTF', name='YouYuan', style='normal', variant='normal', weight=400, stretch='normal', size='scalable')) = 10.05
2023-08-08 11:34:22 [DEBUG]: findfont: score(FontEntry(fname='C:\\WINDOWS\\Fonts\\ALGER.TTF', name='Algerian', style='normal', variant='normal', weight=400, stretch='normal', size='scalable')) = 10.05
2023-08-08 11:34:22 [DEBUG]: findfont: score(FontEntry(fname='C:\\WINDOWS\\Fonts\\msgothic.ttc', name='MS Gothic', style='normal', variant='normal', weight=400, stretch='normal', size='scalable')) = 10.05
2023-08-08 11:34:22 [DEBUG]: findfont: score(FontEntry(fname='C:\\Windows\\Fonts\\LeelaUIb.ttf', name='Leelawadee UI', style='normal', variant='normal', weight=700, stretch='normal', size='scalable')) = 10.335
2023-08-08 11:34:22 [DEBUG]: findfont: score(FontEntry(fname='C:\\WINDOWS\\Fonts\\BRLNSR.TTF', name='Berlin Sans FB', style='normal', variant='normal', weight=400, stretch='normal', size='scalable')) = 10.05
2023-08-08 11:34:22 [DEBUG]: findfont: score(FontEntry(fname='C:\\Windows\\Fonts\\PERI____.TTF', name='Perpetua', style='italic', variant='normal', weight=400, stretch='normal', size='scalable')) = 11.05
2023-08-08 11:34:22 [DEBUG]: findfont: score(FontEntry(fname='C:\\WINDOWS\\Fonts\\PALSCRI.TTF', name='Palace Script MT', style='normal', variant='normal', weight=400, stretch='normal', size='scalable')) = 10.05
2023-08-08 11:34:22 [DEBUG]: findfont: score(FontEntry(fname='C:\\Windows\\Fonts\\Inkfree.ttf', name='Ink Free', style='normal', variant='normal', weight=400, stretch='normal', size='scalable')) = 10.05
2023-08-08 11:34:22 [DEBUG]: findfont: score(FontEntry(fname='C:\\Windows\\Fonts\\SitkaZ.ttc', name='Sitka Small', style='italic', variant='normal', weight=700, stretch='normal', size='scalable')) = 11.335
2023-08-08 11:34:22 [DEBUG]: findfont: score(FontEntry(fname='C:\\WINDOWS\\Fonts\\comic.ttf', name='Comic Sans MS', style='normal', variant='normal', weight=400, stretch='normal', size='scalable')) = 10.05
2023-08-08 11:34:22 [DEBUG]: findfont: score(FontEntry(fname='C:\\Windows\\Fonts\\trebuc.ttf', name='Trebuchet MS', style='normal', variant='normal', weight=400, stretch='normal', size='scalable')) = 10.05
2023-08-08 11:34:22 [DEBUG]: findfont: score(FontEntry(fname='C:\\WINDOWS\\Fonts\\GOTHIC.TTF', name='Century Gothic', style='normal', variant='normal', weight=400, stretch='normal', size='scalable')) = 10.05
2023-08-08 11:34:22 [DEBUG]: findfont: score(FontEntry(fname='C:\\WINDOWS\\Fonts\\mvboli.ttf', name='MV Boli', style='normal', variant='normal', weight=400, stretch='normal', size='scalable')) = 10.05
2023-08-08 11:34:22 [DEBUG]: findfont: score(FontEntry(fname='C:\\WINDOWS\\Fonts\\GOTHICBI.TTF', name='Century Gothic', style='italic', variant='normal', weight=700, stretch='normal', size='scalable')) = 11.335
2023-08-08 11:34:22 [DEBUG]: findfont: score(FontEntry(fname='C:\\Windows\\Fonts\\GOTHIC.TTF', name='Century Gothic', style='normal', variant='normal', weight=400, stretch='normal', size='scalable')) = 10.05
2023-08-08 11:34:22 [DEBUG]: findfont: score(FontEntry(fname='C:\\Windows\\Fonts\\BOD_B.TTF', name='Bodoni MT', style='normal', variant='normal', weight=700, stretch='normal', size='scalable')) = 10.335
2023-08-08 11:34:22 [DEBUG]: findfont: score(FontEntry(fname='C:\\WINDOWS\\Fonts\\Gabriola.ttf', name='Gabriola', style='normal', variant='normal', weight=400, stretch='normal', size='scalable')) = 10.05
2023-08-08 11:34:22 [DEBUG]: findfont: score(FontEntry(fname='C:\\WINDOWS\\Fonts\\seguili.ttf', name='Segoe UI', style='italic', variant='normal', weight=300, stretch='normal', size='scalable')) = 11.145
2023-08-08 11:34:22 [DEBUG]: findfont: score(FontEntry(fname='C:\\Windows\\Fonts\\FRADMCN.TTF', name='Franklin Gothic Demi Cond', style='normal', variant='normal', weight=400, stretch='condensed', size='scalable')) = 10.25
2023-08-08 11:34:22 [DEBUG]: findfont: score(FontEntry(fname='C:\\WINDOWS\\Fonts\\DUBAI-MEDIUM.TTF', name='Dubai', style='normal', variant='normal', weight=500, stretch='normal', size='scalable')) = 10.145
2023-08-08 11:34:22 [DEBUG]: findfont: score(FontEntry(fname='C:\\WINDOWS\\Fonts\\NIAGENG.TTF', name='Niagara Engraved', style='normal', variant='normal', weight=400, stretch='normal', size='scalable')) = 10.05
2023-08-08 11:34:22 [DEBUG]: findfont: score(FontEntry(fname='C:\\Windows\\Fonts\\javatext.ttf', name='Javanese Text', style='normal', variant='normal', weight=400, stretch='normal', size='scalable')) = 10.05
2023-08-08 11:34:22 [DEBUG]: findfont: score(FontEntry(fname='C:\\WINDOWS\\Fonts\\trebucbi.ttf', name='Trebuchet MS', style='italic', variant='normal', weight=700, stretch='normal', size='scalable')) = 11.335
2023-08-08 11:34:22 [DEBUG]: findfont: score(FontEntry(fname='C:\\Windows\\Fonts\\STFANGSO.TTF', name='STFangsong', style='normal', variant='normal', weight=400, stretch='normal', size='scalable')) = 10.05
2023-08-08 11:34:22 [DEBUG]: findfont: score(FontEntry(fname='C:\\Windows\\Fonts\\TCCM____.TTF', name='Tw Cen MT Condensed', style='normal', variant='normal', weight=400, stretch='condensed', size='scalable')) = 10.25
2023-08-08 11:34:22 [DEBUG]: findfont: score(FontEntry(fname='C:\\WINDOWS\\Fonts\\STXINWEI.TTF', name='STXinwei', style='normal', variant='normal', weight=400, stretch='normal', size='scalable')) = 10.05
2023-08-08 11:34:22 [DEBUG]: findfont: score(FontEntry(fname='C:\\WINDOWS\\Fonts\\taileb.ttf', name='Microsoft Tai Le', style='normal', variant='normal', weight=700, stretch='normal', size='scalable')) = 10.335
2023-08-08 11:34:22 [DEBUG]: findfont: score(FontEntry(fname='C:\\WINDOWS\\Fonts\\BOD_BLAR.TTF', name='Bodoni MT', style='normal', variant='normal', weight=900, stretch='normal', size='scalable')) = 10.525
2023-08-08 11:34:22 [DEBUG]: findfont: score(FontEntry(fname='C:\\Windows\\Fonts\\BOD_CR.TTF', name='Bodoni MT', style='normal', variant='normal', weight=400, stretch='condensed', size='scalable')) = 10.25
2023-08-08 11:34:22 [DEBUG]: findfont: score(FontEntry(fname='C:\\Windows\\Fonts\\INFROMAN.TTF', name='Informal Roman', style='normal', variant='normal', weight=400, stretch='normal', size='scalable')) = 10.05
2023-08-08 11:34:22 [DEBUG]: findfont: score(FontEntry(fname='C:\\WINDOWS\\Fonts\\FZSTK.TTF', name='FZShuTi', style='normal', variant='normal', weight=400, stretch='normal', size='scalable')) = 10.05
2023-08-08 11:34:22 [DEBUG]: findfont: score(FontEntry(fname='C:\\WINDOWS\\Fonts\\CENSCBK.TTF', name='Century Schoolbook', style='normal', variant='normal', weight=400, stretch='normal', size='scalable')) = 10.05
2023-08-08 11:34:22 [DEBUG]: findfont: score(FontEntry(fname='C:\\Windows\\Fonts\\msjh.ttc', name='Microsoft JhengHei', style='normal', variant='normal', weight=400, stretch='normal', size='scalable')) = 10.05
2023-08-08 11:34:22 [DEBUG]: findfont: score(FontEntry(fname='C:\\WINDOWS\\Fonts\\cambriai.ttf', name='Cambria', style='italic', variant='normal', weight=400, stretch='normal', size='scalable')) = 11.05
2023-08-08 11:34:22 [DEBUG]: findfont: score(FontEntry(fname='C:\\Windows\\Fonts\\ROCCB___.TTF', name='Rockwell Condensed', style='normal', variant='normal', weight=700, stretch='condensed', size='scalable')) = 10.535
2023-08-08 11:34:22 [DEBUG]: findfont: score(FontEntry(fname='C:\\WINDOWS\\Fonts\\courbi.ttf', name='Courier New', style='italic', variant='normal', weight=700, stretch='normal', size='scalable')) = 11.335
2023-08-08 11:34:22 [DEBUG]: findfont: score(FontEntry(fname='C:\\Windows\\Fonts\\GIL_____.TTF', name='Gill Sans MT', style='normal', variant='normal', weight=400, stretch='normal', size='scalable')) = 10.05
2023-08-08 11:34:22 [DEBUG]: findfont: score(FontEntry(fname='C:\\WINDOWS\\Fonts\\ARIALN.TTF', name='Arial', style='normal', variant='normal', weight=400, stretch='condensed', size='scalable')) = 0.25
2023-08-08 11:34:22 [DEBUG]: findfont: score(FontEntry(fname='C:\\WINDOWS\\Fonts\\STHUPO.TTF', name='STHupo', style='normal', variant='normal', weight=400, stretch='normal', size='scalable')) = 10.05
2023-08-08 11:34:22 [DEBUG]: findfont: score(FontEntry(fname='C:\\Windows\\Fonts\\consola.ttf', name='Consolas', style='normal', variant='normal', weight=400, stretch='normal', size='scalable')) = 10.05
2023-08-08 11:34:22 [DEBUG]: findfont: score(FontEntry(fname='C:\\Windows\\Fonts\\seguisbi.ttf', name='Segoe UI', style='italic', variant='normal', weight=600, stretch='normal', size='scalable')) = 11.24
2023-08-08 11:34:22 [DEBUG]: findfont: score(FontEntry(fname='C:\\WINDOWS\\Fonts\\malgunsl.ttf', name='Malgun Gothic', style='normal', variant='normal', weight=300, stretch='normal', size='scalable')) = 10.145
2023-08-08 11:34:22 [DEBUG]: findfont: score(FontEntry(fname='C:\\Windows\\Fonts\\REFSPCL.TTF', name='MS Reference Specialty', style='normal', variant='normal', weight=400, stretch='normal', size='scalable')) = 10.05
2023-08-08 11:34:22 [DEBUG]: findfont: score(FontEntry(fname='C:\\WINDOWS\\Fonts\\OLDENGL.TTF', name='Old English Text MT', style='normal', variant='normal', weight=400, stretch='normal', size='scalable')) = 10.05
2023-08-08 11:34:22 [DEBUG]: findfont: score(FontEntry(fname='C:\\WINDOWS\\Fonts\\LSANSDI.TTF', name='Lucida Sans', style='italic', variant='normal', weight=600, stretch='normal', size='scalable')) = 11.24
2023-08-08 11:34:22 [DEBUG]: findfont: score(FontEntry(fname='C:\\WINDOWS\\Fonts\\pala.ttf', name='Palatino Linotype', style='normal', variant='normal', weight=400, stretch='normal', size='scalable')) = 10.05
2023-08-08 11:34:22 [DEBUG]: findfont: score(FontEntry(fname='C:\\Windows\\Fonts\\simkai.ttf', name='KaiTi', style='normal', variant='normal', weight=400, stretch='normal', size='scalable')) = 10.05
2023-08-08 11:34:22 [DEBUG]: findfont: score(FontEntry(fname='C:\\Windows\\Fonts\\trebucit.ttf', name='Trebuchet MS', style='italic', variant='normal', weight=400, stretch='normal', size='scalable')) = 11.05
2023-08-08 11:34:22 [DEBUG]: findfont: score(FontEntry(fname='C:\\WINDOWS\\Fonts\\phagspa.ttf', name='Microsoft PhagsPa', style='normal', variant='normal', weight=400, stretch='normal', size='scalable')) = 10.05
2023-08-08 11:34:22 [DEBUG]: findfont: score(FontEntry(fname='C:\\Windows\\Fonts\\BOOKOS.TTF', name='Bookman Old Style', style='normal', variant='normal', weight=300, stretch='normal', size='scalable')) = 10.145
2023-08-08 11:34:22 [DEBUG]: findfont: score(FontEntry(fname='C:\\WINDOWS\\Fonts\\constanb.ttf', name='Constantia', style='normal', variant='normal', weight=700, stretch='normal', size='scalable')) = 10.335
2023-08-08 11:34:22 [DEBUG]: findfont: score(FontEntry(fname='C:\\Windows\\Fonts\\comicbd.ttf', name='Comic Sans MS', style='normal', variant='normal', weight=700, stretch='normal', size='scalable')) = 10.335
2023-08-08 11:34:22 [DEBUG]: findfont: score(FontEntry(fname='C:\\WINDOWS\\Fonts\\webdings.ttf', name='Webdings', style='normal', variant='normal', weight=400, stretch='normal', size='scalable')) = 10.05
2023-08-08 11:34:22 [DEBUG]: findfont: score(FontEntry(fname='C:\\WINDOWS\\Fonts\\FRADM.TTF', name='Franklin Gothic Demi', style='normal', variant='normal', weight=400, stretch='normal', size='scalable')) = 10.05
2023-08-08 11:34:22 [DEBUG]: findfont: score(FontEntry(fname='C:\\WINDOWS\\Fonts\\CALISTBI.TTF', name='Calisto MT', style='italic', variant='normal', weight=700, stretch='normal', size='scalable')) = 11.335
2023-08-08 11:34:22 [DEBUG]: findfont: score(FontEntry(fname='C:\\Windows\\Fonts\\BERNHC.TTF', name='Bernard MT Condensed', style='normal', variant='normal', weight=400, stretch='condensed', size='scalable')) = 10.25
2023-08-08 11:34:22 [DEBUG]: findfont: score(FontEntry(fname='C:\\WINDOWS\\Fonts\\FRABK.TTF', name='Franklin Gothic Book', style='normal', variant='normal', weight=400, stretch='normal', size='scalable')) = 10.05
2023-08-08 11:34:22 [DEBUG]: findfont: score(FontEntry(fname='C:\\Windows\\Fonts\\ntailu.ttf', name='Microsoft New Tai Lue', style='normal', variant='normal', weight=400, stretch='normal', size='scalable')) = 10.05
2023-08-08 11:34:22 [DEBUG]: findfont: score(FontEntry(fname='C:\\Windows\\Fonts\\GIGI.TTF', name='Gigi', style='normal', variant='normal', weight=400, stretch='normal', size='scalable')) = 10.05
2023-08-08 11:34:22 [DEBUG]: findfont: score(FontEntry(fname='C:\\Windows\\Fonts\\malgunsl.ttf', name='Malgun Gothic', style='normal', variant='normal', weight=300, stretch='normal', size='scalable')) = 10.145
2023-08-08 11:34:22 [DEBUG]: findfont: score(FontEntry(fname='C:\\Windows\\Fonts\\CHILLER.TTF', name='Chiller', style='normal', variant='normal', weight=400, stretch='normal', size='scalable')) = 10.05
2023-08-08 11:34:22 [DEBUG]: findfont: score(FontEntry(fname='C:\\Windows\\Fonts\\msyi.ttf', name='Microsoft Yi Baiti', style='normal', variant='normal', weight=400, stretch='normal', size='scalable')) = 10.05
2023-08-08 11:34:22 [DEBUG]: findfont: score(FontEntry(fname='C:\\WINDOWS\\Fonts\\PERB____.TTF', name='Perpetua', style='normal', variant='normal', weight=700, stretch='normal', size='scalable')) = 10.335
2023-08-08 11:34:22 [DEBUG]: findfont: score(FontEntry(fname='C:\\Windows\\Fonts\\himalaya.ttf', name='Microsoft Himalaya', style='normal', variant='normal', weight=400, stretch='normal', size='scalable')) = 10.05
2023-08-08 11:34:22 [DEBUG]: findfont: score(FontEntry(fname='C:\\WINDOWS\\Fonts\\HATTEN.TTF', name='Haettenschweiler', style='normal', variant='normal', weight=400, stretch='normal', size='scalable')) = 10.05
2023-08-08 11:34:22 [DEBUG]: findfont: score(FontEntry(fname='C:\\Windows\\Fonts\\CALIFI.TTF', name='Californian FB', style='italic', variant='normal', weight=400, stretch='normal', size='scalable')) = 11.05
2023-08-08 11:34:22 [DEBUG]: findfont: score(FontEntry(fname='C:\\WINDOWS\\Fonts\\gadugib.ttf', name='Gadugi', style='normal', variant='normal', weight=700, stretch='normal', size='scalable')) = 10.335
2023-08-08 11:34:22 [DEBUG]: findfont: score(FontEntry(fname='C:\\WINDOWS\\Fonts\\ERASMD.TTF', name='Eras Medium ITC', style='normal', variant='normal', weight=400, stretch='normal', size='scalable')) = 10.05
2023-08-08 11:34:22 [DEBUG]: findfont: score(FontEntry(fname='C:\\Windows\\Fonts\\TEMPSITC.TTF', name='Tempus Sans ITC', style='normal', variant='normal', weight=400, stretch='normal', size='scalable')) = 10.05
2023-08-08 11:34:22 [DEBUG]: findfont: score(FontEntry(fname='C:\\Windows\\Fonts\\STSONG.TTF', name='STSong', style='normal', variant='normal', weight=400, stretch='normal', size='scalable')) = 10.05
2023-08-08 11:34:22 [DEBUG]: findfont: score(FontEntry(fname='C:\\WINDOWS\\Fonts\\LTYPEO.TTF', name='Lucida Sans Typewriter', style='oblique', variant='normal', weight=400, stretch='normal', size='scalable')) = 11.05
2023-08-08 11:34:22 [DEBUG]: findfont: score(FontEntry(fname='C:\\WINDOWS\\Fonts\\segoescb.ttf', name='Segoe Script', style='normal', variant='normal', weight=700, stretch='normal', size='scalable')) = 10.335
2023-08-08 11:34:22 [DEBUG]: findfont: score(FontEntry(fname='C:\\WINDOWS\\Fonts\\segoesc.ttf', name='Segoe Script', style='normal', variant='normal', weight=400, stretch='normal', size='scalable')) = 10.05
2023-08-08 11:34:22 [DEBUG]: findfont: score(FontEntry(fname='C:\\WINDOWS\\Fonts\\CALIFB.TTF', name='Californian FB', style='normal', variant='normal', weight=700, stretch='normal', size='scalable')) = 10.335
2023-08-08 11:34:22 [DEBUG]: findfont: score(FontEntry(fname='C:\\Windows\\Fonts\\ebrimabd.ttf', name='Ebrima', style='normal', variant='normal', weight=700, stretch='normal', size='scalable')) = 10.335
2023-08-08 11:34:22 [DEBUG]: findfont: score(FontEntry(fname='C:\\Windows\\Fonts\\BRITANIC.TTF', name='Britannic Bold', style='normal', variant='normal', weight=400, stretch='normal', size='scalable')) = 10.05
2023-08-08 11:34:22 [DEBUG]: findfont: score(FontEntry(fname='C:\\WINDOWS\\Fonts\\STZHONGS.TTF', name='STZhongsong', style='normal', variant='normal', weight=400, stretch='normal', size='scalable')) = 10.05
2023-08-08 11:34:22 [DEBUG]: findfont: score(FontEntry(fname='C:\\WINDOWS\\Fonts\\calibriz.ttf', name='Calibri', style='italic', variant='normal', weight=700, stretch='normal', size='scalable')) = 11.335
2023-08-08 11:34:22 [DEBUG]: findfont: score(FontEntry(fname='C:\\WINDOWS\\Fonts\\segoeuisl.ttf', name='Segoe UI', style='normal', variant='normal', weight=350, stretch='normal', size='scalable')) = 10.0975
2023-08-08 11:34:22 [DEBUG]: findfont: score(FontEntry(fname='C:\\Windows\\Fonts\\STXINGKA.TTF', name='STXingkai', style='normal', variant='normal', weight=400, stretch='normal', size='scalable')) = 10.05
2023-08-08 11:34:22 [DEBUG]: findfont: score(FontEntry(fname='C:\\Windows\\Fonts\\malgun.ttf', name='Malgun Gothic', style='normal', variant='normal', weight=400, stretch='normal', size='scalable')) = 10.05
2023-08-08 11:34:22 [DEBUG]: findfont: score(FontEntry(fname='C:\\WINDOWS\\Fonts\\MOD20.TTF', name='Modern No. 20', style='normal', variant='normal', weight=400, stretch='normal', size='scalable')) = 10.05
2023-08-08 11:34:22 [DEBUG]: findfont: score(FontEntry(fname='C:\\WINDOWS\\Fonts\\FRAHV.TTF', name='Franklin Gothic Heavy', style='normal', variant='normal', weight=400, stretch='normal', size='scalable')) = 10.05
2023-08-08 11:34:22 [DEBUG]: findfont: score(FontEntry(fname='C:\\Windows\\Fonts\\symbol.ttf', name='Symbol', style='normal', variant='normal', weight=400, stretch='normal', size='scalable')) = 10.05
2023-08-08 11:34:22 [DEBUG]: findfont: score(FontEntry(fname='C:\\Windows\\Fonts\\PALSCRI.TTF', name='Palace Script MT', style='normal', variant='normal', weight=400, stretch='normal', size='scalable')) = 10.05
2023-08-08 11:34:22 [DEBUG]: findfont: score(FontEntry(fname='C:\\WINDOWS\\Fonts\\COLONNA.TTF', name='Colonna MT', style='normal', variant='normal', weight=400, stretch='normal', size='scalable')) = 10.05
2023-08-08 11:34:22 [DEBUG]: findfont: score(FontEntry(fname='C:\\WINDOWS\\Fonts\\VIVALDII.TTF', name='Vivaldi', style='italic', variant='normal', weight=400, stretch='normal', size='scalable')) = 11.05
2023-08-08 11:34:22 [DEBUG]: findfont: score(FontEntry(fname='C:\\Windows\\Fonts\\IMPRISHA.TTF', name='Imprint MT Shadow', style='normal', variant='normal', weight=400, stretch='normal', size='scalable')) = 10.05
2023-08-08 11:34:22 [DEBUG]: findfont: score(FontEntry(fname='C:\\WINDOWS\\Fonts\\segoeuil.ttf', name='Segoe UI', style='normal', variant='normal', weight=300, stretch='normal', size='scalable')) = 10.145
2023-08-08 11:34:22 [DEBUG]: findfont: score(FontEntry(fname='C:\\Windows\\Fonts\\taileb.ttf', name='Microsoft Tai Le', style='normal', variant='normal', weight=700, stretch='normal', size='scalable')) = 10.335
2023-08-08 11:34:22 [DEBUG]: findfont: score(FontEntry(fname='C:\\WINDOWS\\Fonts\\PER_____.TTF', name='Perpetua', style='normal', variant='normal', weight=400, stretch='normal', size='scalable')) = 10.05
2023-08-08 11:34:22 [DEBUG]: findfont: score(FontEntry(fname='C:\\WINDOWS\\Fonts\\IMPRISHA.TTF', name='Imprint MT Shadow', style='normal', variant='normal', weight=400, stretch='normal', size='scalable')) = 10.05
2023-08-08 11:34:22 [DEBUG]: findfont: score(FontEntry(fname='C:\\Windows\\Fonts\\LFAXD.TTF', name='Lucida Fax', style='normal', variant='normal', weight=600, stretch='normal', size='scalable')) = 10.24
2023-08-08 11:34:22 [DEBUG]: findfont: score(FontEntry(fname='C:\\Windows\\Fonts\\SCHLBKI.TTF', name='Century Schoolbook', style='italic', variant='normal', weight=400, stretch='normal', size='scalable')) = 11.05
2023-08-08 11:34:22 [DEBUG]: findfont: score(FontEntry(fname='C:\\Windows\\Fonts\\segmdl2.ttf', name='Segoe MDL2 Assets', style='normal', variant='normal', weight=400, stretch='normal', size='scalable')) = 10.05
2023-08-08 11:34:22 [DEBUG]: findfont: score(FontEntry(fname='C:\\WINDOWS\\Fonts\\BOD_BLAI.TTF', name='Bodoni MT', style='italic', variant='normal', weight=900, stretch='normal', size='scalable')) = 11.525
2023-08-08 11:34:22 [DEBUG]: findfont: score(FontEntry(fname='C:\\WINDOWS\\Fonts\\monbaiti.ttf', name='Mongolian Baiti', style='normal', variant='normal', weight=400, stretch='normal', size='scalable')) = 10.05
2023-08-08 11:34:22 [DEBUG]: findfont: score(FontEntry(fname='C:\\WINDOWS\\Fonts\\MAGNETOB.TTF', name='Magneto', style='normal', variant='normal', weight=700, stretch='normal', size='scalable')) = 10.335
2023-08-08 11:34:22 [DEBUG]: findfont: score(FontEntry(fname='C:\\Windows\\Fonts\\STCAIYUN.TTF', name='STCaiyun', style='normal', variant='normal', weight=400, stretch='normal', size='scalable')) = 10.05
2023-08-08 11:34:22 [DEBUG]: findfont: score(FontEntry(fname='C:\\WINDOWS\\Fonts\\cambria.ttc', name='Cambria', style='normal', variant='normal', weight=400, stretch='normal', size='scalable')) = 10.05
2023-08-08 11:34:22 [DEBUG]: findfont: score(FontEntry(fname='C:\\WINDOWS\\Fonts\\seguihis.ttf', name='Segoe UI Historic', style='normal', variant='normal', weight=400, stretch='normal', size='scalable')) = 10.05
2023-08-08 11:34:22 [DEBUG]: findfont: score(FontEntry(fname='C:\\Windows\\Fonts\\ITCKRIST.TTF', name='Kristen ITC', style='normal', variant='normal', weight=400, stretch='normal', size='scalable')) = 10.05
2023-08-08 11:34:22 [DEBUG]: findfont: score(FontEntry(fname='C:\\Windows\\Fonts\\georgia.ttf', name='Georgia', style='normal', variant='normal', weight=400, stretch='normal', size='scalable')) = 10.05
2023-08-08 11:34:22 [DEBUG]: findfont: score(FontEntry(fname='C:\\Windows\\Fonts\\msyh.ttc', name='Microsoft YaHei', style='normal', variant='normal', weight=400, stretch='normal', size='scalable')) = 10.05
2023-08-08 11:34:22 [DEBUG]: findfont: score(FontEntry(fname='C:\\Windows\\Fonts\\trebucbi.ttf', name='Trebuchet MS', style='italic', variant='normal', weight=700, stretch='normal', size='scalable')) = 11.335
2023-08-08 11:34:22 [DEBUG]: findfont: score(FontEntry(fname='C:\\WINDOWS\\Fonts\\constan.ttf', name='Constantia', style='normal', variant='normal', weight=400, stretch='normal', size='scalable')) = 10.05
2023-08-08 11:34:22 [DEBUG]: findfont: score(FontEntry(fname='C:\\Windows\\Fonts\\Candara.ttf', name='Candara', style='normal', variant='normal', weight=400, stretch='normal', size='scalable')) = 10.05
2023-08-08 11:34:22 [DEBUG]: findfont: score(FontEntry(fname='C:\\WINDOWS\\Fonts\\ARIALNB.TTF', name='Arial', style='normal', variant='normal', weight=700, stretch='condensed', size='scalable')) = 0.5349999999999999
2023-08-08 11:34:22 [DEBUG]: findfont: score(FontEntry(fname='C:\\WINDOWS\\Fonts\\RAVIE.TTF', name='Ravie', style='normal', variant='normal', weight=400, stretch='normal', size='scalable')) = 10.05
2023-08-08 11:34:22 [DEBUG]: findfont: score(FontEntry(fname='C:\\Windows\\Fonts\\LFAXI.TTF', name='Lucida Fax', style='italic', variant='normal', weight=400, stretch='normal', size='scalable')) = 11.05
2023-08-08 11:34:22 [DEBUG]: findfont: score(FontEntry(fname='C:\\Windows\\Fonts\\MSUIGHUR.TTF', name='Microsoft Uighur', style='normal', variant='normal', weight=400, stretch='normal', size='scalable')) = 10.05
2023-08-08 11:34:22 [DEBUG]: findfont: score(FontEntry(fname='C:\\WINDOWS\\Fonts\\wingding.ttf', name='Wingdings', style='normal', variant='normal', weight=400, stretch='normal', size='scalable')) = 10.05
2023-08-08 11:34:22 [DEBUG]: findfont: score(FontEntry(fname='C:\\Windows\\Fonts\\RAVIE.TTF', name='Ravie', style='normal', variant='normal', weight=400, stretch='normal', size='scalable')) = 10.05
2023-08-08 11:34:22 [DEBUG]: findfont: score(FontEntry(fname='C:\\Windows\\Fonts\\LSANSDI.TTF', name='Lucida Sans', style='italic', variant='normal', weight=600, stretch='normal', size='scalable')) = 11.24
2023-08-08 11:34:22 [DEBUG]: findfont: score(FontEntry(fname='C:\\WINDOWS\\Fonts\\georgiab.ttf', name='Georgia', style='normal', variant='normal', weight=700, stretch='normal', size='scalable')) = 10.335
2023-08-08 11:34:22 [DEBUG]: findfont: score(FontEntry(fname='C:\\WINDOWS\\Fonts\\VLADIMIR.TTF', name='Vladimir Script', style='normal', variant='normal', weight=400, stretch='normal', size='scalable')) = 10.05
2023-08-08 11:34:22 [DEBUG]: findfont: score(FontEntry(fname='C:\\WINDOWS\\Fonts\\HARLOWSI.TTF', name='Harlow Solid Italic', style='italic', variant='normal', weight=400, stretch='normal', size='scalable')) = 11.05
2023-08-08 11:34:22 [DEBUG]: findfont: score(FontEntry(fname='C:\\WINDOWS\\Fonts\\mmrtextb.ttf', name='Myanmar Text', style='normal', variant='normal', weight=700, stretch='normal', size='scalable')) = 10.335
2023-08-08 11:34:22 [DEBUG]: findfont: score(FontEntry(fname='C:\\WINDOWS\\Fonts\\Dengb.ttf', name='DengXian', style='normal', variant='normal', weight=700, stretch='normal', size='scalable')) = 10.335
2023-08-08 11:34:22 [DEBUG]: findfont: score(FontEntry(fname='C:\\Windows\\Fonts\\corbelz.ttf', name='Corbel', style='italic', variant='normal', weight=700, stretch='normal', size='scalable')) = 11.335
2023-08-08 11:34:22 [DEBUG]: findfont: Matching sans\-serif:style=normal:variant=normal:weight=normal:stretch=normal:size=34.0 to Arial ('C:\\WINDOWS\\Fonts\\arial.ttf') with score of 0.050000.
2023-08-08 11:36:12 [DEBUG]: Loaded backend tkagg version 8.6.
2023-08-08 11:36:12 [DEBUG]: STREAM b'IHDR' 16 13
2023-08-08 11:36:12 [DEBUG]: STREAM b'sBIT' 41 4
2023-08-08 11:36:12 [DEBUG]: b'sBIT' 41 4 (unknown)
2023-08-08 11:36:12 [DEBUG]: STREAM b'pHYs' 57 9
2023-08-08 11:36:12 [DEBUG]: STREAM b'IDAT' 78 1189
2023-08-08 11:36:12 [DEBUG]: STREAM b'IHDR' 16 13
2023-08-08 11:36:12 [DEBUG]: STREAM b'sBIT' 41 4
2023-08-08 11:36:12 [DEBUG]: b'sBIT' 41 4 (unknown)
2023-08-08 11:36:12 [DEBUG]: STREAM b'pHYs' 57 9
2023-08-08 11:36:12 [DEBUG]: STREAM b'IDAT' 78 2994
2023-08-08 11:36:12 [DEBUG]: STREAM b'IHDR' 16 13
2023-08-08 11:36:12 [DEBUG]: STREAM b'sBIT' 41 4
2023-08-08 11:36:12 [DEBUG]: b'sBIT' 41 4 (unknown)
2023-08-08 11:36:12 [DEBUG]: STREAM b'pHYs' 57 9
2023-08-08 11:36:12 [DEBUG]: STREAM b'IDAT' 78 374
2023-08-08 11:36:12 [DEBUG]: STREAM b'IHDR' 16 13
2023-08-08 11:36:12 [DEBUG]: STREAM b'sBIT' 41 4
2023-08-08 11:36:12 [DEBUG]: b'sBIT' 41 4 (unknown)
2023-08-08 11:36:12 [DEBUG]: STREAM b'pHYs' 57 9
2023-08-08 11:36:12 [DEBUG]: STREAM b'IDAT' 78 286
2023-08-08 11:36:12 [DEBUG]: STREAM b'IHDR' 16 13
2023-08-08 11:36:12 [DEBUG]: STREAM b'sBIT' 41 4
2023-08-08 11:36:12 [DEBUG]: b'sBIT' 41 4 (unknown)
2023-08-08 11:36:12 [DEBUG]: STREAM b'pHYs' 57 9
2023-08-08 11:36:12 [DEBUG]: STREAM b'IDAT' 78 263
2023-08-08 11:36:12 [DEBUG]: STREAM b'IHDR' 16 13
2023-08-08 11:36:12 [DEBUG]: STREAM b'sBIT' 41 4
2023-08-08 11:36:12 [DEBUG]: b'sBIT' 41 4 (unknown)
2023-08-08 11:36:12 [DEBUG]: STREAM b'pHYs' 57 9
2023-08-08 11:36:12 [DEBUG]: STREAM b'IDAT' 78 387
2023-08-08 11:36:12 [DEBUG]: STREAM b'IHDR' 16 13
2023-08-08 11:36:12 [DEBUG]: STREAM b'sBIT' 41 4
2023-08-08 11:36:12 [DEBUG]: b'sBIT' 41 4 (unknown)
2023-08-08 11:36:12 [DEBUG]: STREAM b'pHYs' 57 9
2023-08-08 11:36:12 [DEBUG]: STREAM b'IDAT' 78 436
2023-08-08 11:36:12 [DEBUG]: STREAM b'IHDR' 16 13
2023-08-08 11:36:12 [DEBUG]: STREAM b'sBIT' 41 4
2023-08-08 11:36:12 [DEBUG]: b'sBIT' 41 4 (unknown)
2023-08-08 11:36:12 [DEBUG]: STREAM b'pHYs' 57 9
2023-08-08 11:36:12 [DEBUG]: STREAM b'IDAT' 78 351
2023-08-08 11:36:12 [DEBUG]: STREAM b'IHDR' 16 13
2023-08-08 11:36:12 [DEBUG]: STREAM b'sBIT' 41 4
2023-08-08 11:36:12 [DEBUG]: b'sBIT' 41 4 (unknown)
2023-08-08 11:36:12 [DEBUG]: STREAM b'pHYs' 57 9
2023-08-08 11:36:12 [DEBUG]: STREAM b'IDAT' 78 364
2023-08-08 11:36:13 [DEBUG]: findfont: Matching sans\-serif:style=normal:variant=normal:weight=normal:stretch=normal:size=18.0.
2023-08-08 11:36:13 [DEBUG]: findfont: score(FontEntry(fname='C:\\Users\\86151\\anaconda3\\envs\\LightGBM\\lib\\site-packages\\matplotlib\\mpl-data\\fonts\\ttf\\STIXNonUni.ttf', name='STIXNonUnicode', style='normal', variant='normal', weight=400, stretch='normal', size='scalable')) = 10.05
2023-08-08 11:36:13 [DEBUG]: findfont: score(FontEntry(fname='C:\\Users\\86151\\anaconda3\\envs\\LightGBM\\lib\\site-packages\\matplotlib\\mpl-data\\fonts\\ttf\\DejaVuSansMono-Oblique.ttf', name='DejaVu Sans Mono', style='oblique', variant='normal', weight=400, stretch='normal', size='scalable')) = 11.05
2023-08-08 11:36:13 [DEBUG]: findfont: score(FontEntry(fname='C:\\Users\\86151\\anaconda3\\envs\\LightGBM\\lib\\site-packages\\matplotlib\\mpl-data\\fonts\\ttf\\DejaVuSansMono.ttf', name='DejaVu Sans Mono', style='normal', variant='normal', weight=400, stretch='normal', size='scalable')) = 10.05
2023-08-08 11:36:13 [DEBUG]: findfont: score(FontEntry(fname='C:\\Users\\86151\\anaconda3\\envs\\LightGBM\\lib\\site-packages\\matplotlib\\mpl-data\\fonts\\ttf\\DejaVuSerif-BoldItalic.ttf', name='DejaVu Serif', style='italic', variant='normal', weight=700, stretch='normal', size='scalable')) = 11.335
2023-08-08 11:36:13 [DEBUG]: findfont: score(FontEntry(fname='C:\\Users\\86151\\anaconda3\\envs\\LightGBM\\lib\\site-packages\\matplotlib\\mpl-data\\fonts\\ttf\\cmmi10.ttf', name='cmmi10', style='normal', variant='normal', weight=400, stretch='normal', size='scalable')) = 10.05
2023-08-08 11:36:13 [DEBUG]: findfont: score(FontEntry(fname='C:\\Users\\86151\\anaconda3\\envs\\LightGBM\\lib\\site-packages\\matplotlib\\mpl-data\\fonts\\ttf\\STIXSizOneSymReg.ttf', name='STIXSizeOneSym', style='normal', variant='normal', weight=400, stretch='normal', size='scalable')) = 10.05
2023-08-08 11:36:13 [DEBUG]: findfont: score(FontEntry(fname='C:\\Users\\86151\\anaconda3\\envs\\LightGBM\\lib\\site-packages\\matplotlib\\mpl-data\\fonts\\ttf\\STIXSizTwoSymReg.ttf', name='STIXSizeTwoSym', style='normal', variant='normal', weight=400, stretch='normal', size='scalable')) = 10.05
2023-08-08 11:36:13 [DEBUG]: findfont: score(FontEntry(fname='C:\\Users\\86151\\anaconda3\\envs\\LightGBM\\lib\\site-packages\\matplotlib\\mpl-data\\fonts\\ttf\\STIXSizTwoSymBol.ttf', name='STIXSizeTwoSym', style='normal', variant='normal', weight=700, stretch='normal', size='scalable')) = 10.335
2023-08-08 11:36:13 [DEBUG]: findfont: score(FontEntry(fname='C:\\Users\\86151\\anaconda3\\envs\\LightGBM\\lib\\site-packages\\matplotlib\\mpl-data\\fonts\\ttf\\cmb10.ttf', name='cmb10', style='normal', variant='normal', weight=400, stretch='normal', size='scalable')) = 10.05
2023-08-08 11:36:13 [DEBUG]: findfont: score(FontEntry(fname='C:\\Users\\86151\\anaconda3\\envs\\LightGBM\\lib\\site-packages\\matplotlib\\mpl-data\\fonts\\ttf\\STIXNonUniBol.ttf', name='STIXNonUnicode', style='normal', variant='normal', weight=700, stretch='normal', size='scalable')) = 10.335
2023-08-08 11:36:13 [DEBUG]: findfont: score(FontEntry(fname='C:\\Users\\86151\\anaconda3\\envs\\LightGBM\\lib\\site-packages\\matplotlib\\mpl-data\\fonts\\ttf\\STIXSizFiveSymReg.ttf', name='STIXSizeFiveSym', style='normal', variant='normal', weight=400, stretch='normal', size='scalable')) = 10.05
2023-08-08 11:36:13 [DEBUG]: findfont: score(FontEntry(fname='C:\\Users\\86151\\anaconda3\\envs\\LightGBM\\lib\\site-packages\\matplotlib\\mpl-data\\fonts\\ttf\\STIXSizFourSymBol.ttf', name='STIXSizeFourSym', style='normal', variant='normal', weight=700, stretch='normal', size='scalable')) = 10.335
2023-08-08 11:36:13 [DEBUG]: findfont: score(FontEntry(fname='C:\\Users\\86151\\anaconda3\\envs\\LightGBM\\lib\\site-packages\\matplotlib\\mpl-data\\fonts\\ttf\\STIXSizFourSymReg.ttf', name='STIXSizeFourSym', style='normal', variant='normal', weight=400, stretch='normal', size='scalable')) = 10.05
2023-08-08 11:36:13 [DEBUG]: findfont: score(FontEntry(fname='C:\\Users\\86151\\anaconda3\\envs\\LightGBM\\lib\\site-packages\\matplotlib\\mpl-data\\fonts\\ttf\\DejaVuSans-Bold.ttf', name='DejaVu Sans', style='normal', variant='normal', weight=700, stretch='normal', size='scalable')) = 2.335
2023-08-08 11:36:13 [DEBUG]: findfont: score(FontEntry(fname='C:\\Users\\86151\\anaconda3\\envs\\LightGBM\\lib\\site-packages\\matplotlib\\mpl-data\\fonts\\ttf\\cmsy10.ttf', name='cmsy10', style='normal', variant='normal', weight=400, stretch='normal', size='scalable')) = 10.05
2023-08-08 11:36:13 [DEBUG]: findfont: score(FontEntry(fname='C:\\Users\\86151\\anaconda3\\envs\\LightGBM\\lib\\site-packages\\matplotlib\\mpl-data\\fonts\\ttf\\DejaVuSerif-Bold.ttf', name='DejaVu Serif', style='normal', variant='normal', weight=700, stretch='normal', size='scalable')) = 10.335
2023-08-08 11:36:13 [DEBUG]: findfont: score(FontEntry(fname='C:\\Users\\86151\\anaconda3\\envs\\LightGBM\\lib\\site-packages\\matplotlib\\mpl-data\\fonts\\ttf\\STIXGeneralBol.ttf', name='STIXGeneral', style='normal', variant='normal', weight=700, stretch='normal', size='scalable')) = 10.335
2023-08-08 11:36:13 [DEBUG]: findfont: score(FontEntry(fname='C:\\Users\\86151\\anaconda3\\envs\\LightGBM\\lib\\site-packages\\matplotlib\\mpl-data\\fonts\\ttf\\STIXGeneralBolIta.ttf', name='STIXGeneral', style='italic', variant='normal', weight=700, stretch='normal', size='scalable')) = 11.335
2023-08-08 11:36:13 [DEBUG]: findfont: score(FontEntry(fname='C:\\Users\\86151\\anaconda3\\envs\\LightGBM\\lib\\site-packages\\matplotlib\\mpl-data\\fonts\\ttf\\cmr10.ttf', name='cmr10', style='normal', variant='normal', weight=400, stretch='normal', size='scalable')) = 10.05
2023-08-08 11:36:13 [DEBUG]: findfont: score(FontEntry(fname='C:\\Users\\86151\\anaconda3\\envs\\LightGBM\\lib\\site-packages\\matplotlib\\mpl-data\\fonts\\ttf\\DejaVuSansMono-Bold.ttf', name='DejaVu Sans Mono', style='normal', variant='normal', weight=700, stretch='normal', size='scalable')) = 10.335
2023-08-08 11:36:13 [DEBUG]: findfont: score(FontEntry(fname='C:\\Users\\86151\\anaconda3\\envs\\LightGBM\\lib\\site-packages\\matplotlib\\mpl-data\\fonts\\ttf\\STIXSizOneSymBol.ttf', name='STIXSizeOneSym', style='normal', variant='normal', weight=700, stretch='normal', size='scalable')) = 10.335
2023-08-08 11:36:13 [DEBUG]: findfont: score(FontEntry(fname='C:\\Users\\86151\\anaconda3\\envs\\LightGBM\\lib\\site-packages\\matplotlib\\mpl-data\\fonts\\ttf\\DejaVuSerifDisplay.ttf', name='DejaVu Serif Display', style='normal', variant='normal', weight=400, stretch='normal', size='scalable')) = 10.05
2023-08-08 11:36:13 [DEBUG]: findfont: score(FontEntry(fname='C:\\Users\\86151\\anaconda3\\envs\\LightGBM\\lib\\site-packages\\matplotlib\\mpl-data\\fonts\\ttf\\STIXNonUniBolIta.ttf', name='STIXNonUnicode', style='italic', variant='normal', weight=700, stretch='normal', size='scalable')) = 11.335
2023-08-08 11:36:13 [DEBUG]: findfont: score(FontEntry(fname='C:\\Users\\86151\\anaconda3\\envs\\LightGBM\\lib\\site-packages\\matplotlib\\mpl-data\\fonts\\ttf\\STIXNonUniIta.ttf', name='STIXNonUnicode', style='italic', variant='normal', weight=400, stretch='normal', size='scalable')) = 11.05
2023-08-08 11:36:13 [DEBUG]: findfont: score(FontEntry(fname='C:\\Users\\86151\\anaconda3\\envs\\LightGBM\\lib\\site-packages\\matplotlib\\mpl-data\\fonts\\ttf\\DejaVuSansDisplay.ttf', name='DejaVu Sans Display', style='normal', variant='normal', weight=400, stretch='normal', size='scalable')) = 10.05
2023-08-08 11:36:13 [DEBUG]: findfont: score(FontEntry(fname='C:\\Users\\86151\\anaconda3\\envs\\LightGBM\\lib\\site-packages\\matplotlib\\mpl-data\\fonts\\ttf\\cmss10.ttf', name='cmss10', style='normal', variant='normal', weight=400, stretch='normal', size='scalable')) = 10.05
2023-08-08 11:36:13 [DEBUG]: findfont: score(FontEntry(fname='C:\\Users\\86151\\anaconda3\\envs\\LightGBM\\lib\\site-packages\\matplotlib\\mpl-data\\fonts\\ttf\\DejaVuSans-BoldOblique.ttf', name='DejaVu Sans', style='oblique', variant='normal', weight=700, stretch='normal', size='scalable')) = 3.335
2023-08-08 11:36:13 [DEBUG]: findfont: score(FontEntry(fname='C:\\Users\\86151\\anaconda3\\envs\\LightGBM\\lib\\site-packages\\matplotlib\\mpl-data\\fonts\\ttf\\STIXSizThreeSymBol.ttf', name='STIXSizeThreeSym', style='normal', variant='normal', weight=700, stretch='normal', size='scalable')) = 10.335
2023-08-08 11:36:13 [DEBUG]: findfont: score(FontEntry(fname='C:\\Users\\86151\\anaconda3\\envs\\LightGBM\\lib\\site-packages\\matplotlib\\mpl-data\\fonts\\ttf\\DejaVuSans.ttf', name='DejaVu Sans', style='normal', variant='normal', weight=400, stretch='normal', size='scalable')) = 2.05
2023-08-08 11:36:13 [DEBUG]: findfont: score(FontEntry(fname='C:\\Users\\86151\\anaconda3\\envs\\LightGBM\\lib\\site-packages\\matplotlib\\mpl-data\\fonts\\ttf\\cmex10.ttf', name='cmex10', style='normal', variant='normal', weight=400, stretch='normal', size='scalable')) = 10.05
2023-08-08 11:36:13 [DEBUG]: findfont: score(FontEntry(fname='C:\\Users\\86151\\anaconda3\\envs\\LightGBM\\lib\\site-packages\\matplotlib\\mpl-data\\fonts\\ttf\\cmtt10.ttf', name='cmtt10', style='normal', variant='normal', weight=400, stretch='normal', size='scalable')) = 10.05
2023-08-08 11:36:13 [DEBUG]: findfont: score(FontEntry(fname='C:\\Users\\86151\\anaconda3\\envs\\LightGBM\\lib\\site-packages\\matplotlib\\mpl-data\\fonts\\ttf\\DejaVuSans-Oblique.ttf', name='DejaVu Sans', style='oblique', variant='normal', weight=400, stretch='normal', size='scalable')) = 3.05
2023-08-08 11:36:13 [DEBUG]: findfont: score(FontEntry(fname='C:\\Users\\86151\\anaconda3\\envs\\LightGBM\\lib\\site-packages\\matplotlib\\mpl-data\\fonts\\ttf\\DejaVuSansMono-BoldOblique.ttf', name='DejaVu Sans Mono', style='oblique', variant='normal', weight=700, stretch='normal', size='scalable')) = 11.335
2023-08-08 11:36:13 [DEBUG]: findfont: score(FontEntry(fname='C:\\Users\\86151\\anaconda3\\envs\\LightGBM\\lib\\site-packages\\matplotlib\\mpl-data\\fonts\\ttf\\DejaVuSerif-Italic.ttf', name='DejaVu Serif', style='italic', variant='normal', weight=400, stretch='normal', size='scalable')) = 11.05
2023-08-08 11:36:13 [DEBUG]: findfont: score(FontEntry(fname='C:\\Users\\86151\\anaconda3\\envs\\LightGBM\\lib\\site-packages\\matplotlib\\mpl-data\\fonts\\ttf\\STIXGeneralItalic.ttf', name='STIXGeneral', style='italic', variant='normal', weight=400, stretch='normal', size='scalable')) = 11.05
2023-08-08 11:36:13 [DEBUG]: findfont: score(FontEntry(fname='C:\\Users\\86151\\anaconda3\\envs\\LightGBM\\lib\\site-packages\\matplotlib\\mpl-data\\fonts\\ttf\\DejaVuSerif.ttf', name='DejaVu Serif', style='normal', variant='normal', weight=400, stretch='normal', size='scalable')) = 10.05
2023-08-08 11:36:13 [DEBUG]: findfont: score(FontEntry(fname='C:\\Users\\86151\\anaconda3\\envs\\LightGBM\\lib\\site-packages\\matplotlib\\mpl-data\\fonts\\ttf\\STIXGeneral.ttf', name='STIXGeneral', style='normal', variant='normal', weight=400, stretch='normal', size='scalable')) = 10.05
2023-08-08 11:36:13 [DEBUG]: findfont: score(FontEntry(fname='C:\\Users\\86151\\anaconda3\\envs\\LightGBM\\lib\\site-packages\\matplotlib\\mpl-data\\fonts\\ttf\\STIXSizThreeSymReg.ttf', name='STIXSizeThreeSym', style='normal', variant='normal', weight=400, stretch='normal', size='scalable')) = 10.05
2023-08-08 11:36:13 [DEBUG]: findfont: score(FontEntry(fname='C:\\WINDOWS\\Fonts\\gadugi.ttf', name='Gadugi', style='normal', variant='normal', weight=400, stretch='normal', size='scalable')) = 10.05
2023-08-08 11:36:13 [DEBUG]: findfont: score(FontEntry(fname='C:\\WINDOWS\\Fonts\\MISTRAL.TTF', name='Mistral', style='normal', variant='normal', weight=400, stretch='normal', size='scalable')) = 10.05
2023-08-08 11:36:13 [DEBUG]: findfont: score(FontEntry(fname='C:\\Windows\\Fonts\\ERASBD.TTF', name='Eras Bold ITC', style='normal', variant='normal', weight=400, stretch='normal', size='scalable')) = 10.05
2023-08-08 11:36:13 [DEBUG]: findfont: score(FontEntry(fname='C:\\WINDOWS\\Fonts\\segmdl2.ttf', name='Segoe MDL2 Assets', style='normal', variant='normal', weight=400, stretch='normal', size='scalable')) = 10.05
2023-08-08 11:36:13 [DEBUG]: findfont: score(FontEntry(fname='C:\\WINDOWS\\Fonts\\GOUDYSTO.TTF', name='Goudy Stout', style='normal', variant='normal', weight=400, stretch='normal', size='scalable')) = 10.05
2023-08-08 11:36:13 [DEBUG]: findfont: score(FontEntry(fname='C:\\WINDOWS\\Fonts\\POORICH.TTF', name='Poor Richard', style='normal', variant='normal', weight=400, stretch='normal', size='scalable')) = 10.05
2023-08-08 11:36:13 [DEBUG]: findfont: score(FontEntry(fname='C:\\WINDOWS\\Fonts\\INFROMAN.TTF', name='Informal Roman', style='normal', variant='normal', weight=400, stretch='normal', size='scalable')) = 10.05
2023-08-08 11:36:13 [DEBUG]: findfont: score(FontEntry(fname='C:\\Windows\\Fonts\\CURLZ___.TTF', name='Curlz MT', style='normal', variant='normal', weight=400, stretch='normal', size='scalable')) = 10.05
2023-08-08 11:36:13 [DEBUG]: findfont: score(FontEntry(fname='C:\\WINDOWS\\Fonts\\simsun.ttc', name='SimSun', style='normal', variant='normal', weight=400, stretch='normal', size='scalable')) = 10.05
2023-08-08 11:36:13 [DEBUG]: findfont: score(FontEntry(fname='C:\\Windows\\Fonts\\constan.ttf', name='Constantia', style='normal', variant='normal', weight=400, stretch='normal', size='scalable')) = 10.05
2023-08-08 11:36:13 [DEBUG]: findfont: score(FontEntry(fname='C:\\WINDOWS\\Fonts\\STXIHEI.TTF', name='STXihei', style='normal', variant='normal', weight=400, stretch='normal', size='scalable')) = 10.05
2023-08-08 11:36:13 [DEBUG]: findfont: score(FontEntry(fname='C:\\WINDOWS\\Fonts\\trebucbd.ttf', name='Trebuchet MS', style='normal', variant='normal', weight=700, stretch='normal', size='scalable')) = 10.335
2023-08-08 11:36:13 [DEBUG]: findfont: score(FontEntry(fname='C:\\Windows\\Fonts\\seguisb.ttf', name='Segoe UI', style='normal', variant='normal', weight=600, stretch='normal', size='scalable')) = 10.24
2023-08-08 11:36:13 [DEBUG]: findfont: score(FontEntry(fname='C:\\WINDOWS\\Fonts\\georgia.ttf', name='Georgia', style='normal', variant='normal', weight=400, stretch='normal', size='scalable')) = 10.05
2023-08-08 11:36:13 [DEBUG]: findfont: score(FontEntry(fname='C:\\WINDOWS\\Fonts\\msjhl.ttc', name='Microsoft JhengHei', style='normal', variant='normal', weight=290, stretch='normal', size='scalable')) = 10.1545
2023-08-08 11:36:13 [DEBUG]: findfont: score(FontEntry(fname='C:\\Windows\\Fonts\\COOPBL.TTF', name='Cooper Black', style='normal', variant='normal', weight=400, stretch='normal', size='scalable')) = 10.05
2023-08-08 11:36:13 [DEBUG]: findfont: score(FontEntry(fname='C:\\WINDOWS\\Fonts\\CASTELAR.TTF', name='Castellar', style='normal', variant='normal', weight=400, stretch='normal', size='scalable')) = 10.05
2023-08-08 11:36:13 [DEBUG]: findfont: score(FontEntry(fname='C:\\Windows\\Fonts\\STHUPO.TTF', name='STHupo', style='normal', variant='normal', weight=400, stretch='normal', size='scalable')) = 10.05
2023-08-08 11:36:13 [DEBUG]: findfont: score(FontEntry(fname='C:\\Windows\\Fonts\\sylfaen.ttf', name='Sylfaen', style='normal', variant='normal', weight=400, stretch='normal', size='scalable')) = 10.05
2023-08-08 11:36:13 [DEBUG]: findfont: score(FontEntry(fname='C:\\WINDOWS\\Fonts\\WINGDNG2.TTF', name='Wingdings 2', style='normal', variant='normal', weight=400, stretch='normal', size='scalable')) = 10.05
2023-08-08 11:36:13 [DEBUG]: findfont: score(FontEntry(fname='C:\\WINDOWS\\Fonts\\arial.ttf', name='Arial', style='normal', variant='normal', weight=400, stretch='normal', size='scalable')) = 0.05
2023-08-08 11:36:13 [DEBUG]: findfont: score(FontEntry(fname='C:\\WINDOWS\\Fonts\\impact.ttf', name='Impact', style='normal', variant='normal', weight=400, stretch='normal', size='scalable')) = 10.05
2023-08-08 11:36:13 [DEBUG]: findfont: score(FontEntry(fname='C:\\WINDOWS\\Fonts\\seguisym.ttf', name='Segoe UI Symbol', style='normal', variant='normal', weight=400, stretch='normal', size='scalable')) = 10.05
2023-08-08 11:36:13 [DEBUG]: findfont: score(FontEntry(fname='C:\\Windows\\Fonts\\GILLUBCD.TTF', name='Gill Sans Ultra Bold Condensed', style='normal', variant='normal', weight=400, stretch='condensed', size='scalable')) = 10.25
2023-08-08 11:36:13 [DEBUG]: findfont: score(FontEntry(fname='C:\\Windows\\Fonts\\corbelli.ttf', name='Corbel', style='italic', variant='normal', weight=300, stretch='normal', size='scalable')) = 11.145
2023-08-08 11:36:13 [DEBUG]: findfont: score(FontEntry(fname='C:\\WINDOWS\\Fonts\\DUBAI-LIGHT.TTF', name='Dubai', style='normal', variant='normal', weight=300, stretch='normal', size='scalable')) = 10.145
2023-08-08 11:36:13 [DEBUG]: findfont: score(FontEntry(fname='C:\\WINDOWS\\Fonts\\holomdl2.ttf', name='HoloLens MDL2 Assets', style='normal', variant='normal', weight=400, stretch='normal', size='scalable')) = 10.05
2023-08-08 11:36:13 [DEBUG]: findfont: score(FontEntry(fname='C:\\WINDOWS\\Fonts\\ENGR.TTF', name='Engravers MT', style='normal', variant='normal', weight=500, stretch='normal', size='scalable')) = 10.145
2023-08-08 11:36:13 [DEBUG]: findfont: score(FontEntry(fname='C:\\WINDOWS\\Fonts\\BASKVILL.TTF', name='Baskerville Old Face', style='normal', variant='normal', weight=400, stretch='normal', size='scalable')) = 10.05
2023-08-08 11:36:13 [DEBUG]: findfont: score(FontEntry(fname='C:\\Windows\\Fonts\\ARIALNB.TTF', name='Arial', style='normal', variant='normal', weight=700, stretch='condensed', size='scalable')) = 0.5349999999999999
2023-08-08 11:36:13 [DEBUG]: findfont: score(FontEntry(fname='C:\\Windows\\Fonts\\SIMYOU.TTF', name='YouYuan', style='normal', variant='normal', weight=400, stretch='normal', size='scalable')) = 10.05
2023-08-08 11:36:13 [DEBUG]: findfont: score(FontEntry(fname='C:\\Windows\\Fonts\\simhei.ttf', name='SimHei', style='normal', variant='normal', weight=400, stretch='normal', size='scalable')) = 10.05
2023-08-08 11:36:13 [DEBUG]: findfont: score(FontEntry(fname='C:\\Windows\\Fonts\\LFAXDI.TTF', name='Lucida Fax', style='italic', variant='normal', weight=600, stretch='normal', size='scalable')) = 11.24
2023-08-08 11:36:13 [DEBUG]: findfont: score(FontEntry(fname='C:\\Windows\\Fonts\\CALIFR.TTF', name='Californian FB', style='normal', variant='normal', weight=400, stretch='normal', size='scalable')) = 10.05
2023-08-08 11:36:13 [DEBUG]: findfont: score(FontEntry(fname='C:\\WINDOWS\\Fonts\\ITCKRIST.TTF', name='Kristen ITC', style='normal', variant='normal', weight=400, stretch='normal', size='scalable')) = 10.05
2023-08-08 11:36:13 [DEBUG]: findfont: score(FontEntry(fname='C:\\Windows\\Fonts\\SNAP____.TTF', name='Snap ITC', style='normal', variant='normal', weight=400, stretch='normal', size='scalable')) = 10.05
2023-08-08 11:36:13 [DEBUG]: findfont: score(FontEntry(fname='C:\\Windows\\Fonts\\calibrib.ttf', name='Calibri', style='normal', variant='normal', weight=700, stretch='normal', size='scalable')) = 10.335
2023-08-08 11:36:13 [DEBUG]: findfont: score(FontEntry(fname='C:\\Windows\\Fonts\\msjhl.ttc', name='Microsoft JhengHei', style='normal', variant='normal', weight=290, stretch='normal', size='scalable')) = 10.1545
2023-08-08 11:36:13 [DEBUG]: findfont: score(FontEntry(fname='C:\\WINDOWS\\Fonts\\GOUDOSI.TTF', name='Goudy Old Style', style='italic', variant='normal', weight=400, stretch='normal', size='scalable')) = 11.05
2023-08-08 11:36:13 [DEBUG]: findfont: score(FontEntry(fname='C:\\WINDOWS\\Fonts\\LTYPE.TTF', name='Lucida Sans Typewriter', style='normal', variant='normal', weight=400, stretch='normal', size='scalable')) = 10.05
2023-08-08 11:36:13 [DEBUG]: findfont: score(FontEntry(fname='C:\\Windows\\Fonts\\LCALLIG.TTF', name='Lucida Calligraphy', style='italic', variant='normal', weight=400, stretch='normal', size='scalable')) = 11.05
2023-08-08 11:36:13 [DEBUG]: findfont: score(FontEntry(fname='C:\\WINDOWS\\Fonts\\Candara.ttf', name='Candara', style='normal', variant='normal', weight=400, stretch='normal', size='scalable')) = 10.05
2023-08-08 11:36:13 [DEBUG]: findfont: score(FontEntry(fname='C:\\WINDOWS\\Fonts\\LFAXDI.TTF', name='Lucida Fax', style='italic', variant='normal', weight=600, stretch='normal', size='scalable')) = 11.24
2023-08-08 11:36:13 [DEBUG]: findfont: score(FontEntry(fname='C:\\Windows\\Fonts\\gadugib.ttf', name='Gadugi', style='normal', variant='normal', weight=700, stretch='normal', size='scalable')) = 10.335
2023-08-08 11:36:13 [DEBUG]: findfont: score(FontEntry(fname='C:\\WINDOWS\\Fonts\\LBRITEDI.TTF', name='Lucida Bright', style='italic', variant='normal', weight=600, stretch='normal', size='scalable')) = 11.24
2023-08-08 11:36:13 [DEBUG]: findfont: score(FontEntry(fname='C:\\WINDOWS\\Fonts\\GARABD.TTF', name='Garamond', style='normal', variant='normal', weight=700, stretch='normal', size='scalable')) = 10.335
2023-08-08 11:36:13 [DEBUG]: findfont: score(FontEntry(fname='C:\\WINDOWS\\Fonts\\ntailu.ttf', name='Microsoft New Tai Lue', style='normal', variant='normal', weight=400, stretch='normal', size='scalable')) = 10.05
2023-08-08 11:36:13 [DEBUG]: findfont: score(FontEntry(fname='C:\\WINDOWS\\Fonts\\GLECB.TTF', name='Gloucester MT Extra Condensed', style='normal', variant='normal', weight=400, stretch='condensed', size='scalable')) = 10.25
2023-08-08 11:36:13 [DEBUG]: findfont: score(FontEntry(fname='C:\\Windows\\Fonts\\georgiai.ttf', name='Georgia', style='italic', variant='normal', weight=400, stretch='normal', size='scalable')) = 11.05
2023-08-08 11:36:13 [DEBUG]: findfont: score(FontEntry(fname='C:\\WINDOWS\\Fonts\\ITCBLKAD.TTF', name='Blackadder ITC', style='normal', variant='normal', weight=400, stretch='normal', size='scalable')) = 10.05
2023-08-08 11:36:13 [DEBUG]: findfont: score(FontEntry(fname='C:\\Windows\\Fonts\\Deng.ttf', name='DengXian', style='normal', variant='normal', weight=400, stretch='normal', size='scalable')) = 10.05
2023-08-08 11:36:13 [DEBUG]: findfont: score(FontEntry(fname='C:\\Windows\\Fonts\\JUICE___.TTF', name='Juice ITC', style='normal', variant='normal', weight=400, stretch='normal', size='scalable')) = 10.05
2023-08-08 11:36:13 [DEBUG]: findfont: score(FontEntry(fname='C:\\WINDOWS\\Fonts\\GOTHICI.TTF', name='Century Gothic', style='italic', variant='normal', weight=400, stretch='normal', size='scalable')) = 11.05
2023-08-08 11:36:13 [DEBUG]: findfont: score(FontEntry(fname='C:\\WINDOWS\\Fonts\\OUTLOOK.TTF', name='MS Outlook', style='normal', variant='normal', weight=400, stretch='normal', size='scalable')) = 10.05
2023-08-08 11:36:13 [DEBUG]: findfont: score(FontEntry(fname='C:\\Windows\\Fonts\\LHANDW.TTF', name='Lucida Handwriting', style='italic', variant='normal', weight=400, stretch='normal', size='scalable')) = 11.05
2023-08-08 11:36:13 [DEBUG]: findfont: score(FontEntry(fname='C:\\Windows\\Fonts\\FRABK.TTF', name='Franklin Gothic Book', style='normal', variant='normal', weight=400, stretch='normal', size='scalable')) = 10.05
2023-08-08 11:36:13 [DEBUG]: findfont: score(FontEntry(fname='C:\\Windows\\Fonts\\arial.ttf', name='Arial', style='normal', variant='normal', weight=400, stretch='normal', size='scalable')) = 0.05
2023-08-08 11:36:13 [DEBUG]: findfont: score(FontEntry(fname='C:\\WINDOWS\\Fonts\\consolai.ttf', name='Consolas', style='italic', variant='normal', weight=400, stretch='normal', size='scalable')) = 11.05
2023-08-08 11:36:13 [DEBUG]: findfont: score(FontEntry(fname='C:\\WINDOWS\\Fonts\\LATINWD.TTF', name='Wide Latin', style='normal', variant='normal', weight=400, stretch='expanded', size='scalable')) = 10.25
2023-08-08 11:36:13 [DEBUG]: findfont: score(FontEntry(fname='C:\\WINDOWS\\Fonts\\JUICE___.TTF', name='Juice ITC', style='normal', variant='normal', weight=400, stretch='normal', size='scalable')) = 10.05
2023-08-08 11:36:13 [DEBUG]: findfont: score(FontEntry(fname='C:\\Windows\\Fonts\\ONYX.TTF', name='Onyx', style='normal', variant='normal', weight=400, stretch='normal', size='scalable')) = 10.05
2023-08-08 11:36:13 [DEBUG]: findfont: score(FontEntry(fname='C:\\Windows\\Fonts\\VLADIMIR.TTF', name='Vladimir Script', style='normal', variant='normal', weight=400, stretch='normal', size='scalable')) = 10.05
2023-08-08 11:36:13 [DEBUG]: findfont: score(FontEntry(fname='C:\\WINDOWS\\Fonts\\seguibli.ttf', name='Segoe UI', style='italic', variant='normal', weight=900, stretch='normal', size='scalable')) = 11.525
2023-08-08 11:36:13 [DEBUG]: findfont: score(FontEntry(fname='C:\\Windows\\Fonts\\LBRITEDI.TTF', name='Lucida Bright', style='italic', variant='normal', weight=600, stretch='normal', size='scalable')) = 11.24
2023-08-08 11:36:13 [DEBUG]: findfont: score(FontEntry(fname='C:\\Windows\\Fonts\\phagspa.ttf', name='Microsoft PhagsPa', style='normal', variant='normal', weight=400, stretch='normal', size='scalable')) = 10.05
2023-08-08 11:36:13 [DEBUG]: findfont: score(FontEntry(fname='C:\\Windows\\Fonts\\GARA.TTF', name='Garamond', style='normal', variant='normal', weight=400, stretch='normal', size='scalable')) = 10.05
2023-08-08 11:36:13 [DEBUG]: findfont: score(FontEntry(fname='C:\\Windows\\Fonts\\NirmalaB.ttf', name='Nirmala UI', style='normal', variant='normal', weight=700, stretch='normal', size='scalable')) = 10.335
2023-08-08 11:36:13 [DEBUG]: findfont: score(FontEntry(fname='C:\\WINDOWS\\Fonts\\TCB_____.TTF', name='Tw Cen MT', style='normal', variant='normal', weight=700, stretch='normal', size='scalable')) = 10.335
2023-08-08 11:36:13 [DEBUG]: findfont: score(FontEntry(fname='C:\\WINDOWS\\Fonts\\LFAX.TTF', name='Lucida Fax', style='normal', variant='normal', weight=400, stretch='normal', size='scalable')) = 10.05
2023-08-08 11:36:13 [DEBUG]: findfont: score(FontEntry(fname='C:\\Windows\\Fonts\\STXINWEI.TTF', name='STXinwei', style='normal', variant='normal', weight=400, stretch='normal', size='scalable')) = 10.05
2023-08-08 11:36:13 [DEBUG]: findfont: score(FontEntry(fname='C:\\WINDOWS\\Fonts\\GARAIT.TTF', name='Garamond', style='italic', variant='normal', weight=400, stretch='normal', size='scalable')) = 11.05
2023-08-08 11:36:13 [DEBUG]: findfont: score(FontEntry(fname='C:\\WINDOWS\\Fonts\\BSSYM7.TTF', name='Bookshelf Symbol 7', style='normal', variant='normal', weight=400, stretch='normal', size='scalable')) = 10.05
2023-08-08 11:36:13 [DEBUG]: findfont: score(FontEntry(fname='C:\\Windows\\Fonts\\PRISTINA.TTF', name='Pristina', style='normal', variant='normal', weight=400, stretch='normal', size='scalable')) = 10.05
2023-08-08 11:36:13 [DEBUG]: findfont: score(FontEntry(fname='C:\\WINDOWS\\Fonts\\ANTQUABI.TTF', name='Book Antiqua', style='italic', variant='normal', weight=700, stretch='normal', size='scalable')) = 11.335
2023-08-08 11:36:13 [DEBUG]: findfont: score(FontEntry(fname='C:\\Windows\\Fonts\\STZHONGS.TTF', name='STZhongsong', style='normal', variant='normal', weight=400, stretch='normal', size='scalable')) = 10.05
2023-08-08 11:36:13 [DEBUG]: findfont: score(FontEntry(fname='C:\\WINDOWS\\Fonts\\courbd.ttf', name='Courier New', style='normal', variant='normal', weight=700, stretch='normal', size='scalable')) = 10.335
2023-08-08 11:36:13 [DEBUG]: findfont: score(FontEntry(fname='C:\\Windows\\Fonts\\OUTLOOK.TTF', name='MS Outlook', style='normal', variant='normal', weight=400, stretch='normal', size='scalable')) = 10.05
2023-08-08 11:36:13 [DEBUG]: findfont: score(FontEntry(fname='C:\\Windows\\Fonts\\cambriab.ttf', name='Cambria', style='normal', variant='normal', weight=700, stretch='normal', size='scalable')) = 10.335
2023-08-08 11:36:13 [DEBUG]: findfont: score(FontEntry(fname='C:\\Windows\\Fonts\\BOOKOSB.TTF', name='Bookman Old Style', style='normal', variant='normal', weight=600, stretch='normal', size='scalable')) = 10.24
2023-08-08 11:36:13 [DEBUG]: findfont: score(FontEntry(fname='C:\\Windows\\Fonts\\TCM_____.TTF', name='Tw Cen MT', style='normal', variant='normal', weight=400, stretch='normal', size='scalable')) = 10.05
2023-08-08 11:36:13 [DEBUG]: findfont: score(FontEntry(fname='C:\\Windows\\Fonts\\calibrili.ttf', name='Calibri', style='italic', variant='normal', weight=300, stretch='normal', size='scalable')) = 11.145
2023-08-08 11:36:13 [DEBUG]: findfont: score(FontEntry(fname='C:\\WINDOWS\\Fonts\\BELLB.TTF', name='Bell MT', style='normal', variant='normal', weight=700, stretch='normal', size='scalable')) = 10.335
2023-08-08 11:36:13 [DEBUG]: findfont: score(FontEntry(fname='C:\\Windows\\Fonts\\COLONNA.TTF', name='Colonna MT', style='normal', variant='normal', weight=400, stretch='normal', size='scalable')) = 10.05
2023-08-08 11:36:13 [DEBUG]: findfont: score(FontEntry(fname='C:\\WINDOWS\\Fonts\\segoepr.ttf', name='Segoe Print', style='normal', variant='normal', weight=400, stretch='normal', size='scalable')) = 10.05
2023-08-08 11:36:13 [DEBUG]: findfont: score(FontEntry(fname='C:\\WINDOWS\\Fonts\\ELEPHNTI.TTF', name='Elephant', style='italic', variant='normal', weight=400, stretch='normal', size='scalable')) = 11.05
2023-08-08 11:36:13 [DEBUG]: findfont: score(FontEntry(fname='C:\\WINDOWS\\Fonts\\AGENCYR.TTF', name='Agency FB', style='normal', variant='normal', weight=400, stretch='normal', size='scalable')) = 10.05
2023-08-08 11:36:13 [DEBUG]: findfont: score(FontEntry(fname='C:\\WINDOWS\\Fonts\\corbell.ttf', name='Corbel', style='normal', variant='normal', weight=300, stretch='normal', size='scalable')) = 10.145
2023-08-08 11:36:13 [DEBUG]: findfont: score(FontEntry(fname='C:\\WINDOWS\\Fonts\\micross.ttf', name='Microsoft Sans Serif', style='normal', variant='normal', weight=400, stretch='normal', size='scalable')) = 10.05
2023-08-08 11:36:13 [DEBUG]: findfont: score(FontEntry(fname='C:\\Windows\\Fonts\\lucon.ttf', name='Lucida Console', style='normal', variant='normal', weight=400, stretch='normal', size='scalable')) = 10.05
2023-08-08 11:36:13 [DEBUG]: findfont: score(FontEntry(fname='C:\\Windows\\Fonts\\NumberOnly.ttf', name='NumberOnly', style='normal', variant='normal', weight=700, stretch='normal', size='scalable')) = 10.335
2023-08-08 11:36:13 [DEBUG]: findfont: score(FontEntry(fname='C:\\Windows\\Fonts\\PERB____.TTF', name='Perpetua', style='normal', variant='normal', weight=700, stretch='normal', size='scalable')) = 10.335
2023-08-08 11:36:13 [DEBUG]: findfont: score(FontEntry(fname='C:\\Windows\\Fonts\\calibriz.ttf', name='Calibri', style='italic', variant='normal', weight=700, stretch='normal', size='scalable')) = 11.335
2023-08-08 11:36:13 [DEBUG]: findfont: score(FontEntry(fname='C:\\WINDOWS\\Fonts\\CALIFR.TTF', name='Californian FB', style='normal', variant='normal', weight=400, stretch='normal', size='scalable')) = 10.05
2023-08-08 11:36:13 [DEBUG]: findfont: score(FontEntry(fname='C:\\Windows\\Fonts\\GOTHICB.TTF', name='Century Gothic', style='normal', variant='normal', weight=700, stretch='normal', size='scalable')) = 10.335
2023-08-08 11:36:13 [DEBUG]: findfont: score(FontEntry(fname='C:\\WINDOWS\\Fonts\\TEMPSITC.TTF', name='Tempus Sans ITC', style='normal', variant='normal', weight=400, stretch='normal', size='scalable')) = 10.05
2023-08-08 11:36:13 [DEBUG]: findfont: score(FontEntry(fname='C:\\WINDOWS\\Fonts\\LBRITE.TTF', name='Lucida Bright', style='normal', variant='normal', weight=400, stretch='normal', size='scalable')) = 10.05
2023-08-08 11:36:13 [DEBUG]: findfont: score(FontEntry(fname='C:\\WINDOWS\\Fonts\\TCBI____.TTF', name='Tw Cen MT', style='italic', variant='normal', weight=700, stretch='normal', size='scalable')) = 11.335
2023-08-08 11:36:13 [DEBUG]: findfont: score(FontEntry(fname='C:\\Windows\\Fonts\\GOUDYSTO.TTF', name='Goudy Stout', style='normal', variant='normal', weight=400, stretch='normal', size='scalable')) = 10.05
2023-08-08 11:36:13 [DEBUG]: findfont: score(FontEntry(fname='C:\\Windows\\Fonts\\ROCC____.TTF', name='Rockwell Condensed', style='normal', variant='normal', weight=400, stretch='condensed', size='scalable')) = 10.25
2023-08-08 11:36:13 [DEBUG]: findfont: score(FontEntry(fname='C:\\WINDOWS\\Fonts\\BOD_B.TTF', name='Bodoni MT', style='normal', variant='normal', weight=700, stretch='normal', size='scalable')) = 10.335
2023-08-08 11:36:13 [DEBUG]: findfont: score(FontEntry(fname='C:\\Windows\\Fonts\\Dengb.ttf', name='DengXian', style='normal', variant='normal', weight=700, stretch='normal', size='scalable')) = 10.335
2023-08-08 11:36:13 [DEBUG]: findfont: score(FontEntry(fname='C:\\Windows\\Fonts\\CENTAUR.TTF', name='Centaur', style='normal', variant='normal', weight=400, stretch='normal', size='scalable')) = 10.05
2023-08-08 11:36:13 [DEBUG]: findfont: score(FontEntry(fname='C:\\WINDOWS\\Fonts\\SCHLBKI.TTF', name='Century Schoolbook', style='italic', variant='normal', weight=400, stretch='normal', size='scalable')) = 11.05
2023-08-08 11:36:13 [DEBUG]: findfont: score(FontEntry(fname='C:\\Windows\\Fonts\\holomdl2.ttf', name='HoloLens MDL2 Assets', style='normal', variant='normal', weight=400, stretch='normal', size='scalable')) = 10.05
2023-08-08 11:36:13 [DEBUG]: findfont: score(FontEntry(fname='C:\\WINDOWS\\Fonts\\GILBI___.TTF', name='Gill Sans MT', style='italic', variant='normal', weight=700, stretch='normal', size='scalable')) = 11.335
2023-08-08 11:36:13 [DEBUG]: findfont: score(FontEntry(fname='C:\\WINDOWS\\Fonts\\TCMI____.TTF', name='Tw Cen MT', style='italic', variant='normal', weight=400, stretch='normal', size='scalable')) = 11.05
2023-08-08 11:36:13 [DEBUG]: findfont: score(FontEntry(fname='C:\\Windows\\Fonts\\ROCK.TTF', name='Rockwell', style='normal', variant='normal', weight=400, stretch='normal', size='scalable')) = 10.05
2023-08-08 11:36:13 [DEBUG]: findfont: score(FontEntry(fname='C:\\Windows\\Fonts\\VINERITC.TTF', name='Viner Hand ITC', style='normal', variant='normal', weight=400, stretch='normal', size='scalable')) = 10.05
2023-08-08 11:36:13 [DEBUG]: findfont: score(FontEntry(fname='C:\\WINDOWS\\Fonts\\WINGDNG3.TTF', name='Wingdings 3', style='normal', variant='normal', weight=400, stretch='normal', size='scalable')) = 10.05
2023-08-08 11:36:13 [DEBUG]: findfont: score(FontEntry(fname='C:\\Windows\\Fonts\\mvboli.ttf', name='MV Boli', style='normal', variant='normal', weight=400, stretch='normal', size='scalable')) = 10.05
2023-08-08 11:36:13 [DEBUG]: findfont: score(FontEntry(fname='C:\\Windows\\Fonts\\ARIALN.TTF', name='Arial', style='normal', variant='normal', weight=400, stretch='condensed', size='scalable')) = 0.25
2023-08-08 11:36:13 [DEBUG]: findfont: score(FontEntry(fname='C:\\Windows\\Fonts\\SitkaI.ttc', name='Sitka Small', style='italic', variant='normal', weight=400, stretch='normal', size='scalable')) = 11.05
2023-08-08 11:36:13 [DEBUG]: findfont: score(FontEntry(fname='C:\\Windows\\Fonts\\msgothic.ttc', name='MS Gothic', style='normal', variant='normal', weight=400, stretch='normal', size='scalable')) = 10.05
2023-08-08 11:36:13 [DEBUG]: findfont: score(FontEntry(fname='C:\\Windows\\Fonts\\COPRGTB.TTF', name='Copperplate Gothic Bold', style='normal', variant='normal', weight=400, stretch='normal', size='scalable')) = 10.05
2023-08-08 11:36:13 [DEBUG]: findfont: score(FontEntry(fname='C:\\Windows\\Fonts\\BELLI.TTF', name='Bell MT', style='italic', variant='normal', weight=400, stretch='normal', size='scalable')) = 11.05
2023-08-08 11:36:13 [DEBUG]: findfont: score(FontEntry(fname='C:\\WINDOWS\\Fonts\\LSANSI.TTF', name='Lucida Sans', style='italic', variant='normal', weight=400, stretch='normal', size='scalable')) = 11.05
2023-08-08 11:36:13 [DEBUG]: findfont: score(FontEntry(fname='C:\\WINDOWS\\Fonts\\PRISTINA.TTF', name='Pristina', style='normal', variant='normal', weight=400, stretch='normal', size='scalable')) = 10.05
2023-08-08 11:36:13 [DEBUG]: findfont: score(FontEntry(fname='C:\\Windows\\Fonts\\CALISTB.TTF', name='Calisto MT', style='normal', variant='normal', weight=700, stretch='normal', size='scalable')) = 10.335
2023-08-08 11:36:13 [DEBUG]: findfont: score(FontEntry(fname='C:\\WINDOWS\\Fonts\\BOD_CR.TTF', name='Bodoni MT', style='normal', variant='normal', weight=400, stretch='condensed', size='scalable')) = 10.25
2023-08-08 11:36:13 [DEBUG]: findfont: score(FontEntry(fname='C:\\WINDOWS\\Fonts\\msyhbd.ttc', name='Microsoft YaHei', style='normal', variant='normal', weight=700, stretch='normal', size='scalable')) = 10.335
2023-08-08 11:36:13 [DEBUG]: findfont: score(FontEntry(fname='C:\\WINDOWS\\Fonts\\FORTE.TTF', name='Forte', style='normal', variant='normal', weight=400, stretch='normal', size='scalable')) = 10.05
2023-08-08 11:36:13 [DEBUG]: findfont: score(FontEntry(fname='C:\\Windows\\Fonts\\HATTEN.TTF', name='Haettenschweiler', style='normal', variant='normal', weight=400, stretch='normal', size='scalable')) = 10.05
2023-08-08 11:36:13 [DEBUG]: findfont: score(FontEntry(fname='C:\\WINDOWS\\Fonts\\COOPBL.TTF', name='Cooper Black', style='normal', variant='normal', weight=400, stretch='normal', size='scalable')) = 10.05
2023-08-08 11:36:13 [DEBUG]: findfont: score(FontEntry(fname='C:\\Windows\\Fonts\\seguisym.ttf', name='Segoe UI Symbol', style='normal', variant='normal', weight=400, stretch='normal', size='scalable')) = 10.05
2023-08-08 11:36:13 [DEBUG]: findfont: score(FontEntry(fname='C:\\Windows\\Fonts\\GOTHICBI.TTF', name='Century Gothic', style='italic', variant='normal', weight=700, stretch='normal', size='scalable')) = 11.335
2023-08-08 11:36:13 [DEBUG]: findfont: score(FontEntry(fname='C:\\WINDOWS\\Fonts\\BOOKOSI.TTF', name='Bookman Old Style', style='italic', variant='normal', weight=300, stretch='normal', size='scalable')) = 11.145
2023-08-08 11:36:13 [DEBUG]: findfont: score(FontEntry(fname='C:\\WINDOWS\\Fonts\\phagspab.ttf', name='Microsoft PhagsPa', style='normal', variant='normal', weight=700, stretch='normal', size='scalable')) = 10.335
2023-08-08 11:36:13 [DEBUG]: findfont: score(FontEntry(fname='C:\\Windows\\Fonts\\FRAHV.TTF', name='Franklin Gothic Heavy', style='normal', variant='normal', weight=400, stretch='normal', size='scalable')) = 10.05
2023-08-08 11:36:13 [DEBUG]: findfont: score(FontEntry(fname='C:\\WINDOWS\\Fonts\\HTOWERT.TTF', name='High Tower Text', style='normal', variant='normal', weight=400, stretch='normal', size='scalable')) = 10.05
2023-08-08 11:36:13 [DEBUG]: findfont: score(FontEntry(fname='C:\\Windows\\Fonts\\BOD_I.TTF', name='Bodoni MT', style='italic', variant='normal', weight=400, stretch='normal', size='scalable')) = 11.05
2023-08-08 11:36:13 [DEBUG]: findfont: score(FontEntry(fname='C:\\WINDOWS\\Fonts\\BOOKOS.TTF', name='Bookman Old Style', style='normal', variant='normal', weight=300, stretch='normal', size='scalable')) = 10.145
2023-08-08 11:36:13 [DEBUG]: findfont: score(FontEntry(fname='C:\\WINDOWS\\Fonts\\OCRAEXT.TTF', name='OCR A Extended', style='normal', variant='normal', weight=400, stretch='expanded', size='scalable')) = 10.25
2023-08-08 11:36:13 [DEBUG]: findfont: score(FontEntry(fname='C:\\WINDOWS\\Fonts\\calibri.ttf', name='Calibri', style='normal', variant='normal', weight=400, stretch='normal', size='scalable')) = 10.05
2023-08-08 11:36:13 [DEBUG]: findfont: score(FontEntry(fname='C:\\Windows\\Fonts\\timesbd.ttf', name='Times New Roman', style='normal', variant='normal', weight=700, stretch='normal', size='scalable')) = 10.335
2023-08-08 11:36:13 [DEBUG]: findfont: score(FontEntry(fname='C:\\Windows\\Fonts\\GILBI___.TTF', name='Gill Sans MT', style='italic', variant='normal', weight=700, stretch='normal', size='scalable')) = 11.335
2023-08-08 11:36:13 [DEBUG]: findfont: score(FontEntry(fname='C:\\WINDOWS\\Fonts\\taile.ttf', name='Microsoft Tai Le', style='normal', variant='normal', weight=400, stretch='normal', size='scalable')) = 10.05
2023-08-08 11:36:13 [DEBUG]: findfont: score(FontEntry(fname='C:\\WINDOWS\\Fonts\\STCAIYUN.TTF', name='STCaiyun', style='normal', variant='normal', weight=400, stretch='normal', size='scalable')) = 10.05
2023-08-08 11:36:13 [DEBUG]: findfont: score(FontEntry(fname='C:\\Windows\\Fonts\\palabi.ttf', name='Palatino Linotype', style='italic', variant='normal', weight=700, stretch='normal', size='scalable')) = 11.335
2023-08-08 11:36:13 [DEBUG]: findfont: score(FontEntry(fname='C:\\Windows\\Fonts\\BOD_BLAI.TTF', name='Bodoni MT', style='italic', variant='normal', weight=900, stretch='normal', size='scalable')) = 11.525
2023-08-08 11:36:13 [DEBUG]: findfont: score(FontEntry(fname='C:\\Windows\\Fonts\\BELLB.TTF', name='Bell MT', style='normal', variant='normal', weight=700, stretch='normal', size='scalable')) = 10.335
2023-08-08 11:36:13 [DEBUG]: findfont: score(FontEntry(fname='C:\\WINDOWS\\Fonts\\msyh.ttc', name='Microsoft YaHei', style='normal', variant='normal', weight=400, stretch='normal', size='scalable')) = 10.05
2023-08-08 11:36:13 [DEBUG]: findfont: score(FontEntry(fname='C:\\WINDOWS\\Fonts\\msyhl.ttc', name='Microsoft YaHei', style='normal', variant='normal', weight=290, stretch='normal', size='scalable')) = 10.1545
2023-08-08 11:36:13 [DEBUG]: findfont: score(FontEntry(fname='C:\\WINDOWS\\Fonts\\PERTILI.TTF', name='Perpetua Titling MT', style='normal', variant='normal', weight=300, stretch='normal', size='scalable')) = 10.145
2023-08-08 11:36:13 [DEBUG]: findfont: score(FontEntry(fname='C:\\WINDOWS\\Fonts\\SitkaZ.ttc', name='Sitka Small', style='italic', variant='normal', weight=700, stretch='normal', size='scalable')) = 11.335
2023-08-08 11:36:13 [DEBUG]: findfont: score(FontEntry(fname='C:\\WINDOWS\\Fonts\\timesbi.ttf', name='Times New Roman', style='italic', variant='normal', weight=700, stretch='normal', size='scalable')) = 11.335
2023-08-08 11:36:13 [DEBUG]: findfont: score(FontEntry(fname='C:\\Windows\\Fonts\\TCMI____.TTF', name='Tw Cen MT', style='italic', variant='normal', weight=400, stretch='normal', size='scalable')) = 11.05
2023-08-08 11:36:13 [DEBUG]: findfont: score(FontEntry(fname='C:\\Windows\\Fonts\\SitkaB.ttc', name='Sitka Small', style='normal', variant='normal', weight=700, stretch='normal', size='scalable')) = 10.335
2023-08-08 11:36:13 [DEBUG]: findfont: score(FontEntry(fname='C:\\Windows\\Fonts\\STENCIL.TTF', name='Stencil', style='normal', variant='normal', weight=400, stretch='normal', size='scalable')) = 10.05
2023-08-08 11:36:13 [DEBUG]: findfont: score(FontEntry(fname='C:\\Windows\\Fonts\\Candarab.ttf', name='Candara', style='normal', variant='normal', weight=700, stretch='normal', size='scalable')) = 10.335
2023-08-08 11:36:13 [DEBUG]: findfont: score(FontEntry(fname='C:\\WINDOWS\\Fonts\\ARIALNI.TTF', name='Arial', style='italic', variant='normal', weight=400, stretch='condensed', size='scalable')) = 1.25
2023-08-08 11:36:13 [DEBUG]: findfont: score(FontEntry(fname='C:\\WINDOWS\\Fonts\\constani.ttf', name='Constantia', style='italic', variant='normal', weight=400, stretch='normal', size='scalable')) = 11.05
2023-08-08 11:36:13 [DEBUG]: findfont: score(FontEntry(fname='C:\\WINDOWS\\Fonts\\GOUDOSB.TTF', name='Goudy Old Style', style='normal', variant='normal', weight=700, stretch='normal', size='scalable')) = 10.335
2023-08-08 11:36:13 [DEBUG]: findfont: score(FontEntry(fname='C:\\Windows\\Fonts\\GARABD.TTF', name='Garamond', style='normal', variant='normal', weight=700, stretch='normal', size='scalable')) = 10.335
2023-08-08 11:36:13 [DEBUG]: findfont: score(FontEntry(fname='C:\\Windows\\Fonts\\PERTILI.TTF', name='Perpetua Titling MT', style='normal', variant='normal', weight=300, stretch='normal', size='scalable')) = 10.145
2023-08-08 11:36:13 [DEBUG]: findfont: score(FontEntry(fname='C:\\Windows\\Fonts\\Candaral.ttf', name='Candara', style='normal', variant='normal', weight=400, stretch='normal', size='scalable')) = 10.05
2023-08-08 11:36:13 [DEBUG]: findfont: score(FontEntry(fname='C:\\Windows\\Fonts\\CALIFB.TTF', name='Californian FB', style='normal', variant='normal', weight=700, stretch='normal', size='scalable')) = 10.335
2023-08-08 11:36:13 [DEBUG]: findfont: score(FontEntry(fname='C:\\Windows\\Fonts\\PAPYRUS.TTF', name='Papyrus', style='normal', variant='normal', weight=400, stretch='normal', size='scalable')) = 10.05
2023-08-08 11:36:13 [DEBUG]: findfont: score(FontEntry(fname='C:\\Windows\\Fonts\\consolai.ttf', name='Consolas', style='italic', variant='normal', weight=400, stretch='normal', size='scalable')) = 11.05
2023-08-08 11:36:13 [DEBUG]: findfont: score(FontEntry(fname='C:\\WINDOWS\\Fonts\\COPRGTL.TTF', name='Copperplate Gothic Light', style='normal', variant='normal', weight=400, stretch='normal', size='scalable')) = 10.05
2023-08-08 11:36:13 [DEBUG]: findfont: score(FontEntry(fname='C:\\WINDOWS\\Fonts\\LEELAWDB.TTF', name='Leelawadee', style='normal', variant='normal', weight=700, stretch='normal', size='scalable')) = 10.335
2023-08-08 11:36:13 [DEBUG]: findfont: score(FontEntry(fname='C:\\Windows\\Fonts\\verdanai.ttf', name='Verdana', style='italic', variant='normal', weight=400, stretch='normal', size='scalable')) = 11.05
2023-08-08 11:36:13 [DEBUG]: findfont: score(FontEntry(fname='C:\\Windows\\Fonts\\YuGothR.ttc', name='Yu Gothic', style='normal', variant='normal', weight=400, stretch='normal', size='scalable')) = 10.05
2023-08-08 11:36:13 [DEBUG]: findfont: score(FontEntry(fname='C:\\WINDOWS\\Fonts\\RAGE.TTF', name='Rage Italic', style='italic', variant='normal', weight=400, stretch='normal', size='scalable')) = 11.05
2023-08-08 11:36:13 [DEBUG]: findfont: score(FontEntry(fname='C:\\Windows\\Fonts\\BOD_CBI.TTF', name='Bodoni MT', style='italic', variant='normal', weight=700, stretch='condensed', size='scalable')) = 11.535
2023-08-08 11:36:13 [DEBUG]: findfont: score(FontEntry(fname='C:\\Windows\\Fonts\\TCBI____.TTF', name='Tw Cen MT', style='italic', variant='normal', weight=700, stretch='normal', size='scalable')) = 11.335
2023-08-08 11:36:13 [DEBUG]: findfont: score(FontEntry(fname='C:\\WINDOWS\\Fonts\\simsunb.ttf', name='SimSun-ExtB', style='normal', variant='normal', weight=400, stretch='normal', size='scalable')) = 10.05
2023-08-08 11:36:13 [DEBUG]: findfont: score(FontEntry(fname='C:\\Windows\\Fonts\\courbi.ttf', name='Courier New', style='italic', variant='normal', weight=700, stretch='normal', size='scalable')) = 11.335
2023-08-08 11:36:13 [DEBUG]: findfont: score(FontEntry(fname='C:\\WINDOWS\\Fonts\\constanz.ttf', name='Constantia', style='italic', variant='normal', weight=700, stretch='normal', size='scalable')) = 11.335
2023-08-08 11:36:13 [DEBUG]: findfont: score(FontEntry(fname='C:\\WINDOWS\\Fonts\\LEELAWAD.TTF', name='Leelawadee', style='normal', variant='normal', weight=400, stretch='normal', size='scalable')) = 10.05
2023-08-08 11:36:13 [DEBUG]: findfont: score(FontEntry(fname='C:\\WINDOWS\\Fonts\\BOD_BI.TTF', name='Bodoni MT', style='italic', variant='normal', weight=700, stretch='normal', size='scalable')) = 11.335
2023-08-08 11:36:13 [DEBUG]: findfont: score(FontEntry(fname='C:\\Windows\\Fonts\\ALGER.TTF', name='Algerian', style='normal', variant='normal', weight=400, stretch='normal', size='scalable')) = 10.05
2023-08-08 11:36:13 [DEBUG]: findfont: score(FontEntry(fname='C:\\WINDOWS\\Fonts\\SCRIPTBL.TTF', name='Script MT Bold', style='normal', variant='normal', weight=700, stretch='normal', size='scalable')) = 10.335
2023-08-08 11:36:13 [DEBUG]: findfont: score(FontEntry(fname='C:\\Windows\\Fonts\\couri.ttf', name='Courier New', style='italic', variant='normal', weight=400, stretch='normal', size='scalable')) = 11.05
2023-08-08 11:36:13 [DEBUG]: findfont: score(FontEntry(fname='C:\\Windows\\Fonts\\tahomabd.ttf', name='Tahoma', style='normal', variant='normal', weight=700, stretch='normal', size='scalable')) = 10.335
2023-08-08 11:36:13 [DEBUG]: findfont: score(FontEntry(fname='C:\\Windows\\Fonts\\cambria.ttc', name='Cambria', style='normal', variant='normal', weight=400, stretch='normal', size='scalable')) = 10.05
2023-08-08 11:36:13 [DEBUG]: findfont: score(FontEntry(fname='C:\\WINDOWS\\Fonts\\Nirmala.ttf', name='Nirmala UI', style='normal', variant='normal', weight=400, stretch='normal', size='scalable')) = 10.05
2023-08-08 11:36:13 [DEBUG]: findfont: score(FontEntry(fname='C:\\WINDOWS\\Fonts\\BERNHC.TTF', name='Bernard MT Condensed', style='normal', variant='normal', weight=400, stretch='condensed', size='scalable')) = 10.25
2023-08-08 11:36:13 [DEBUG]: findfont: score(FontEntry(fname='C:\\Windows\\Fonts\\REFSAN.TTF', name='MS Reference Sans Serif', style='normal', variant='normal', weight=400, stretch='normal', size='scalable')) = 10.05
2023-08-08 11:36:13 [DEBUG]: findfont: score(FontEntry(fname='C:\\WINDOWS\\Fonts\\STLITI.TTF', name='STLiti', style='normal', variant='normal', weight=400, stretch='normal', size='scalable')) = 10.05
2023-08-08 11:36:13 [DEBUG]: findfont: score(FontEntry(fname='C:\\WINDOWS\\Fonts\\Inkfree.ttf', name='Ink Free', style='normal', variant='normal', weight=400, stretch='normal', size='scalable')) = 10.05
2023-08-08 11:36:13 [DEBUG]: findfont: score(FontEntry(fname='C:\\WINDOWS\\Fonts\\mingliub.ttc', name='MingLiU-ExtB', style='normal', variant='normal', weight=400, stretch='normal', size='scalable')) = 10.05
2023-08-08 11:36:13 [DEBUG]: findfont: score(FontEntry(fname='C:\\Windows\\Fonts\\ARIALNI.TTF', name='Arial', style='italic', variant='normal', weight=400, stretch='condensed', size='scalable')) = 1.25
2023-08-08 11:36:13 [DEBUG]: findfont: score(FontEntry(fname='C:\\Windows\\Fonts\\GILB____.TTF', name='Gill Sans MT', style='normal', variant='normal', weight=700, stretch='normal', size='scalable')) = 10.335
2023-08-08 11:36:13 [DEBUG]: findfont: score(FontEntry(fname='C:\\Windows\\Fonts\\georgiaz.ttf', name='Georgia', style='italic', variant='normal', weight=700, stretch='normal', size='scalable')) = 11.335
2023-08-08 11:36:13 [DEBUG]: findfont: score(FontEntry(fname='C:\\WINDOWS\\Fonts\\SNAP____.TTF', name='Snap ITC', style='normal', variant='normal', weight=400, stretch='normal', size='scalable')) = 10.05
2023-08-08 11:36:13 [DEBUG]: findfont: score(FontEntry(fname='C:\\Windows\\Fonts\\POORICH.TTF', name='Poor Richard', style='normal', variant='normal', weight=400, stretch='normal', size='scalable')) = 10.05
2023-08-08 11:36:13 [DEBUG]: findfont: score(FontEntry(fname='C:\\Windows\\Fonts\\GOUDOSB.TTF', name='Goudy Old Style', style='normal', variant='normal', weight=700, stretch='normal', size='scalable')) = 10.335
2023-08-08 11:36:13 [DEBUG]: findfont: score(FontEntry(fname='C:\\WINDOWS\\Fonts\\tahoma.ttf', name='Tahoma', style='normal', variant='normal', weight=400, stretch='normal', size='scalable')) = 10.05
2023-08-08 11:36:13 [DEBUG]: findfont: score(FontEntry(fname='C:\\Windows\\Fonts\\webdings.ttf', name='Webdings', style='normal', variant='normal', weight=400, stretch='normal', size='scalable')) = 10.05
2023-08-08 11:36:13 [DEBUG]: findfont: score(FontEntry(fname='C:\\WINDOWS\\Fonts\\BOD_CBI.TTF', name='Bodoni MT', style='italic', variant='normal', weight=700, stretch='condensed', size='scalable')) = 11.535
2023-08-08 11:36:13 [DEBUG]: findfont: score(FontEntry(fname='C:\\Windows\\Fonts\\RAGE.TTF', name='Rage Italic', style='italic', variant='normal', weight=400, stretch='normal', size='scalable')) = 11.05
2023-08-08 11:36:13 [DEBUG]: findfont: score(FontEntry(fname='C:\\Windows\\Fonts\\LFAX.TTF', name='Lucida Fax', style='normal', variant='normal', weight=400, stretch='normal', size='scalable')) = 10.05
2023-08-08 11:36:13 [DEBUG]: findfont: score(FontEntry(fname='C:\\Windows\\Fonts\\simsun.ttc', name='SimSun', style='normal', variant='normal', weight=400, stretch='normal', size='scalable')) = 10.05
2023-08-08 11:36:13 [DEBUG]: findfont: score(FontEntry(fname='C:\\Windows\\Fonts\\STKAITI.TTF', name='STKaiti', style='normal', variant='normal', weight=400, stretch='normal', size='scalable')) = 10.05
2023-08-08 11:36:13 [DEBUG]: findfont: score(FontEntry(fname='C:\\Windows\\Fonts\\LTYPEBO.TTF', name='Lucida Sans Typewriter', style='oblique', variant='normal', weight=600, stretch='normal', size='scalable')) = 11.24
2023-08-08 11:36:13 [DEBUG]: findfont: score(FontEntry(fname='C:\\Windows\\Fonts\\PLAYBILL.TTF', name='Playbill', style='normal', variant='normal', weight=400, stretch='normal', size='scalable')) = 10.05
2023-08-08 11:36:13 [DEBUG]: findfont: score(FontEntry(fname='C:\\WINDOWS\\Fonts\\consolaz.ttf', name='Consolas', style='italic', variant='normal', weight=700, stretch='normal', size='scalable')) = 11.335
2023-08-08 11:36:13 [DEBUG]: findfont: score(FontEntry(fname='C:\\Windows\\Fonts\\ERASMD.TTF', name='Eras Medium ITC', style='normal', variant='normal', weight=400, stretch='normal', size='scalable')) = 10.05
2023-08-08 11:36:13 [DEBUG]: findfont: score(FontEntry(fname='C:\\WINDOWS\\Fonts\\PERTIBD.TTF', name='Perpetua Titling MT', style='normal', variant='normal', weight=700, stretch='normal', size='scalable')) = 10.335
2023-08-08 11:36:13 [DEBUG]: findfont: score(FontEntry(fname='C:\\WINDOWS\\Fonts\\BRITANIC.TTF', name='Britannic Bold', style='normal', variant='normal', weight=400, stretch='normal', size='scalable')) = 10.05
2023-08-08 11:36:13 [DEBUG]: findfont: score(FontEntry(fname='C:\\Windows\\Fonts\\ANTQUAB.TTF', name='Book Antiqua', style='normal', variant='normal', weight=700, stretch='normal', size='scalable')) = 10.335
2023-08-08 11:36:13 [DEBUG]: findfont: score(FontEntry(fname='C:\\WINDOWS\\Fonts\\himalaya.ttf', name='Microsoft Himalaya', style='normal', variant='normal', weight=400, stretch='normal', size='scalable')) = 10.05
2023-08-08 11:36:13 [DEBUG]: findfont: score(FontEntry(fname='C:\\WINDOWS\\Fonts\\seguisbi.ttf', name='Segoe UI', style='italic', variant='normal', weight=600, stretch='normal', size='scalable')) = 11.24
2023-08-08 11:36:13 [DEBUG]: findfont: score(FontEntry(fname='C:\\Windows\\Fonts\\GILC____.TTF', name='Gill Sans MT Condensed', style='normal', variant='normal', weight=400, stretch='condensed', size='scalable')) = 10.25
2023-08-08 11:36:13 [DEBUG]: findfont: score(FontEntry(fname='C:\\Windows\\Fonts\\LBRITEI.TTF', name='Lucida Bright', style='italic', variant='normal', weight=400, stretch='normal', size='scalable')) = 11.05
2023-08-08 11:36:13 [DEBUG]: findfont: score(FontEntry(fname='C:\\WINDOWS\\Fonts\\corbel.ttf', name='Corbel', style='normal', variant='normal', weight=400, stretch='normal', size='scalable')) = 10.05
2023-08-08 11:36:13 [DEBUG]: findfont: score(FontEntry(fname='C:\\WINDOWS\\Fonts\\REFSAN.TTF', name='MS Reference Sans Serif', style='normal', variant='normal', weight=400, stretch='normal', size='scalable')) = 10.05
2023-08-08 11:36:13 [DEBUG]: findfont: score(FontEntry(fname='C:\\WINDOWS\\Fonts\\palabi.ttf', name='Palatino Linotype', style='italic', variant='normal', weight=700, stretch='normal', size='scalable')) = 11.335
2023-08-08 11:36:13 [DEBUG]: findfont: score(FontEntry(fname='C:\\Windows\\Fonts\\CENTURY.TTF', name='Century', style='normal', variant='normal', weight=400, stretch='normal', size='scalable')) = 10.05
2023-08-08 11:36:13 [DEBUG]: findfont: score(FontEntry(fname='C:\\WINDOWS\\Fonts\\seguibl.ttf', name='Segoe UI', style='normal', variant='normal', weight=900, stretch='normal', size='scalable')) = 10.525
2023-08-08 11:36:13 [DEBUG]: findfont: score(FontEntry(fname='C:\\Windows\\Fonts\\bahnschrift.ttf', name='Bahnschrift', style='normal', variant='normal', weight=400, stretch='normal', size='scalable')) = 10.05
2023-08-08 11:36:13 [DEBUG]: findfont: score(FontEntry(fname='C:\\Windows\\Fonts\\LTYPE.TTF', name='Lucida Sans Typewriter', style='normal', variant='normal', weight=400, stretch='normal', size='scalable')) = 10.05
2023-08-08 11:36:13 [DEBUG]: findfont: score(FontEntry(fname='C:\\Windows\\Fonts\\ARIALNBI.TTF', name='Arial', style='italic', variant='normal', weight=700, stretch='condensed', size='scalable')) = 1.535
2023-08-08 11:36:13 [DEBUG]: findfont: score(FontEntry(fname='C:\\WINDOWS\\Fonts\\BAUHS93.TTF', name='Bauhaus 93', style='normal', variant='normal', weight=400, stretch='normal', size='scalable')) = 10.05
2023-08-08 11:36:13 [DEBUG]: findfont: score(FontEntry(fname='C:\\Windows\\Fonts\\seguibli.ttf', name='Segoe UI', style='italic', variant='normal', weight=900, stretch='normal', size='scalable')) = 11.525
2023-08-08 11:36:13 [DEBUG]: findfont: score(FontEntry(fname='C:\\WINDOWS\\Fonts\\ebrima.ttf', name='Ebrima', style='normal', variant='normal', weight=400, stretch='normal', size='scalable')) = 10.05
2023-08-08 11:36:13 [DEBUG]: findfont: score(FontEntry(fname='C:\\Windows\\Fonts\\PERBI___.TTF', name='Perpetua', style='italic', variant='normal', weight=700, stretch='normal', size='scalable')) = 11.335
2023-08-08 11:36:13 [DEBUG]: findfont: score(FontEntry(fname='C:\\WINDOWS\\Fonts\\calibrili.ttf', name='Calibri', style='italic', variant='normal', weight=300, stretch='normal', size='scalable')) = 11.145
2023-08-08 11:36:13 [DEBUG]: findfont: score(FontEntry(fname='C:\\Windows\\Fonts\\segoeuisl.ttf', name='Segoe UI', style='normal', variant='normal', weight=350, stretch='normal', size='scalable')) = 10.0975
2023-08-08 11:36:13 [DEBUG]: findfont: score(FontEntry(fname='C:\\WINDOWS\\Fonts\\STXINGKA.TTF', name='STXingkai', style='normal', variant='normal', weight=400, stretch='normal', size='scalable')) = 10.05
2023-08-08 11:36:13 [DEBUG]: findfont: score(FontEntry(fname='C:\\Windows\\Fonts\\KUNSTLER.TTF', name='Kunstler Script', style='normal', variant='normal', weight=400, stretch='normal', size='scalable')) = 10.05
2023-08-08 11:36:13 [DEBUG]: findfont: score(FontEntry(fname='C:\\WINDOWS\\Fonts\\YuGothL.ttc', name='Yu Gothic', style='normal', variant='normal', weight=300, stretch='normal', size='scalable')) = 10.145
2023-08-08 11:36:13 [DEBUG]: findfont: score(FontEntry(fname='C:\\Windows\\Fonts\\ELEPHNT.TTF', name='Elephant', style='normal', variant='normal', weight=400, stretch='normal', size='scalable')) = 10.05
2023-08-08 11:36:13 [DEBUG]: findfont: score(FontEntry(fname='C:\\Windows\\Fonts\\VIVALDII.TTF', name='Vivaldi', style='italic', variant='normal', weight=400, stretch='normal', size='scalable')) = 11.05
2023-08-08 11:36:13 [DEBUG]: findfont: score(FontEntry(fname='C:\\WINDOWS\\Fonts\\STENCIL.TTF', name='Stencil', style='normal', variant='normal', weight=400, stretch='normal', size='scalable')) = 10.05
2023-08-08 11:36:13 [DEBUG]: findfont: score(FontEntry(fname='C:\\Windows\\Fonts\\FRAMDCN.TTF', name='Franklin Gothic Medium Cond', style='normal', variant='normal', weight=400, stretch='condensed', size='scalable')) = 10.25
2023-08-08 11:36:13 [DEBUG]: findfont: score(FontEntry(fname='C:\\WINDOWS\\Fonts\\segoeuib.ttf', name='Segoe UI', style='normal', variant='normal', weight=700, stretch='normal', size='scalable')) = 10.335
2023-08-08 11:36:13 [DEBUG]: findfont: score(FontEntry(fname='C:\\Windows\\Fonts\\cour.ttf', name='Courier New', style='normal', variant='normal', weight=400, stretch='normal', size='scalable')) = 10.05
2023-08-08 11:36:13 [DEBUG]: findfont: score(FontEntry(fname='C:\\WINDOWS\\Fonts\\LTYPEBO.TTF', name='Lucida Sans Typewriter', style='oblique', variant='normal', weight=600, stretch='normal', size='scalable')) = 11.24
2023-08-08 11:36:13 [DEBUG]: findfont: score(FontEntry(fname='C:\\WINDOWS\\Fonts\\Deng.ttf', name='DengXian', style='normal', variant='normal', weight=400, stretch='normal', size='scalable')) = 10.05
2023-08-08 11:36:13 [DEBUG]: findfont: score(FontEntry(fname='C:\\Windows\\Fonts\\CALISTBI.TTF', name='Calisto MT', style='italic', variant='normal', weight=700, stretch='normal', size='scalable')) = 11.335
2023-08-08 11:36:13 [DEBUG]: findfont: score(FontEntry(fname='C:\\Windows\\Fonts\\COPRGTL.TTF', name='Copperplate Gothic Light', style='normal', variant='normal', weight=400, stretch='normal', size='scalable')) = 10.05
2023-08-08 11:36:13 [DEBUG]: findfont: score(FontEntry(fname='C:\\WINDOWS\\Fonts\\BOOKOSB.TTF', name='Bookman Old Style', style='normal', variant='normal', weight=600, stretch='normal', size='scalable')) = 10.24
2023-08-08 11:36:13 [DEBUG]: findfont: score(FontEntry(fname='C:\\Windows\\Fonts\\segoeuii.ttf', name='Segoe UI', style='italic', variant='normal', weight=400, stretch='normal', size='scalable')) = 11.05
2023-08-08 11:36:13 [DEBUG]: findfont: score(FontEntry(fname='C:\\WINDOWS\\Fonts\\DUBAI-REGULAR.TTF', name='Dubai', style='normal', variant='normal', weight=400, stretch='normal', size='scalable')) = 10.05
2023-08-08 11:36:13 [DEBUG]: findfont: score(FontEntry(fname='C:\\Windows\\Fonts\\BRUSHSCI.TTF', name='Brush Script MT', style='italic', variant='normal', weight=400, stretch='normal', size='scalable')) = 11.05
2023-08-08 11:36:13 [DEBUG]: findfont: score(FontEntry(fname='C:\\Windows\\Fonts\\WINGDNG2.TTF', name='Wingdings 2', style='normal', variant='normal', weight=400, stretch='normal', size='scalable')) = 10.05
2023-08-08 11:36:13 [DEBUG]: findfont: score(FontEntry(fname='C:\\Windows\\Fonts\\trebucbd.ttf', name='Trebuchet MS', style='normal', variant='normal', weight=700, stretch='normal', size='scalable')) = 10.335
2023-08-08 11:36:13 [DEBUG]: findfont: score(FontEntry(fname='C:\\WINDOWS\\Fonts\\seguisli.ttf', name='Segoe UI', style='italic', variant='normal', weight=350, stretch='normal', size='scalable')) = 11.0975
2023-08-08 11:36:13 [DEBUG]: findfont: score(FontEntry(fname='C:\\WINDOWS\\Fonts\\SCHLBKBI.TTF', name='Century Schoolbook', style='italic', variant='normal', weight=700, stretch='normal', size='scalable')) = 11.335
2023-08-08 11:36:13 [DEBUG]: findfont: score(FontEntry(fname='C:\\WINDOWS\\Fonts\\CENTAUR.TTF', name='Centaur', style='normal', variant='normal', weight=400, stretch='normal', size='scalable')) = 10.05
2023-08-08 11:36:13 [DEBUG]: findfont: score(FontEntry(fname='C:\\Windows\\Fonts\\LEELAWAD.TTF', name='Leelawadee', style='normal', variant='normal', weight=400, stretch='normal', size='scalable')) = 10.05
2023-08-08 11:36:13 [DEBUG]: findfont: score(FontEntry(fname='C:\\WINDOWS\\Fonts\\sylfaen.ttf', name='Sylfaen', style='normal', variant='normal', weight=400, stretch='normal', size='scalable')) = 10.05
2023-08-08 11:36:13 [DEBUG]: findfont: score(FontEntry(fname='C:\\WINDOWS\\Fonts\\LBRITED.TTF', name='Lucida Bright', style='normal', variant='normal', weight=600, stretch='normal', size='scalable')) = 10.24
2023-08-08 11:36:13 [DEBUG]: findfont: score(FontEntry(fname='C:\\WINDOWS\\Fonts\\DUBAI-BOLD.TTF', name='Dubai', style='normal', variant='normal', weight=700, stretch='normal', size='scalable')) = 10.335
2023-08-08 11:36:13 [DEBUG]: findfont: score(FontEntry(fname='C:\\WINDOWS\\Fonts\\LeelawUI.ttf', name='Leelawadee UI', style='normal', variant='normal', weight=400, stretch='normal', size='scalable')) = 10.05
2023-08-08 11:36:13 [DEBUG]: findfont: score(FontEntry(fname='C:\\WINDOWS\\Fonts\\l_10646.ttf', name='Lucida Sans Unicode', style='normal', variant='normal', weight=400, stretch='normal', size='scalable')) = 10.05
2023-08-08 11:36:13 [DEBUG]: findfont: score(FontEntry(fname='C:\\WINDOWS\\Fonts\\verdanaz.ttf', name='Verdana', style='italic', variant='normal', weight=700, stretch='normal', size='scalable')) = 11.335
2023-08-08 11:36:13 [DEBUG]: findfont: score(FontEntry(fname='C:\\Windows\\Fonts\\LeelUIsl.ttf', name='Leelawadee UI', style='normal', variant='normal', weight=350, stretch='normal', size='scalable')) = 10.0975
2023-08-08 11:36:13 [DEBUG]: findfont: score(FontEntry(fname='C:\\WINDOWS\\Fonts\\FRADMIT.TTF', name='Franklin Gothic Demi', style='italic', variant='normal', weight=400, stretch='normal', size='scalable')) = 11.05
2023-08-08 11:36:13 [DEBUG]: findfont: score(FontEntry(fname='C:\\WINDOWS\\Fonts\\CALIST.TTF', name='Calisto MT', style='normal', variant='normal', weight=400, stretch='normal', size='scalable')) = 10.05
2023-08-08 11:36:13 [DEBUG]: findfont: score(FontEntry(fname='C:\\Windows\\Fonts\\STXIHEI.TTF', name='STXihei', style='normal', variant='normal', weight=400, stretch='normal', size='scalable')) = 10.05
2023-08-08 11:36:13 [DEBUG]: findfont: score(FontEntry(fname='C:\\Windows\\Fonts\\LATINWD.TTF', name='Wide Latin', style='normal', variant='normal', weight=400, stretch='expanded', size='scalable')) = 10.25
2023-08-08 11:36:13 [DEBUG]: findfont: score(FontEntry(fname='C:\\WINDOWS\\Fonts\\msjh.ttc', name='Microsoft JhengHei', style='normal', variant='normal', weight=400, stretch='normal', size='scalable')) = 10.05
2023-08-08 11:36:13 [DEBUG]: findfont: score(FontEntry(fname='C:\\WINDOWS\\Fonts\\GIGI.TTF', name='Gigi', style='normal', variant='normal', weight=400, stretch='normal', size='scalable')) = 10.05
2023-08-08 11:36:13 [DEBUG]: findfont: score(FontEntry(fname='C:\\WINDOWS\\Fonts\\cour.ttf', name='Courier New', style='normal', variant='normal', weight=400, stretch='normal', size='scalable')) = 10.05
2023-08-08 11:36:13 [DEBUG]: findfont: score(FontEntry(fname='C:\\WINDOWS\\Fonts\\corbelb.ttf', name='Corbel', style='normal', variant='normal', weight=700, stretch='normal', size='scalable')) = 10.335
2023-08-08 11:36:13 [DEBUG]: findfont: score(FontEntry(fname='C:\\WINDOWS\\Fonts\\NirmalaB.ttf', name='Nirmala UI', style='normal', variant='normal', weight=700, stretch='normal', size='scalable')) = 10.335
2023-08-08 11:36:13 [DEBUG]: findfont: score(FontEntry(fname='C:\\Windows\\Fonts\\georgiab.ttf', name='Georgia', style='normal', variant='normal', weight=700, stretch='normal', size='scalable')) = 10.335
2023-08-08 11:36:13 [DEBUG]: findfont: score(FontEntry(fname='C:\\WINDOWS\\Fonts\\couri.ttf', name='Courier New', style='italic', variant='normal', weight=400, stretch='normal', size='scalable')) = 11.05
2023-08-08 11:36:13 [DEBUG]: findfont: score(FontEntry(fname='C:\\Windows\\Fonts\\LEELAWDB.TTF', name='Leelawadee', style='normal', variant='normal', weight=700, stretch='normal', size='scalable')) = 10.335
2023-08-08 11:36:13 [DEBUG]: findfont: score(FontEntry(fname='C:\\WINDOWS\\Fonts\\FRADMCN.TTF', name='Franklin Gothic Demi Cond', style='normal', variant='normal', weight=400, stretch='condensed', size='scalable')) = 10.25
2023-08-08 11:36:13 [DEBUG]: findfont: score(FontEntry(fname='C:\\Windows\\Fonts\\corbell.ttf', name='Corbel', style='normal', variant='normal', weight=300, stretch='normal', size='scalable')) = 10.145
2023-08-08 11:36:13 [DEBUG]: findfont: score(FontEntry(fname='C:\\Windows\\Fonts\\MAIAN.TTF', name='Maiandra GD', style='normal', variant='normal', weight=400, stretch='normal', size='scalable')) = 10.05
2023-08-08 11:36:13 [DEBUG]: findfont: score(FontEntry(fname='C:\\WINDOWS\\Fonts\\BOD_PSTC.TTF', name='Bodoni MT', style='normal', variant='normal', weight=300, stretch='normal', size='scalable')) = 10.145
2023-08-08 11:36:13 [DEBUG]: findfont: score(FontEntry(fname='C:\\WINDOWS\\Fonts\\arialbi.ttf', name='Arial', style='italic', variant='normal', weight=700, stretch='normal', size='scalable')) = 1.335
2023-08-08 11:36:13 [DEBUG]: findfont: score(FontEntry(fname='C:\\Windows\\Fonts\\verdanab.ttf', name='Verdana', style='normal', variant='normal', weight=700, stretch='normal', size='scalable')) = 10.335
2023-08-08 11:36:13 [DEBUG]: findfont: score(FontEntry(fname='C:\\WINDOWS\\Fonts\\BRLNSB.TTF', name='Berlin Sans FB', style='normal', variant='normal', weight=700, stretch='normal', size='scalable')) = 10.335
2023-08-08 11:36:13 [DEBUG]: findfont: score(FontEntry(fname='C:\\WINDOWS\\Fonts\\consola.ttf', name='Consolas', style='normal', variant='normal', weight=400, stretch='normal', size='scalable')) = 10.05
2023-08-08 11:36:13 [DEBUG]: findfont: score(FontEntry(fname='C:\\WINDOWS\\Fonts\\msjhbd.ttc', name='Microsoft JhengHei', style='normal', variant='normal', weight=700, stretch='normal', size='scalable')) = 10.335
2023-08-08 11:36:13 [DEBUG]: findfont: score(FontEntry(fname='C:\\WINDOWS\\Fonts\\PAPYRUS.TTF', name='Papyrus', style='normal', variant='normal', weight=400, stretch='normal', size='scalable')) = 10.05
2023-08-08 11:36:13 [DEBUG]: findfont: score(FontEntry(fname='C:\\Windows\\Fonts\\GOUDOS.TTF', name='Goudy Old Style', style='normal', variant='normal', weight=400, stretch='normal', size='scalable')) = 10.05
2023-08-08 11:36:13 [DEBUG]: findfont: score(FontEntry(fname='C:\\Windows\\Fonts\\Candarali.ttf', name='Candara', style='italic', variant='normal', weight=400, stretch='normal', size='scalable')) = 11.05
2023-08-08 11:36:13 [DEBUG]: findfont: score(FontEntry(fname='C:\\Windows\\Fonts\\simsunb.ttf', name='SimSun-ExtB', style='normal', variant='normal', weight=400, stretch='normal', size='scalable')) = 10.05
2023-08-08 11:36:13 [DEBUG]: findfont: score(FontEntry(fname='C:\\Windows\\Fonts\\BRLNSR.TTF', name='Berlin Sans FB', style='normal', variant='normal', weight=400, stretch='normal', size='scalable')) = 10.05
2023-08-08 11:36:13 [DEBUG]: findfont: score(FontEntry(fname='C:\\Windows\\Fonts\\seguili.ttf', name='Segoe UI', style='italic', variant='normal', weight=300, stretch='normal', size='scalable')) = 11.145
2023-08-08 11:36:13 [DEBUG]: findfont: score(FontEntry(fname='C:\\Windows\\Fonts\\constani.ttf', name='Constantia', style='italic', variant='normal', weight=400, stretch='normal', size='scalable')) = 11.05
2023-08-08 11:36:13 [DEBUG]: findfont: score(FontEntry(fname='C:\\WINDOWS\\Fonts\\BOD_CB.TTF', name='Bodoni MT', style='normal', variant='normal', weight=700, stretch='condensed', size='scalable')) = 10.535
2023-08-08 11:36:13 [DEBUG]: findfont: score(FontEntry(fname='C:\\Windows\\Fonts\\OLDENGL.TTF', name='Old English Text MT', style='normal', variant='normal', weight=400, stretch='normal', size='scalable')) = 10.05
2023-08-08 11:36:13 [DEBUG]: findfont: score(FontEntry(fname='C:\\WINDOWS\\Fonts\\ROCK.TTF', name='Rockwell', style='normal', variant='normal', weight=400, stretch='normal', size='scalable')) = 10.05
2023-08-08 11:36:13 [DEBUG]: findfont: score(FontEntry(fname='C:\\Windows\\Fonts\\DUBAI-MEDIUM.TTF', name='Dubai', style='normal', variant='normal', weight=500, stretch='normal', size='scalable')) = 10.145
2023-08-08 11:36:13 [DEBUG]: findfont: score(FontEntry(fname='C:\\Windows\\Fonts\\JOKERMAN.TTF', name='Jokerman', style='normal', variant='normal', weight=400, stretch='normal', size='scalable')) = 10.05
2023-08-08 11:36:13 [DEBUG]: findfont: score(FontEntry(fname='C:\\Windows\\Fonts\\LSANS.TTF', name='Lucida Sans', style='normal', variant='normal', weight=400, stretch='normal', size='scalable')) = 10.05
2023-08-08 11:36:13 [DEBUG]: findfont: score(FontEntry(fname='C:\\WINDOWS\\Fonts\\simfang.ttf', name='FangSong', style='normal', variant='normal', weight=400, stretch='normal', size='scalable')) = 10.05
2023-08-08 11:36:13 [DEBUG]: findfont: score(FontEntry(fname='C:\\WINDOWS\\Fonts\\marlett.ttf', name='Marlett', style='normal', variant='normal', weight=500, stretch='normal', size='scalable')) = 10.145
2023-08-08 11:36:13 [DEBUG]: findfont: score(FontEntry(fname='C:\\WINDOWS\\Fonts\\YuGothR.ttc', name='Yu Gothic', style='normal', variant='normal', weight=400, stretch='normal', size='scalable')) = 10.05
2023-08-08 11:36:13 [DEBUG]: findfont: score(FontEntry(fname='C:\\WINDOWS\\Fonts\\LHANDW.TTF', name='Lucida Handwriting', style='italic', variant='normal', weight=400, stretch='normal', size='scalable')) = 11.05
2023-08-08 11:36:13 [DEBUG]: findfont: score(FontEntry(fname='C:\\WINDOWS\\Fonts\\TCCB____.TTF', name='Tw Cen MT Condensed', style='normal', variant='normal', weight=700, stretch='condensed', size='scalable')) = 10.535
2023-08-08 11:36:13 [DEBUG]: findfont: score(FontEntry(fname='C:\\WINDOWS\\Fonts\\palai.ttf', name='Palatino Linotype', style='italic', variant='normal', weight=400, stretch='normal', size='scalable')) = 11.05
2023-08-08 11:36:13 [DEBUG]: findfont: score(FontEntry(fname='C:\\WINDOWS\\Fonts\\YuGothM.ttc', name='Yu Gothic', style='normal', variant='normal', weight=500, stretch='normal', size='scalable')) = 10.145
2023-08-08 11:36:13 [DEBUG]: findfont: score(FontEntry(fname='C:\\WINDOWS\\Fonts\\FZYTK.TTF', name='FZYaoTi', style='normal', variant='normal', weight=400, stretch='normal', size='scalable')) = 10.05
2023-08-08 11:36:13 [DEBUG]: findfont: score(FontEntry(fname='C:\\WINDOWS\\Fonts\\times.ttf', name='Times New Roman', style='normal', variant='normal', weight=400, stretch='normal', size='scalable')) = 10.05
2023-08-08 11:36:13 [DEBUG]: findfont: score(FontEntry(fname='C:\\Windows\\Fonts\\BKANT.TTF', name='Book Antiqua', style='normal', variant='normal', weight=400, stretch='normal', size='scalable')) = 10.05
2023-08-08 11:36:13 [DEBUG]: findfont: score(FontEntry(fname='C:\\WINDOWS\\Fonts\\GOUDOS.TTF', name='Goudy Old Style', style='normal', variant='normal', weight=400, stretch='normal', size='scalable')) = 10.05
2023-08-08 11:36:13 [DEBUG]: findfont: score(FontEntry(fname='C:\\Windows\\Fonts\\verdanaz.ttf', name='Verdana', style='italic', variant='normal', weight=700, stretch='normal', size='scalable')) = 11.335
2023-08-08 11:36:13 [DEBUG]: findfont: score(FontEntry(fname='C:\\Windows\\Fonts\\seguiemj.ttf', name='Segoe UI Emoji', style='normal', variant='normal', weight=400, stretch='normal', size='scalable')) = 10.05
2023-08-08 11:36:13 [DEBUG]: findfont: score(FontEntry(fname='C:\\Windows\\Fonts\\FRABKIT.TTF', name='Franklin Gothic Book', style='italic', variant='normal', weight=400, stretch='normal', size='scalable')) = 11.05
2023-08-08 11:36:13 [DEBUG]: findfont: score(FontEntry(fname='C:\\WINDOWS\\Fonts\\ROCKB.TTF', name='Rockwell', style='normal', variant='normal', weight=700, stretch='normal', size='scalable')) = 10.335
2023-08-08 11:36:13 [DEBUG]: findfont: score(FontEntry(fname='C:\\Windows\\Fonts\\HTOWERT.TTF', name='High Tower Text', style='normal', variant='normal', weight=400, stretch='normal', size='scalable')) = 10.05
2023-08-08 11:36:13 [DEBUG]: findfont: score(FontEntry(fname='C:\\Windows\\Fonts\\FTLTLT.TTF', name='Footlight MT Light', style='normal', variant='normal', weight=300, stretch='normal', size='scalable')) = 10.145
2023-08-08 11:36:13 [DEBUG]: findfont: score(FontEntry(fname='C:\\Windows\\Fonts\\SCRIPTBL.TTF', name='Script MT Bold', style='normal', variant='normal', weight=700, stretch='normal', size='scalable')) = 10.335
2023-08-08 11:36:13 [DEBUG]: findfont: score(FontEntry(fname='C:\\WINDOWS\\Fonts\\calibril.ttf', name='Calibri', style='normal', variant='normal', weight=300, stretch='normal', size='scalable')) = 10.145
2023-08-08 11:36:13 [DEBUG]: findfont: score(FontEntry(fname='C:\\WINDOWS\\Fonts\\MAIAN.TTF', name='Maiandra GD', style='normal', variant='normal', weight=400, stretch='normal', size='scalable')) = 10.05
2023-08-08 11:36:13 [DEBUG]: findfont: score(FontEntry(fname='C:\\WINDOWS\\Fonts\\TCM_____.TTF', name='Tw Cen MT', style='normal', variant='normal', weight=400, stretch='normal', size='scalable')) = 10.05
2023-08-08 11:36:13 [DEBUG]: findfont: score(FontEntry(fname='C:\\WINDOWS\\Fonts\\GOTHICB.TTF', name='Century Gothic', style='normal', variant='normal', weight=700, stretch='normal', size='scalable')) = 10.335
2023-08-08 11:36:13 [DEBUG]: findfont: score(FontEntry(fname='C:\\WINDOWS\\Fonts\\NirmalaS.ttf', name='Nirmala UI', style='normal', variant='normal', weight=350, stretch='normal', size='scalable')) = 10.0975
2023-08-08 11:36:13 [DEBUG]: findfont: score(FontEntry(fname='C:\\WINDOWS\\Fonts\\SitkaB.ttc', name='Sitka Small', style='normal', variant='normal', weight=700, stretch='normal', size='scalable')) = 10.335
2023-08-08 11:36:13 [DEBUG]: findfont: score(FontEntry(fname='C:\\Windows\\Fonts\\ROCKBI.TTF', name='Rockwell', style='italic', variant='normal', weight=700, stretch='normal', size='scalable')) = 11.335
2023-08-08 11:36:13 [DEBUG]: findfont: score(FontEntry(fname='C:\\WINDOWS\\Fonts\\corbeli.ttf', name='Corbel', style='italic', variant='normal', weight=400, stretch='normal', size='scalable')) = 11.05
2023-08-08 11:36:13 [DEBUG]: findfont: score(FontEntry(fname='C:\\Windows\\Fonts\\segoesc.ttf', name='Segoe Script', style='normal', variant='normal', weight=400, stretch='normal', size='scalable')) = 10.05
2023-08-08 11:36:13 [DEBUG]: findfont: score(FontEntry(fname='C:\\Windows\\Fonts\\Sitka.ttc', name='Sitka Small', style='normal', variant='normal', weight=400, stretch='normal', size='scalable')) = 10.05
2023-08-08 11:36:13 [DEBUG]: findfont: score(FontEntry(fname='C:\\WINDOWS\\Fonts\\ANTQUAB.TTF', name='Book Antiqua', style='normal', variant='normal', weight=700, stretch='normal', size='scalable')) = 10.335
2023-08-08 11:36:13 [DEBUG]: findfont: score(FontEntry(fname='C:\\WINDOWS\\Fonts\\comicbd.ttf', name='Comic Sans MS', style='normal', variant='normal', weight=700, stretch='normal', size='scalable')) = 10.335
2023-08-08 11:36:13 [DEBUG]: findfont: score(FontEntry(fname='C:\\Windows\\Fonts\\GLSNECB.TTF', name='Gill Sans MT Ext Condensed Bold', style='normal', variant='normal', weight=400, stretch='condensed', size='scalable')) = 10.25
2023-08-08 11:36:13 [DEBUG]: findfont: score(FontEntry(fname='C:\\Windows\\Fonts\\mingliub.ttc', name='MingLiU-ExtB', style='normal', variant='normal', weight=400, stretch='normal', size='scalable')) = 10.05
2023-08-08 11:36:13 [DEBUG]: findfont: score(FontEntry(fname='C:\\WINDOWS\\Fonts\\Dengl.ttf', name='DengXian', style='normal', variant='normal', weight=300, stretch='normal', size='scalable')) = 10.145
2023-08-08 11:36:13 [DEBUG]: findfont: score(FontEntry(fname='C:\\WINDOWS\\Fonts\\segoeuiz.ttf', name='Segoe UI', style='italic', variant='normal', weight=700, stretch='normal', size='scalable')) = 11.335
2023-08-08 11:36:13 [DEBUG]: findfont: score(FontEntry(fname='C:\\WINDOWS\\Fonts\\REFSPCL.TTF', name='MS Reference Specialty', style='normal', variant='normal', weight=400, stretch='normal', size='scalable')) = 10.05
2023-08-08 11:36:13 [DEBUG]: findfont: score(FontEntry(fname='C:\\WINDOWS\\Fonts\\framdit.ttf', name='Franklin Gothic Medium', style='italic', variant='normal', weight=400, stretch='normal', size='scalable')) = 11.05
2023-08-08 11:36:13 [DEBUG]: findfont: score(FontEntry(fname='C:\\WINDOWS\\Fonts\\symbol.ttf', name='Symbol', style='normal', variant='normal', weight=400, stretch='normal', size='scalable')) = 10.05
2023-08-08 11:36:13 [DEBUG]: findfont: score(FontEntry(fname='C:\\WINDOWS\\Fonts\\ITCEDSCR.TTF', name='Edwardian Script ITC', style='normal', variant='normal', weight=400, stretch='normal', size='scalable')) = 10.05
2023-08-08 11:36:13 [DEBUG]: findfont: score(FontEntry(fname='C:\\Windows\\Fonts\\PERTIBD.TTF', name='Perpetua Titling MT', style='normal', variant='normal', weight=700, stretch='normal', size='scalable')) = 10.335
2023-08-08 11:36:13 [DEBUG]: findfont: score(FontEntry(fname='C:\\WINDOWS\\Fonts\\NIAGSOL.TTF', name='Niagara Solid', style='normal', variant='normal', weight=400, stretch='normal', size='scalable')) = 10.05
2023-08-08 11:36:13 [DEBUG]: findfont: score(FontEntry(fname='C:\\Windows\\Fonts\\segoeprb.ttf', name='Segoe Print', style='normal', variant='normal', weight=700, stretch='normal', size='scalable')) = 10.335
2023-08-08 11:36:13 [DEBUG]: findfont: score(FontEntry(fname='C:\\Windows\\Fonts\\comicz.ttf', name='Comic Sans MS', style='italic', variant='normal', weight=700, stretch='normal', size='scalable')) = 11.335
2023-08-08 11:36:13 [DEBUG]: findfont: score(FontEntry(fname='C:\\Windows\\Fonts\\framdit.ttf', name='Franklin Gothic Medium', style='italic', variant='normal', weight=400, stretch='normal', size='scalable')) = 11.05
2023-08-08 11:36:13 [DEBUG]: findfont: score(FontEntry(fname='C:\\WINDOWS\\Fonts\\malgunbd.ttf', name='Malgun Gothic', style='normal', variant='normal', weight=700, stretch='normal', size='scalable')) = 10.335
2023-08-08 11:36:13 [DEBUG]: findfont: score(FontEntry(fname='C:\\Windows\\Fonts\\GILI____.TTF', name='Gill Sans MT', style='italic', variant='normal', weight=400, stretch='normal', size='scalable')) = 11.05
2023-08-08 11:36:13 [DEBUG]: findfont: score(FontEntry(fname='C:\\WINDOWS\\Fonts\\FRAMDCN.TTF', name='Franklin Gothic Medium Cond', style='normal', variant='normal', weight=400, stretch='condensed', size='scalable')) = 10.25
2023-08-08 11:36:13 [DEBUG]: findfont: score(FontEntry(fname='C:\\Windows\\Fonts\\segoeui.ttf', name='Segoe UI', style='normal', variant='normal', weight=400, stretch='normal', size='scalable')) = 10.05
2023-08-08 11:36:13 [DEBUG]: findfont: score(FontEntry(fname='C:\\Windows\\Fonts\\FRADM.TTF', name='Franklin Gothic Demi', style='normal', variant='normal', weight=400, stretch='normal', size='scalable')) = 10.05
2023-08-08 11:36:13 [DEBUG]: findfont: score(FontEntry(fname='C:\\Windows\\Fonts\\AGENCYB.TTF', name='Agency FB', style='normal', variant='normal', weight=700, stretch='normal', size='scalable')) = 10.335
2023-08-08 11:36:13 [DEBUG]: findfont: score(FontEntry(fname='C:\\Windows\\Fonts\\ERASDEMI.TTF', name='Eras Demi ITC', style='normal', variant='normal', weight=400, stretch='normal', size='scalable')) = 10.05
2023-08-08 11:36:13 [DEBUG]: findfont: score(FontEntry(fname='C:\\Windows\\Fonts\\DUBAI-BOLD.TTF', name='Dubai', style='normal', variant='normal', weight=700, stretch='normal', size='scalable')) = 10.335
2023-08-08 11:36:13 [DEBUG]: findfont: score(FontEntry(fname='C:\\WINDOWS\\Fonts\\corbelz.ttf', name='Corbel', style='italic', variant='normal', weight=700, stretch='normal', size='scalable')) = 11.335
2023-08-08 11:36:13 [DEBUG]: findfont: score(FontEntry(fname='C:\\WINDOWS\\Fonts\\GILB____.TTF', name='Gill Sans MT', style='normal', variant='normal', weight=700, stretch='normal', size='scalable')) = 10.335
2023-08-08 11:36:13 [DEBUG]: findfont: score(FontEntry(fname='C:\\Windows\\Fonts\\STLITI.TTF', name='STLiti', style='normal', variant='normal', weight=400, stretch='normal', size='scalable')) = 10.05
2023-08-08 11:36:13 [DEBUG]: findfont: score(FontEntry(fname='C:\\WINDOWS\\Fonts\\segoeuii.ttf', name='Segoe UI', style='italic', variant='normal', weight=400, stretch='normal', size='scalable')) = 11.05
2023-08-08 11:36:13 [DEBUG]: findfont: score(FontEntry(fname='C:\\WINDOWS\\Fonts\\verdanai.ttf', name='Verdana', style='italic', variant='normal', weight=400, stretch='normal', size='scalable')) = 11.05
2023-08-08 11:36:13 [DEBUG]: findfont: score(FontEntry(fname='C:\\WINDOWS\\Fonts\\PARCHM.TTF', name='Parchment', style='normal', variant='normal', weight=400, stretch='normal', size='scalable')) = 10.05
2023-08-08 11:36:13 [DEBUG]: findfont: score(FontEntry(fname='C:\\Windows\\Fonts\\segoeuil.ttf', name='Segoe UI', style='normal', variant='normal', weight=300, stretch='normal', size='scalable')) = 10.145
2023-08-08 11:36:13 [DEBUG]: findfont: score(FontEntry(fname='C:\\Windows\\Fonts\\Nirmala.ttf', name='Nirmala UI', style='normal', variant='normal', weight=400, stretch='normal', size='scalable')) = 10.05
2023-08-08 11:36:13 [DEBUG]: findfont: score(FontEntry(fname='C:\\WINDOWS\\Fonts\\LFAXD.TTF', name='Lucida Fax', style='normal', variant='normal', weight=600, stretch='normal', size='scalable')) = 10.24
2023-08-08 11:36:13 [DEBUG]: findfont: score(FontEntry(fname='C:\\Windows\\Fonts\\BASKVILL.TTF', name='Baskerville Old Face', style='normal', variant='normal', weight=400, stretch='normal', size='scalable')) = 10.05
2023-08-08 11:36:13 [DEBUG]: findfont: score(FontEntry(fname='C:\\WINDOWS\\Fonts\\ERASBD.TTF', name='Eras Bold ITC', style='normal', variant='normal', weight=400, stretch='normal', size='scalable')) = 10.05
2023-08-08 11:36:13 [DEBUG]: findfont: score(FontEntry(fname='C:\\WINDOWS\\Fonts\\STKAITI.TTF', name='STKaiti', style='normal', variant='normal', weight=400, stretch='normal', size='scalable')) = 10.05
2023-08-08 11:36:13 [DEBUG]: findfont: score(FontEntry(fname='C:\\Windows\\Fonts\\BSSYM7.TTF', name='Bookshelf Symbol 7', style='normal', variant='normal', weight=400, stretch='normal', size='scalable')) = 10.05
2023-08-08 11:36:13 [DEBUG]: findfont: score(FontEntry(fname='C:\\Windows\\Fonts\\HARLOWSI.TTF', name='Harlow Solid Italic', style='italic', variant='normal', weight=400, stretch='normal', size='scalable')) = 11.05
2023-08-08 11:36:13 [DEBUG]: findfont: score(FontEntry(fname='C:\\Windows\\Fonts\\BOOKOSI.TTF', name='Bookman Old Style', style='italic', variant='normal', weight=300, stretch='normal', size='scalable')) = 11.145
2023-08-08 11:36:13 [DEBUG]: findfont: score(FontEntry(fname='C:\\Windows\\Fonts\\YuGothL.ttc', name='Yu Gothic', style='normal', variant='normal', weight=300, stretch='normal', size='scalable')) = 10.145
2023-08-08 11:36:13 [DEBUG]: findfont: score(FontEntry(fname='C:\\Windows\\Fonts\\LSANSD.TTF', name='Lucida Sans', style='normal', variant='normal', weight=600, stretch='normal', size='scalable')) = 10.24
2023-08-08 11:36:13 [DEBUG]: findfont: score(FontEntry(fname='C:\\Windows\\Fonts\\LTYPEO.TTF', name='Lucida Sans Typewriter', style='oblique', variant='normal', weight=400, stretch='normal', size='scalable')) = 11.05
2023-08-08 11:36:13 [DEBUG]: findfont: score(FontEntry(fname='C:\\WINDOWS\\Fonts\\FRSCRIPT.TTF', name='French Script MT', style='normal', variant='normal', weight=400, stretch='normal', size='scalable')) = 10.05
2023-08-08 11:36:13 [DEBUG]: findfont: score(FontEntry(fname='C:\\WINDOWS\\Fonts\\Candarai.ttf', name='Candara', style='italic', variant='normal', weight=400, stretch='normal', size='scalable')) = 11.05
2023-08-08 11:36:13 [DEBUG]: findfont: score(FontEntry(fname='C:\\Windows\\Fonts\\calibri.ttf', name='Calibri', style='normal', variant='normal', weight=400, stretch='normal', size='scalable')) = 10.05
2023-08-08 11:36:13 [DEBUG]: findfont: score(FontEntry(fname='C:\\WINDOWS\\Fonts\\Sitka.ttc', name='Sitka Small', style='normal', variant='normal', weight=400, stretch='normal', size='scalable')) = 10.05
2023-08-08 11:36:13 [DEBUG]: findfont: score(FontEntry(fname='C:\\Windows\\Fonts\\CALISTI.TTF', name='Calisto MT', style='italic', variant='normal', weight=400, stretch='normal', size='scalable')) = 11.05
2023-08-08 11:36:13 [DEBUG]: findfont: score(FontEntry(fname='C:\\WINDOWS\\Fonts\\BRADHITC.TTF', name='Bradley Hand ITC', style='normal', variant='normal', weight=400, stretch='normal', size='scalable')) = 10.05
2023-08-08 11:36:13 [DEBUG]: findfont: score(FontEntry(fname='C:\\Windows\\Fonts\\ANTQUABI.TTF', name='Book Antiqua', style='italic', variant='normal', weight=700, stretch='normal', size='scalable')) = 11.335
2023-08-08 11:36:13 [DEBUG]: findfont: score(FontEntry(fname='C:\\WINDOWS\\Fonts\\ROCKI.TTF', name='Rockwell', style='italic', variant='normal', weight=400, stretch='normal', size='scalable')) = 11.05
2023-08-08 11:36:13 [DEBUG]: findfont: score(FontEntry(fname='C:\\Windows\\Fonts\\PER_____.TTF', name='Perpetua', style='normal', variant='normal', weight=400, stretch='normal', size='scalable')) = 10.05
2023-08-08 11:36:13 [DEBUG]: findfont: score(FontEntry(fname='C:\\WINDOWS\\Fonts\\timesi.ttf', name='Times New Roman', style='italic', variant='normal', weight=400, stretch='normal', size='scalable')) = 11.05
2023-08-08 11:36:13 [DEBUG]: findfont: score(FontEntry(fname='C:\\Windows\\Fonts\\mmrtextb.ttf', name='Myanmar Text', style='normal', variant='normal', weight=700, stretch='normal', size='scalable')) = 10.335
2023-08-08 11:36:13 [DEBUG]: findfont: score(FontEntry(fname='C:\\WINDOWS\\Fonts\\COPRGTB.TTF', name='Copperplate Gothic Bold', style='normal', variant='normal', weight=400, stretch='normal', size='scalable')) = 10.05
2023-08-08 11:36:13 [DEBUG]: findfont: score(FontEntry(fname='C:\\WINDOWS\\Fonts\\GILC____.TTF', name='Gill Sans MT Condensed', style='normal', variant='normal', weight=400, stretch='condensed', size='scalable')) = 10.25
2023-08-08 11:36:13 [DEBUG]: findfont: score(FontEntry(fname='C:\\Windows\\Fonts\\GLECB.TTF', name='Gloucester MT Extra Condensed', style='normal', variant='normal', weight=400, stretch='condensed', size='scalable')) = 10.25
2023-08-08 11:36:13 [DEBUG]: findfont: score(FontEntry(fname='C:\\WINDOWS\\Fonts\\ariblk.ttf', name='Arial', style='normal', variant='normal', weight=900, stretch='normal', size='scalable')) = 0.525
2023-08-08 11:36:13 [DEBUG]: findfont: score(FontEntry(fname='C:\\Windows\\Fonts\\micross.ttf', name='Microsoft Sans Serif', style='normal', variant='normal', weight=400, stretch='normal', size='scalable')) = 10.05
2023-08-08 11:36:13 [DEBUG]: findfont: score(FontEntry(fname='C:\\WINDOWS\\Fonts\\SCHLBKB.TTF', name='Century Schoolbook', style='normal', variant='normal', weight=700, stretch='normal', size='scalable')) = 10.335
2023-08-08 11:36:13 [DEBUG]: findfont: score(FontEntry(fname='C:\\Windows\\Fonts\\FREESCPT.TTF', name='Freestyle Script', style='normal', variant='normal', weight=400, stretch='normal', size='scalable')) = 10.05
2023-08-08 11:36:13 [DEBUG]: findfont: score(FontEntry(fname='C:\\Windows\\Fonts\\Dengl.ttf', name='DengXian', style='normal', variant='normal', weight=300, stretch='normal', size='scalable')) = 10.145
2023-08-08 11:36:13 [DEBUG]: findfont: score(FontEntry(fname='C:\\Windows\\Fonts\\BOD_BLAR.TTF', name='Bodoni MT', style='normal', variant='normal', weight=900, stretch='normal', size='scalable')) = 10.525
2023-08-08 11:36:13 [DEBUG]: findfont: score(FontEntry(fname='C:\\WINDOWS\\Fonts\\LCALLIG.TTF', name='Lucida Calligraphy', style='italic', variant='normal', weight=400, stretch='normal', size='scalable')) = 11.05
2023-08-08 11:36:13 [DEBUG]: findfont: score(FontEntry(fname='C:\\Windows\\Fonts\\Gabriola.ttf', name='Gabriola', style='normal', variant='normal', weight=400, stretch='normal', size='scalable')) = 10.05
2023-08-08 11:36:13 [DEBUG]: findfont: score(FontEntry(fname='C:\\Windows\\Fonts\\ntailub.ttf', name='Microsoft New Tai Lue', style='normal', variant='normal', weight=700, stretch='normal', size='scalable')) = 10.335
2023-08-08 11:36:13 [DEBUG]: findfont: score(FontEntry(fname='C:\\Windows\\Fonts\\GOTHICI.TTF', name='Century Gothic', style='italic', variant='normal', weight=400, stretch='normal', size='scalable')) = 11.05
2023-08-08 11:36:13 [DEBUG]: findfont: score(FontEntry(fname='C:\\WINDOWS\\Fonts\\SHOWG.TTF', name='Showcard Gothic', style='normal', variant='normal', weight=400, stretch='normal', size='scalable')) = 10.05
2023-08-08 11:36:13 [DEBUG]: findfont: score(FontEntry(fname='C:\\Windows\\Fonts\\BRLNSDB.TTF', name='Berlin Sans FB Demi', style='normal', variant='normal', weight=700, stretch='normal', size='scalable')) = 10.335
2023-08-08 11:36:13 [DEBUG]: findfont: score(FontEntry(fname='C:\\Windows\\Fonts\\wingding.ttf', name='Wingdings', style='normal', variant='normal', weight=400, stretch='normal', size='scalable')) = 10.05
2023-08-08 11:36:13 [DEBUG]: findfont: score(FontEntry(fname='C:\\Windows\\Fonts\\BRLNSB.TTF', name='Berlin Sans FB', style='normal', variant='normal', weight=700, stretch='normal', size='scalable')) = 10.335
2023-08-08 11:36:13 [DEBUG]: findfont: score(FontEntry(fname='C:\\WINDOWS\\Fonts\\ANTQUAI.TTF', name='Book Antiqua', style='italic', variant='normal', weight=400, stretch='normal', size='scalable')) = 11.05
2023-08-08 11:36:13 [DEBUG]: findfont: score(FontEntry(fname='C:\\WINDOWS\\Fonts\\timesbd.ttf', name='Times New Roman', style='normal', variant='normal', weight=700, stretch='normal', size='scalable')) = 10.335
2023-08-08 11:36:13 [DEBUG]: findfont: score(FontEntry(fname='C:\\WINDOWS\\Fonts\\BELL.TTF', name='Bell MT', style='normal', variant='normal', weight=400, stretch='normal', size='scalable')) = 10.05
2023-08-08 11:36:13 [DEBUG]: findfont: score(FontEntry(fname='C:\\WINDOWS\\Fonts\\ARIALNBI.TTF', name='Arial', style='italic', variant='normal', weight=700, stretch='condensed', size='scalable')) = 1.535
2023-08-08 11:36:13 [DEBUG]: findfont: score(FontEntry(fname='C:\\WINDOWS\\Fonts\\segoeui.ttf', name='Segoe UI', style='normal', variant='normal', weight=400, stretch='normal', size='scalable')) = 10.05
2023-08-08 11:36:13 [DEBUG]: findfont: score(FontEntry(fname='C:\\WINDOWS\\Fonts\\seguiemj.ttf', name='Segoe UI Emoji', style='normal', variant='normal', weight=400, stretch='normal', size='scalable')) = 10.05
2023-08-08 11:36:13 [DEBUG]: findfont: score(FontEntry(fname='C:\\Windows\\Fonts\\comici.ttf', name='Comic Sans MS', style='italic', variant='normal', weight=400, stretch='normal', size='scalable')) = 11.05
2023-08-08 11:36:13 [DEBUG]: findfont: score(FontEntry(fname='C:\\Windows\\Fonts\\MTCORSVA.TTF', name='Monotype Corsiva', style='normal', variant='normal', weight=400, stretch='normal', size='scalable')) = 10.05
2023-08-08 11:36:13 [DEBUG]: findfont: score(FontEntry(fname='C:\\WINDOWS\\Fonts\\MTEXTRA.TTF', name='MT Extra', style='normal', variant='normal', weight=400, stretch='normal', size='scalable')) = 10.05
2023-08-08 11:36:13 [DEBUG]: findfont: score(FontEntry(fname='C:\\WINDOWS\\Fonts\\bahnschrift.ttf', name='Bahnschrift', style='normal', variant='normal', weight=400, stretch='normal', size='scalable')) = 10.05
2023-08-08 11:36:13 [DEBUG]: findfont: score(FontEntry(fname='C:\\Windows\\Fonts\\BRADHITC.TTF', name='Bradley Hand ITC', style='normal', variant='normal', weight=400, stretch='normal', size='scalable')) = 10.05
2023-08-08 11:36:13 [DEBUG]: findfont: score(FontEntry(fname='C:\\WINDOWS\\Fonts\\ERASLGHT.TTF', name='Eras Light ITC', style='normal', variant='normal', weight=400, stretch='normal', size='scalable')) = 10.05
2023-08-08 11:36:13 [DEBUG]: findfont: score(FontEntry(fname='C:\\WINDOWS\\Fonts\\javatext.ttf', name='Javanese Text', style='normal', variant='normal', weight=400, stretch='normal', size='scalable')) = 10.05
2023-08-08 11:36:13 [DEBUG]: findfont: score(FontEntry(fname='C:\\WINDOWS\\Fonts\\MTCORSVA.TTF', name='Monotype Corsiva', style='normal', variant='normal', weight=400, stretch='normal', size='scalable')) = 10.05
2023-08-08 11:36:13 [DEBUG]: findfont: score(FontEntry(fname='C:\\Windows\\Fonts\\ITCBLKAD.TTF', name='Blackadder ITC', style='normal', variant='normal', weight=400, stretch='normal', size='scalable')) = 10.05
2023-08-08 11:36:13 [DEBUG]: findfont: score(FontEntry(fname='C:\\Windows\\Fonts\\FRADMIT.TTF', name='Franklin Gothic Demi', style='italic', variant='normal', weight=400, stretch='normal', size='scalable')) = 11.05
2023-08-08 11:36:13 [DEBUG]: findfont: score(FontEntry(fname='C:\\WINDOWS\\Fonts\\YuGothB.ttc', name='Yu Gothic', style='normal', variant='normal', weight=700, stretch='normal', size='scalable')) = 10.335
2023-08-08 11:36:13 [DEBUG]: findfont: score(FontEntry(fname='C:\\WINDOWS\\Fonts\\LSANSD.TTF', name='Lucida Sans', style='normal', variant='normal', weight=600, stretch='normal', size='scalable')) = 10.24
2023-08-08 11:36:13 [DEBUG]: findfont: score(FontEntry(fname='C:\\Windows\\Fonts\\segoeuiz.ttf', name='Segoe UI', style='italic', variant='normal', weight=700, stretch='normal', size='scalable')) = 11.335
2023-08-08 11:36:13 [DEBUG]: findfont: score(FontEntry(fname='C:\\Windows\\Fonts\\FRAHVIT.TTF', name='Franklin Gothic Heavy', style='italic', variant='normal', weight=400, stretch='normal', size='scalable')) = 11.05
2023-08-08 11:36:13 [DEBUG]: findfont: score(FontEntry(fname='C:\\Windows\\Fonts\\msjhbd.ttc', name='Microsoft JhengHei', style='normal', variant='normal', weight=700, stretch='normal', size='scalable')) = 10.335
2023-08-08 11:36:13 [DEBUG]: findfont: score(FontEntry(fname='C:\\WINDOWS\\Fonts\\STFANGSO.TTF', name='STFangsong', style='normal', variant='normal', weight=400, stretch='normal', size='scalable')) = 10.05
2023-08-08 11:36:13 [DEBUG]: findfont: score(FontEntry(fname='C:\\WINDOWS\\Fonts\\LBRITEI.TTF', name='Lucida Bright', style='italic', variant='normal', weight=400, stretch='normal', size='scalable')) = 11.05
2023-08-08 11:36:13 [DEBUG]: findfont: score(FontEntry(fname='C:\\Windows\\Fonts\\impact.ttf', name='Impact', style='normal', variant='normal', weight=400, stretch='normal', size='scalable')) = 10.05
2023-08-08 11:36:13 [DEBUG]: findfont: score(FontEntry(fname='C:\\WINDOWS\\Fonts\\方正粗黑宋简体.ttf', name='FZCuHeiSongS-B-GB', style='normal', variant='normal', weight=400, stretch='normal', size='scalable')) = 10.05
2023-08-08 11:36:13 [DEBUG]: findfont: score(FontEntry(fname='C:\\WINDOWS\\Fonts\\georgiai.ttf', name='Georgia', style='italic', variant='normal', weight=400, stretch='normal', size='scalable')) = 11.05
2023-08-08 11:36:13 [DEBUG]: findfont: score(FontEntry(fname='C:\\WINDOWS\\Fonts\\mmrtext.ttf', name='Myanmar Text', style='normal', variant='normal', weight=400, stretch='normal', size='scalable')) = 10.05
2023-08-08 11:36:13 [DEBUG]: findfont: score(FontEntry(fname='C:\\Windows\\Fonts\\seguibl.ttf', name='Segoe UI', style='normal', variant='normal', weight=900, stretch='normal', size='scalable')) = 10.525
2023-08-08 11:36:13 [DEBUG]: findfont: score(FontEntry(fname='C:\\Windows\\Fonts\\AGENCYR.TTF', name='Agency FB', style='normal', variant='normal', weight=400, stretch='normal', size='scalable')) = 10.05
2023-08-08 11:36:13 [DEBUG]: findfont: score(FontEntry(fname='C:\\Windows\\Fonts\\framd.ttf', name='Franklin Gothic Medium', style='normal', variant='normal', weight=400, stretch='normal', size='scalable')) = 10.05
2023-08-08 11:36:13 [DEBUG]: findfont: score(FontEntry(fname='C:\\Windows\\Fonts\\msyhbd.ttc', name='Microsoft YaHei', style='normal', variant='normal', weight=700, stretch='normal', size='scalable')) = 10.335
2023-08-08 11:36:13 [DEBUG]: findfont: score(FontEntry(fname='C:\\WINDOWS\\Fonts\\AGENCYB.TTF', name='Agency FB', style='normal', variant='normal', weight=700, stretch='normal', size='scalable')) = 10.335
2023-08-08 11:36:13 [DEBUG]: findfont: score(FontEntry(fname='C:\\WINDOWS\\Fonts\\GILSANUB.TTF', name='Gill Sans Ultra Bold', style='normal', variant='normal', weight=400, stretch='normal', size='scalable')) = 10.05
2023-08-08 11:36:13 [DEBUG]: findfont: score(FontEntry(fname='C:\\WINDOWS\\Fonts\\ROCKBI.TTF', name='Rockwell', style='italic', variant='normal', weight=700, stretch='normal', size='scalable')) = 11.335
2023-08-08 11:36:13 [DEBUG]: findfont: score(FontEntry(fname='C:\\Windows\\Fonts\\l_10646.ttf', name='Lucida Sans Unicode', style='normal', variant='normal', weight=400, stretch='normal', size='scalable')) = 10.05
2023-08-08 11:36:13 [DEBUG]: findfont: score(FontEntry(fname='C:\\Windows\\Fonts\\FELIXTI.TTF', name='Felix Titling', style='normal', variant='normal', weight=400, stretch='normal', size='scalable')) = 10.05
2023-08-08 11:36:13 [DEBUG]: findfont: score(FontEntry(fname='C:\\WINDOWS\\Fonts\\PERBI___.TTF', name='Perpetua', style='italic', variant='normal', weight=700, stretch='normal', size='scalable')) = 11.335
2023-08-08 11:36:13 [DEBUG]: findfont: score(FontEntry(fname='C:\\WINDOWS\\Fonts\\NumberOnly.ttf', name='NumberOnly', style='normal', variant='normal', weight=700, stretch='normal', size='scalable')) = 10.335
2023-08-08 11:36:13 [DEBUG]: findfont: score(FontEntry(fname='C:\\WINDOWS\\Fonts\\Candaral.ttf', name='Candara', style='normal', variant='normal', weight=400, stretch='normal', size='scalable')) = 10.05
2023-08-08 11:36:13 [DEBUG]: findfont: score(FontEntry(fname='C:\\WINDOWS\\Fonts\\corbelli.ttf', name='Corbel', style='italic', variant='normal', weight=300, stretch='normal', size='scalable')) = 11.145
2023-08-08 11:36:13 [DEBUG]: findfont: score(FontEntry(fname='C:\\WINDOWS\\Fonts\\VINERITC.TTF', name='Viner Hand ITC', style='normal', variant='normal', weight=400, stretch='normal', size='scalable')) = 10.05
2023-08-08 11:36:13 [DEBUG]: findfont: score(FontEntry(fname='C:\\WINDOWS\\Fonts\\LSANS.TTF', name='Lucida Sans', style='normal', variant='normal', weight=400, stretch='normal', size='scalable')) = 10.05
2023-08-08 11:36:13 [DEBUG]: findfont: score(FontEntry(fname='C:\\Windows\\Fonts\\constanb.ttf', name='Constantia', style='normal', variant='normal', weight=700, stretch='normal', size='scalable')) = 10.335
2023-08-08 11:36:13 [DEBUG]: findfont: score(FontEntry(fname='C:\\Windows\\Fonts\\BROADW.TTF', name='Broadway', style='normal', variant='normal', weight=400, stretch='normal', size='scalable')) = 10.05
2023-08-08 11:36:13 [DEBUG]: findfont: score(FontEntry(fname='C:\\Windows\\Fonts\\timesi.ttf', name='Times New Roman', style='italic', variant='normal', weight=400, stretch='normal', size='scalable')) = 11.05
2023-08-08 11:36:13 [DEBUG]: findfont: score(FontEntry(fname='C:\\Windows\\Fonts\\msyhl.ttc', name='Microsoft YaHei', style='normal', variant='normal', weight=290, stretch='normal', size='scalable')) = 10.1545
2023-08-08 11:36:13 [DEBUG]: findfont: score(FontEntry(fname='C:\\Windows\\Fonts\\YuGothM.ttc', name='Yu Gothic', style='normal', variant='normal', weight=500, stretch='normal', size='scalable')) = 10.145
2023-08-08 11:36:13 [DEBUG]: findfont: score(FontEntry(fname='C:\\WINDOWS\\Fonts\\CENTURY.TTF', name='Century', style='normal', variant='normal', weight=400, stretch='normal', size='scalable')) = 10.05
2023-08-08 11:36:13 [DEBUG]: findfont: score(FontEntry(fname='C:\\WINDOWS\\Fonts\\PERI____.TTF', name='Perpetua', style='italic', variant='normal', weight=400, stretch='normal', size='scalable')) = 11.05
2023-08-08 11:36:13 [DEBUG]: findfont: score(FontEntry(fname='C:\\Windows\\Fonts\\LTYPEB.TTF', name='Lucida Sans Typewriter', style='normal', variant='normal', weight=600, stretch='normal', size='scalable')) = 10.24
2023-08-08 11:36:13 [DEBUG]: findfont: score(FontEntry(fname='C:\\Windows\\Fonts\\ELEPHNTI.TTF', name='Elephant', style='italic', variant='normal', weight=400, stretch='normal', size='scalable')) = 11.05
2023-08-08 11:36:13 [DEBUG]: findfont: score(FontEntry(fname='C:\\Windows\\Fonts\\tahoma.ttf', name='Tahoma', style='normal', variant='normal', weight=400, stretch='normal', size='scalable')) = 10.05
2023-08-08 11:36:13 [DEBUG]: findfont: score(FontEntry(fname='C:\\Windows\\Fonts\\BOD_PSTC.TTF', name='Bodoni MT', style='normal', variant='normal', weight=300, stretch='normal', size='scalable')) = 10.145
2023-08-08 11:36:13 [DEBUG]: findfont: score(FontEntry(fname='C:\\Windows\\Fonts\\corbel.ttf', name='Corbel', style='normal', variant='normal', weight=400, stretch='normal', size='scalable')) = 10.05
2023-08-08 11:36:13 [DEBUG]: findfont: score(FontEntry(fname='C:\\WINDOWS\\Fonts\\MATURASC.TTF', name='Matura MT Script Capitals', style='normal', variant='normal', weight=400, stretch='normal', size='scalable')) = 10.05
2023-08-08 11:36:13 [DEBUG]: findfont: score(FontEntry(fname='C:\\Windows\\Fonts\\ariblk.ttf', name='Arial', style='normal', variant='normal', weight=900, stretch='normal', size='scalable')) = 0.525
2023-08-08 11:36:13 [DEBUG]: findfont: score(FontEntry(fname='C:\\Windows\\Fonts\\MAGNETOB.TTF', name='Magneto', style='normal', variant='normal', weight=700, stretch='normal', size='scalable')) = 10.335
2023-08-08 11:36:13 [DEBUG]: findfont: score(FontEntry(fname='C:\\WINDOWS\\Fonts\\cambriaz.ttf', name='Cambria', style='italic', variant='normal', weight=700, stretch='normal', size='scalable')) = 11.335
2023-08-08 11:36:13 [DEBUG]: findfont: score(FontEntry(fname='C:\\Windows\\Fonts\\cambriai.ttf', name='Cambria', style='italic', variant='normal', weight=400, stretch='normal', size='scalable')) = 11.05
2023-08-08 11:36:13 [DEBUG]: findfont: score(FontEntry(fname='C:\\WINDOWS\\Fonts\\GARA.TTF', name='Garamond', style='normal', variant='normal', weight=400, stretch='normal', size='scalable')) = 10.05
2023-08-08 11:36:13 [DEBUG]: findfont: score(FontEntry(fname='C:\\Windows\\Fonts\\TCCEB.TTF', name='Tw Cen MT Condensed Extra Bold', style='normal', variant='normal', weight=400, stretch='condensed', size='scalable')) = 10.25
2023-08-08 11:36:13 [DEBUG]: findfont: score(FontEntry(fname='C:\\WINDOWS\\Fonts\\calibrii.ttf', name='Calibri', style='italic', variant='normal', weight=400, stretch='normal', size='scalable')) = 11.05
2023-08-08 11:36:13 [DEBUG]: findfont: score(FontEntry(fname='C:\\Windows\\Fonts\\palai.ttf', name='Palatino Linotype', style='italic', variant='normal', weight=400, stretch='normal', size='scalable')) = 11.05
2023-08-08 11:36:13 [DEBUG]: findfont: score(FontEntry(fname='C:\\WINDOWS\\Fonts\\MSUIGHUR.TTF', name='Microsoft Uighur', style='normal', variant='normal', weight=400, stretch='normal', size='scalable')) = 10.05
2023-08-08 11:36:13 [DEBUG]: findfont: score(FontEntry(fname='C:\\Windows\\Fonts\\segoeuib.ttf', name='Segoe UI', style='normal', variant='normal', weight=700, stretch='normal', size='scalable')) = 10.335
2023-08-08 11:36:13 [DEBUG]: findfont: score(FontEntry(fname='C:\\WINDOWS\\Fonts\\Candaraz.ttf', name='Candara', style='italic', variant='normal', weight=700, stretch='normal', size='scalable')) = 11.335
2023-08-08 11:36:13 [DEBUG]: findfont: score(FontEntry(fname='C:\\Windows\\Fonts\\TCB_____.TTF', name='Tw Cen MT', style='normal', variant='normal', weight=700, stretch='normal', size='scalable')) = 10.335
2023-08-08 11:36:13 [DEBUG]: findfont: score(FontEntry(fname='C:\\WINDOWS\\Fonts\\BOD_R.TTF', name='Bodoni MT', style='normal', variant='normal', weight=400, stretch='normal', size='scalable')) = 10.05
2023-08-08 11:36:13 [DEBUG]: findfont: score(FontEntry(fname='C:\\WINDOWS\\Fonts\\STSONG.TTF', name='STSong', style='normal', variant='normal', weight=400, stretch='normal', size='scalable')) = 10.05
2023-08-08 11:36:13 [DEBUG]: findfont: score(FontEntry(fname='C:\\WINDOWS\\Fonts\\FELIXTI.TTF', name='Felix Titling', style='normal', variant='normal', weight=400, stretch='normal', size='scalable')) = 10.05
2023-08-08 11:36:13 [DEBUG]: findfont: score(FontEntry(fname='C:\\Windows\\Fonts\\YuGothB.ttc', name='Yu Gothic', style='normal', variant='normal', weight=700, stretch='normal', size='scalable')) = 10.335
2023-08-08 11:36:13 [DEBUG]: findfont: score(FontEntry(fname='C:\\Windows\\Fonts\\GARAIT.TTF', name='Garamond', style='italic', variant='normal', weight=400, stretch='normal', size='scalable')) = 11.05
2023-08-08 11:36:13 [DEBUG]: findfont: score(FontEntry(fname='C:\\Windows\\Fonts\\ROCKI.TTF', name='Rockwell', style='italic', variant='normal', weight=400, stretch='normal', size='scalable')) = 11.05
2023-08-08 11:36:13 [DEBUG]: findfont: score(FontEntry(fname='C:\\WINDOWS\\Fonts\\consolab.ttf', name='Consolas', style='normal', variant='normal', weight=700, stretch='normal', size='scalable')) = 10.335
2023-08-08 11:36:13 [DEBUG]: findfont: score(FontEntry(fname='C:\\Windows\\Fonts\\timesbi.ttf', name='Times New Roman', style='italic', variant='normal', weight=700, stretch='normal', size='scalable')) = 11.335
2023-08-08 11:36:13 [DEBUG]: findfont: score(FontEntry(fname='C:\\WINDOWS\\Fonts\\msyi.ttf', name='Microsoft Yi Baiti', style='normal', variant='normal', weight=400, stretch='normal', size='scalable')) = 10.05
2023-08-08 11:36:13 [DEBUG]: findfont: score(FontEntry(fname='C:\\WINDOWS\\Fonts\\MSUIGHUB.TTF', name='Microsoft Uighur', style='normal', variant='normal', weight=700, stretch='normal', size='scalable')) = 10.335
2023-08-08 11:36:13 [DEBUG]: findfont: score(FontEntry(fname='C:\\Windows\\Fonts\\FRSCRIPT.TTF', name='French Script MT', style='normal', variant='normal', weight=400, stretch='normal', size='scalable')) = 10.05
2023-08-08 11:36:13 [DEBUG]: findfont: score(FontEntry(fname='C:\\Windows\\Fonts\\NIAGENG.TTF', name='Niagara Engraved', style='normal', variant='normal', weight=400, stretch='normal', size='scalable')) = 10.05
2023-08-08 11:36:13 [DEBUG]: findfont: score(FontEntry(fname='C:\\WINDOWS\\Fonts\\BOD_I.TTF', name='Bodoni MT', style='italic', variant='normal', weight=400, stretch='normal', size='scalable')) = 11.05
2023-08-08 11:36:13 [DEBUG]: findfont: score(FontEntry(fname='C:\\Windows\\Fonts\\gadugi.ttf', name='Gadugi', style='normal', variant='normal', weight=400, stretch='normal', size='scalable')) = 10.05
2023-08-08 11:36:13 [DEBUG]: findfont: score(FontEntry(fname='C:\\WINDOWS\\Fonts\\comici.ttf', name='Comic Sans MS', style='italic', variant='normal', weight=400, stretch='normal', size='scalable')) = 11.05
2023-08-08 11:36:13 [DEBUG]: findfont: score(FontEntry(fname='C:\\WINDOWS\\Fonts\\trebucit.ttf', name='Trebuchet MS', style='italic', variant='normal', weight=400, stretch='normal', size='scalable')) = 11.05
2023-08-08 11:36:13 [DEBUG]: findfont: score(FontEntry(fname='C:\\Windows\\Fonts\\Candarai.ttf', name='Candara', style='italic', variant='normal', weight=400, stretch='normal', size='scalable')) = 11.05
2023-08-08 11:36:13 [DEBUG]: findfont: score(FontEntry(fname='C:\\Windows\\Fonts\\FZSTK.TTF', name='FZShuTi', style='normal', variant='normal', weight=400, stretch='normal', size='scalable')) = 10.05
2023-08-08 11:36:13 [DEBUG]: findfont: score(FontEntry(fname='C:\\WINDOWS\\Fonts\\CALISTI.TTF', name='Calisto MT', style='italic', variant='normal', weight=400, stretch='normal', size='scalable')) = 11.05
2023-08-08 11:36:13 [DEBUG]: findfont: score(FontEntry(fname='C:\\Windows\\Fonts\\ROCKB.TTF', name='Rockwell', style='normal', variant='normal', weight=700, stretch='normal', size='scalable')) = 10.335
2023-08-08 11:36:13 [DEBUG]: findfont: score(FontEntry(fname='C:\\Windows\\Fonts\\WINGDNG3.TTF', name='Wingdings 3', style='normal', variant='normal', weight=400, stretch='normal', size='scalable')) = 10.05
2023-08-08 11:36:13 [DEBUG]: findfont: score(FontEntry(fname='C:\\WINDOWS\\Fonts\\trebuc.ttf', name='Trebuchet MS', style='normal', variant='normal', weight=400, stretch='normal', size='scalable')) = 10.05
2023-08-08 11:36:13 [DEBUG]: findfont: score(FontEntry(fname='C:\\Windows\\Fonts\\FZYTK.TTF', name='FZYaoTi', style='normal', variant='normal', weight=400, stretch='normal', size='scalable')) = 10.05
2023-08-08 11:36:13 [DEBUG]: findfont: score(FontEntry(fname='C:\\Windows\\Fonts\\DUBAI-REGULAR.TTF', name='Dubai', style='normal', variant='normal', weight=400, stretch='normal', size='scalable')) = 10.05
2023-08-08 11:36:13 [DEBUG]: findfont: score(FontEntry(fname='C:\\WINDOWS\\Fonts\\georgiaz.ttf', name='Georgia', style='italic', variant='normal', weight=700, stretch='normal', size='scalable')) = 11.335
2023-08-08 11:36:13 [DEBUG]: findfont: score(FontEntry(fname='C:\\WINDOWS\\Fonts\\FRABKIT.TTF', name='Franklin Gothic Book', style='italic', variant='normal', weight=400, stretch='normal', size='scalable')) = 11.05
2023-08-08 11:36:13 [DEBUG]: findfont: score(FontEntry(fname='C:\\WINDOWS\\Fonts\\LeelaUIb.ttf', name='Leelawadee UI', style='normal', variant='normal', weight=700, stretch='normal', size='scalable')) = 10.335
2023-08-08 11:36:13 [DEBUG]: findfont: score(FontEntry(fname='C:\\Windows\\Fonts\\CALIST.TTF', name='Calisto MT', style='normal', variant='normal', weight=400, stretch='normal', size='scalable')) = 10.05
2023-08-08 11:36:13 [DEBUG]: findfont: score(FontEntry(fname='C:\\WINDOWS\\Fonts\\malgun.ttf', name='Malgun Gothic', style='normal', variant='normal', weight=400, stretch='normal', size='scalable')) = 10.05
2023-08-08 11:36:13 [DEBUG]: findfont: score(FontEntry(fname='C:\\WINDOWS\\Fonts\\FREESCPT.TTF', name='Freestyle Script', style='normal', variant='normal', weight=400, stretch='normal', size='scalable')) = 10.05
2023-08-08 11:36:13 [DEBUG]: findfont: score(FontEntry(fname='C:\\WINDOWS\\Fonts\\ROCCB___.TTF', name='Rockwell Condensed', style='normal', variant='normal', weight=700, stretch='condensed', size='scalable')) = 10.535
2023-08-08 11:36:13 [DEBUG]: findfont: score(FontEntry(fname='C:\\Windows\\Fonts\\consolaz.ttf', name='Consolas', style='italic', variant='normal', weight=700, stretch='normal', size='scalable')) = 11.335
2023-08-08 11:36:13 [DEBUG]: findfont: score(FontEntry(fname='C:\\Windows\\Fonts\\BOD_R.TTF', name='Bodoni MT', style='normal', variant='normal', weight=400, stretch='normal', size='scalable')) = 10.05
2023-08-08 11:36:13 [DEBUG]: findfont: score(FontEntry(fname='C:\\WINDOWS\\Fonts\\LTYPEB.TTF', name='Lucida Sans Typewriter', style='normal', variant='normal', weight=600, stretch='normal', size='scalable')) = 10.24
2023-08-08 11:36:13 [DEBUG]: findfont: score(FontEntry(fname='C:\\WINDOWS\\Fonts\\BROADW.TTF', name='Broadway', style='normal', variant='normal', weight=400, stretch='normal', size='scalable')) = 10.05
2023-08-08 11:36:13 [DEBUG]: findfont: score(FontEntry(fname='C:\\Windows\\Fonts\\malgunbd.ttf', name='Malgun Gothic', style='normal', variant='normal', weight=700, stretch='normal', size='scalable')) = 10.335
2023-08-08 11:36:13 [DEBUG]: findfont: score(FontEntry(fname='C:\\Windows\\Fonts\\MTEXTRA.TTF', name='MT Extra', style='normal', variant='normal', weight=400, stretch='normal', size='scalable')) = 10.05
2023-08-08 11:36:13 [DEBUG]: findfont: score(FontEntry(fname='C:\\Windows\\Fonts\\ariali.ttf', name='Arial', style='italic', variant='normal', weight=400, stretch='normal', size='scalable')) = 1.05
2023-08-08 11:36:13 [DEBUG]: findfont: score(FontEntry(fname='C:\\Windows\\Fonts\\PARCHM.TTF', name='Parchment', style='normal', variant='normal', weight=400, stretch='normal', size='scalable')) = 10.05
2023-08-08 11:36:13 [DEBUG]: findfont: score(FontEntry(fname='C:\\Windows\\Fonts\\Candaraz.ttf', name='Candara', style='italic', variant='normal', weight=700, stretch='normal', size='scalable')) = 11.335
2023-08-08 11:36:13 [DEBUG]: findfont: score(FontEntry(fname='C:\\WINDOWS\\Fonts\\ebrimabd.ttf', name='Ebrima', style='normal', variant='normal', weight=700, stretch='normal', size='scalable')) = 10.335
2023-08-08 11:36:13 [DEBUG]: findfont: score(FontEntry(fname='C:\\Windows\\Fonts\\BAUHS93.TTF', name='Bauhaus 93', style='normal', variant='normal', weight=400, stretch='normal', size='scalable')) = 10.05
2023-08-08 11:36:13 [DEBUG]: findfont: score(FontEntry(fname='C:\\Windows\\Fonts\\CENSCBK.TTF', name='Century Schoolbook', style='normal', variant='normal', weight=400, stretch='normal', size='scalable')) = 10.05
2023-08-08 11:36:13 [DEBUG]: findfont: score(FontEntry(fname='C:\\Windows\\Fonts\\mmrtext.ttf', name='Myanmar Text', style='normal', variant='normal', weight=400, stretch='normal', size='scalable')) = 10.05
2023-08-08 11:36:13 [DEBUG]: findfont: score(FontEntry(fname='C:\\WINDOWS\\Fonts\\FRAHVIT.TTF', name='Franklin Gothic Heavy', style='italic', variant='normal', weight=400, stretch='normal', size='scalable')) = 11.05
2023-08-08 11:36:13 [DEBUG]: findfont: score(FontEntry(fname='C:\\Windows\\Fonts\\ITCEDSCR.TTF', name='Edwardian Script ITC', style='normal', variant='normal', weight=400, stretch='normal', size='scalable')) = 10.05
2023-08-08 11:36:13 [DEBUG]: findfont: score(FontEntry(fname='C:\\WINDOWS\\Fonts\\verdanab.ttf', name='Verdana', style='normal', variant='normal', weight=700, stretch='normal', size='scalable')) = 10.335
2023-08-08 11:36:13 [DEBUG]: findfont: score(FontEntry(fname='C:\\Windows\\Fonts\\corbelb.ttf', name='Corbel', style='normal', variant='normal', weight=700, stretch='normal', size='scalable')) = 10.335
2023-08-08 11:36:13 [DEBUG]: findfont: score(FontEntry(fname='C:\\Windows\\Fonts\\LeelawUI.ttf', name='Leelawadee UI', style='normal', variant='normal', weight=400, stretch='normal', size='scalable')) = 10.05
2023-08-08 11:36:13 [DEBUG]: findfont: score(FontEntry(fname='C:\\Windows\\Fonts\\MATURASC.TTF', name='Matura MT Script Capitals', style='normal', variant='normal', weight=400, stretch='normal', size='scalable')) = 10.05
2023-08-08 11:36:13 [DEBUG]: findfont: score(FontEntry(fname='C:\\Windows\\Fonts\\MISTRAL.TTF', name='Mistral', style='normal', variant='normal', weight=400, stretch='normal', size='scalable')) = 10.05
2023-08-08 11:36:13 [DEBUG]: findfont: score(FontEntry(fname='C:\\Windows\\Fonts\\seguisli.ttf', name='Segoe UI', style='italic', variant='normal', weight=350, stretch='normal', size='scalable')) = 11.0975
2023-08-08 11:36:13 [DEBUG]: findfont: score(FontEntry(fname='C:\\WINDOWS\\Fonts\\GIL_____.TTF', name='Gill Sans MT', style='normal', variant='normal', weight=400, stretch='normal', size='scalable')) = 10.05
2023-08-08 11:36:13 [DEBUG]: findfont: score(FontEntry(fname='C:\\Windows\\Fonts\\HTOWERTI.TTF', name='High Tower Text', style='italic', variant='normal', weight=400, stretch='normal', size='scalable')) = 11.05
2023-08-08 11:36:13 [DEBUG]: findfont: score(FontEntry(fname='C:\\Windows\\Fonts\\BOOKOSBI.TTF', name='Bookman Old Style', style='italic', variant='normal', weight=600, stretch='normal', size='scalable')) = 11.24
2023-08-08 11:36:13 [DEBUG]: findfont: score(FontEntry(fname='C:\\Windows\\Fonts\\taile.ttf', name='Microsoft Tai Le', style='normal', variant='normal', weight=400, stretch='normal', size='scalable')) = 10.05
2023-08-08 11:36:13 [DEBUG]: findfont: score(FontEntry(fname='C:\\WINDOWS\\Fonts\\HTOWERTI.TTF', name='High Tower Text', style='italic', variant='normal', weight=400, stretch='normal', size='scalable')) = 11.05
2023-08-08 11:36:13 [DEBUG]: findfont: score(FontEntry(fname='C:\\Windows\\Fonts\\OCRAEXT.TTF', name='OCR A Extended', style='normal', variant='normal', weight=400, stretch='expanded', size='scalable')) = 10.25
2023-08-08 11:36:13 [DEBUG]: findfont: score(FontEntry(fname='C:\\WINDOWS\\Fonts\\KUNSTLER.TTF', name='Kunstler Script', style='normal', variant='normal', weight=400, stretch='normal', size='scalable')) = 10.05
2023-08-08 11:36:13 [DEBUG]: findfont: score(FontEntry(fname='C:\\Windows\\Fonts\\BOD_CI.TTF', name='Bodoni MT', style='italic', variant='normal', weight=400, stretch='condensed', size='scalable')) = 11.25
2023-08-08 11:36:13 [DEBUG]: findfont: score(FontEntry(fname='C:\\WINDOWS\\Fonts\\segoeprb.ttf', name='Segoe Print', style='normal', variant='normal', weight=700, stretch='normal', size='scalable')) = 10.335
2023-08-08 11:36:13 [DEBUG]: findfont: score(FontEntry(fname='C:\\WINDOWS\\Fonts\\SitkaI.ttc', name='Sitka Small', style='italic', variant='normal', weight=400, stretch='normal', size='scalable')) = 11.05
2023-08-08 11:36:13 [DEBUG]: findfont: score(FontEntry(fname='C:\\Windows\\Fonts\\constanz.ttf', name='Constantia', style='italic', variant='normal', weight=700, stretch='normal', size='scalable')) = 11.335
2023-08-08 11:36:13 [DEBUG]: findfont: score(FontEntry(fname='C:\\WINDOWS\\Fonts\\seguisb.ttf', name='Segoe UI', style='normal', variant='normal', weight=600, stretch='normal', size='scalable')) = 10.24
2023-08-08 11:36:13 [DEBUG]: findfont: score(FontEntry(fname='C:\\WINDOWS\\Fonts\\GILI____.TTF', name='Gill Sans MT', style='italic', variant='normal', weight=400, stretch='normal', size='scalable')) = 11.05
2023-08-08 11:36:13 [DEBUG]: findfont: score(FontEntry(fname='C:\\WINDOWS\\Fonts\\ntailub.ttf', name='Microsoft New Tai Lue', style='normal', variant='normal', weight=700, stretch='normal', size='scalable')) = 10.335
2023-08-08 11:36:13 [DEBUG]: findfont: score(FontEntry(fname='C:\\Windows\\Fonts\\pala.ttf', name='Palatino Linotype', style='normal', variant='normal', weight=400, stretch='normal', size='scalable')) = 10.05
2023-08-08 11:36:13 [DEBUG]: findfont: score(FontEntry(fname='C:\\Windows\\Fonts\\segoescb.ttf', name='Segoe Script', style='normal', variant='normal', weight=700, stretch='normal', size='scalable')) = 10.335
2023-08-08 11:36:13 [DEBUG]: findfont: score(FontEntry(fname='C:\\Windows\\Fonts\\NirmalaS.ttf', name='Nirmala UI', style='normal', variant='normal', weight=350, stretch='normal', size='scalable')) = 10.0975
2023-08-08 11:36:13 [DEBUG]: findfont: score(FontEntry(fname='C:\\WINDOWS\\Fonts\\arialbd.ttf', name='Arial', style='normal', variant='normal', weight=700, stretch='normal', size='scalable')) = 0.33499999999999996
2023-08-08 11:36:13 [DEBUG]: findfont: score(FontEntry(fname='C:\\WINDOWS\\Fonts\\FTLTLT.TTF', name='Footlight MT Light', style='normal', variant='normal', weight=300, stretch='normal', size='scalable')) = 10.145
2023-08-08 11:36:13 [DEBUG]: findfont: score(FontEntry(fname='C:\\Windows\\Fonts\\SIMLI.TTF', name='LiSu', style='normal', variant='normal', weight=400, stretch='normal', size='scalable')) = 10.05
2023-08-08 11:36:13 [DEBUG]: findfont: score(FontEntry(fname='C:\\Windows\\Fonts\\LBRITE.TTF', name='Lucida Bright', style='normal', variant='normal', weight=400, stretch='normal', size='scalable')) = 10.05
2023-08-08 11:36:13 [DEBUG]: findfont: score(FontEntry(fname='C:\\Windows\\Fonts\\palab.ttf', name='Palatino Linotype', style='normal', variant='normal', weight=700, stretch='normal', size='scalable')) = 10.335
2023-08-08 11:36:13 [DEBUG]: findfont: score(FontEntry(fname='C:\\Windows\\Fonts\\ROCKEB.TTF', name='Rockwell Extra Bold', style='normal', variant='normal', weight=800, stretch='normal', size='scalable')) = 10.43
2023-08-08 11:36:13 [DEBUG]: findfont: score(FontEntry(fname='C:\\Windows\\Fonts\\seguihis.ttf', name='Segoe UI Historic', style='normal', variant='normal', weight=400, stretch='normal', size='scalable')) = 10.05
2023-08-08 11:36:13 [DEBUG]: findfont: score(FontEntry(fname='C:\\WINDOWS\\Fonts\\ARLRDBD.TTF', name='Arial Rounded MT Bold', style='normal', variant='normal', weight=400, stretch='normal', size='scalable')) = 10.05
2023-08-08 11:36:13 [DEBUG]: findfont: score(FontEntry(fname='C:\\WINDOWS\\Fonts\\simhei.ttf', name='SimHei', style='normal', variant='normal', weight=400, stretch='normal', size='scalable')) = 10.05
2023-08-08 11:36:13 [DEBUG]: findfont: score(FontEntry(fname='C:\\WINDOWS\\Fonts\\CALISTB.TTF', name='Calisto MT', style='normal', variant='normal', weight=700, stretch='normal', size='scalable')) = 10.335
2023-08-08 11:36:13 [DEBUG]: findfont: score(FontEntry(fname='C:\\Windows\\Fonts\\NIAGSOL.TTF', name='Niagara Solid', style='normal', variant='normal', weight=400, stretch='normal', size='scalable')) = 10.05
2023-08-08 11:36:13 [DEBUG]: findfont: score(FontEntry(fname='C:\\Windows\\Fonts\\方正粗黑宋简体.ttf', name='FZCuHeiSongS-B-GB', style='normal', variant='normal', weight=400, stretch='normal', size='scalable')) = 10.05
2023-08-08 11:36:13 [DEBUG]: findfont: score(FontEntry(fname='C:\\Windows\\Fonts\\ERASLGHT.TTF', name='Eras Light ITC', style='normal', variant='normal', weight=400, stretch='normal', size='scalable')) = 10.05
2023-08-08 11:36:13 [DEBUG]: findfont: score(FontEntry(fname='C:\\Windows\\Fonts\\simfang.ttf', name='FangSong', style='normal', variant='normal', weight=400, stretch='normal', size='scalable')) = 10.05
2023-08-08 11:36:13 [DEBUG]: findfont: score(FontEntry(fname='C:\\WINDOWS\\Fonts\\GILLUBCD.TTF', name='Gill Sans Ultra Bold Condensed', style='normal', variant='normal', weight=400, stretch='condensed', size='scalable')) = 10.25
2023-08-08 11:36:13 [DEBUG]: findfont: score(FontEntry(fname='C:\\Windows\\Fonts\\BOD_BI.TTF', name='Bodoni MT', style='italic', variant='normal', weight=700, stretch='normal', size='scalable')) = 11.335
2023-08-08 11:36:13 [DEBUG]: findfont: score(FontEntry(fname='C:\\Windows\\Fonts\\comic.ttf', name='Comic Sans MS', style='normal', variant='normal', weight=400, stretch='normal', size='scalable')) = 10.05
2023-08-08 11:36:13 [DEBUG]: findfont: score(FontEntry(fname='C:\\WINDOWS\\Fonts\\ERASDEMI.TTF', name='Eras Demi ITC', style='normal', variant='normal', weight=400, stretch='normal', size='scalable')) = 10.05
2023-08-08 11:36:13 [DEBUG]: findfont: score(FontEntry(fname='C:\\Windows\\Fonts\\segoepr.ttf', name='Segoe Print', style='normal', variant='normal', weight=400, stretch='normal', size='scalable')) = 10.05
2023-08-08 11:36:13 [DEBUG]: findfont: score(FontEntry(fname='C:\\Windows\\Fonts\\courbd.ttf', name='Courier New', style='normal', variant='normal', weight=700, stretch='normal', size='scalable')) = 10.335
2023-08-08 11:36:13 [DEBUG]: findfont: score(FontEntry(fname='C:\\Windows\\Fonts\\verdana.ttf', name='Verdana', style='normal', variant='normal', weight=400, stretch='normal', size='scalable')) = 10.05
2023-08-08 11:36:13 [DEBUG]: findfont: score(FontEntry(fname='C:\\Windows\\Fonts\\SHOWG.TTF', name='Showcard Gothic', style='normal', variant='normal', weight=400, stretch='normal', size='scalable')) = 10.05
2023-08-08 11:36:13 [DEBUG]: findfont: score(FontEntry(fname='C:\\WINDOWS\\Fonts\\JOKERMAN.TTF', name='Jokerman', style='normal', variant='normal', weight=400, stretch='normal', size='scalable')) = 10.05
2023-08-08 11:36:13 [DEBUG]: findfont: score(FontEntry(fname='C:\\Windows\\Fonts\\FORTE.TTF', name='Forte', style='normal', variant='normal', weight=400, stretch='normal', size='scalable')) = 10.05
2023-08-08 11:36:13 [DEBUG]: findfont: score(FontEntry(fname='C:\\WINDOWS\\Fonts\\ELEPHNT.TTF', name='Elephant', style='normal', variant='normal', weight=400, stretch='normal', size='scalable')) = 10.05
2023-08-08 11:36:13 [DEBUG]: findfont: score(FontEntry(fname='C:\\WINDOWS\\Fonts\\BRUSHSCI.TTF', name='Brush Script MT', style='italic', variant='normal', weight=400, stretch='normal', size='scalable')) = 11.05
2023-08-08 11:36:13 [DEBUG]: findfont: score(FontEntry(fname='C:\\WINDOWS\\Fonts\\Candarali.ttf', name='Candara', style='italic', variant='normal', weight=400, stretch='normal', size='scalable')) = 11.05
2023-08-08 11:36:13 [DEBUG]: findfont: score(FontEntry(fname='C:\\WINDOWS\\Fonts\\palab.ttf', name='Palatino Linotype', style='normal', variant='normal', weight=700, stretch='normal', size='scalable')) = 10.335
2023-08-08 11:36:13 [DEBUG]: findfont: score(FontEntry(fname='C:\\Windows\\Fonts\\arialbd.ttf', name='Arial', style='normal', variant='normal', weight=700, stretch='normal', size='scalable')) = 0.33499999999999996
2023-08-08 11:36:13 [DEBUG]: findfont: score(FontEntry(fname='C:\\Windows\\Fonts\\LBRITED.TTF', name='Lucida Bright', style='normal', variant='normal', weight=600, stretch='normal', size='scalable')) = 10.24
2023-08-08 11:36:13 [DEBUG]: findfont: score(FontEntry(fname='C:\\WINDOWS\\Fonts\\CHILLER.TTF', name='Chiller', style='normal', variant='normal', weight=400, stretch='normal', size='scalable')) = 10.05
2023-08-08 11:36:13 [DEBUG]: findfont: score(FontEntry(fname='C:\\Windows\\Fonts\\CASTELAR.TTF', name='Castellar', style='normal', variant='normal', weight=400, stretch='normal', size='scalable')) = 10.05
2023-08-08 11:36:13 [DEBUG]: findfont: score(FontEntry(fname='C:\\WINDOWS\\Fonts\\cambriab.ttf', name='Cambria', style='normal', variant='normal', weight=700, stretch='normal', size='scalable')) = 10.335
2023-08-08 11:36:13 [DEBUG]: findfont: score(FontEntry(fname='C:\\WINDOWS\\Fonts\\SIMLI.TTF', name='LiSu', style='normal', variant='normal', weight=400, stretch='normal', size='scalable')) = 10.05
2023-08-08 11:36:13 [DEBUG]: findfont: score(FontEntry(fname='C:\\Windows\\Fonts\\SCHLBKB.TTF', name='Century Schoolbook', style='normal', variant='normal', weight=700, stretch='normal', size='scalable')) = 10.335
2023-08-08 11:36:13 [DEBUG]: findfont: score(FontEntry(fname='C:\\WINDOWS\\Fonts\\BRLNSDB.TTF', name='Berlin Sans FB Demi', style='normal', variant='normal', weight=700, stretch='normal', size='scalable')) = 10.335
2023-08-08 11:36:13 [DEBUG]: findfont: score(FontEntry(fname='C:\\WINDOWS\\Fonts\\tahomabd.ttf', name='Tahoma', style='normal', variant='normal', weight=700, stretch='normal', size='scalable')) = 10.335
2023-08-08 11:36:13 [DEBUG]: findfont: score(FontEntry(fname='C:\\Windows\\Fonts\\GOUDOSI.TTF', name='Goudy Old Style', style='italic', variant='normal', weight=400, stretch='normal', size='scalable')) = 11.05
2023-08-08 11:36:13 [DEBUG]: findfont: score(FontEntry(fname='C:\\WINDOWS\\Fonts\\BOD_CI.TTF', name='Bodoni MT', style='italic', variant='normal', weight=400, stretch='condensed', size='scalable')) = 11.25
2023-08-08 11:36:13 [DEBUG]: findfont: score(FontEntry(fname='C:\\WINDOWS\\Fonts\\CURLZ___.TTF', name='Curlz MT', style='normal', variant='normal', weight=400, stretch='normal', size='scalable')) = 10.05
2023-08-08 11:36:13 [DEBUG]: findfont: score(FontEntry(fname='C:\\WINDOWS\\Fonts\\PLAYBILL.TTF', name='Playbill', style='normal', variant='normal', weight=400, stretch='normal', size='scalable')) = 10.05
2023-08-08 11:36:13 [DEBUG]: findfont: score(FontEntry(fname='C:\\Windows\\Fonts\\DUBAI-LIGHT.TTF', name='Dubai', style='normal', variant='normal', weight=300, stretch='normal', size='scalable')) = 10.145
2023-08-08 11:36:13 [DEBUG]: findfont: score(FontEntry(fname='C:\\Windows\\Fonts\\MSUIGHUB.TTF', name='Microsoft Uighur', style='normal', variant='normal', weight=700, stretch='normal', size='scalable')) = 10.335
2023-08-08 11:36:13 [DEBUG]: findfont: score(FontEntry(fname='C:\\WINDOWS\\Fonts\\LFAXI.TTF', name='Lucida Fax', style='italic', variant='normal', weight=400, stretch='normal', size='scalable')) = 11.05
2023-08-08 11:36:13 [DEBUG]: findfont: score(FontEntry(fname='C:\\WINDOWS\\Fonts\\simkai.ttf', name='KaiTi', style='normal', variant='normal', weight=400, stretch='normal', size='scalable')) = 10.05
2023-08-08 11:36:13 [DEBUG]: findfont: score(FontEntry(fname='C:\\WINDOWS\\Fonts\\TCCEB.TTF', name='Tw Cen MT Condensed Extra Bold', style='normal', variant='normal', weight=400, stretch='condensed', size='scalable')) = 10.25
2023-08-08 11:36:13 [DEBUG]: findfont: score(FontEntry(fname='C:\\Windows\\Fonts\\ENGR.TTF', name='Engravers MT', style='normal', variant='normal', weight=500, stretch='normal', size='scalable')) = 10.145
2023-08-08 11:36:13 [DEBUG]: findfont: score(FontEntry(fname='C:\\Windows\\Fonts\\arialbi.ttf', name='Arial', style='italic', variant='normal', weight=700, stretch='normal', size='scalable')) = 1.335
2023-08-08 11:36:13 [DEBUG]: findfont: score(FontEntry(fname='C:\\Windows\\Fonts\\ebrima.ttf', name='Ebrima', style='normal', variant='normal', weight=400, stretch='normal', size='scalable')) = 10.05
2023-08-08 11:36:13 [DEBUG]: findfont: score(FontEntry(fname='C:\\WINDOWS\\Fonts\\BOOKOSBI.TTF', name='Bookman Old Style', style='italic', variant='normal', weight=600, stretch='normal', size='scalable')) = 11.24
2023-08-08 11:36:13 [DEBUG]: findfont: score(FontEntry(fname='C:\\WINDOWS\\Fonts\\Candarab.ttf', name='Candara', style='normal', variant='normal', weight=700, stretch='normal', size='scalable')) = 10.335
2023-08-08 11:36:13 [DEBUG]: findfont: score(FontEntry(fname='C:\\Windows\\Fonts\\BELL.TTF', name='Bell MT', style='normal', variant='normal', weight=400, stretch='normal', size='scalable')) = 10.05
2023-08-08 11:36:13 [DEBUG]: findfont: score(FontEntry(fname='C:\\Windows\\Fonts\\LSANSI.TTF', name='Lucida Sans', style='italic', variant='normal', weight=400, stretch='normal', size='scalable')) = 11.05
2023-08-08 11:36:13 [DEBUG]: findfont: score(FontEntry(fname='C:\\WINDOWS\\Fonts\\ariali.ttf', name='Arial', style='italic', variant='normal', weight=400, stretch='normal', size='scalable')) = 1.05
2023-08-08 11:36:13 [DEBUG]: findfont: score(FontEntry(fname='C:\\WINDOWS\\Fonts\\LeelUIsl.ttf', name='Leelawadee UI', style='normal', variant='normal', weight=350, stretch='normal', size='scalable')) = 10.0975
2023-08-08 11:36:13 [DEBUG]: findfont: score(FontEntry(fname='C:\\WINDOWS\\Fonts\\comicz.ttf', name='Comic Sans MS', style='italic', variant='normal', weight=700, stretch='normal', size='scalable')) = 11.335
2023-08-08 11:36:13 [DEBUG]: findfont: score(FontEntry(fname='C:\\Windows\\Fonts\\calibril.ttf', name='Calibri', style='normal', variant='normal', weight=300, stretch='normal', size='scalable')) = 10.145
2023-08-08 11:36:13 [DEBUG]: findfont: score(FontEntry(fname='C:\\Windows\\Fonts\\TCCB____.TTF', name='Tw Cen MT Condensed', style='normal', variant='normal', weight=700, stretch='condensed', size='scalable')) = 10.535
2023-08-08 11:36:13 [DEBUG]: findfont: score(FontEntry(fname='C:\\Windows\\Fonts\\calibrii.ttf', name='Calibri', style='italic', variant='normal', weight=400, stretch='normal', size='scalable')) = 11.05
2023-08-08 11:36:13 [DEBUG]: findfont: score(FontEntry(fname='C:\\Windows\\Fonts\\ARLRDBD.TTF', name='Arial Rounded MT Bold', style='normal', variant='normal', weight=400, stretch='normal', size='scalable')) = 10.05
2023-08-08 11:36:13 [DEBUG]: findfont: score(FontEntry(fname='C:\\Windows\\Fonts\\MOD20.TTF', name='Modern No. 20', style='normal', variant='normal', weight=400, stretch='normal', size='scalable')) = 10.05
2023-08-08 11:36:13 [DEBUG]: findfont: score(FontEntry(fname='C:\\Windows\\Fonts\\SCHLBKBI.TTF', name='Century Schoolbook', style='italic', variant='normal', weight=700, stretch='normal', size='scalable')) = 11.335
2023-08-08 11:36:13 [DEBUG]: findfont: score(FontEntry(fname='C:\\Windows\\Fonts\\monbaiti.ttf', name='Mongolian Baiti', style='normal', variant='normal', weight=400, stretch='normal', size='scalable')) = 10.05
2023-08-08 11:36:13 [DEBUG]: findfont: score(FontEntry(fname='C:\\WINDOWS\\Fonts\\GLSNECB.TTF', name='Gill Sans MT Ext Condensed Bold', style='normal', variant='normal', weight=400, stretch='condensed', size='scalable')) = 10.25
2023-08-08 11:36:13 [DEBUG]: findfont: score(FontEntry(fname='C:\\WINDOWS\\Fonts\\ONYX.TTF', name='Onyx', style='normal', variant='normal', weight=400, stretch='normal', size='scalable')) = 10.05
2023-08-08 11:36:13 [DEBUG]: findfont: score(FontEntry(fname='C:\\Windows\\Fonts\\phagspab.ttf', name='Microsoft PhagsPa', style='normal', variant='normal', weight=700, stretch='normal', size='scalable')) = 10.335
2023-08-08 11:36:13 [DEBUG]: findfont: score(FontEntry(fname='C:\\WINDOWS\\Fonts\\calibrib.ttf', name='Calibri', style='normal', variant='normal', weight=700, stretch='normal', size='scalable')) = 10.335
2023-08-08 11:36:13 [DEBUG]: findfont: score(FontEntry(fname='C:\\WINDOWS\\Fonts\\BELLI.TTF', name='Bell MT', style='italic', variant='normal', weight=400, stretch='normal', size='scalable')) = 11.05
2023-08-08 11:36:13 [DEBUG]: findfont: score(FontEntry(fname='C:\\WINDOWS\\Fonts\\ROCKEB.TTF', name='Rockwell Extra Bold', style='normal', variant='normal', weight=800, stretch='normal', size='scalable')) = 10.43
2023-08-08 11:36:13 [DEBUG]: findfont: score(FontEntry(fname='C:\\WINDOWS\\Fonts\\ROCC____.TTF', name='Rockwell Condensed', style='normal', variant='normal', weight=400, stretch='condensed', size='scalable')) = 10.25
2023-08-08 11:36:13 [DEBUG]: findfont: score(FontEntry(fname='C:\\Windows\\Fonts\\GILSANUB.TTF', name='Gill Sans Ultra Bold', style='normal', variant='normal', weight=400, stretch='normal', size='scalable')) = 10.05
2023-08-08 11:36:13 [DEBUG]: findfont: score(FontEntry(fname='C:\\WINDOWS\\Fonts\\TCCM____.TTF', name='Tw Cen MT Condensed', style='normal', variant='normal', weight=400, stretch='condensed', size='scalable')) = 10.25
2023-08-08 11:36:13 [DEBUG]: findfont: score(FontEntry(fname='C:\\Windows\\Fonts\\corbeli.ttf', name='Corbel', style='italic', variant='normal', weight=400, stretch='normal', size='scalable')) = 11.05
2023-08-08 11:36:13 [DEBUG]: findfont: score(FontEntry(fname='C:\\WINDOWS\\Fonts\\BKANT.TTF', name='Book Antiqua', style='normal', variant='normal', weight=400, stretch='normal', size='scalable')) = 10.05
2023-08-08 11:36:13 [DEBUG]: findfont: score(FontEntry(fname='C:\\WINDOWS\\Fonts\\lucon.ttf', name='Lucida Console', style='normal', variant='normal', weight=400, stretch='normal', size='scalable')) = 10.05
2023-08-08 11:36:13 [DEBUG]: findfont: score(FontEntry(fname='C:\\Windows\\Fonts\\times.ttf', name='Times New Roman', style='normal', variant='normal', weight=400, stretch='normal', size='scalable')) = 10.05
2023-08-08 11:36:13 [DEBUG]: findfont: score(FontEntry(fname='C:\\Windows\\Fonts\\HARNGTON.TTF', name='Harrington', style='normal', variant='normal', weight=400, stretch='normal', size='scalable')) = 10.05
2023-08-08 11:36:13 [DEBUG]: findfont: score(FontEntry(fname='C:\\Windows\\Fonts\\BOD_CB.TTF', name='Bodoni MT', style='normal', variant='normal', weight=700, stretch='condensed', size='scalable')) = 10.535
2023-08-08 11:36:13 [DEBUG]: findfont: score(FontEntry(fname='C:\\WINDOWS\\Fonts\\HARNGTON.TTF', name='Harrington', style='normal', variant='normal', weight=400, stretch='normal', size='scalable')) = 10.05
2023-08-08 11:36:13 [DEBUG]: findfont: score(FontEntry(fname='C:\\Windows\\Fonts\\consolab.ttf', name='Consolas', style='normal', variant='normal', weight=700, stretch='normal', size='scalable')) = 10.335
2023-08-08 11:36:13 [DEBUG]: findfont: score(FontEntry(fname='C:\\Windows\\Fonts\\ANTQUAI.TTF', name='Book Antiqua', style='italic', variant='normal', weight=400, stretch='normal', size='scalable')) = 11.05
2023-08-08 11:36:13 [DEBUG]: findfont: score(FontEntry(fname='C:\\WINDOWS\\Fonts\\verdana.ttf', name='Verdana', style='normal', variant='normal', weight=400, stretch='normal', size='scalable')) = 10.05
2023-08-08 11:36:13 [DEBUG]: findfont: score(FontEntry(fname='C:\\WINDOWS\\Fonts\\framd.ttf', name='Franklin Gothic Medium', style='normal', variant='normal', weight=400, stretch='normal', size='scalable')) = 10.05
2023-08-08 11:36:13 [DEBUG]: findfont: score(FontEntry(fname='C:\\Windows\\Fonts\\cambriaz.ttf', name='Cambria', style='italic', variant='normal', weight=700, stretch='normal', size='scalable')) = 11.335
2023-08-08 11:36:13 [DEBUG]: findfont: score(FontEntry(fname='C:\\WINDOWS\\Fonts\\CALIFI.TTF', name='Californian FB', style='italic', variant='normal', weight=400, stretch='normal', size='scalable')) = 11.05
2023-08-08 11:36:13 [DEBUG]: findfont: score(FontEntry(fname='C:\\WINDOWS\\Fonts\\SIMYOU.TTF', name='YouYuan', style='normal', variant='normal', weight=400, stretch='normal', size='scalable')) = 10.05
2023-08-08 11:36:13 [DEBUG]: findfont: score(FontEntry(fname='C:\\WINDOWS\\Fonts\\ALGER.TTF', name='Algerian', style='normal', variant='normal', weight=400, stretch='normal', size='scalable')) = 10.05
2023-08-08 11:36:13 [DEBUG]: findfont: score(FontEntry(fname='C:\\WINDOWS\\Fonts\\msgothic.ttc', name='MS Gothic', style='normal', variant='normal', weight=400, stretch='normal', size='scalable')) = 10.05
2023-08-08 11:36:13 [DEBUG]: findfont: score(FontEntry(fname='C:\\Windows\\Fonts\\LeelaUIb.ttf', name='Leelawadee UI', style='normal', variant='normal', weight=700, stretch='normal', size='scalable')) = 10.335
2023-08-08 11:36:13 [DEBUG]: findfont: score(FontEntry(fname='C:\\WINDOWS\\Fonts\\BRLNSR.TTF', name='Berlin Sans FB', style='normal', variant='normal', weight=400, stretch='normal', size='scalable')) = 10.05
2023-08-08 11:36:13 [DEBUG]: findfont: score(FontEntry(fname='C:\\Windows\\Fonts\\PERI____.TTF', name='Perpetua', style='italic', variant='normal', weight=400, stretch='normal', size='scalable')) = 11.05
2023-08-08 11:36:13 [DEBUG]: findfont: score(FontEntry(fname='C:\\WINDOWS\\Fonts\\PALSCRI.TTF', name='Palace Script MT', style='normal', variant='normal', weight=400, stretch='normal', size='scalable')) = 10.05
2023-08-08 11:36:13 [DEBUG]: findfont: score(FontEntry(fname='C:\\Windows\\Fonts\\Inkfree.ttf', name='Ink Free', style='normal', variant='normal', weight=400, stretch='normal', size='scalable')) = 10.05
2023-08-08 11:36:13 [DEBUG]: findfont: score(FontEntry(fname='C:\\Windows\\Fonts\\SitkaZ.ttc', name='Sitka Small', style='italic', variant='normal', weight=700, stretch='normal', size='scalable')) = 11.335
2023-08-08 11:36:13 [DEBUG]: findfont: score(FontEntry(fname='C:\\WINDOWS\\Fonts\\comic.ttf', name='Comic Sans MS', style='normal', variant='normal', weight=400, stretch='normal', size='scalable')) = 10.05
2023-08-08 11:36:13 [DEBUG]: findfont: score(FontEntry(fname='C:\\Windows\\Fonts\\trebuc.ttf', name='Trebuchet MS', style='normal', variant='normal', weight=400, stretch='normal', size='scalable')) = 10.05
2023-08-08 11:36:13 [DEBUG]: findfont: score(FontEntry(fname='C:\\WINDOWS\\Fonts\\GOTHIC.TTF', name='Century Gothic', style='normal', variant='normal', weight=400, stretch='normal', size='scalable')) = 10.05
2023-08-08 11:36:13 [DEBUG]: findfont: score(FontEntry(fname='C:\\WINDOWS\\Fonts\\mvboli.ttf', name='MV Boli', style='normal', variant='normal', weight=400, stretch='normal', size='scalable')) = 10.05
2023-08-08 11:36:13 [DEBUG]: findfont: score(FontEntry(fname='C:\\WINDOWS\\Fonts\\GOTHICBI.TTF', name='Century Gothic', style='italic', variant='normal', weight=700, stretch='normal', size='scalable')) = 11.335
2023-08-08 11:36:13 [DEBUG]: findfont: score(FontEntry(fname='C:\\Windows\\Fonts\\GOTHIC.TTF', name='Century Gothic', style='normal', variant='normal', weight=400, stretch='normal', size='scalable')) = 10.05
2023-08-08 11:36:13 [DEBUG]: findfont: score(FontEntry(fname='C:\\Windows\\Fonts\\BOD_B.TTF', name='Bodoni MT', style='normal', variant='normal', weight=700, stretch='normal', size='scalable')) = 10.335
2023-08-08 11:36:13 [DEBUG]: findfont: score(FontEntry(fname='C:\\WINDOWS\\Fonts\\Gabriola.ttf', name='Gabriola', style='normal', variant='normal', weight=400, stretch='normal', size='scalable')) = 10.05
2023-08-08 11:36:13 [DEBUG]: findfont: score(FontEntry(fname='C:\\WINDOWS\\Fonts\\seguili.ttf', name='Segoe UI', style='italic', variant='normal', weight=300, stretch='normal', size='scalable')) = 11.145
2023-08-08 11:36:13 [DEBUG]: findfont: score(FontEntry(fname='C:\\Windows\\Fonts\\FRADMCN.TTF', name='Franklin Gothic Demi Cond', style='normal', variant='normal', weight=400, stretch='condensed', size='scalable')) = 10.25
2023-08-08 11:36:13 [DEBUG]: findfont: score(FontEntry(fname='C:\\WINDOWS\\Fonts\\DUBAI-MEDIUM.TTF', name='Dubai', style='normal', variant='normal', weight=500, stretch='normal', size='scalable')) = 10.145
2023-08-08 11:36:13 [DEBUG]: findfont: score(FontEntry(fname='C:\\WINDOWS\\Fonts\\NIAGENG.TTF', name='Niagara Engraved', style='normal', variant='normal', weight=400, stretch='normal', size='scalable')) = 10.05
2023-08-08 11:36:13 [DEBUG]: findfont: score(FontEntry(fname='C:\\Windows\\Fonts\\javatext.ttf', name='Javanese Text', style='normal', variant='normal', weight=400, stretch='normal', size='scalable')) = 10.05
2023-08-08 11:36:13 [DEBUG]: findfont: score(FontEntry(fname='C:\\WINDOWS\\Fonts\\trebucbi.ttf', name='Trebuchet MS', style='italic', variant='normal', weight=700, stretch='normal', size='scalable')) = 11.335
2023-08-08 11:36:13 [DEBUG]: findfont: score(FontEntry(fname='C:\\Windows\\Fonts\\STFANGSO.TTF', name='STFangsong', style='normal', variant='normal', weight=400, stretch='normal', size='scalable')) = 10.05
2023-08-08 11:36:13 [DEBUG]: findfont: score(FontEntry(fname='C:\\Windows\\Fonts\\TCCM____.TTF', name='Tw Cen MT Condensed', style='normal', variant='normal', weight=400, stretch='condensed', size='scalable')) = 10.25
2023-08-08 11:36:13 [DEBUG]: findfont: score(FontEntry(fname='C:\\WINDOWS\\Fonts\\STXINWEI.TTF', name='STXinwei', style='normal', variant='normal', weight=400, stretch='normal', size='scalable')) = 10.05
2023-08-08 11:36:13 [DEBUG]: findfont: score(FontEntry(fname='C:\\WINDOWS\\Fonts\\taileb.ttf', name='Microsoft Tai Le', style='normal', variant='normal', weight=700, stretch='normal', size='scalable')) = 10.335
2023-08-08 11:36:13 [DEBUG]: findfont: score(FontEntry(fname='C:\\WINDOWS\\Fonts\\BOD_BLAR.TTF', name='Bodoni MT', style='normal', variant='normal', weight=900, stretch='normal', size='scalable')) = 10.525
2023-08-08 11:36:13 [DEBUG]: findfont: score(FontEntry(fname='C:\\Windows\\Fonts\\BOD_CR.TTF', name='Bodoni MT', style='normal', variant='normal', weight=400, stretch='condensed', size='scalable')) = 10.25
2023-08-08 11:36:13 [DEBUG]: findfont: score(FontEntry(fname='C:\\Windows\\Fonts\\INFROMAN.TTF', name='Informal Roman', style='normal', variant='normal', weight=400, stretch='normal', size='scalable')) = 10.05
2023-08-08 11:36:13 [DEBUG]: findfont: score(FontEntry(fname='C:\\WINDOWS\\Fonts\\FZSTK.TTF', name='FZShuTi', style='normal', variant='normal', weight=400, stretch='normal', size='scalable')) = 10.05
2023-08-08 11:36:13 [DEBUG]: findfont: score(FontEntry(fname='C:\\WINDOWS\\Fonts\\CENSCBK.TTF', name='Century Schoolbook', style='normal', variant='normal', weight=400, stretch='normal', size='scalable')) = 10.05
2023-08-08 11:36:13 [DEBUG]: findfont: score(FontEntry(fname='C:\\Windows\\Fonts\\msjh.ttc', name='Microsoft JhengHei', style='normal', variant='normal', weight=400, stretch='normal', size='scalable')) = 10.05
2023-08-08 11:36:13 [DEBUG]: findfont: score(FontEntry(fname='C:\\WINDOWS\\Fonts\\cambriai.ttf', name='Cambria', style='italic', variant='normal', weight=400, stretch='normal', size='scalable')) = 11.05
2023-08-08 11:36:13 [DEBUG]: findfont: score(FontEntry(fname='C:\\Windows\\Fonts\\ROCCB___.TTF', name='Rockwell Condensed', style='normal', variant='normal', weight=700, stretch='condensed', size='scalable')) = 10.535
2023-08-08 11:36:13 [DEBUG]: findfont: score(FontEntry(fname='C:\\WINDOWS\\Fonts\\courbi.ttf', name='Courier New', style='italic', variant='normal', weight=700, stretch='normal', size='scalable')) = 11.335
2023-08-08 11:36:13 [DEBUG]: findfont: score(FontEntry(fname='C:\\Windows\\Fonts\\GIL_____.TTF', name='Gill Sans MT', style='normal', variant='normal', weight=400, stretch='normal', size='scalable')) = 10.05
2023-08-08 11:36:13 [DEBUG]: findfont: score(FontEntry(fname='C:\\WINDOWS\\Fonts\\ARIALN.TTF', name='Arial', style='normal', variant='normal', weight=400, stretch='condensed', size='scalable')) = 0.25
2023-08-08 11:36:13 [DEBUG]: findfont: score(FontEntry(fname='C:\\WINDOWS\\Fonts\\STHUPO.TTF', name='STHupo', style='normal', variant='normal', weight=400, stretch='normal', size='scalable')) = 10.05
2023-08-08 11:36:13 [DEBUG]: findfont: score(FontEntry(fname='C:\\Windows\\Fonts\\consola.ttf', name='Consolas', style='normal', variant='normal', weight=400, stretch='normal', size='scalable')) = 10.05
2023-08-08 11:36:13 [DEBUG]: findfont: score(FontEntry(fname='C:\\Windows\\Fonts\\seguisbi.ttf', name='Segoe UI', style='italic', variant='normal', weight=600, stretch='normal', size='scalable')) = 11.24
2023-08-08 11:36:13 [DEBUG]: findfont: score(FontEntry(fname='C:\\WINDOWS\\Fonts\\malgunsl.ttf', name='Malgun Gothic', style='normal', variant='normal', weight=300, stretch='normal', size='scalable')) = 10.145
2023-08-08 11:36:13 [DEBUG]: findfont: score(FontEntry(fname='C:\\Windows\\Fonts\\REFSPCL.TTF', name='MS Reference Specialty', style='normal', variant='normal', weight=400, stretch='normal', size='scalable')) = 10.05
2023-08-08 11:36:13 [DEBUG]: findfont: score(FontEntry(fname='C:\\WINDOWS\\Fonts\\OLDENGL.TTF', name='Old English Text MT', style='normal', variant='normal', weight=400, stretch='normal', size='scalable')) = 10.05
2023-08-08 11:36:13 [DEBUG]: findfont: score(FontEntry(fname='C:\\WINDOWS\\Fonts\\LSANSDI.TTF', name='Lucida Sans', style='italic', variant='normal', weight=600, stretch='normal', size='scalable')) = 11.24
2023-08-08 11:36:13 [DEBUG]: findfont: score(FontEntry(fname='C:\\WINDOWS\\Fonts\\pala.ttf', name='Palatino Linotype', style='normal', variant='normal', weight=400, stretch='normal', size='scalable')) = 10.05
2023-08-08 11:36:13 [DEBUG]: findfont: score(FontEntry(fname='C:\\Windows\\Fonts\\simkai.ttf', name='KaiTi', style='normal', variant='normal', weight=400, stretch='normal', size='scalable')) = 10.05
2023-08-08 11:36:13 [DEBUG]: findfont: score(FontEntry(fname='C:\\Windows\\Fonts\\trebucit.ttf', name='Trebuchet MS', style='italic', variant='normal', weight=400, stretch='normal', size='scalable')) = 11.05
2023-08-08 11:36:13 [DEBUG]: findfont: score(FontEntry(fname='C:\\WINDOWS\\Fonts\\phagspa.ttf', name='Microsoft PhagsPa', style='normal', variant='normal', weight=400, stretch='normal', size='scalable')) = 10.05
2023-08-08 11:36:13 [DEBUG]: findfont: score(FontEntry(fname='C:\\Windows\\Fonts\\BOOKOS.TTF', name='Bookman Old Style', style='normal', variant='normal', weight=300, stretch='normal', size='scalable')) = 10.145
2023-08-08 11:36:13 [DEBUG]: findfont: score(FontEntry(fname='C:\\WINDOWS\\Fonts\\constanb.ttf', name='Constantia', style='normal', variant='normal', weight=700, stretch='normal', size='scalable')) = 10.335
2023-08-08 11:36:13 [DEBUG]: findfont: score(FontEntry(fname='C:\\Windows\\Fonts\\comicbd.ttf', name='Comic Sans MS', style='normal', variant='normal', weight=700, stretch='normal', size='scalable')) = 10.335
2023-08-08 11:36:13 [DEBUG]: findfont: score(FontEntry(fname='C:\\WINDOWS\\Fonts\\webdings.ttf', name='Webdings', style='normal', variant='normal', weight=400, stretch='normal', size='scalable')) = 10.05
2023-08-08 11:36:13 [DEBUG]: findfont: score(FontEntry(fname='C:\\WINDOWS\\Fonts\\FRADM.TTF', name='Franklin Gothic Demi', style='normal', variant='normal', weight=400, stretch='normal', size='scalable')) = 10.05
2023-08-08 11:36:13 [DEBUG]: findfont: score(FontEntry(fname='C:\\WINDOWS\\Fonts\\CALISTBI.TTF', name='Calisto MT', style='italic', variant='normal', weight=700, stretch='normal', size='scalable')) = 11.335
2023-08-08 11:36:13 [DEBUG]: findfont: score(FontEntry(fname='C:\\Windows\\Fonts\\BERNHC.TTF', name='Bernard MT Condensed', style='normal', variant='normal', weight=400, stretch='condensed', size='scalable')) = 10.25
2023-08-08 11:36:13 [DEBUG]: findfont: score(FontEntry(fname='C:\\WINDOWS\\Fonts\\FRABK.TTF', name='Franklin Gothic Book', style='normal', variant='normal', weight=400, stretch='normal', size='scalable')) = 10.05
2023-08-08 11:36:13 [DEBUG]: findfont: score(FontEntry(fname='C:\\Windows\\Fonts\\ntailu.ttf', name='Microsoft New Tai Lue', style='normal', variant='normal', weight=400, stretch='normal', size='scalable')) = 10.05
2023-08-08 11:36:13 [DEBUG]: findfont: score(FontEntry(fname='C:\\Windows\\Fonts\\GIGI.TTF', name='Gigi', style='normal', variant='normal', weight=400, stretch='normal', size='scalable')) = 10.05
2023-08-08 11:36:13 [DEBUG]: findfont: score(FontEntry(fname='C:\\Windows\\Fonts\\malgunsl.ttf', name='Malgun Gothic', style='normal', variant='normal', weight=300, stretch='normal', size='scalable')) = 10.145
2023-08-08 11:36:13 [DEBUG]: findfont: score(FontEntry(fname='C:\\Windows\\Fonts\\CHILLER.TTF', name='Chiller', style='normal', variant='normal', weight=400, stretch='normal', size='scalable')) = 10.05
2023-08-08 11:36:13 [DEBUG]: findfont: score(FontEntry(fname='C:\\Windows\\Fonts\\msyi.ttf', name='Microsoft Yi Baiti', style='normal', variant='normal', weight=400, stretch='normal', size='scalable')) = 10.05
2023-08-08 11:36:13 [DEBUG]: findfont: score(FontEntry(fname='C:\\WINDOWS\\Fonts\\PERB____.TTF', name='Perpetua', style='normal', variant='normal', weight=700, stretch='normal', size='scalable')) = 10.335
2023-08-08 11:36:13 [DEBUG]: findfont: score(FontEntry(fname='C:\\Windows\\Fonts\\himalaya.ttf', name='Microsoft Himalaya', style='normal', variant='normal', weight=400, stretch='normal', size='scalable')) = 10.05
2023-08-08 11:36:13 [DEBUG]: findfont: score(FontEntry(fname='C:\\WINDOWS\\Fonts\\HATTEN.TTF', name='Haettenschweiler', style='normal', variant='normal', weight=400, stretch='normal', size='scalable')) = 10.05
2023-08-08 11:36:13 [DEBUG]: findfont: score(FontEntry(fname='C:\\Windows\\Fonts\\CALIFI.TTF', name='Californian FB', style='italic', variant='normal', weight=400, stretch='normal', size='scalable')) = 11.05
2023-08-08 11:36:13 [DEBUG]: findfont: score(FontEntry(fname='C:\\WINDOWS\\Fonts\\gadugib.ttf', name='Gadugi', style='normal', variant='normal', weight=700, stretch='normal', size='scalable')) = 10.335
2023-08-08 11:36:13 [DEBUG]: findfont: score(FontEntry(fname='C:\\WINDOWS\\Fonts\\ERASMD.TTF', name='Eras Medium ITC', style='normal', variant='normal', weight=400, stretch='normal', size='scalable')) = 10.05
2023-08-08 11:36:13 [DEBUG]: findfont: score(FontEntry(fname='C:\\Windows\\Fonts\\TEMPSITC.TTF', name='Tempus Sans ITC', style='normal', variant='normal', weight=400, stretch='normal', size='scalable')) = 10.05
2023-08-08 11:36:13 [DEBUG]: findfont: score(FontEntry(fname='C:\\Windows\\Fonts\\STSONG.TTF', name='STSong', style='normal', variant='normal', weight=400, stretch='normal', size='scalable')) = 10.05
2023-08-08 11:36:13 [DEBUG]: findfont: score(FontEntry(fname='C:\\WINDOWS\\Fonts\\LTYPEO.TTF', name='Lucida Sans Typewriter', style='oblique', variant='normal', weight=400, stretch='normal', size='scalable')) = 11.05
2023-08-08 11:36:13 [DEBUG]: findfont: score(FontEntry(fname='C:\\WINDOWS\\Fonts\\segoescb.ttf', name='Segoe Script', style='normal', variant='normal', weight=700, stretch='normal', size='scalable')) = 10.335
2023-08-08 11:36:13 [DEBUG]: findfont: score(FontEntry(fname='C:\\WINDOWS\\Fonts\\segoesc.ttf', name='Segoe Script', style='normal', variant='normal', weight=400, stretch='normal', size='scalable')) = 10.05
2023-08-08 11:36:13 [DEBUG]: findfont: score(FontEntry(fname='C:\\WINDOWS\\Fonts\\CALIFB.TTF', name='Californian FB', style='normal', variant='normal', weight=700, stretch='normal', size='scalable')) = 10.335
2023-08-08 11:36:13 [DEBUG]: findfont: score(FontEntry(fname='C:\\Windows\\Fonts\\ebrimabd.ttf', name='Ebrima', style='normal', variant='normal', weight=700, stretch='normal', size='scalable')) = 10.335
2023-08-08 11:36:13 [DEBUG]: findfont: score(FontEntry(fname='C:\\Windows\\Fonts\\BRITANIC.TTF', name='Britannic Bold', style='normal', variant='normal', weight=400, stretch='normal', size='scalable')) = 10.05
2023-08-08 11:36:13 [DEBUG]: findfont: score(FontEntry(fname='C:\\WINDOWS\\Fonts\\STZHONGS.TTF', name='STZhongsong', style='normal', variant='normal', weight=400, stretch='normal', size='scalable')) = 10.05
2023-08-08 11:36:13 [DEBUG]: findfont: score(FontEntry(fname='C:\\WINDOWS\\Fonts\\calibriz.ttf', name='Calibri', style='italic', variant='normal', weight=700, stretch='normal', size='scalable')) = 11.335
2023-08-08 11:36:13 [DEBUG]: findfont: score(FontEntry(fname='C:\\WINDOWS\\Fonts\\segoeuisl.ttf', name='Segoe UI', style='normal', variant='normal', weight=350, stretch='normal', size='scalable')) = 10.0975
2023-08-08 11:36:13 [DEBUG]: findfont: score(FontEntry(fname='C:\\Windows\\Fonts\\STXINGKA.TTF', name='STXingkai', style='normal', variant='normal', weight=400, stretch='normal', size='scalable')) = 10.05
2023-08-08 11:36:13 [DEBUG]: findfont: score(FontEntry(fname='C:\\Windows\\Fonts\\malgun.ttf', name='Malgun Gothic', style='normal', variant='normal', weight=400, stretch='normal', size='scalable')) = 10.05
2023-08-08 11:36:13 [DEBUG]: findfont: score(FontEntry(fname='C:\\WINDOWS\\Fonts\\MOD20.TTF', name='Modern No. 20', style='normal', variant='normal', weight=400, stretch='normal', size='scalable')) = 10.05
2023-08-08 11:36:13 [DEBUG]: findfont: score(FontEntry(fname='C:\\WINDOWS\\Fonts\\FRAHV.TTF', name='Franklin Gothic Heavy', style='normal', variant='normal', weight=400, stretch='normal', size='scalable')) = 10.05
2023-08-08 11:36:13 [DEBUG]: findfont: score(FontEntry(fname='C:\\Windows\\Fonts\\symbol.ttf', name='Symbol', style='normal', variant='normal', weight=400, stretch='normal', size='scalable')) = 10.05
2023-08-08 11:36:13 [DEBUG]: findfont: score(FontEntry(fname='C:\\Windows\\Fonts\\PALSCRI.TTF', name='Palace Script MT', style='normal', variant='normal', weight=400, stretch='normal', size='scalable')) = 10.05
2023-08-08 11:36:13 [DEBUG]: findfont: score(FontEntry(fname='C:\\WINDOWS\\Fonts\\COLONNA.TTF', name='Colonna MT', style='normal', variant='normal', weight=400, stretch='normal', size='scalable')) = 10.05
2023-08-08 11:36:13 [DEBUG]: findfont: score(FontEntry(fname='C:\\WINDOWS\\Fonts\\VIVALDII.TTF', name='Vivaldi', style='italic', variant='normal', weight=400, stretch='normal', size='scalable')) = 11.05
2023-08-08 11:36:13 [DEBUG]: findfont: score(FontEntry(fname='C:\\Windows\\Fonts\\IMPRISHA.TTF', name='Imprint MT Shadow', style='normal', variant='normal', weight=400, stretch='normal', size='scalable')) = 10.05
2023-08-08 11:36:13 [DEBUG]: findfont: score(FontEntry(fname='C:\\WINDOWS\\Fonts\\segoeuil.ttf', name='Segoe UI', style='normal', variant='normal', weight=300, stretch='normal', size='scalable')) = 10.145
2023-08-08 11:36:13 [DEBUG]: findfont: score(FontEntry(fname='C:\\Windows\\Fonts\\taileb.ttf', name='Microsoft Tai Le', style='normal', variant='normal', weight=700, stretch='normal', size='scalable')) = 10.335
2023-08-08 11:36:13 [DEBUG]: findfont: score(FontEntry(fname='C:\\WINDOWS\\Fonts\\PER_____.TTF', name='Perpetua', style='normal', variant='normal', weight=400, stretch='normal', size='scalable')) = 10.05
2023-08-08 11:36:13 [DEBUG]: findfont: score(FontEntry(fname='C:\\WINDOWS\\Fonts\\IMPRISHA.TTF', name='Imprint MT Shadow', style='normal', variant='normal', weight=400, stretch='normal', size='scalable')) = 10.05
2023-08-08 11:36:13 [DEBUG]: findfont: score(FontEntry(fname='C:\\Windows\\Fonts\\LFAXD.TTF', name='Lucida Fax', style='normal', variant='normal', weight=600, stretch='normal', size='scalable')) = 10.24
2023-08-08 11:36:13 [DEBUG]: findfont: score(FontEntry(fname='C:\\Windows\\Fonts\\SCHLBKI.TTF', name='Century Schoolbook', style='italic', variant='normal', weight=400, stretch='normal', size='scalable')) = 11.05
2023-08-08 11:36:13 [DEBUG]: findfont: score(FontEntry(fname='C:\\Windows\\Fonts\\segmdl2.ttf', name='Segoe MDL2 Assets', style='normal', variant='normal', weight=400, stretch='normal', size='scalable')) = 10.05
2023-08-08 11:36:13 [DEBUG]: findfont: score(FontEntry(fname='C:\\WINDOWS\\Fonts\\BOD_BLAI.TTF', name='Bodoni MT', style='italic', variant='normal', weight=900, stretch='normal', size='scalable')) = 11.525
2023-08-08 11:36:13 [DEBUG]: findfont: score(FontEntry(fname='C:\\WINDOWS\\Fonts\\monbaiti.ttf', name='Mongolian Baiti', style='normal', variant='normal', weight=400, stretch='normal', size='scalable')) = 10.05
2023-08-08 11:36:13 [DEBUG]: findfont: score(FontEntry(fname='C:\\WINDOWS\\Fonts\\MAGNETOB.TTF', name='Magneto', style='normal', variant='normal', weight=700, stretch='normal', size='scalable')) = 10.335
2023-08-08 11:36:13 [DEBUG]: findfont: score(FontEntry(fname='C:\\Windows\\Fonts\\STCAIYUN.TTF', name='STCaiyun', style='normal', variant='normal', weight=400, stretch='normal', size='scalable')) = 10.05
2023-08-08 11:36:13 [DEBUG]: findfont: score(FontEntry(fname='C:\\WINDOWS\\Fonts\\cambria.ttc', name='Cambria', style='normal', variant='normal', weight=400, stretch='normal', size='scalable')) = 10.05
2023-08-08 11:36:13 [DEBUG]: findfont: score(FontEntry(fname='C:\\WINDOWS\\Fonts\\seguihis.ttf', name='Segoe UI Historic', style='normal', variant='normal', weight=400, stretch='normal', size='scalable')) = 10.05
2023-08-08 11:36:13 [DEBUG]: findfont: score(FontEntry(fname='C:\\Windows\\Fonts\\ITCKRIST.TTF', name='Kristen ITC', style='normal', variant='normal', weight=400, stretch='normal', size='scalable')) = 10.05
2023-08-08 11:36:13 [DEBUG]: findfont: score(FontEntry(fname='C:\\Windows\\Fonts\\georgia.ttf', name='Georgia', style='normal', variant='normal', weight=400, stretch='normal', size='scalable')) = 10.05
2023-08-08 11:36:13 [DEBUG]: findfont: score(FontEntry(fname='C:\\Windows\\Fonts\\msyh.ttc', name='Microsoft YaHei', style='normal', variant='normal', weight=400, stretch='normal', size='scalable')) = 10.05
2023-08-08 11:36:13 [DEBUG]: findfont: score(FontEntry(fname='C:\\Windows\\Fonts\\trebucbi.ttf', name='Trebuchet MS', style='italic', variant='normal', weight=700, stretch='normal', size='scalable')) = 11.335
2023-08-08 11:36:13 [DEBUG]: findfont: score(FontEntry(fname='C:\\WINDOWS\\Fonts\\constan.ttf', name='Constantia', style='normal', variant='normal', weight=400, stretch='normal', size='scalable')) = 10.05
2023-08-08 11:36:13 [DEBUG]: findfont: score(FontEntry(fname='C:\\Windows\\Fonts\\Candara.ttf', name='Candara', style='normal', variant='normal', weight=400, stretch='normal', size='scalable')) = 10.05
2023-08-08 11:36:13 [DEBUG]: findfont: score(FontEntry(fname='C:\\WINDOWS\\Fonts\\ARIALNB.TTF', name='Arial', style='normal', variant='normal', weight=700, stretch='condensed', size='scalable')) = 0.5349999999999999
2023-08-08 11:36:13 [DEBUG]: findfont: score(FontEntry(fname='C:\\WINDOWS\\Fonts\\RAVIE.TTF', name='Ravie', style='normal', variant='normal', weight=400, stretch='normal', size='scalable')) = 10.05
2023-08-08 11:36:13 [DEBUG]: findfont: score(FontEntry(fname='C:\\Windows\\Fonts\\LFAXI.TTF', name='Lucida Fax', style='italic', variant='normal', weight=400, stretch='normal', size='scalable')) = 11.05
2023-08-08 11:36:13 [DEBUG]: findfont: score(FontEntry(fname='C:\\Windows\\Fonts\\MSUIGHUR.TTF', name='Microsoft Uighur', style='normal', variant='normal', weight=400, stretch='normal', size='scalable')) = 10.05
2023-08-08 11:36:13 [DEBUG]: findfont: score(FontEntry(fname='C:\\WINDOWS\\Fonts\\wingding.ttf', name='Wingdings', style='normal', variant='normal', weight=400, stretch='normal', size='scalable')) = 10.05
2023-08-08 11:36:13 [DEBUG]: findfont: score(FontEntry(fname='C:\\Windows\\Fonts\\RAVIE.TTF', name='Ravie', style='normal', variant='normal', weight=400, stretch='normal', size='scalable')) = 10.05
2023-08-08 11:36:13 [DEBUG]: findfont: score(FontEntry(fname='C:\\Windows\\Fonts\\LSANSDI.TTF', name='Lucida Sans', style='italic', variant='normal', weight=600, stretch='normal', size='scalable')) = 11.24
2023-08-08 11:36:13 [DEBUG]: findfont: score(FontEntry(fname='C:\\WINDOWS\\Fonts\\georgiab.ttf', name='Georgia', style='normal', variant='normal', weight=700, stretch='normal', size='scalable')) = 10.335
2023-08-08 11:36:13 [DEBUG]: findfont: score(FontEntry(fname='C:\\WINDOWS\\Fonts\\VLADIMIR.TTF', name='Vladimir Script', style='normal', variant='normal', weight=400, stretch='normal', size='scalable')) = 10.05
2023-08-08 11:36:13 [DEBUG]: findfont: score(FontEntry(fname='C:\\WINDOWS\\Fonts\\HARLOWSI.TTF', name='Harlow Solid Italic', style='italic', variant='normal', weight=400, stretch='normal', size='scalable')) = 11.05
2023-08-08 11:36:13 [DEBUG]: findfont: score(FontEntry(fname='C:\\WINDOWS\\Fonts\\mmrtextb.ttf', name='Myanmar Text', style='normal', variant='normal', weight=700, stretch='normal', size='scalable')) = 10.335
2023-08-08 11:36:13 [DEBUG]: findfont: score(FontEntry(fname='C:\\WINDOWS\\Fonts\\Dengb.ttf', name='DengXian', style='normal', variant='normal', weight=700, stretch='normal', size='scalable')) = 10.335
2023-08-08 11:36:13 [DEBUG]: findfont: score(FontEntry(fname='C:\\Windows\\Fonts\\corbelz.ttf', name='Corbel', style='italic', variant='normal', weight=700, stretch='normal', size='scalable')) = 11.335
2023-08-08 11:36:13 [DEBUG]: findfont: Matching sans\-serif:style=normal:variant=normal:weight=normal:stretch=normal:size=18.0 to Arial ('C:\\WINDOWS\\Fonts\\arial.ttf') with score of 0.050000.
2023-08-08 11:36:13 [DEBUG]: findfont: Matching sans\-serif:style=normal:variant=normal:weight=normal:stretch=normal:size=16.5.
2023-08-08 11:36:13 [DEBUG]: findfont: score(FontEntry(fname='C:\\Users\\86151\\anaconda3\\envs\\LightGBM\\lib\\site-packages\\matplotlib\\mpl-data\\fonts\\ttf\\STIXNonUni.ttf', name='STIXNonUnicode', style='normal', variant='normal', weight=400, stretch='normal', size='scalable')) = 10.05
2023-08-08 11:36:13 [DEBUG]: findfont: score(FontEntry(fname='C:\\Users\\86151\\anaconda3\\envs\\LightGBM\\lib\\site-packages\\matplotlib\\mpl-data\\fonts\\ttf\\DejaVuSansMono-Oblique.ttf', name='DejaVu Sans Mono', style='oblique', variant='normal', weight=400, stretch='normal', size='scalable')) = 11.05
2023-08-08 11:36:13 [DEBUG]: findfont: score(FontEntry(fname='C:\\Users\\86151\\anaconda3\\envs\\LightGBM\\lib\\site-packages\\matplotlib\\mpl-data\\fonts\\ttf\\DejaVuSansMono.ttf', name='DejaVu Sans Mono', style='normal', variant='normal', weight=400, stretch='normal', size='scalable')) = 10.05
2023-08-08 11:36:13 [DEBUG]: findfont: score(FontEntry(fname='C:\\Users\\86151\\anaconda3\\envs\\LightGBM\\lib\\site-packages\\matplotlib\\mpl-data\\fonts\\ttf\\DejaVuSerif-BoldItalic.ttf', name='DejaVu Serif', style='italic', variant='normal', weight=700, stretch='normal', size='scalable')) = 11.335
2023-08-08 11:36:13 [DEBUG]: findfont: score(FontEntry(fname='C:\\Users\\86151\\anaconda3\\envs\\LightGBM\\lib\\site-packages\\matplotlib\\mpl-data\\fonts\\ttf\\cmmi10.ttf', name='cmmi10', style='normal', variant='normal', weight=400, stretch='normal', size='scalable')) = 10.05
2023-08-08 11:36:13 [DEBUG]: findfont: score(FontEntry(fname='C:\\Users\\86151\\anaconda3\\envs\\LightGBM\\lib\\site-packages\\matplotlib\\mpl-data\\fonts\\ttf\\STIXSizOneSymReg.ttf', name='STIXSizeOneSym', style='normal', variant='normal', weight=400, stretch='normal', size='scalable')) = 10.05
2023-08-08 11:36:13 [DEBUG]: findfont: score(FontEntry(fname='C:\\Users\\86151\\anaconda3\\envs\\LightGBM\\lib\\site-packages\\matplotlib\\mpl-data\\fonts\\ttf\\STIXSizTwoSymReg.ttf', name='STIXSizeTwoSym', style='normal', variant='normal', weight=400, stretch='normal', size='scalable')) = 10.05
2023-08-08 11:36:13 [DEBUG]: findfont: score(FontEntry(fname='C:\\Users\\86151\\anaconda3\\envs\\LightGBM\\lib\\site-packages\\matplotlib\\mpl-data\\fonts\\ttf\\STIXSizTwoSymBol.ttf', name='STIXSizeTwoSym', style='normal', variant='normal', weight=700, stretch='normal', size='scalable')) = 10.335
2023-08-08 11:36:13 [DEBUG]: findfont: score(FontEntry(fname='C:\\Users\\86151\\anaconda3\\envs\\LightGBM\\lib\\site-packages\\matplotlib\\mpl-data\\fonts\\ttf\\cmb10.ttf', name='cmb10', style='normal', variant='normal', weight=400, stretch='normal', size='scalable')) = 10.05
2023-08-08 11:36:13 [DEBUG]: findfont: score(FontEntry(fname='C:\\Users\\86151\\anaconda3\\envs\\LightGBM\\lib\\site-packages\\matplotlib\\mpl-data\\fonts\\ttf\\STIXNonUniBol.ttf', name='STIXNonUnicode', style='normal', variant='normal', weight=700, stretch='normal', size='scalable')) = 10.335
2023-08-08 11:36:13 [DEBUG]: findfont: score(FontEntry(fname='C:\\Users\\86151\\anaconda3\\envs\\LightGBM\\lib\\site-packages\\matplotlib\\mpl-data\\fonts\\ttf\\STIXSizFiveSymReg.ttf', name='STIXSizeFiveSym', style='normal', variant='normal', weight=400, stretch='normal', size='scalable')) = 10.05
2023-08-08 11:36:13 [DEBUG]: findfont: score(FontEntry(fname='C:\\Users\\86151\\anaconda3\\envs\\LightGBM\\lib\\site-packages\\matplotlib\\mpl-data\\fonts\\ttf\\STIXSizFourSymBol.ttf', name='STIXSizeFourSym', style='normal', variant='normal', weight=700, stretch='normal', size='scalable')) = 10.335
2023-08-08 11:36:13 [DEBUG]: findfont: score(FontEntry(fname='C:\\Users\\86151\\anaconda3\\envs\\LightGBM\\lib\\site-packages\\matplotlib\\mpl-data\\fonts\\ttf\\STIXSizFourSymReg.ttf', name='STIXSizeFourSym', style='normal', variant='normal', weight=400, stretch='normal', size='scalable')) = 10.05
2023-08-08 11:36:13 [DEBUG]: findfont: score(FontEntry(fname='C:\\Users\\86151\\anaconda3\\envs\\LightGBM\\lib\\site-packages\\matplotlib\\mpl-data\\fonts\\ttf\\DejaVuSans-Bold.ttf', name='DejaVu Sans', style='normal', variant='normal', weight=700, stretch='normal', size='scalable')) = 2.335
2023-08-08 11:36:13 [DEBUG]: findfont: score(FontEntry(fname='C:\\Users\\86151\\anaconda3\\envs\\LightGBM\\lib\\site-packages\\matplotlib\\mpl-data\\fonts\\ttf\\cmsy10.ttf', name='cmsy10', style='normal', variant='normal', weight=400, stretch='normal', size='scalable')) = 10.05
2023-08-08 11:36:13 [DEBUG]: findfont: score(FontEntry(fname='C:\\Users\\86151\\anaconda3\\envs\\LightGBM\\lib\\site-packages\\matplotlib\\mpl-data\\fonts\\ttf\\DejaVuSerif-Bold.ttf', name='DejaVu Serif', style='normal', variant='normal', weight=700, stretch='normal', size='scalable')) = 10.335
2023-08-08 11:36:13 [DEBUG]: findfont: score(FontEntry(fname='C:\\Users\\86151\\anaconda3\\envs\\LightGBM\\lib\\site-packages\\matplotlib\\mpl-data\\fonts\\ttf\\STIXGeneralBol.ttf', name='STIXGeneral', style='normal', variant='normal', weight=700, stretch='normal', size='scalable')) = 10.335
2023-08-08 11:36:13 [DEBUG]: findfont: score(FontEntry(fname='C:\\Users\\86151\\anaconda3\\envs\\LightGBM\\lib\\site-packages\\matplotlib\\mpl-data\\fonts\\ttf\\STIXGeneralBolIta.ttf', name='STIXGeneral', style='italic', variant='normal', weight=700, stretch='normal', size='scalable')) = 11.335
2023-08-08 11:36:13 [DEBUG]: findfont: score(FontEntry(fname='C:\\Users\\86151\\anaconda3\\envs\\LightGBM\\lib\\site-packages\\matplotlib\\mpl-data\\fonts\\ttf\\cmr10.ttf', name='cmr10', style='normal', variant='normal', weight=400, stretch='normal', size='scalable')) = 10.05
2023-08-08 11:36:13 [DEBUG]: findfont: score(FontEntry(fname='C:\\Users\\86151\\anaconda3\\envs\\LightGBM\\lib\\site-packages\\matplotlib\\mpl-data\\fonts\\ttf\\DejaVuSansMono-Bold.ttf', name='DejaVu Sans Mono', style='normal', variant='normal', weight=700, stretch='normal', size='scalable')) = 10.335
2023-08-08 11:36:13 [DEBUG]: findfont: score(FontEntry(fname='C:\\Users\\86151\\anaconda3\\envs\\LightGBM\\lib\\site-packages\\matplotlib\\mpl-data\\fonts\\ttf\\STIXSizOneSymBol.ttf', name='STIXSizeOneSym', style='normal', variant='normal', weight=700, stretch='normal', size='scalable')) = 10.335
2023-08-08 11:36:13 [DEBUG]: findfont: score(FontEntry(fname='C:\\Users\\86151\\anaconda3\\envs\\LightGBM\\lib\\site-packages\\matplotlib\\mpl-data\\fonts\\ttf\\DejaVuSerifDisplay.ttf', name='DejaVu Serif Display', style='normal', variant='normal', weight=400, stretch='normal', size='scalable')) = 10.05
2023-08-08 11:36:13 [DEBUG]: findfont: score(FontEntry(fname='C:\\Users\\86151\\anaconda3\\envs\\LightGBM\\lib\\site-packages\\matplotlib\\mpl-data\\fonts\\ttf\\STIXNonUniBolIta.ttf', name='STIXNonUnicode', style='italic', variant='normal', weight=700, stretch='normal', size='scalable')) = 11.335
2023-08-08 11:36:13 [DEBUG]: findfont: score(FontEntry(fname='C:\\Users\\86151\\anaconda3\\envs\\LightGBM\\lib\\site-packages\\matplotlib\\mpl-data\\fonts\\ttf\\STIXNonUniIta.ttf', name='STIXNonUnicode', style='italic', variant='normal', weight=400, stretch='normal', size='scalable')) = 11.05
2023-08-08 11:36:13 [DEBUG]: findfont: score(FontEntry(fname='C:\\Users\\86151\\anaconda3\\envs\\LightGBM\\lib\\site-packages\\matplotlib\\mpl-data\\fonts\\ttf\\DejaVuSansDisplay.ttf', name='DejaVu Sans Display', style='normal', variant='normal', weight=400, stretch='normal', size='scalable')) = 10.05
2023-08-08 11:36:13 [DEBUG]: findfont: score(FontEntry(fname='C:\\Users\\86151\\anaconda3\\envs\\LightGBM\\lib\\site-packages\\matplotlib\\mpl-data\\fonts\\ttf\\cmss10.ttf', name='cmss10', style='normal', variant='normal', weight=400, stretch='normal', size='scalable')) = 10.05
2023-08-08 11:36:13 [DEBUG]: findfont: score(FontEntry(fname='C:\\Users\\86151\\anaconda3\\envs\\LightGBM\\lib\\site-packages\\matplotlib\\mpl-data\\fonts\\ttf\\DejaVuSans-BoldOblique.ttf', name='DejaVu Sans', style='oblique', variant='normal', weight=700, stretch='normal', size='scalable')) = 3.335
2023-08-08 11:36:13 [DEBUG]: findfont: score(FontEntry(fname='C:\\Users\\86151\\anaconda3\\envs\\LightGBM\\lib\\site-packages\\matplotlib\\mpl-data\\fonts\\ttf\\STIXSizThreeSymBol.ttf', name='STIXSizeThreeSym', style='normal', variant='normal', weight=700, stretch='normal', size='scalable')) = 10.335
2023-08-08 11:36:13 [DEBUG]: findfont: score(FontEntry(fname='C:\\Users\\86151\\anaconda3\\envs\\LightGBM\\lib\\site-packages\\matplotlib\\mpl-data\\fonts\\ttf\\DejaVuSans.ttf', name='DejaVu Sans', style='normal', variant='normal', weight=400, stretch='normal', size='scalable')) = 2.05
2023-08-08 11:36:13 [DEBUG]: findfont: score(FontEntry(fname='C:\\Users\\86151\\anaconda3\\envs\\LightGBM\\lib\\site-packages\\matplotlib\\mpl-data\\fonts\\ttf\\cmex10.ttf', name='cmex10', style='normal', variant='normal', weight=400, stretch='normal', size='scalable')) = 10.05
2023-08-08 11:36:13 [DEBUG]: findfont: score(FontEntry(fname='C:\\Users\\86151\\anaconda3\\envs\\LightGBM\\lib\\site-packages\\matplotlib\\mpl-data\\fonts\\ttf\\cmtt10.ttf', name='cmtt10', style='normal', variant='normal', weight=400, stretch='normal', size='scalable')) = 10.05
2023-08-08 11:36:13 [DEBUG]: findfont: score(FontEntry(fname='C:\\Users\\86151\\anaconda3\\envs\\LightGBM\\lib\\site-packages\\matplotlib\\mpl-data\\fonts\\ttf\\DejaVuSans-Oblique.ttf', name='DejaVu Sans', style='oblique', variant='normal', weight=400, stretch='normal', size='scalable')) = 3.05
2023-08-08 11:36:13 [DEBUG]: findfont: score(FontEntry(fname='C:\\Users\\86151\\anaconda3\\envs\\LightGBM\\lib\\site-packages\\matplotlib\\mpl-data\\fonts\\ttf\\DejaVuSansMono-BoldOblique.ttf', name='DejaVu Sans Mono', style='oblique', variant='normal', weight=700, stretch='normal', size='scalable')) = 11.335
2023-08-08 11:36:13 [DEBUG]: findfont: score(FontEntry(fname='C:\\Users\\86151\\anaconda3\\envs\\LightGBM\\lib\\site-packages\\matplotlib\\mpl-data\\fonts\\ttf\\DejaVuSerif-Italic.ttf', name='DejaVu Serif', style='italic', variant='normal', weight=400, stretch='normal', size='scalable')) = 11.05
2023-08-08 11:36:13 [DEBUG]: findfont: score(FontEntry(fname='C:\\Users\\86151\\anaconda3\\envs\\LightGBM\\lib\\site-packages\\matplotlib\\mpl-data\\fonts\\ttf\\STIXGeneralItalic.ttf', name='STIXGeneral', style='italic', variant='normal', weight=400, stretch='normal', size='scalable')) = 11.05
2023-08-08 11:36:13 [DEBUG]: findfont: score(FontEntry(fname='C:\\Users\\86151\\anaconda3\\envs\\LightGBM\\lib\\site-packages\\matplotlib\\mpl-data\\fonts\\ttf\\DejaVuSerif.ttf', name='DejaVu Serif', style='normal', variant='normal', weight=400, stretch='normal', size='scalable')) = 10.05
2023-08-08 11:36:13 [DEBUG]: findfont: score(FontEntry(fname='C:\\Users\\86151\\anaconda3\\envs\\LightGBM\\lib\\site-packages\\matplotlib\\mpl-data\\fonts\\ttf\\STIXGeneral.ttf', name='STIXGeneral', style='normal', variant='normal', weight=400, stretch='normal', size='scalable')) = 10.05
2023-08-08 11:36:13 [DEBUG]: findfont: score(FontEntry(fname='C:\\Users\\86151\\anaconda3\\envs\\LightGBM\\lib\\site-packages\\matplotlib\\mpl-data\\fonts\\ttf\\STIXSizThreeSymReg.ttf', name='STIXSizeThreeSym', style='normal', variant='normal', weight=400, stretch='normal', size='scalable')) = 10.05
2023-08-08 11:36:13 [DEBUG]: findfont: score(FontEntry(fname='C:\\WINDOWS\\Fonts\\gadugi.ttf', name='Gadugi', style='normal', variant='normal', weight=400, stretch='normal', size='scalable')) = 10.05
2023-08-08 11:36:13 [DEBUG]: findfont: score(FontEntry(fname='C:\\WINDOWS\\Fonts\\MISTRAL.TTF', name='Mistral', style='normal', variant='normal', weight=400, stretch='normal', size='scalable')) = 10.05
2023-08-08 11:36:13 [DEBUG]: findfont: score(FontEntry(fname='C:\\Windows\\Fonts\\ERASBD.TTF', name='Eras Bold ITC', style='normal', variant='normal', weight=400, stretch='normal', size='scalable')) = 10.05
2023-08-08 11:36:13 [DEBUG]: findfont: score(FontEntry(fname='C:\\WINDOWS\\Fonts\\segmdl2.ttf', name='Segoe MDL2 Assets', style='normal', variant='normal', weight=400, stretch='normal', size='scalable')) = 10.05
2023-08-08 11:36:13 [DEBUG]: findfont: score(FontEntry(fname='C:\\WINDOWS\\Fonts\\GOUDYSTO.TTF', name='Goudy Stout', style='normal', variant='normal', weight=400, stretch='normal', size='scalable')) = 10.05
2023-08-08 11:36:13 [DEBUG]: findfont: score(FontEntry(fname='C:\\WINDOWS\\Fonts\\POORICH.TTF', name='Poor Richard', style='normal', variant='normal', weight=400, stretch='normal', size='scalable')) = 10.05
2023-08-08 11:36:13 [DEBUG]: findfont: score(FontEntry(fname='C:\\WINDOWS\\Fonts\\INFROMAN.TTF', name='Informal Roman', style='normal', variant='normal', weight=400, stretch='normal', size='scalable')) = 10.05
2023-08-08 11:36:13 [DEBUG]: findfont: score(FontEntry(fname='C:\\Windows\\Fonts\\CURLZ___.TTF', name='Curlz MT', style='normal', variant='normal', weight=400, stretch='normal', size='scalable')) = 10.05
2023-08-08 11:36:13 [DEBUG]: findfont: score(FontEntry(fname='C:\\WINDOWS\\Fonts\\simsun.ttc', name='SimSun', style='normal', variant='normal', weight=400, stretch='normal', size='scalable')) = 10.05
2023-08-08 11:36:13 [DEBUG]: findfont: score(FontEntry(fname='C:\\Windows\\Fonts\\constan.ttf', name='Constantia', style='normal', variant='normal', weight=400, stretch='normal', size='scalable')) = 10.05
2023-08-08 11:36:13 [DEBUG]: findfont: score(FontEntry(fname='C:\\WINDOWS\\Fonts\\STXIHEI.TTF', name='STXihei', style='normal', variant='normal', weight=400, stretch='normal', size='scalable')) = 10.05
2023-08-08 11:36:13 [DEBUG]: findfont: score(FontEntry(fname='C:\\WINDOWS\\Fonts\\trebucbd.ttf', name='Trebuchet MS', style='normal', variant='normal', weight=700, stretch='normal', size='scalable')) = 10.335
2023-08-08 11:36:13 [DEBUG]: findfont: score(FontEntry(fname='C:\\Windows\\Fonts\\seguisb.ttf', name='Segoe UI', style='normal', variant='normal', weight=600, stretch='normal', size='scalable')) = 10.24
2023-08-08 11:36:13 [DEBUG]: findfont: score(FontEntry(fname='C:\\WINDOWS\\Fonts\\georgia.ttf', name='Georgia', style='normal', variant='normal', weight=400, stretch='normal', size='scalable')) = 10.05
2023-08-08 11:36:13 [DEBUG]: findfont: score(FontEntry(fname='C:\\WINDOWS\\Fonts\\msjhl.ttc', name='Microsoft JhengHei', style='normal', variant='normal', weight=290, stretch='normal', size='scalable')) = 10.1545
2023-08-08 11:36:13 [DEBUG]: findfont: score(FontEntry(fname='C:\\Windows\\Fonts\\COOPBL.TTF', name='Cooper Black', style='normal', variant='normal', weight=400, stretch='normal', size='scalable')) = 10.05
2023-08-08 11:36:13 [DEBUG]: findfont: score(FontEntry(fname='C:\\WINDOWS\\Fonts\\CASTELAR.TTF', name='Castellar', style='normal', variant='normal', weight=400, stretch='normal', size='scalable')) = 10.05
2023-08-08 11:36:13 [DEBUG]: findfont: score(FontEntry(fname='C:\\Windows\\Fonts\\STHUPO.TTF', name='STHupo', style='normal', variant='normal', weight=400, stretch='normal', size='scalable')) = 10.05
2023-08-08 11:36:13 [DEBUG]: findfont: score(FontEntry(fname='C:\\Windows\\Fonts\\sylfaen.ttf', name='Sylfaen', style='normal', variant='normal', weight=400, stretch='normal', size='scalable')) = 10.05
2023-08-08 11:36:13 [DEBUG]: findfont: score(FontEntry(fname='C:\\WINDOWS\\Fonts\\WINGDNG2.TTF', name='Wingdings 2', style='normal', variant='normal', weight=400, stretch='normal', size='scalable')) = 10.05
2023-08-08 11:36:13 [DEBUG]: findfont: score(FontEntry(fname='C:\\WINDOWS\\Fonts\\arial.ttf', name='Arial', style='normal', variant='normal', weight=400, stretch='normal', size='scalable')) = 0.05
2023-08-08 11:36:13 [DEBUG]: findfont: score(FontEntry(fname='C:\\WINDOWS\\Fonts\\impact.ttf', name='Impact', style='normal', variant='normal', weight=400, stretch='normal', size='scalable')) = 10.05
2023-08-08 11:36:13 [DEBUG]: findfont: score(FontEntry(fname='C:\\WINDOWS\\Fonts\\seguisym.ttf', name='Segoe UI Symbol', style='normal', variant='normal', weight=400, stretch='normal', size='scalable')) = 10.05
2023-08-08 11:36:13 [DEBUG]: findfont: score(FontEntry(fname='C:\\Windows\\Fonts\\GILLUBCD.TTF', name='Gill Sans Ultra Bold Condensed', style='normal', variant='normal', weight=400, stretch='condensed', size='scalable')) = 10.25
2023-08-08 11:36:13 [DEBUG]: findfont: score(FontEntry(fname='C:\\Windows\\Fonts\\corbelli.ttf', name='Corbel', style='italic', variant='normal', weight=300, stretch='normal', size='scalable')) = 11.145
2023-08-08 11:36:13 [DEBUG]: findfont: score(FontEntry(fname='C:\\WINDOWS\\Fonts\\DUBAI-LIGHT.TTF', name='Dubai', style='normal', variant='normal', weight=300, stretch='normal', size='scalable')) = 10.145
2023-08-08 11:36:13 [DEBUG]: findfont: score(FontEntry(fname='C:\\WINDOWS\\Fonts\\holomdl2.ttf', name='HoloLens MDL2 Assets', style='normal', variant='normal', weight=400, stretch='normal', size='scalable')) = 10.05
2023-08-08 11:36:13 [DEBUG]: findfont: score(FontEntry(fname='C:\\WINDOWS\\Fonts\\ENGR.TTF', name='Engravers MT', style='normal', variant='normal', weight=500, stretch='normal', size='scalable')) = 10.145
2023-08-08 11:36:13 [DEBUG]: findfont: score(FontEntry(fname='C:\\WINDOWS\\Fonts\\BASKVILL.TTF', name='Baskerville Old Face', style='normal', variant='normal', weight=400, stretch='normal', size='scalable')) = 10.05
2023-08-08 11:36:13 [DEBUG]: findfont: score(FontEntry(fname='C:\\Windows\\Fonts\\ARIALNB.TTF', name='Arial', style='normal', variant='normal', weight=700, stretch='condensed', size='scalable')) = 0.5349999999999999
2023-08-08 11:36:13 [DEBUG]: findfont: score(FontEntry(fname='C:\\Windows\\Fonts\\SIMYOU.TTF', name='YouYuan', style='normal', variant='normal', weight=400, stretch='normal', size='scalable')) = 10.05
2023-08-08 11:36:13 [DEBUG]: findfont: score(FontEntry(fname='C:\\Windows\\Fonts\\simhei.ttf', name='SimHei', style='normal', variant='normal', weight=400, stretch='normal', size='scalable')) = 10.05
2023-08-08 11:36:13 [DEBUG]: findfont: score(FontEntry(fname='C:\\Windows\\Fonts\\LFAXDI.TTF', name='Lucida Fax', style='italic', variant='normal', weight=600, stretch='normal', size='scalable')) = 11.24
2023-08-08 11:36:13 [DEBUG]: findfont: score(FontEntry(fname='C:\\Windows\\Fonts\\CALIFR.TTF', name='Californian FB', style='normal', variant='normal', weight=400, stretch='normal', size='scalable')) = 10.05
2023-08-08 11:36:13 [DEBUG]: findfont: score(FontEntry(fname='C:\\WINDOWS\\Fonts\\ITCKRIST.TTF', name='Kristen ITC', style='normal', variant='normal', weight=400, stretch='normal', size='scalable')) = 10.05
2023-08-08 11:36:13 [DEBUG]: findfont: score(FontEntry(fname='C:\\Windows\\Fonts\\SNAP____.TTF', name='Snap ITC', style='normal', variant='normal', weight=400, stretch='normal', size='scalable')) = 10.05
2023-08-08 11:36:13 [DEBUG]: findfont: score(FontEntry(fname='C:\\Windows\\Fonts\\calibrib.ttf', name='Calibri', style='normal', variant='normal', weight=700, stretch='normal', size='scalable')) = 10.335
2023-08-08 11:36:13 [DEBUG]: findfont: score(FontEntry(fname='C:\\Windows\\Fonts\\msjhl.ttc', name='Microsoft JhengHei', style='normal', variant='normal', weight=290, stretch='normal', size='scalable')) = 10.1545
2023-08-08 11:36:13 [DEBUG]: findfont: score(FontEntry(fname='C:\\WINDOWS\\Fonts\\GOUDOSI.TTF', name='Goudy Old Style', style='italic', variant='normal', weight=400, stretch='normal', size='scalable')) = 11.05
2023-08-08 11:36:13 [DEBUG]: findfont: score(FontEntry(fname='C:\\WINDOWS\\Fonts\\LTYPE.TTF', name='Lucida Sans Typewriter', style='normal', variant='normal', weight=400, stretch='normal', size='scalable')) = 10.05
2023-08-08 11:36:13 [DEBUG]: findfont: score(FontEntry(fname='C:\\Windows\\Fonts\\LCALLIG.TTF', name='Lucida Calligraphy', style='italic', variant='normal', weight=400, stretch='normal', size='scalable')) = 11.05
2023-08-08 11:36:13 [DEBUG]: findfont: score(FontEntry(fname='C:\\WINDOWS\\Fonts\\Candara.ttf', name='Candara', style='normal', variant='normal', weight=400, stretch='normal', size='scalable')) = 10.05
2023-08-08 11:36:13 [DEBUG]: findfont: score(FontEntry(fname='C:\\WINDOWS\\Fonts\\LFAXDI.TTF', name='Lucida Fax', style='italic', variant='normal', weight=600, stretch='normal', size='scalable')) = 11.24
2023-08-08 11:36:13 [DEBUG]: findfont: score(FontEntry(fname='C:\\Windows\\Fonts\\gadugib.ttf', name='Gadugi', style='normal', variant='normal', weight=700, stretch='normal', size='scalable')) = 10.335
2023-08-08 11:36:13 [DEBUG]: findfont: score(FontEntry(fname='C:\\WINDOWS\\Fonts\\LBRITEDI.TTF', name='Lucida Bright', style='italic', variant='normal', weight=600, stretch='normal', size='scalable')) = 11.24
2023-08-08 11:36:13 [DEBUG]: findfont: score(FontEntry(fname='C:\\WINDOWS\\Fonts\\GARABD.TTF', name='Garamond', style='normal', variant='normal', weight=700, stretch='normal', size='scalable')) = 10.335
2023-08-08 11:36:13 [DEBUG]: findfont: score(FontEntry(fname='C:\\WINDOWS\\Fonts\\ntailu.ttf', name='Microsoft New Tai Lue', style='normal', variant='normal', weight=400, stretch='normal', size='scalable')) = 10.05
2023-08-08 11:36:13 [DEBUG]: findfont: score(FontEntry(fname='C:\\WINDOWS\\Fonts\\GLECB.TTF', name='Gloucester MT Extra Condensed', style='normal', variant='normal', weight=400, stretch='condensed', size='scalable')) = 10.25
2023-08-08 11:36:13 [DEBUG]: findfont: score(FontEntry(fname='C:\\Windows\\Fonts\\georgiai.ttf', name='Georgia', style='italic', variant='normal', weight=400, stretch='normal', size='scalable')) = 11.05
2023-08-08 11:36:13 [DEBUG]: findfont: score(FontEntry(fname='C:\\WINDOWS\\Fonts\\ITCBLKAD.TTF', name='Blackadder ITC', style='normal', variant='normal', weight=400, stretch='normal', size='scalable')) = 10.05
2023-08-08 11:36:13 [DEBUG]: findfont: score(FontEntry(fname='C:\\Windows\\Fonts\\Deng.ttf', name='DengXian', style='normal', variant='normal', weight=400, stretch='normal', size='scalable')) = 10.05
2023-08-08 11:36:13 [DEBUG]: findfont: score(FontEntry(fname='C:\\Windows\\Fonts\\JUICE___.TTF', name='Juice ITC', style='normal', variant='normal', weight=400, stretch='normal', size='scalable')) = 10.05
2023-08-08 11:36:13 [DEBUG]: findfont: score(FontEntry(fname='C:\\WINDOWS\\Fonts\\GOTHICI.TTF', name='Century Gothic', style='italic', variant='normal', weight=400, stretch='normal', size='scalable')) = 11.05
2023-08-08 11:36:13 [DEBUG]: findfont: score(FontEntry(fname='C:\\WINDOWS\\Fonts\\OUTLOOK.TTF', name='MS Outlook', style='normal', variant='normal', weight=400, stretch='normal', size='scalable')) = 10.05
2023-08-08 11:36:13 [DEBUG]: findfont: score(FontEntry(fname='C:\\Windows\\Fonts\\LHANDW.TTF', name='Lucida Handwriting', style='italic', variant='normal', weight=400, stretch='normal', size='scalable')) = 11.05
2023-08-08 11:36:13 [DEBUG]: findfont: score(FontEntry(fname='C:\\Windows\\Fonts\\FRABK.TTF', name='Franklin Gothic Book', style='normal', variant='normal', weight=400, stretch='normal', size='scalable')) = 10.05
2023-08-08 11:36:13 [DEBUG]: findfont: score(FontEntry(fname='C:\\Windows\\Fonts\\arial.ttf', name='Arial', style='normal', variant='normal', weight=400, stretch='normal', size='scalable')) = 0.05
2023-08-08 11:36:13 [DEBUG]: findfont: score(FontEntry(fname='C:\\WINDOWS\\Fonts\\consolai.ttf', name='Consolas', style='italic', variant='normal', weight=400, stretch='normal', size='scalable')) = 11.05
2023-08-08 11:36:13 [DEBUG]: findfont: score(FontEntry(fname='C:\\WINDOWS\\Fonts\\LATINWD.TTF', name='Wide Latin', style='normal', variant='normal', weight=400, stretch='expanded', size='scalable')) = 10.25
2023-08-08 11:36:13 [DEBUG]: findfont: score(FontEntry(fname='C:\\WINDOWS\\Fonts\\JUICE___.TTF', name='Juice ITC', style='normal', variant='normal', weight=400, stretch='normal', size='scalable')) = 10.05
2023-08-08 11:36:13 [DEBUG]: findfont: score(FontEntry(fname='C:\\Windows\\Fonts\\ONYX.TTF', name='Onyx', style='normal', variant='normal', weight=400, stretch='normal', size='scalable')) = 10.05
2023-08-08 11:36:13 [DEBUG]: findfont: score(FontEntry(fname='C:\\Windows\\Fonts\\VLADIMIR.TTF', name='Vladimir Script', style='normal', variant='normal', weight=400, stretch='normal', size='scalable')) = 10.05
2023-08-08 11:36:13 [DEBUG]: findfont: score(FontEntry(fname='C:\\WINDOWS\\Fonts\\seguibli.ttf', name='Segoe UI', style='italic', variant='normal', weight=900, stretch='normal', size='scalable')) = 11.525
2023-08-08 11:36:13 [DEBUG]: findfont: score(FontEntry(fname='C:\\Windows\\Fonts\\LBRITEDI.TTF', name='Lucida Bright', style='italic', variant='normal', weight=600, stretch='normal', size='scalable')) = 11.24
2023-08-08 11:36:13 [DEBUG]: findfont: score(FontEntry(fname='C:\\Windows\\Fonts\\phagspa.ttf', name='Microsoft PhagsPa', style='normal', variant='normal', weight=400, stretch='normal', size='scalable')) = 10.05
2023-08-08 11:36:13 [DEBUG]: findfont: score(FontEntry(fname='C:\\Windows\\Fonts\\GARA.TTF', name='Garamond', style='normal', variant='normal', weight=400, stretch='normal', size='scalable')) = 10.05
2023-08-08 11:36:13 [DEBUG]: findfont: score(FontEntry(fname='C:\\Windows\\Fonts\\NirmalaB.ttf', name='Nirmala UI', style='normal', variant='normal', weight=700, stretch='normal', size='scalable')) = 10.335
2023-08-08 11:36:13 [DEBUG]: findfont: score(FontEntry(fname='C:\\WINDOWS\\Fonts\\TCB_____.TTF', name='Tw Cen MT', style='normal', variant='normal', weight=700, stretch='normal', size='scalable')) = 10.335
2023-08-08 11:36:13 [DEBUG]: findfont: score(FontEntry(fname='C:\\WINDOWS\\Fonts\\LFAX.TTF', name='Lucida Fax', style='normal', variant='normal', weight=400, stretch='normal', size='scalable')) = 10.05
2023-08-08 11:36:13 [DEBUG]: findfont: score(FontEntry(fname='C:\\Windows\\Fonts\\STXINWEI.TTF', name='STXinwei', style='normal', variant='normal', weight=400, stretch='normal', size='scalable')) = 10.05
2023-08-08 11:36:13 [DEBUG]: findfont: score(FontEntry(fname='C:\\WINDOWS\\Fonts\\GARAIT.TTF', name='Garamond', style='italic', variant='normal', weight=400, stretch='normal', size='scalable')) = 11.05
2023-08-08 11:36:13 [DEBUG]: findfont: score(FontEntry(fname='C:\\WINDOWS\\Fonts\\BSSYM7.TTF', name='Bookshelf Symbol 7', style='normal', variant='normal', weight=400, stretch='normal', size='scalable')) = 10.05
2023-08-08 11:36:13 [DEBUG]: findfont: score(FontEntry(fname='C:\\Windows\\Fonts\\PRISTINA.TTF', name='Pristina', style='normal', variant='normal', weight=400, stretch='normal', size='scalable')) = 10.05
2023-08-08 11:36:13 [DEBUG]: findfont: score(FontEntry(fname='C:\\WINDOWS\\Fonts\\ANTQUABI.TTF', name='Book Antiqua', style='italic', variant='normal', weight=700, stretch='normal', size='scalable')) = 11.335
2023-08-08 11:36:13 [DEBUG]: findfont: score(FontEntry(fname='C:\\Windows\\Fonts\\STZHONGS.TTF', name='STZhongsong', style='normal', variant='normal', weight=400, stretch='normal', size='scalable')) = 10.05
2023-08-08 11:36:13 [DEBUG]: findfont: score(FontEntry(fname='C:\\WINDOWS\\Fonts\\courbd.ttf', name='Courier New', style='normal', variant='normal', weight=700, stretch='normal', size='scalable')) = 10.335
2023-08-08 11:36:13 [DEBUG]: findfont: score(FontEntry(fname='C:\\Windows\\Fonts\\OUTLOOK.TTF', name='MS Outlook', style='normal', variant='normal', weight=400, stretch='normal', size='scalable')) = 10.05
2023-08-08 11:36:13 [DEBUG]: findfont: score(FontEntry(fname='C:\\Windows\\Fonts\\cambriab.ttf', name='Cambria', style='normal', variant='normal', weight=700, stretch='normal', size='scalable')) = 10.335
2023-08-08 11:36:13 [DEBUG]: findfont: score(FontEntry(fname='C:\\Windows\\Fonts\\BOOKOSB.TTF', name='Bookman Old Style', style='normal', variant='normal', weight=600, stretch='normal', size='scalable')) = 10.24
2023-08-08 11:36:13 [DEBUG]: findfont: score(FontEntry(fname='C:\\Windows\\Fonts\\TCM_____.TTF', name='Tw Cen MT', style='normal', variant='normal', weight=400, stretch='normal', size='scalable')) = 10.05
2023-08-08 11:36:13 [DEBUG]: findfont: score(FontEntry(fname='C:\\Windows\\Fonts\\calibrili.ttf', name='Calibri', style='italic', variant='normal', weight=300, stretch='normal', size='scalable')) = 11.145
2023-08-08 11:36:13 [DEBUG]: findfont: score(FontEntry(fname='C:\\WINDOWS\\Fonts\\BELLB.TTF', name='Bell MT', style='normal', variant='normal', weight=700, stretch='normal', size='scalable')) = 10.335
2023-08-08 11:36:13 [DEBUG]: findfont: score(FontEntry(fname='C:\\Windows\\Fonts\\COLONNA.TTF', name='Colonna MT', style='normal', variant='normal', weight=400, stretch='normal', size='scalable')) = 10.05
2023-08-08 11:36:13 [DEBUG]: findfont: score(FontEntry(fname='C:\\WINDOWS\\Fonts\\segoepr.ttf', name='Segoe Print', style='normal', variant='normal', weight=400, stretch='normal', size='scalable')) = 10.05
2023-08-08 11:36:13 [DEBUG]: findfont: score(FontEntry(fname='C:\\WINDOWS\\Fonts\\ELEPHNTI.TTF', name='Elephant', style='italic', variant='normal', weight=400, stretch='normal', size='scalable')) = 11.05
2023-08-08 11:36:13 [DEBUG]: findfont: score(FontEntry(fname='C:\\WINDOWS\\Fonts\\AGENCYR.TTF', name='Agency FB', style='normal', variant='normal', weight=400, stretch='normal', size='scalable')) = 10.05
2023-08-08 11:36:13 [DEBUG]: findfont: score(FontEntry(fname='C:\\WINDOWS\\Fonts\\corbell.ttf', name='Corbel', style='normal', variant='normal', weight=300, stretch='normal', size='scalable')) = 10.145
2023-08-08 11:36:13 [DEBUG]: findfont: score(FontEntry(fname='C:\\WINDOWS\\Fonts\\micross.ttf', name='Microsoft Sans Serif', style='normal', variant='normal', weight=400, stretch='normal', size='scalable')) = 10.05
2023-08-08 11:36:13 [DEBUG]: findfont: score(FontEntry(fname='C:\\Windows\\Fonts\\lucon.ttf', name='Lucida Console', style='normal', variant='normal', weight=400, stretch='normal', size='scalable')) = 10.05
2023-08-08 11:36:13 [DEBUG]: findfont: score(FontEntry(fname='C:\\Windows\\Fonts\\NumberOnly.ttf', name='NumberOnly', style='normal', variant='normal', weight=700, stretch='normal', size='scalable')) = 10.335
2023-08-08 11:36:13 [DEBUG]: findfont: score(FontEntry(fname='C:\\Windows\\Fonts\\PERB____.TTF', name='Perpetua', style='normal', variant='normal', weight=700, stretch='normal', size='scalable')) = 10.335
2023-08-08 11:36:13 [DEBUG]: findfont: score(FontEntry(fname='C:\\Windows\\Fonts\\calibriz.ttf', name='Calibri', style='italic', variant='normal', weight=700, stretch='normal', size='scalable')) = 11.335
2023-08-08 11:36:13 [DEBUG]: findfont: score(FontEntry(fname='C:\\WINDOWS\\Fonts\\CALIFR.TTF', name='Californian FB', style='normal', variant='normal', weight=400, stretch='normal', size='scalable')) = 10.05
2023-08-08 11:36:13 [DEBUG]: findfont: score(FontEntry(fname='C:\\Windows\\Fonts\\GOTHICB.TTF', name='Century Gothic', style='normal', variant='normal', weight=700, stretch='normal', size='scalable')) = 10.335
2023-08-08 11:36:13 [DEBUG]: findfont: score(FontEntry(fname='C:\\WINDOWS\\Fonts\\TEMPSITC.TTF', name='Tempus Sans ITC', style='normal', variant='normal', weight=400, stretch='normal', size='scalable')) = 10.05
2023-08-08 11:36:13 [DEBUG]: findfont: score(FontEntry(fname='C:\\WINDOWS\\Fonts\\LBRITE.TTF', name='Lucida Bright', style='normal', variant='normal', weight=400, stretch='normal', size='scalable')) = 10.05
2023-08-08 11:36:13 [DEBUG]: findfont: score(FontEntry(fname='C:\\WINDOWS\\Fonts\\TCBI____.TTF', name='Tw Cen MT', style='italic', variant='normal', weight=700, stretch='normal', size='scalable')) = 11.335
2023-08-08 11:36:13 [DEBUG]: findfont: score(FontEntry(fname='C:\\Windows\\Fonts\\GOUDYSTO.TTF', name='Goudy Stout', style='normal', variant='normal', weight=400, stretch='normal', size='scalable')) = 10.05
2023-08-08 11:36:13 [DEBUG]: findfont: score(FontEntry(fname='C:\\Windows\\Fonts\\ROCC____.TTF', name='Rockwell Condensed', style='normal', variant='normal', weight=400, stretch='condensed', size='scalable')) = 10.25
2023-08-08 11:36:13 [DEBUG]: findfont: score(FontEntry(fname='C:\\WINDOWS\\Fonts\\BOD_B.TTF', name='Bodoni MT', style='normal', variant='normal', weight=700, stretch='normal', size='scalable')) = 10.335
2023-08-08 11:36:13 [DEBUG]: findfont: score(FontEntry(fname='C:\\Windows\\Fonts\\Dengb.ttf', name='DengXian', style='normal', variant='normal', weight=700, stretch='normal', size='scalable')) = 10.335
2023-08-08 11:36:13 [DEBUG]: findfont: score(FontEntry(fname='C:\\Windows\\Fonts\\CENTAUR.TTF', name='Centaur', style='normal', variant='normal', weight=400, stretch='normal', size='scalable')) = 10.05
2023-08-08 11:36:13 [DEBUG]: findfont: score(FontEntry(fname='C:\\WINDOWS\\Fonts\\SCHLBKI.TTF', name='Century Schoolbook', style='italic', variant='normal', weight=400, stretch='normal', size='scalable')) = 11.05
2023-08-08 11:36:13 [DEBUG]: findfont: score(FontEntry(fname='C:\\Windows\\Fonts\\holomdl2.ttf', name='HoloLens MDL2 Assets', style='normal', variant='normal', weight=400, stretch='normal', size='scalable')) = 10.05
2023-08-08 11:36:13 [DEBUG]: findfont: score(FontEntry(fname='C:\\WINDOWS\\Fonts\\GILBI___.TTF', name='Gill Sans MT', style='italic', variant='normal', weight=700, stretch='normal', size='scalable')) = 11.335
2023-08-08 11:36:13 [DEBUG]: findfont: score(FontEntry(fname='C:\\WINDOWS\\Fonts\\TCMI____.TTF', name='Tw Cen MT', style='italic', variant='normal', weight=400, stretch='normal', size='scalable')) = 11.05
2023-08-08 11:36:13 [DEBUG]: findfont: score(FontEntry(fname='C:\\Windows\\Fonts\\ROCK.TTF', name='Rockwell', style='normal', variant='normal', weight=400, stretch='normal', size='scalable')) = 10.05
2023-08-08 11:36:13 [DEBUG]: findfont: score(FontEntry(fname='C:\\Windows\\Fonts\\VINERITC.TTF', name='Viner Hand ITC', style='normal', variant='normal', weight=400, stretch='normal', size='scalable')) = 10.05
2023-08-08 11:36:13 [DEBUG]: findfont: score(FontEntry(fname='C:\\WINDOWS\\Fonts\\WINGDNG3.TTF', name='Wingdings 3', style='normal', variant='normal', weight=400, stretch='normal', size='scalable')) = 10.05
2023-08-08 11:36:13 [DEBUG]: findfont: score(FontEntry(fname='C:\\Windows\\Fonts\\mvboli.ttf', name='MV Boli', style='normal', variant='normal', weight=400, stretch='normal', size='scalable')) = 10.05
2023-08-08 11:36:13 [DEBUG]: findfont: score(FontEntry(fname='C:\\Windows\\Fonts\\ARIALN.TTF', name='Arial', style='normal', variant='normal', weight=400, stretch='condensed', size='scalable')) = 0.25
2023-08-08 11:36:13 [DEBUG]: findfont: score(FontEntry(fname='C:\\Windows\\Fonts\\SitkaI.ttc', name='Sitka Small', style='italic', variant='normal', weight=400, stretch='normal', size='scalable')) = 11.05
2023-08-08 11:36:13 [DEBUG]: findfont: score(FontEntry(fname='C:\\Windows\\Fonts\\msgothic.ttc', name='MS Gothic', style='normal', variant='normal', weight=400, stretch='normal', size='scalable')) = 10.05
2023-08-08 11:36:13 [DEBUG]: findfont: score(FontEntry(fname='C:\\Windows\\Fonts\\COPRGTB.TTF', name='Copperplate Gothic Bold', style='normal', variant='normal', weight=400, stretch='normal', size='scalable')) = 10.05
2023-08-08 11:36:13 [DEBUG]: findfont: score(FontEntry(fname='C:\\Windows\\Fonts\\BELLI.TTF', name='Bell MT', style='italic', variant='normal', weight=400, stretch='normal', size='scalable')) = 11.05
2023-08-08 11:36:13 [DEBUG]: findfont: score(FontEntry(fname='C:\\WINDOWS\\Fonts\\LSANSI.TTF', name='Lucida Sans', style='italic', variant='normal', weight=400, stretch='normal', size='scalable')) = 11.05
2023-08-08 11:36:13 [DEBUG]: findfont: score(FontEntry(fname='C:\\WINDOWS\\Fonts\\PRISTINA.TTF', name='Pristina', style='normal', variant='normal', weight=400, stretch='normal', size='scalable')) = 10.05
2023-08-08 11:36:13 [DEBUG]: findfont: score(FontEntry(fname='C:\\Windows\\Fonts\\CALISTB.TTF', name='Calisto MT', style='normal', variant='normal', weight=700, stretch='normal', size='scalable')) = 10.335
2023-08-08 11:36:13 [DEBUG]: findfont: score(FontEntry(fname='C:\\WINDOWS\\Fonts\\BOD_CR.TTF', name='Bodoni MT', style='normal', variant='normal', weight=400, stretch='condensed', size='scalable')) = 10.25
2023-08-08 11:36:13 [DEBUG]: findfont: score(FontEntry(fname='C:\\WINDOWS\\Fonts\\msyhbd.ttc', name='Microsoft YaHei', style='normal', variant='normal', weight=700, stretch='normal', size='scalable')) = 10.335
2023-08-08 11:36:13 [DEBUG]: findfont: score(FontEntry(fname='C:\\WINDOWS\\Fonts\\FORTE.TTF', name='Forte', style='normal', variant='normal', weight=400, stretch='normal', size='scalable')) = 10.05
2023-08-08 11:36:13 [DEBUG]: findfont: score(FontEntry(fname='C:\\Windows\\Fonts\\HATTEN.TTF', name='Haettenschweiler', style='normal', variant='normal', weight=400, stretch='normal', size='scalable')) = 10.05
2023-08-08 11:36:13 [DEBUG]: findfont: score(FontEntry(fname='C:\\WINDOWS\\Fonts\\COOPBL.TTF', name='Cooper Black', style='normal', variant='normal', weight=400, stretch='normal', size='scalable')) = 10.05
2023-08-08 11:36:13 [DEBUG]: findfont: score(FontEntry(fname='C:\\Windows\\Fonts\\seguisym.ttf', name='Segoe UI Symbol', style='normal', variant='normal', weight=400, stretch='normal', size='scalable')) = 10.05
2023-08-08 11:36:13 [DEBUG]: findfont: score(FontEntry(fname='C:\\Windows\\Fonts\\GOTHICBI.TTF', name='Century Gothic', style='italic', variant='normal', weight=700, stretch='normal', size='scalable')) = 11.335
2023-08-08 11:36:13 [DEBUG]: findfont: score(FontEntry(fname='C:\\WINDOWS\\Fonts\\BOOKOSI.TTF', name='Bookman Old Style', style='italic', variant='normal', weight=300, stretch='normal', size='scalable')) = 11.145
2023-08-08 11:36:13 [DEBUG]: findfont: score(FontEntry(fname='C:\\WINDOWS\\Fonts\\phagspab.ttf', name='Microsoft PhagsPa', style='normal', variant='normal', weight=700, stretch='normal', size='scalable')) = 10.335
2023-08-08 11:36:13 [DEBUG]: findfont: score(FontEntry(fname='C:\\Windows\\Fonts\\FRAHV.TTF', name='Franklin Gothic Heavy', style='normal', variant='normal', weight=400, stretch='normal', size='scalable')) = 10.05
2023-08-08 11:36:13 [DEBUG]: findfont: score(FontEntry(fname='C:\\WINDOWS\\Fonts\\HTOWERT.TTF', name='High Tower Text', style='normal', variant='normal', weight=400, stretch='normal', size='scalable')) = 10.05
2023-08-08 11:36:13 [DEBUG]: findfont: score(FontEntry(fname='C:\\Windows\\Fonts\\BOD_I.TTF', name='Bodoni MT', style='italic', variant='normal', weight=400, stretch='normal', size='scalable')) = 11.05
2023-08-08 11:36:13 [DEBUG]: findfont: score(FontEntry(fname='C:\\WINDOWS\\Fonts\\BOOKOS.TTF', name='Bookman Old Style', style='normal', variant='normal', weight=300, stretch='normal', size='scalable')) = 10.145
2023-08-08 11:36:13 [DEBUG]: findfont: score(FontEntry(fname='C:\\WINDOWS\\Fonts\\OCRAEXT.TTF', name='OCR A Extended', style='normal', variant='normal', weight=400, stretch='expanded', size='scalable')) = 10.25
2023-08-08 11:36:13 [DEBUG]: findfont: score(FontEntry(fname='C:\\WINDOWS\\Fonts\\calibri.ttf', name='Calibri', style='normal', variant='normal', weight=400, stretch='normal', size='scalable')) = 10.05
2023-08-08 11:36:13 [DEBUG]: findfont: score(FontEntry(fname='C:\\Windows\\Fonts\\timesbd.ttf', name='Times New Roman', style='normal', variant='normal', weight=700, stretch='normal', size='scalable')) = 10.335
2023-08-08 11:36:13 [DEBUG]: findfont: score(FontEntry(fname='C:\\Windows\\Fonts\\GILBI___.TTF', name='Gill Sans MT', style='italic', variant='normal', weight=700, stretch='normal', size='scalable')) = 11.335
2023-08-08 11:36:13 [DEBUG]: findfont: score(FontEntry(fname='C:\\WINDOWS\\Fonts\\taile.ttf', name='Microsoft Tai Le', style='normal', variant='normal', weight=400, stretch='normal', size='scalable')) = 10.05
2023-08-08 11:36:13 [DEBUG]: findfont: score(FontEntry(fname='C:\\WINDOWS\\Fonts\\STCAIYUN.TTF', name='STCaiyun', style='normal', variant='normal', weight=400, stretch='normal', size='scalable')) = 10.05
2023-08-08 11:36:13 [DEBUG]: findfont: score(FontEntry(fname='C:\\Windows\\Fonts\\palabi.ttf', name='Palatino Linotype', style='italic', variant='normal', weight=700, stretch='normal', size='scalable')) = 11.335
2023-08-08 11:36:13 [DEBUG]: findfont: score(FontEntry(fname='C:\\Windows\\Fonts\\BOD_BLAI.TTF', name='Bodoni MT', style='italic', variant='normal', weight=900, stretch='normal', size='scalable')) = 11.525
2023-08-08 11:36:13 [DEBUG]: findfont: score(FontEntry(fname='C:\\Windows\\Fonts\\BELLB.TTF', name='Bell MT', style='normal', variant='normal', weight=700, stretch='normal', size='scalable')) = 10.335
2023-08-08 11:36:13 [DEBUG]: findfont: score(FontEntry(fname='C:\\WINDOWS\\Fonts\\msyh.ttc', name='Microsoft YaHei', style='normal', variant='normal', weight=400, stretch='normal', size='scalable')) = 10.05
2023-08-08 11:36:13 [DEBUG]: findfont: score(FontEntry(fname='C:\\WINDOWS\\Fonts\\msyhl.ttc', name='Microsoft YaHei', style='normal', variant='normal', weight=290, stretch='normal', size='scalable')) = 10.1545
2023-08-08 11:36:13 [DEBUG]: findfont: score(FontEntry(fname='C:\\WINDOWS\\Fonts\\PERTILI.TTF', name='Perpetua Titling MT', style='normal', variant='normal', weight=300, stretch='normal', size='scalable')) = 10.145
2023-08-08 11:36:13 [DEBUG]: findfont: score(FontEntry(fname='C:\\WINDOWS\\Fonts\\SitkaZ.ttc', name='Sitka Small', style='italic', variant='normal', weight=700, stretch='normal', size='scalable')) = 11.335
2023-08-08 11:36:13 [DEBUG]: findfont: score(FontEntry(fname='C:\\WINDOWS\\Fonts\\timesbi.ttf', name='Times New Roman', style='italic', variant='normal', weight=700, stretch='normal', size='scalable')) = 11.335
2023-08-08 11:36:13 [DEBUG]: findfont: score(FontEntry(fname='C:\\Windows\\Fonts\\TCMI____.TTF', name='Tw Cen MT', style='italic', variant='normal', weight=400, stretch='normal', size='scalable')) = 11.05
2023-08-08 11:36:13 [DEBUG]: findfont: score(FontEntry(fname='C:\\Windows\\Fonts\\SitkaB.ttc', name='Sitka Small', style='normal', variant='normal', weight=700, stretch='normal', size='scalable')) = 10.335
2023-08-08 11:36:13 [DEBUG]: findfont: score(FontEntry(fname='C:\\Windows\\Fonts\\STENCIL.TTF', name='Stencil', style='normal', variant='normal', weight=400, stretch='normal', size='scalable')) = 10.05
2023-08-08 11:36:13 [DEBUG]: findfont: score(FontEntry(fname='C:\\Windows\\Fonts\\Candarab.ttf', name='Candara', style='normal', variant='normal', weight=700, stretch='normal', size='scalable')) = 10.335
2023-08-08 11:36:13 [DEBUG]: findfont: score(FontEntry(fname='C:\\WINDOWS\\Fonts\\ARIALNI.TTF', name='Arial', style='italic', variant='normal', weight=400, stretch='condensed', size='scalable')) = 1.25
2023-08-08 11:36:13 [DEBUG]: findfont: score(FontEntry(fname='C:\\WINDOWS\\Fonts\\constani.ttf', name='Constantia', style='italic', variant='normal', weight=400, stretch='normal', size='scalable')) = 11.05
2023-08-08 11:36:13 [DEBUG]: findfont: score(FontEntry(fname='C:\\WINDOWS\\Fonts\\GOUDOSB.TTF', name='Goudy Old Style', style='normal', variant='normal', weight=700, stretch='normal', size='scalable')) = 10.335
2023-08-08 11:36:13 [DEBUG]: findfont: score(FontEntry(fname='C:\\Windows\\Fonts\\GARABD.TTF', name='Garamond', style='normal', variant='normal', weight=700, stretch='normal', size='scalable')) = 10.335
2023-08-08 11:36:13 [DEBUG]: findfont: score(FontEntry(fname='C:\\Windows\\Fonts\\PERTILI.TTF', name='Perpetua Titling MT', style='normal', variant='normal', weight=300, stretch='normal', size='scalable')) = 10.145
2023-08-08 11:36:13 [DEBUG]: findfont: score(FontEntry(fname='C:\\Windows\\Fonts\\Candaral.ttf', name='Candara', style='normal', variant='normal', weight=400, stretch='normal', size='scalable')) = 10.05
2023-08-08 11:36:13 [DEBUG]: findfont: score(FontEntry(fname='C:\\Windows\\Fonts\\CALIFB.TTF', name='Californian FB', style='normal', variant='normal', weight=700, stretch='normal', size='scalable')) = 10.335
2023-08-08 11:36:13 [DEBUG]: findfont: score(FontEntry(fname='C:\\Windows\\Fonts\\PAPYRUS.TTF', name='Papyrus', style='normal', variant='normal', weight=400, stretch='normal', size='scalable')) = 10.05
2023-08-08 11:36:13 [DEBUG]: findfont: score(FontEntry(fname='C:\\Windows\\Fonts\\consolai.ttf', name='Consolas', style='italic', variant='normal', weight=400, stretch='normal', size='scalable')) = 11.05
2023-08-08 11:36:13 [DEBUG]: findfont: score(FontEntry(fname='C:\\WINDOWS\\Fonts\\COPRGTL.TTF', name='Copperplate Gothic Light', style='normal', variant='normal', weight=400, stretch='normal', size='scalable')) = 10.05
2023-08-08 11:36:13 [DEBUG]: findfont: score(FontEntry(fname='C:\\WINDOWS\\Fonts\\LEELAWDB.TTF', name='Leelawadee', style='normal', variant='normal', weight=700, stretch='normal', size='scalable')) = 10.335
2023-08-08 11:36:13 [DEBUG]: findfont: score(FontEntry(fname='C:\\Windows\\Fonts\\verdanai.ttf', name='Verdana', style='italic', variant='normal', weight=400, stretch='normal', size='scalable')) = 11.05
2023-08-08 11:36:13 [DEBUG]: findfont: score(FontEntry(fname='C:\\Windows\\Fonts\\YuGothR.ttc', name='Yu Gothic', style='normal', variant='normal', weight=400, stretch='normal', size='scalable')) = 10.05
2023-08-08 11:36:13 [DEBUG]: findfont: score(FontEntry(fname='C:\\WINDOWS\\Fonts\\RAGE.TTF', name='Rage Italic', style='italic', variant='normal', weight=400, stretch='normal', size='scalable')) = 11.05
2023-08-08 11:36:13 [DEBUG]: findfont: score(FontEntry(fname='C:\\Windows\\Fonts\\BOD_CBI.TTF', name='Bodoni MT', style='italic', variant='normal', weight=700, stretch='condensed', size='scalable')) = 11.535
2023-08-08 11:36:13 [DEBUG]: findfont: score(FontEntry(fname='C:\\Windows\\Fonts\\TCBI____.TTF', name='Tw Cen MT', style='italic', variant='normal', weight=700, stretch='normal', size='scalable')) = 11.335
2023-08-08 11:36:13 [DEBUG]: findfont: score(FontEntry(fname='C:\\WINDOWS\\Fonts\\simsunb.ttf', name='SimSun-ExtB', style='normal', variant='normal', weight=400, stretch='normal', size='scalable')) = 10.05
2023-08-08 11:36:13 [DEBUG]: findfont: score(FontEntry(fname='C:\\Windows\\Fonts\\courbi.ttf', name='Courier New', style='italic', variant='normal', weight=700, stretch='normal', size='scalable')) = 11.335
2023-08-08 11:36:13 [DEBUG]: findfont: score(FontEntry(fname='C:\\WINDOWS\\Fonts\\constanz.ttf', name='Constantia', style='italic', variant='normal', weight=700, stretch='normal', size='scalable')) = 11.335
2023-08-08 11:36:13 [DEBUG]: findfont: score(FontEntry(fname='C:\\WINDOWS\\Fonts\\LEELAWAD.TTF', name='Leelawadee', style='normal', variant='normal', weight=400, stretch='normal', size='scalable')) = 10.05
2023-08-08 11:36:13 [DEBUG]: findfont: score(FontEntry(fname='C:\\WINDOWS\\Fonts\\BOD_BI.TTF', name='Bodoni MT', style='italic', variant='normal', weight=700, stretch='normal', size='scalable')) = 11.335
2023-08-08 11:36:13 [DEBUG]: findfont: score(FontEntry(fname='C:\\Windows\\Fonts\\ALGER.TTF', name='Algerian', style='normal', variant='normal', weight=400, stretch='normal', size='scalable')) = 10.05
2023-08-08 11:36:13 [DEBUG]: findfont: score(FontEntry(fname='C:\\WINDOWS\\Fonts\\SCRIPTBL.TTF', name='Script MT Bold', style='normal', variant='normal', weight=700, stretch='normal', size='scalable')) = 10.335
2023-08-08 11:36:13 [DEBUG]: findfont: score(FontEntry(fname='C:\\Windows\\Fonts\\couri.ttf', name='Courier New', style='italic', variant='normal', weight=400, stretch='normal', size='scalable')) = 11.05
2023-08-08 11:36:13 [DEBUG]: findfont: score(FontEntry(fname='C:\\Windows\\Fonts\\tahomabd.ttf', name='Tahoma', style='normal', variant='normal', weight=700, stretch='normal', size='scalable')) = 10.335
2023-08-08 11:36:13 [DEBUG]: findfont: score(FontEntry(fname='C:\\Windows\\Fonts\\cambria.ttc', name='Cambria', style='normal', variant='normal', weight=400, stretch='normal', size='scalable')) = 10.05
2023-08-08 11:36:13 [DEBUG]: findfont: score(FontEntry(fname='C:\\WINDOWS\\Fonts\\Nirmala.ttf', name='Nirmala UI', style='normal', variant='normal', weight=400, stretch='normal', size='scalable')) = 10.05
2023-08-08 11:36:13 [DEBUG]: findfont: score(FontEntry(fname='C:\\WINDOWS\\Fonts\\BERNHC.TTF', name='Bernard MT Condensed', style='normal', variant='normal', weight=400, stretch='condensed', size='scalable')) = 10.25
2023-08-08 11:36:13 [DEBUG]: findfont: score(FontEntry(fname='C:\\Windows\\Fonts\\REFSAN.TTF', name='MS Reference Sans Serif', style='normal', variant='normal', weight=400, stretch='normal', size='scalable')) = 10.05
2023-08-08 11:36:13 [DEBUG]: findfont: score(FontEntry(fname='C:\\WINDOWS\\Fonts\\STLITI.TTF', name='STLiti', style='normal', variant='normal', weight=400, stretch='normal', size='scalable')) = 10.05
2023-08-08 11:36:13 [DEBUG]: findfont: score(FontEntry(fname='C:\\WINDOWS\\Fonts\\Inkfree.ttf', name='Ink Free', style='normal', variant='normal', weight=400, stretch='normal', size='scalable')) = 10.05
2023-08-08 11:36:13 [DEBUG]: findfont: score(FontEntry(fname='C:\\WINDOWS\\Fonts\\mingliub.ttc', name='MingLiU-ExtB', style='normal', variant='normal', weight=400, stretch='normal', size='scalable')) = 10.05
2023-08-08 11:36:13 [DEBUG]: findfont: score(FontEntry(fname='C:\\Windows\\Fonts\\ARIALNI.TTF', name='Arial', style='italic', variant='normal', weight=400, stretch='condensed', size='scalable')) = 1.25
2023-08-08 11:36:13 [DEBUG]: findfont: score(FontEntry(fname='C:\\Windows\\Fonts\\GILB____.TTF', name='Gill Sans MT', style='normal', variant='normal', weight=700, stretch='normal', size='scalable')) = 10.335
2023-08-08 11:36:13 [DEBUG]: findfont: score(FontEntry(fname='C:\\Windows\\Fonts\\georgiaz.ttf', name='Georgia', style='italic', variant='normal', weight=700, stretch='normal', size='scalable')) = 11.335
2023-08-08 11:36:13 [DEBUG]: findfont: score(FontEntry(fname='C:\\WINDOWS\\Fonts\\SNAP____.TTF', name='Snap ITC', style='normal', variant='normal', weight=400, stretch='normal', size='scalable')) = 10.05
2023-08-08 11:36:13 [DEBUG]: findfont: score(FontEntry(fname='C:\\Windows\\Fonts\\POORICH.TTF', name='Poor Richard', style='normal', variant='normal', weight=400, stretch='normal', size='scalable')) = 10.05
2023-08-08 11:36:13 [DEBUG]: findfont: score(FontEntry(fname='C:\\Windows\\Fonts\\GOUDOSB.TTF', name='Goudy Old Style', style='normal', variant='normal', weight=700, stretch='normal', size='scalable')) = 10.335
2023-08-08 11:36:13 [DEBUG]: findfont: score(FontEntry(fname='C:\\WINDOWS\\Fonts\\tahoma.ttf', name='Tahoma', style='normal', variant='normal', weight=400, stretch='normal', size='scalable')) = 10.05
2023-08-08 11:36:13 [DEBUG]: findfont: score(FontEntry(fname='C:\\Windows\\Fonts\\webdings.ttf', name='Webdings', style='normal', variant='normal', weight=400, stretch='normal', size='scalable')) = 10.05
2023-08-08 11:36:13 [DEBUG]: findfont: score(FontEntry(fname='C:\\WINDOWS\\Fonts\\BOD_CBI.TTF', name='Bodoni MT', style='italic', variant='normal', weight=700, stretch='condensed', size='scalable')) = 11.535
2023-08-08 11:36:13 [DEBUG]: findfont: score(FontEntry(fname='C:\\Windows\\Fonts\\RAGE.TTF', name='Rage Italic', style='italic', variant='normal', weight=400, stretch='normal', size='scalable')) = 11.05
2023-08-08 11:36:13 [DEBUG]: findfont: score(FontEntry(fname='C:\\Windows\\Fonts\\LFAX.TTF', name='Lucida Fax', style='normal', variant='normal', weight=400, stretch='normal', size='scalable')) = 10.05
2023-08-08 11:36:13 [DEBUG]: findfont: score(FontEntry(fname='C:\\Windows\\Fonts\\simsun.ttc', name='SimSun', style='normal', variant='normal', weight=400, stretch='normal', size='scalable')) = 10.05
2023-08-08 11:36:13 [DEBUG]: findfont: score(FontEntry(fname='C:\\Windows\\Fonts\\STKAITI.TTF', name='STKaiti', style='normal', variant='normal', weight=400, stretch='normal', size='scalable')) = 10.05
2023-08-08 11:36:13 [DEBUG]: findfont: score(FontEntry(fname='C:\\Windows\\Fonts\\LTYPEBO.TTF', name='Lucida Sans Typewriter', style='oblique', variant='normal', weight=600, stretch='normal', size='scalable')) = 11.24
2023-08-08 11:36:13 [DEBUG]: findfont: score(FontEntry(fname='C:\\Windows\\Fonts\\PLAYBILL.TTF', name='Playbill', style='normal', variant='normal', weight=400, stretch='normal', size='scalable')) = 10.05
2023-08-08 11:36:13 [DEBUG]: findfont: score(FontEntry(fname='C:\\WINDOWS\\Fonts\\consolaz.ttf', name='Consolas', style='italic', variant='normal', weight=700, stretch='normal', size='scalable')) = 11.335
2023-08-08 11:36:13 [DEBUG]: findfont: score(FontEntry(fname='C:\\Windows\\Fonts\\ERASMD.TTF', name='Eras Medium ITC', style='normal', variant='normal', weight=400, stretch='normal', size='scalable')) = 10.05
2023-08-08 11:36:13 [DEBUG]: findfont: score(FontEntry(fname='C:\\WINDOWS\\Fonts\\PERTIBD.TTF', name='Perpetua Titling MT', style='normal', variant='normal', weight=700, stretch='normal', size='scalable')) = 10.335
2023-08-08 11:36:13 [DEBUG]: findfont: score(FontEntry(fname='C:\\WINDOWS\\Fonts\\BRITANIC.TTF', name='Britannic Bold', style='normal', variant='normal', weight=400, stretch='normal', size='scalable')) = 10.05
2023-08-08 11:36:13 [DEBUG]: findfont: score(FontEntry(fname='C:\\Windows\\Fonts\\ANTQUAB.TTF', name='Book Antiqua', style='normal', variant='normal', weight=700, stretch='normal', size='scalable')) = 10.335
2023-08-08 11:36:13 [DEBUG]: findfont: score(FontEntry(fname='C:\\WINDOWS\\Fonts\\himalaya.ttf', name='Microsoft Himalaya', style='normal', variant='normal', weight=400, stretch='normal', size='scalable')) = 10.05
2023-08-08 11:36:13 [DEBUG]: findfont: score(FontEntry(fname='C:\\WINDOWS\\Fonts\\seguisbi.ttf', name='Segoe UI', style='italic', variant='normal', weight=600, stretch='normal', size='scalable')) = 11.24
2023-08-08 11:36:13 [DEBUG]: findfont: score(FontEntry(fname='C:\\Windows\\Fonts\\GILC____.TTF', name='Gill Sans MT Condensed', style='normal', variant='normal', weight=400, stretch='condensed', size='scalable')) = 10.25
2023-08-08 11:36:13 [DEBUG]: findfont: score(FontEntry(fname='C:\\Windows\\Fonts\\LBRITEI.TTF', name='Lucida Bright', style='italic', variant='normal', weight=400, stretch='normal', size='scalable')) = 11.05
2023-08-08 11:36:13 [DEBUG]: findfont: score(FontEntry(fname='C:\\WINDOWS\\Fonts\\corbel.ttf', name='Corbel', style='normal', variant='normal', weight=400, stretch='normal', size='scalable')) = 10.05
2023-08-08 11:36:13 [DEBUG]: findfont: score(FontEntry(fname='C:\\WINDOWS\\Fonts\\REFSAN.TTF', name='MS Reference Sans Serif', style='normal', variant='normal', weight=400, stretch='normal', size='scalable')) = 10.05
2023-08-08 11:36:13 [DEBUG]: findfont: score(FontEntry(fname='C:\\WINDOWS\\Fonts\\palabi.ttf', name='Palatino Linotype', style='italic', variant='normal', weight=700, stretch='normal', size='scalable')) = 11.335
2023-08-08 11:36:13 [DEBUG]: findfont: score(FontEntry(fname='C:\\Windows\\Fonts\\CENTURY.TTF', name='Century', style='normal', variant='normal', weight=400, stretch='normal', size='scalable')) = 10.05
2023-08-08 11:36:13 [DEBUG]: findfont: score(FontEntry(fname='C:\\WINDOWS\\Fonts\\seguibl.ttf', name='Segoe UI', style='normal', variant='normal', weight=900, stretch='normal', size='scalable')) = 10.525
2023-08-08 11:36:13 [DEBUG]: findfont: score(FontEntry(fname='C:\\Windows\\Fonts\\bahnschrift.ttf', name='Bahnschrift', style='normal', variant='normal', weight=400, stretch='normal', size='scalable')) = 10.05
2023-08-08 11:36:13 [DEBUG]: findfont: score(FontEntry(fname='C:\\Windows\\Fonts\\LTYPE.TTF', name='Lucida Sans Typewriter', style='normal', variant='normal', weight=400, stretch='normal', size='scalable')) = 10.05
2023-08-08 11:36:13 [DEBUG]: findfont: score(FontEntry(fname='C:\\Windows\\Fonts\\ARIALNBI.TTF', name='Arial', style='italic', variant='normal', weight=700, stretch='condensed', size='scalable')) = 1.535
2023-08-08 11:36:13 [DEBUG]: findfont: score(FontEntry(fname='C:\\WINDOWS\\Fonts\\BAUHS93.TTF', name='Bauhaus 93', style='normal', variant='normal', weight=400, stretch='normal', size='scalable')) = 10.05
2023-08-08 11:36:13 [DEBUG]: findfont: score(FontEntry(fname='C:\\Windows\\Fonts\\seguibli.ttf', name='Segoe UI', style='italic', variant='normal', weight=900, stretch='normal', size='scalable')) = 11.525
2023-08-08 11:36:13 [DEBUG]: findfont: score(FontEntry(fname='C:\\WINDOWS\\Fonts\\ebrima.ttf', name='Ebrima', style='normal', variant='normal', weight=400, stretch='normal', size='scalable')) = 10.05
2023-08-08 11:36:13 [DEBUG]: findfont: score(FontEntry(fname='C:\\Windows\\Fonts\\PERBI___.TTF', name='Perpetua', style='italic', variant='normal', weight=700, stretch='normal', size='scalable')) = 11.335
2023-08-08 11:36:13 [DEBUG]: findfont: score(FontEntry(fname='C:\\WINDOWS\\Fonts\\calibrili.ttf', name='Calibri', style='italic', variant='normal', weight=300, stretch='normal', size='scalable')) = 11.145
2023-08-08 11:36:13 [DEBUG]: findfont: score(FontEntry(fname='C:\\Windows\\Fonts\\segoeuisl.ttf', name='Segoe UI', style='normal', variant='normal', weight=350, stretch='normal', size='scalable')) = 10.0975
2023-08-08 11:36:13 [DEBUG]: findfont: score(FontEntry(fname='C:\\WINDOWS\\Fonts\\STXINGKA.TTF', name='STXingkai', style='normal', variant='normal', weight=400, stretch='normal', size='scalable')) = 10.05
2023-08-08 11:36:13 [DEBUG]: findfont: score(FontEntry(fname='C:\\Windows\\Fonts\\KUNSTLER.TTF', name='Kunstler Script', style='normal', variant='normal', weight=400, stretch='normal', size='scalable')) = 10.05
2023-08-08 11:36:13 [DEBUG]: findfont: score(FontEntry(fname='C:\\WINDOWS\\Fonts\\YuGothL.ttc', name='Yu Gothic', style='normal', variant='normal', weight=300, stretch='normal', size='scalable')) = 10.145
2023-08-08 11:36:13 [DEBUG]: findfont: score(FontEntry(fname='C:\\Windows\\Fonts\\ELEPHNT.TTF', name='Elephant', style='normal', variant='normal', weight=400, stretch='normal', size='scalable')) = 10.05
2023-08-08 11:36:13 [DEBUG]: findfont: score(FontEntry(fname='C:\\Windows\\Fonts\\VIVALDII.TTF', name='Vivaldi', style='italic', variant='normal', weight=400, stretch='normal', size='scalable')) = 11.05
2023-08-08 11:36:13 [DEBUG]: findfont: score(FontEntry(fname='C:\\WINDOWS\\Fonts\\STENCIL.TTF', name='Stencil', style='normal', variant='normal', weight=400, stretch='normal', size='scalable')) = 10.05
2023-08-08 11:36:13 [DEBUG]: findfont: score(FontEntry(fname='C:\\Windows\\Fonts\\FRAMDCN.TTF', name='Franklin Gothic Medium Cond', style='normal', variant='normal', weight=400, stretch='condensed', size='scalable')) = 10.25
2023-08-08 11:36:13 [DEBUG]: findfont: score(FontEntry(fname='C:\\WINDOWS\\Fonts\\segoeuib.ttf', name='Segoe UI', style='normal', variant='normal', weight=700, stretch='normal', size='scalable')) = 10.335
2023-08-08 11:36:13 [DEBUG]: findfont: score(FontEntry(fname='C:\\Windows\\Fonts\\cour.ttf', name='Courier New', style='normal', variant='normal', weight=400, stretch='normal', size='scalable')) = 10.05
2023-08-08 11:36:13 [DEBUG]: findfont: score(FontEntry(fname='C:\\WINDOWS\\Fonts\\LTYPEBO.TTF', name='Lucida Sans Typewriter', style='oblique', variant='normal', weight=600, stretch='normal', size='scalable')) = 11.24
2023-08-08 11:36:13 [DEBUG]: findfont: score(FontEntry(fname='C:\\WINDOWS\\Fonts\\Deng.ttf', name='DengXian', style='normal', variant='normal', weight=400, stretch='normal', size='scalable')) = 10.05
2023-08-08 11:36:13 [DEBUG]: findfont: score(FontEntry(fname='C:\\Windows\\Fonts\\CALISTBI.TTF', name='Calisto MT', style='italic', variant='normal', weight=700, stretch='normal', size='scalable')) = 11.335
2023-08-08 11:36:13 [DEBUG]: findfont: score(FontEntry(fname='C:\\Windows\\Fonts\\COPRGTL.TTF', name='Copperplate Gothic Light', style='normal', variant='normal', weight=400, stretch='normal', size='scalable')) = 10.05
2023-08-08 11:36:13 [DEBUG]: findfont: score(FontEntry(fname='C:\\WINDOWS\\Fonts\\BOOKOSB.TTF', name='Bookman Old Style', style='normal', variant='normal', weight=600, stretch='normal', size='scalable')) = 10.24
2023-08-08 11:36:13 [DEBUG]: findfont: score(FontEntry(fname='C:\\Windows\\Fonts\\segoeuii.ttf', name='Segoe UI', style='italic', variant='normal', weight=400, stretch='normal', size='scalable')) = 11.05
2023-08-08 11:36:13 [DEBUG]: findfont: score(FontEntry(fname='C:\\WINDOWS\\Fonts\\DUBAI-REGULAR.TTF', name='Dubai', style='normal', variant='normal', weight=400, stretch='normal', size='scalable')) = 10.05
2023-08-08 11:36:13 [DEBUG]: findfont: score(FontEntry(fname='C:\\Windows\\Fonts\\BRUSHSCI.TTF', name='Brush Script MT', style='italic', variant='normal', weight=400, stretch='normal', size='scalable')) = 11.05
2023-08-08 11:36:13 [DEBUG]: findfont: score(FontEntry(fname='C:\\Windows\\Fonts\\WINGDNG2.TTF', name='Wingdings 2', style='normal', variant='normal', weight=400, stretch='normal', size='scalable')) = 10.05
2023-08-08 11:36:13 [DEBUG]: findfont: score(FontEntry(fname='C:\\Windows\\Fonts\\trebucbd.ttf', name='Trebuchet MS', style='normal', variant='normal', weight=700, stretch='normal', size='scalable')) = 10.335
2023-08-08 11:36:13 [DEBUG]: findfont: score(FontEntry(fname='C:\\WINDOWS\\Fonts\\seguisli.ttf', name='Segoe UI', style='italic', variant='normal', weight=350, stretch='normal', size='scalable')) = 11.0975
2023-08-08 11:36:13 [DEBUG]: findfont: score(FontEntry(fname='C:\\WINDOWS\\Fonts\\SCHLBKBI.TTF', name='Century Schoolbook', style='italic', variant='normal', weight=700, stretch='normal', size='scalable')) = 11.335
2023-08-08 11:36:13 [DEBUG]: findfont: score(FontEntry(fname='C:\\WINDOWS\\Fonts\\CENTAUR.TTF', name='Centaur', style='normal', variant='normal', weight=400, stretch='normal', size='scalable')) = 10.05
2023-08-08 11:36:13 [DEBUG]: findfont: score(FontEntry(fname='C:\\Windows\\Fonts\\LEELAWAD.TTF', name='Leelawadee', style='normal', variant='normal', weight=400, stretch='normal', size='scalable')) = 10.05
2023-08-08 11:36:13 [DEBUG]: findfont: score(FontEntry(fname='C:\\WINDOWS\\Fonts\\sylfaen.ttf', name='Sylfaen', style='normal', variant='normal', weight=400, stretch='normal', size='scalable')) = 10.05
2023-08-08 11:36:13 [DEBUG]: findfont: score(FontEntry(fname='C:\\WINDOWS\\Fonts\\LBRITED.TTF', name='Lucida Bright', style='normal', variant='normal', weight=600, stretch='normal', size='scalable')) = 10.24
2023-08-08 11:36:13 [DEBUG]: findfont: score(FontEntry(fname='C:\\WINDOWS\\Fonts\\DUBAI-BOLD.TTF', name='Dubai', style='normal', variant='normal', weight=700, stretch='normal', size='scalable')) = 10.335
2023-08-08 11:36:13 [DEBUG]: findfont: score(FontEntry(fname='C:\\WINDOWS\\Fonts\\LeelawUI.ttf', name='Leelawadee UI', style='normal', variant='normal', weight=400, stretch='normal', size='scalable')) = 10.05
2023-08-08 11:36:13 [DEBUG]: findfont: score(FontEntry(fname='C:\\WINDOWS\\Fonts\\l_10646.ttf', name='Lucida Sans Unicode', style='normal', variant='normal', weight=400, stretch='normal', size='scalable')) = 10.05
2023-08-08 11:36:13 [DEBUG]: findfont: score(FontEntry(fname='C:\\WINDOWS\\Fonts\\verdanaz.ttf', name='Verdana', style='italic', variant='normal', weight=700, stretch='normal', size='scalable')) = 11.335
2023-08-08 11:36:13 [DEBUG]: findfont: score(FontEntry(fname='C:\\Windows\\Fonts\\LeelUIsl.ttf', name='Leelawadee UI', style='normal', variant='normal', weight=350, stretch='normal', size='scalable')) = 10.0975
2023-08-08 11:36:13 [DEBUG]: findfont: score(FontEntry(fname='C:\\WINDOWS\\Fonts\\FRADMIT.TTF', name='Franklin Gothic Demi', style='italic', variant='normal', weight=400, stretch='normal', size='scalable')) = 11.05
2023-08-08 11:36:13 [DEBUG]: findfont: score(FontEntry(fname='C:\\WINDOWS\\Fonts\\CALIST.TTF', name='Calisto MT', style='normal', variant='normal', weight=400, stretch='normal', size='scalable')) = 10.05
2023-08-08 11:36:13 [DEBUG]: findfont: score(FontEntry(fname='C:\\Windows\\Fonts\\STXIHEI.TTF', name='STXihei', style='normal', variant='normal', weight=400, stretch='normal', size='scalable')) = 10.05
2023-08-08 11:36:13 [DEBUG]: findfont: score(FontEntry(fname='C:\\Windows\\Fonts\\LATINWD.TTF', name='Wide Latin', style='normal', variant='normal', weight=400, stretch='expanded', size='scalable')) = 10.25
2023-08-08 11:36:13 [DEBUG]: findfont: score(FontEntry(fname='C:\\WINDOWS\\Fonts\\msjh.ttc', name='Microsoft JhengHei', style='normal', variant='normal', weight=400, stretch='normal', size='scalable')) = 10.05
2023-08-08 11:36:13 [DEBUG]: findfont: score(FontEntry(fname='C:\\WINDOWS\\Fonts\\GIGI.TTF', name='Gigi', style='normal', variant='normal', weight=400, stretch='normal', size='scalable')) = 10.05
2023-08-08 11:36:13 [DEBUG]: findfont: score(FontEntry(fname='C:\\WINDOWS\\Fonts\\cour.ttf', name='Courier New', style='normal', variant='normal', weight=400, stretch='normal', size='scalable')) = 10.05
2023-08-08 11:36:13 [DEBUG]: findfont: score(FontEntry(fname='C:\\WINDOWS\\Fonts\\corbelb.ttf', name='Corbel', style='normal', variant='normal', weight=700, stretch='normal', size='scalable')) = 10.335
2023-08-08 11:36:13 [DEBUG]: findfont: score(FontEntry(fname='C:\\WINDOWS\\Fonts\\NirmalaB.ttf', name='Nirmala UI', style='normal', variant='normal', weight=700, stretch='normal', size='scalable')) = 10.335
2023-08-08 11:36:13 [DEBUG]: findfont: score(FontEntry(fname='C:\\Windows\\Fonts\\georgiab.ttf', name='Georgia', style='normal', variant='normal', weight=700, stretch='normal', size='scalable')) = 10.335
2023-08-08 11:36:13 [DEBUG]: findfont: score(FontEntry(fname='C:\\WINDOWS\\Fonts\\couri.ttf', name='Courier New', style='italic', variant='normal', weight=400, stretch='normal', size='scalable')) = 11.05
2023-08-08 11:36:13 [DEBUG]: findfont: score(FontEntry(fname='C:\\Windows\\Fonts\\LEELAWDB.TTF', name='Leelawadee', style='normal', variant='normal', weight=700, stretch='normal', size='scalable')) = 10.335
2023-08-08 11:36:13 [DEBUG]: findfont: score(FontEntry(fname='C:\\WINDOWS\\Fonts\\FRADMCN.TTF', name='Franklin Gothic Demi Cond', style='normal', variant='normal', weight=400, stretch='condensed', size='scalable')) = 10.25
2023-08-08 11:36:13 [DEBUG]: findfont: score(FontEntry(fname='C:\\Windows\\Fonts\\corbell.ttf', name='Corbel', style='normal', variant='normal', weight=300, stretch='normal', size='scalable')) = 10.145
2023-08-08 11:36:13 [DEBUG]: findfont: score(FontEntry(fname='C:\\Windows\\Fonts\\MAIAN.TTF', name='Maiandra GD', style='normal', variant='normal', weight=400, stretch='normal', size='scalable')) = 10.05
2023-08-08 11:36:13 [DEBUG]: findfont: score(FontEntry(fname='C:\\WINDOWS\\Fonts\\BOD_PSTC.TTF', name='Bodoni MT', style='normal', variant='normal', weight=300, stretch='normal', size='scalable')) = 10.145
2023-08-08 11:36:13 [DEBUG]: findfont: score(FontEntry(fname='C:\\WINDOWS\\Fonts\\arialbi.ttf', name='Arial', style='italic', variant='normal', weight=700, stretch='normal', size='scalable')) = 1.335
2023-08-08 11:36:13 [DEBUG]: findfont: score(FontEntry(fname='C:\\Windows\\Fonts\\verdanab.ttf', name='Verdana', style='normal', variant='normal', weight=700, stretch='normal', size='scalable')) = 10.335
2023-08-08 11:36:13 [DEBUG]: findfont: score(FontEntry(fname='C:\\WINDOWS\\Fonts\\BRLNSB.TTF', name='Berlin Sans FB', style='normal', variant='normal', weight=700, stretch='normal', size='scalable')) = 10.335
2023-08-08 11:36:13 [DEBUG]: findfont: score(FontEntry(fname='C:\\WINDOWS\\Fonts\\consola.ttf', name='Consolas', style='normal', variant='normal', weight=400, stretch='normal', size='scalable')) = 10.05
2023-08-08 11:36:13 [DEBUG]: findfont: score(FontEntry(fname='C:\\WINDOWS\\Fonts\\msjhbd.ttc', name='Microsoft JhengHei', style='normal', variant='normal', weight=700, stretch='normal', size='scalable')) = 10.335
2023-08-08 11:36:13 [DEBUG]: findfont: score(FontEntry(fname='C:\\WINDOWS\\Fonts\\PAPYRUS.TTF', name='Papyrus', style='normal', variant='normal', weight=400, stretch='normal', size='scalable')) = 10.05
2023-08-08 11:36:13 [DEBUG]: findfont: score(FontEntry(fname='C:\\Windows\\Fonts\\GOUDOS.TTF', name='Goudy Old Style', style='normal', variant='normal', weight=400, stretch='normal', size='scalable')) = 10.05
2023-08-08 11:36:13 [DEBUG]: findfont: score(FontEntry(fname='C:\\Windows\\Fonts\\Candarali.ttf', name='Candara', style='italic', variant='normal', weight=400, stretch='normal', size='scalable')) = 11.05
2023-08-08 11:36:13 [DEBUG]: findfont: score(FontEntry(fname='C:\\Windows\\Fonts\\simsunb.ttf', name='SimSun-ExtB', style='normal', variant='normal', weight=400, stretch='normal', size='scalable')) = 10.05
2023-08-08 11:36:13 [DEBUG]: findfont: score(FontEntry(fname='C:\\Windows\\Fonts\\BRLNSR.TTF', name='Berlin Sans FB', style='normal', variant='normal', weight=400, stretch='normal', size='scalable')) = 10.05
2023-08-08 11:36:13 [DEBUG]: findfont: score(FontEntry(fname='C:\\Windows\\Fonts\\seguili.ttf', name='Segoe UI', style='italic', variant='normal', weight=300, stretch='normal', size='scalable')) = 11.145
2023-08-08 11:36:13 [DEBUG]: findfont: score(FontEntry(fname='C:\\Windows\\Fonts\\constani.ttf', name='Constantia', style='italic', variant='normal', weight=400, stretch='normal', size='scalable')) = 11.05
2023-08-08 11:36:13 [DEBUG]: findfont: score(FontEntry(fname='C:\\WINDOWS\\Fonts\\BOD_CB.TTF', name='Bodoni MT', style='normal', variant='normal', weight=700, stretch='condensed', size='scalable')) = 10.535
2023-08-08 11:36:13 [DEBUG]: findfont: score(FontEntry(fname='C:\\Windows\\Fonts\\OLDENGL.TTF', name='Old English Text MT', style='normal', variant='normal', weight=400, stretch='normal', size='scalable')) = 10.05
2023-08-08 11:36:13 [DEBUG]: findfont: score(FontEntry(fname='C:\\WINDOWS\\Fonts\\ROCK.TTF', name='Rockwell', style='normal', variant='normal', weight=400, stretch='normal', size='scalable')) = 10.05
2023-08-08 11:36:13 [DEBUG]: findfont: score(FontEntry(fname='C:\\Windows\\Fonts\\DUBAI-MEDIUM.TTF', name='Dubai', style='normal', variant='normal', weight=500, stretch='normal', size='scalable')) = 10.145
2023-08-08 11:36:13 [DEBUG]: findfont: score(FontEntry(fname='C:\\Windows\\Fonts\\JOKERMAN.TTF', name='Jokerman', style='normal', variant='normal', weight=400, stretch='normal', size='scalable')) = 10.05
2023-08-08 11:36:13 [DEBUG]: findfont: score(FontEntry(fname='C:\\Windows\\Fonts\\LSANS.TTF', name='Lucida Sans', style='normal', variant='normal', weight=400, stretch='normal', size='scalable')) = 10.05
2023-08-08 11:36:13 [DEBUG]: findfont: score(FontEntry(fname='C:\\WINDOWS\\Fonts\\simfang.ttf', name='FangSong', style='normal', variant='normal', weight=400, stretch='normal', size='scalable')) = 10.05
2023-08-08 11:36:13 [DEBUG]: findfont: score(FontEntry(fname='C:\\WINDOWS\\Fonts\\marlett.ttf', name='Marlett', style='normal', variant='normal', weight=500, stretch='normal', size='scalable')) = 10.145
2023-08-08 11:36:13 [DEBUG]: findfont: score(FontEntry(fname='C:\\WINDOWS\\Fonts\\YuGothR.ttc', name='Yu Gothic', style='normal', variant='normal', weight=400, stretch='normal', size='scalable')) = 10.05
2023-08-08 11:36:13 [DEBUG]: findfont: score(FontEntry(fname='C:\\WINDOWS\\Fonts\\LHANDW.TTF', name='Lucida Handwriting', style='italic', variant='normal', weight=400, stretch='normal', size='scalable')) = 11.05
2023-08-08 11:36:13 [DEBUG]: findfont: score(FontEntry(fname='C:\\WINDOWS\\Fonts\\TCCB____.TTF', name='Tw Cen MT Condensed', style='normal', variant='normal', weight=700, stretch='condensed', size='scalable')) = 10.535
2023-08-08 11:36:13 [DEBUG]: findfont: score(FontEntry(fname='C:\\WINDOWS\\Fonts\\palai.ttf', name='Palatino Linotype', style='italic', variant='normal', weight=400, stretch='normal', size='scalable')) = 11.05
2023-08-08 11:36:13 [DEBUG]: findfont: score(FontEntry(fname='C:\\WINDOWS\\Fonts\\YuGothM.ttc', name='Yu Gothic', style='normal', variant='normal', weight=500, stretch='normal', size='scalable')) = 10.145
2023-08-08 11:36:13 [DEBUG]: findfont: score(FontEntry(fname='C:\\WINDOWS\\Fonts\\FZYTK.TTF', name='FZYaoTi', style='normal', variant='normal', weight=400, stretch='normal', size='scalable')) = 10.05
2023-08-08 11:36:13 [DEBUG]: findfont: score(FontEntry(fname='C:\\WINDOWS\\Fonts\\times.ttf', name='Times New Roman', style='normal', variant='normal', weight=400, stretch='normal', size='scalable')) = 10.05
2023-08-08 11:36:13 [DEBUG]: findfont: score(FontEntry(fname='C:\\Windows\\Fonts\\BKANT.TTF', name='Book Antiqua', style='normal', variant='normal', weight=400, stretch='normal', size='scalable')) = 10.05
2023-08-08 11:36:13 [DEBUG]: findfont: score(FontEntry(fname='C:\\WINDOWS\\Fonts\\GOUDOS.TTF', name='Goudy Old Style', style='normal', variant='normal', weight=400, stretch='normal', size='scalable')) = 10.05
2023-08-08 11:36:13 [DEBUG]: findfont: score(FontEntry(fname='C:\\Windows\\Fonts\\verdanaz.ttf', name='Verdana', style='italic', variant='normal', weight=700, stretch='normal', size='scalable')) = 11.335
2023-08-08 11:36:13 [DEBUG]: findfont: score(FontEntry(fname='C:\\Windows\\Fonts\\seguiemj.ttf', name='Segoe UI Emoji', style='normal', variant='normal', weight=400, stretch='normal', size='scalable')) = 10.05
2023-08-08 11:36:13 [DEBUG]: findfont: score(FontEntry(fname='C:\\Windows\\Fonts\\FRABKIT.TTF', name='Franklin Gothic Book', style='italic', variant='normal', weight=400, stretch='normal', size='scalable')) = 11.05
2023-08-08 11:36:13 [DEBUG]: findfont: score(FontEntry(fname='C:\\WINDOWS\\Fonts\\ROCKB.TTF', name='Rockwell', style='normal', variant='normal', weight=700, stretch='normal', size='scalable')) = 10.335
2023-08-08 11:36:13 [DEBUG]: findfont: score(FontEntry(fname='C:\\Windows\\Fonts\\HTOWERT.TTF', name='High Tower Text', style='normal', variant='normal', weight=400, stretch='normal', size='scalable')) = 10.05
2023-08-08 11:36:13 [DEBUG]: findfont: score(FontEntry(fname='C:\\Windows\\Fonts\\FTLTLT.TTF', name='Footlight MT Light', style='normal', variant='normal', weight=300, stretch='normal', size='scalable')) = 10.145
2023-08-08 11:36:13 [DEBUG]: findfont: score(FontEntry(fname='C:\\Windows\\Fonts\\SCRIPTBL.TTF', name='Script MT Bold', style='normal', variant='normal', weight=700, stretch='normal', size='scalable')) = 10.335
2023-08-08 11:36:13 [DEBUG]: findfont: score(FontEntry(fname='C:\\WINDOWS\\Fonts\\calibril.ttf', name='Calibri', style='normal', variant='normal', weight=300, stretch='normal', size='scalable')) = 10.145
2023-08-08 11:36:13 [DEBUG]: findfont: score(FontEntry(fname='C:\\WINDOWS\\Fonts\\MAIAN.TTF', name='Maiandra GD', style='normal', variant='normal', weight=400, stretch='normal', size='scalable')) = 10.05
2023-08-08 11:36:13 [DEBUG]: findfont: score(FontEntry(fname='C:\\WINDOWS\\Fonts\\TCM_____.TTF', name='Tw Cen MT', style='normal', variant='normal', weight=400, stretch='normal', size='scalable')) = 10.05
2023-08-08 11:36:13 [DEBUG]: findfont: score(FontEntry(fname='C:\\WINDOWS\\Fonts\\GOTHICB.TTF', name='Century Gothic', style='normal', variant='normal', weight=700, stretch='normal', size='scalable')) = 10.335
2023-08-08 11:36:13 [DEBUG]: findfont: score(FontEntry(fname='C:\\WINDOWS\\Fonts\\NirmalaS.ttf', name='Nirmala UI', style='normal', variant='normal', weight=350, stretch='normal', size='scalable')) = 10.0975
2023-08-08 11:36:13 [DEBUG]: findfont: score(FontEntry(fname='C:\\WINDOWS\\Fonts\\SitkaB.ttc', name='Sitka Small', style='normal', variant='normal', weight=700, stretch='normal', size='scalable')) = 10.335
2023-08-08 11:36:13 [DEBUG]: findfont: score(FontEntry(fname='C:\\Windows\\Fonts\\ROCKBI.TTF', name='Rockwell', style='italic', variant='normal', weight=700, stretch='normal', size='scalable')) = 11.335
2023-08-08 11:36:13 [DEBUG]: findfont: score(FontEntry(fname='C:\\WINDOWS\\Fonts\\corbeli.ttf', name='Corbel', style='italic', variant='normal', weight=400, stretch='normal', size='scalable')) = 11.05
2023-08-08 11:36:13 [DEBUG]: findfont: score(FontEntry(fname='C:\\Windows\\Fonts\\segoesc.ttf', name='Segoe Script', style='normal', variant='normal', weight=400, stretch='normal', size='scalable')) = 10.05
2023-08-08 11:36:13 [DEBUG]: findfont: score(FontEntry(fname='C:\\Windows\\Fonts\\Sitka.ttc', name='Sitka Small', style='normal', variant='normal', weight=400, stretch='normal', size='scalable')) = 10.05
2023-08-08 11:36:13 [DEBUG]: findfont: score(FontEntry(fname='C:\\WINDOWS\\Fonts\\ANTQUAB.TTF', name='Book Antiqua', style='normal', variant='normal', weight=700, stretch='normal', size='scalable')) = 10.335
2023-08-08 11:36:13 [DEBUG]: findfont: score(FontEntry(fname='C:\\WINDOWS\\Fonts\\comicbd.ttf', name='Comic Sans MS', style='normal', variant='normal', weight=700, stretch='normal', size='scalable')) = 10.335
2023-08-08 11:36:13 [DEBUG]: findfont: score(FontEntry(fname='C:\\Windows\\Fonts\\GLSNECB.TTF', name='Gill Sans MT Ext Condensed Bold', style='normal', variant='normal', weight=400, stretch='condensed', size='scalable')) = 10.25
2023-08-08 11:36:13 [DEBUG]: findfont: score(FontEntry(fname='C:\\Windows\\Fonts\\mingliub.ttc', name='MingLiU-ExtB', style='normal', variant='normal', weight=400, stretch='normal', size='scalable')) = 10.05
2023-08-08 11:36:13 [DEBUG]: findfont: score(FontEntry(fname='C:\\WINDOWS\\Fonts\\Dengl.ttf', name='DengXian', style='normal', variant='normal', weight=300, stretch='normal', size='scalable')) = 10.145
2023-08-08 11:36:13 [DEBUG]: findfont: score(FontEntry(fname='C:\\WINDOWS\\Fonts\\segoeuiz.ttf', name='Segoe UI', style='italic', variant='normal', weight=700, stretch='normal', size='scalable')) = 11.335
2023-08-08 11:36:13 [DEBUG]: findfont: score(FontEntry(fname='C:\\WINDOWS\\Fonts\\REFSPCL.TTF', name='MS Reference Specialty', style='normal', variant='normal', weight=400, stretch='normal', size='scalable')) = 10.05
2023-08-08 11:36:13 [DEBUG]: findfont: score(FontEntry(fname='C:\\WINDOWS\\Fonts\\framdit.ttf', name='Franklin Gothic Medium', style='italic', variant='normal', weight=400, stretch='normal', size='scalable')) = 11.05
2023-08-08 11:36:13 [DEBUG]: findfont: score(FontEntry(fname='C:\\WINDOWS\\Fonts\\symbol.ttf', name='Symbol', style='normal', variant='normal', weight=400, stretch='normal', size='scalable')) = 10.05
2023-08-08 11:36:13 [DEBUG]: findfont: score(FontEntry(fname='C:\\WINDOWS\\Fonts\\ITCEDSCR.TTF', name='Edwardian Script ITC', style='normal', variant='normal', weight=400, stretch='normal', size='scalable')) = 10.05
2023-08-08 11:36:13 [DEBUG]: findfont: score(FontEntry(fname='C:\\Windows\\Fonts\\PERTIBD.TTF', name='Perpetua Titling MT', style='normal', variant='normal', weight=700, stretch='normal', size='scalable')) = 10.335
2023-08-08 11:36:13 [DEBUG]: findfont: score(FontEntry(fname='C:\\WINDOWS\\Fonts\\NIAGSOL.TTF', name='Niagara Solid', style='normal', variant='normal', weight=400, stretch='normal', size='scalable')) = 10.05
2023-08-08 11:36:13 [DEBUG]: findfont: score(FontEntry(fname='C:\\Windows\\Fonts\\segoeprb.ttf', name='Segoe Print', style='normal', variant='normal', weight=700, stretch='normal', size='scalable')) = 10.335
2023-08-08 11:36:13 [DEBUG]: findfont: score(FontEntry(fname='C:\\Windows\\Fonts\\comicz.ttf', name='Comic Sans MS', style='italic', variant='normal', weight=700, stretch='normal', size='scalable')) = 11.335
2023-08-08 11:36:13 [DEBUG]: findfont: score(FontEntry(fname='C:\\Windows\\Fonts\\framdit.ttf', name='Franklin Gothic Medium', style='italic', variant='normal', weight=400, stretch='normal', size='scalable')) = 11.05
2023-08-08 11:36:13 [DEBUG]: findfont: score(FontEntry(fname='C:\\WINDOWS\\Fonts\\malgunbd.ttf', name='Malgun Gothic', style='normal', variant='normal', weight=700, stretch='normal', size='scalable')) = 10.335
2023-08-08 11:36:13 [DEBUG]: findfont: score(FontEntry(fname='C:\\Windows\\Fonts\\GILI____.TTF', name='Gill Sans MT', style='italic', variant='normal', weight=400, stretch='normal', size='scalable')) = 11.05
2023-08-08 11:36:13 [DEBUG]: findfont: score(FontEntry(fname='C:\\WINDOWS\\Fonts\\FRAMDCN.TTF', name='Franklin Gothic Medium Cond', style='normal', variant='normal', weight=400, stretch='condensed', size='scalable')) = 10.25
2023-08-08 11:36:13 [DEBUG]: findfont: score(FontEntry(fname='C:\\Windows\\Fonts\\segoeui.ttf', name='Segoe UI', style='normal', variant='normal', weight=400, stretch='normal', size='scalable')) = 10.05
2023-08-08 11:36:13 [DEBUG]: findfont: score(FontEntry(fname='C:\\Windows\\Fonts\\FRADM.TTF', name='Franklin Gothic Demi', style='normal', variant='normal', weight=400, stretch='normal', size='scalable')) = 10.05
2023-08-08 11:36:13 [DEBUG]: findfont: score(FontEntry(fname='C:\\Windows\\Fonts\\AGENCYB.TTF', name='Agency FB', style='normal', variant='normal', weight=700, stretch='normal', size='scalable')) = 10.335
2023-08-08 11:36:13 [DEBUG]: findfont: score(FontEntry(fname='C:\\Windows\\Fonts\\ERASDEMI.TTF', name='Eras Demi ITC', style='normal', variant='normal', weight=400, stretch='normal', size='scalable')) = 10.05
2023-08-08 11:36:13 [DEBUG]: findfont: score(FontEntry(fname='C:\\Windows\\Fonts\\DUBAI-BOLD.TTF', name='Dubai', style='normal', variant='normal', weight=700, stretch='normal', size='scalable')) = 10.335
2023-08-08 11:36:13 [DEBUG]: findfont: score(FontEntry(fname='C:\\WINDOWS\\Fonts\\corbelz.ttf', name='Corbel', style='italic', variant='normal', weight=700, stretch='normal', size='scalable')) = 11.335
2023-08-08 11:36:13 [DEBUG]: findfont: score(FontEntry(fname='C:\\WINDOWS\\Fonts\\GILB____.TTF', name='Gill Sans MT', style='normal', variant='normal', weight=700, stretch='normal', size='scalable')) = 10.335
2023-08-08 11:36:13 [DEBUG]: findfont: score(FontEntry(fname='C:\\Windows\\Fonts\\STLITI.TTF', name='STLiti', style='normal', variant='normal', weight=400, stretch='normal', size='scalable')) = 10.05
2023-08-08 11:36:13 [DEBUG]: findfont: score(FontEntry(fname='C:\\WINDOWS\\Fonts\\segoeuii.ttf', name='Segoe UI', style='italic', variant='normal', weight=400, stretch='normal', size='scalable')) = 11.05
2023-08-08 11:36:13 [DEBUG]: findfont: score(FontEntry(fname='C:\\WINDOWS\\Fonts\\verdanai.ttf', name='Verdana', style='italic', variant='normal', weight=400, stretch='normal', size='scalable')) = 11.05
2023-08-08 11:36:13 [DEBUG]: findfont: score(FontEntry(fname='C:\\WINDOWS\\Fonts\\PARCHM.TTF', name='Parchment', style='normal', variant='normal', weight=400, stretch='normal', size='scalable')) = 10.05
2023-08-08 11:36:13 [DEBUG]: findfont: score(FontEntry(fname='C:\\Windows\\Fonts\\segoeuil.ttf', name='Segoe UI', style='normal', variant='normal', weight=300, stretch='normal', size='scalable')) = 10.145
2023-08-08 11:36:13 [DEBUG]: findfont: score(FontEntry(fname='C:\\Windows\\Fonts\\Nirmala.ttf', name='Nirmala UI', style='normal', variant='normal', weight=400, stretch='normal', size='scalable')) = 10.05
2023-08-08 11:36:13 [DEBUG]: findfont: score(FontEntry(fname='C:\\WINDOWS\\Fonts\\LFAXD.TTF', name='Lucida Fax', style='normal', variant='normal', weight=600, stretch='normal', size='scalable')) = 10.24
2023-08-08 11:36:13 [DEBUG]: findfont: score(FontEntry(fname='C:\\Windows\\Fonts\\BASKVILL.TTF', name='Baskerville Old Face', style='normal', variant='normal', weight=400, stretch='normal', size='scalable')) = 10.05
2023-08-08 11:36:13 [DEBUG]: findfont: score(FontEntry(fname='C:\\WINDOWS\\Fonts\\ERASBD.TTF', name='Eras Bold ITC', style='normal', variant='normal', weight=400, stretch='normal', size='scalable')) = 10.05
2023-08-08 11:36:13 [DEBUG]: findfont: score(FontEntry(fname='C:\\WINDOWS\\Fonts\\STKAITI.TTF', name='STKaiti', style='normal', variant='normal', weight=400, stretch='normal', size='scalable')) = 10.05
2023-08-08 11:36:13 [DEBUG]: findfont: score(FontEntry(fname='C:\\Windows\\Fonts\\BSSYM7.TTF', name='Bookshelf Symbol 7', style='normal', variant='normal', weight=400, stretch='normal', size='scalable')) = 10.05
2023-08-08 11:36:13 [DEBUG]: findfont: score(FontEntry(fname='C:\\Windows\\Fonts\\HARLOWSI.TTF', name='Harlow Solid Italic', style='italic', variant='normal', weight=400, stretch='normal', size='scalable')) = 11.05
2023-08-08 11:36:13 [DEBUG]: findfont: score(FontEntry(fname='C:\\Windows\\Fonts\\BOOKOSI.TTF', name='Bookman Old Style', style='italic', variant='normal', weight=300, stretch='normal', size='scalable')) = 11.145
2023-08-08 11:36:13 [DEBUG]: findfont: score(FontEntry(fname='C:\\Windows\\Fonts\\YuGothL.ttc', name='Yu Gothic', style='normal', variant='normal', weight=300, stretch='normal', size='scalable')) = 10.145
2023-08-08 11:36:13 [DEBUG]: findfont: score(FontEntry(fname='C:\\Windows\\Fonts\\LSANSD.TTF', name='Lucida Sans', style='normal', variant='normal', weight=600, stretch='normal', size='scalable')) = 10.24
2023-08-08 11:36:13 [DEBUG]: findfont: score(FontEntry(fname='C:\\Windows\\Fonts\\LTYPEO.TTF', name='Lucida Sans Typewriter', style='oblique', variant='normal', weight=400, stretch='normal', size='scalable')) = 11.05
2023-08-08 11:36:13 [DEBUG]: findfont: score(FontEntry(fname='C:\\WINDOWS\\Fonts\\FRSCRIPT.TTF', name='French Script MT', style='normal', variant='normal', weight=400, stretch='normal', size='scalable')) = 10.05
2023-08-08 11:36:13 [DEBUG]: findfont: score(FontEntry(fname='C:\\WINDOWS\\Fonts\\Candarai.ttf', name='Candara', style='italic', variant='normal', weight=400, stretch='normal', size='scalable')) = 11.05
2023-08-08 11:36:13 [DEBUG]: findfont: score(FontEntry(fname='C:\\Windows\\Fonts\\calibri.ttf', name='Calibri', style='normal', variant='normal', weight=400, stretch='normal', size='scalable')) = 10.05
2023-08-08 11:36:13 [DEBUG]: findfont: score(FontEntry(fname='C:\\WINDOWS\\Fonts\\Sitka.ttc', name='Sitka Small', style='normal', variant='normal', weight=400, stretch='normal', size='scalable')) = 10.05
2023-08-08 11:36:13 [DEBUG]: findfont: score(FontEntry(fname='C:\\Windows\\Fonts\\CALISTI.TTF', name='Calisto MT', style='italic', variant='normal', weight=400, stretch='normal', size='scalable')) = 11.05
2023-08-08 11:36:13 [DEBUG]: findfont: score(FontEntry(fname='C:\\WINDOWS\\Fonts\\BRADHITC.TTF', name='Bradley Hand ITC', style='normal', variant='normal', weight=400, stretch='normal', size='scalable')) = 10.05
2023-08-08 11:36:13 [DEBUG]: findfont: score(FontEntry(fname='C:\\Windows\\Fonts\\ANTQUABI.TTF', name='Book Antiqua', style='italic', variant='normal', weight=700, stretch='normal', size='scalable')) = 11.335
2023-08-08 11:36:13 [DEBUG]: findfont: score(FontEntry(fname='C:\\WINDOWS\\Fonts\\ROCKI.TTF', name='Rockwell', style='italic', variant='normal', weight=400, stretch='normal', size='scalable')) = 11.05
2023-08-08 11:36:13 [DEBUG]: findfont: score(FontEntry(fname='C:\\Windows\\Fonts\\PER_____.TTF', name='Perpetua', style='normal', variant='normal', weight=400, stretch='normal', size='scalable')) = 10.05
2023-08-08 11:36:13 [DEBUG]: findfont: score(FontEntry(fname='C:\\WINDOWS\\Fonts\\timesi.ttf', name='Times New Roman', style='italic', variant='normal', weight=400, stretch='normal', size='scalable')) = 11.05
2023-08-08 11:36:13 [DEBUG]: findfont: score(FontEntry(fname='C:\\Windows\\Fonts\\mmrtextb.ttf', name='Myanmar Text', style='normal', variant='normal', weight=700, stretch='normal', size='scalable')) = 10.335
2023-08-08 11:36:13 [DEBUG]: findfont: score(FontEntry(fname='C:\\WINDOWS\\Fonts\\COPRGTB.TTF', name='Copperplate Gothic Bold', style='normal', variant='normal', weight=400, stretch='normal', size='scalable')) = 10.05
2023-08-08 11:36:13 [DEBUG]: findfont: score(FontEntry(fname='C:\\WINDOWS\\Fonts\\GILC____.TTF', name='Gill Sans MT Condensed', style='normal', variant='normal', weight=400, stretch='condensed', size='scalable')) = 10.25
2023-08-08 11:36:13 [DEBUG]: findfont: score(FontEntry(fname='C:\\Windows\\Fonts\\GLECB.TTF', name='Gloucester MT Extra Condensed', style='normal', variant='normal', weight=400, stretch='condensed', size='scalable')) = 10.25
2023-08-08 11:36:13 [DEBUG]: findfont: score(FontEntry(fname='C:\\WINDOWS\\Fonts\\ariblk.ttf', name='Arial', style='normal', variant='normal', weight=900, stretch='normal', size='scalable')) = 0.525
2023-08-08 11:36:13 [DEBUG]: findfont: score(FontEntry(fname='C:\\Windows\\Fonts\\micross.ttf', name='Microsoft Sans Serif', style='normal', variant='normal', weight=400, stretch='normal', size='scalable')) = 10.05
2023-08-08 11:36:13 [DEBUG]: findfont: score(FontEntry(fname='C:\\WINDOWS\\Fonts\\SCHLBKB.TTF', name='Century Schoolbook', style='normal', variant='normal', weight=700, stretch='normal', size='scalable')) = 10.335
2023-08-08 11:36:13 [DEBUG]: findfont: score(FontEntry(fname='C:\\Windows\\Fonts\\FREESCPT.TTF', name='Freestyle Script', style='normal', variant='normal', weight=400, stretch='normal', size='scalable')) = 10.05
2023-08-08 11:36:13 [DEBUG]: findfont: score(FontEntry(fname='C:\\Windows\\Fonts\\Dengl.ttf', name='DengXian', style='normal', variant='normal', weight=300, stretch='normal', size='scalable')) = 10.145
2023-08-08 11:36:13 [DEBUG]: findfont: score(FontEntry(fname='C:\\Windows\\Fonts\\BOD_BLAR.TTF', name='Bodoni MT', style='normal', variant='normal', weight=900, stretch='normal', size='scalable')) = 10.525
2023-08-08 11:36:13 [DEBUG]: findfont: score(FontEntry(fname='C:\\WINDOWS\\Fonts\\LCALLIG.TTF', name='Lucida Calligraphy', style='italic', variant='normal', weight=400, stretch='normal', size='scalable')) = 11.05
2023-08-08 11:36:13 [DEBUG]: findfont: score(FontEntry(fname='C:\\Windows\\Fonts\\Gabriola.ttf', name='Gabriola', style='normal', variant='normal', weight=400, stretch='normal', size='scalable')) = 10.05
2023-08-08 11:36:13 [DEBUG]: findfont: score(FontEntry(fname='C:\\Windows\\Fonts\\ntailub.ttf', name='Microsoft New Tai Lue', style='normal', variant='normal', weight=700, stretch='normal', size='scalable')) = 10.335
2023-08-08 11:36:13 [DEBUG]: findfont: score(FontEntry(fname='C:\\Windows\\Fonts\\GOTHICI.TTF', name='Century Gothic', style='italic', variant='normal', weight=400, stretch='normal', size='scalable')) = 11.05
2023-08-08 11:36:13 [DEBUG]: findfont: score(FontEntry(fname='C:\\WINDOWS\\Fonts\\SHOWG.TTF', name='Showcard Gothic', style='normal', variant='normal', weight=400, stretch='normal', size='scalable')) = 10.05
2023-08-08 11:36:13 [DEBUG]: findfont: score(FontEntry(fname='C:\\Windows\\Fonts\\BRLNSDB.TTF', name='Berlin Sans FB Demi', style='normal', variant='normal', weight=700, stretch='normal', size='scalable')) = 10.335
2023-08-08 11:36:13 [DEBUG]: findfont: score(FontEntry(fname='C:\\Windows\\Fonts\\wingding.ttf', name='Wingdings', style='normal', variant='normal', weight=400, stretch='normal', size='scalable')) = 10.05
2023-08-08 11:36:13 [DEBUG]: findfont: score(FontEntry(fname='C:\\Windows\\Fonts\\BRLNSB.TTF', name='Berlin Sans FB', style='normal', variant='normal', weight=700, stretch='normal', size='scalable')) = 10.335
2023-08-08 11:36:13 [DEBUG]: findfont: score(FontEntry(fname='C:\\WINDOWS\\Fonts\\ANTQUAI.TTF', name='Book Antiqua', style='italic', variant='normal', weight=400, stretch='normal', size='scalable')) = 11.05
2023-08-08 11:36:13 [DEBUG]: findfont: score(FontEntry(fname='C:\\WINDOWS\\Fonts\\timesbd.ttf', name='Times New Roman', style='normal', variant='normal', weight=700, stretch='normal', size='scalable')) = 10.335
2023-08-08 11:36:13 [DEBUG]: findfont: score(FontEntry(fname='C:\\WINDOWS\\Fonts\\BELL.TTF', name='Bell MT', style='normal', variant='normal', weight=400, stretch='normal', size='scalable')) = 10.05
2023-08-08 11:36:13 [DEBUG]: findfont: score(FontEntry(fname='C:\\WINDOWS\\Fonts\\ARIALNBI.TTF', name='Arial', style='italic', variant='normal', weight=700, stretch='condensed', size='scalable')) = 1.535
2023-08-08 11:36:13 [DEBUG]: findfont: score(FontEntry(fname='C:\\WINDOWS\\Fonts\\segoeui.ttf', name='Segoe UI', style='normal', variant='normal', weight=400, stretch='normal', size='scalable')) = 10.05
2023-08-08 11:36:13 [DEBUG]: findfont: score(FontEntry(fname='C:\\WINDOWS\\Fonts\\seguiemj.ttf', name='Segoe UI Emoji', style='normal', variant='normal', weight=400, stretch='normal', size='scalable')) = 10.05
2023-08-08 11:36:13 [DEBUG]: findfont: score(FontEntry(fname='C:\\Windows\\Fonts\\comici.ttf', name='Comic Sans MS', style='italic', variant='normal', weight=400, stretch='normal', size='scalable')) = 11.05
2023-08-08 11:36:13 [DEBUG]: findfont: score(FontEntry(fname='C:\\Windows\\Fonts\\MTCORSVA.TTF', name='Monotype Corsiva', style='normal', variant='normal', weight=400, stretch='normal', size='scalable')) = 10.05
2023-08-08 11:36:13 [DEBUG]: findfont: score(FontEntry(fname='C:\\WINDOWS\\Fonts\\MTEXTRA.TTF', name='MT Extra', style='normal', variant='normal', weight=400, stretch='normal', size='scalable')) = 10.05
2023-08-08 11:36:13 [DEBUG]: findfont: score(FontEntry(fname='C:\\WINDOWS\\Fonts\\bahnschrift.ttf', name='Bahnschrift', style='normal', variant='normal', weight=400, stretch='normal', size='scalable')) = 10.05
2023-08-08 11:36:13 [DEBUG]: findfont: score(FontEntry(fname='C:\\Windows\\Fonts\\BRADHITC.TTF', name='Bradley Hand ITC', style='normal', variant='normal', weight=400, stretch='normal', size='scalable')) = 10.05
2023-08-08 11:36:13 [DEBUG]: findfont: score(FontEntry(fname='C:\\WINDOWS\\Fonts\\ERASLGHT.TTF', name='Eras Light ITC', style='normal', variant='normal', weight=400, stretch='normal', size='scalable')) = 10.05
2023-08-08 11:36:13 [DEBUG]: findfont: score(FontEntry(fname='C:\\WINDOWS\\Fonts\\javatext.ttf', name='Javanese Text', style='normal', variant='normal', weight=400, stretch='normal', size='scalable')) = 10.05
2023-08-08 11:36:13 [DEBUG]: findfont: score(FontEntry(fname='C:\\WINDOWS\\Fonts\\MTCORSVA.TTF', name='Monotype Corsiva', style='normal', variant='normal', weight=400, stretch='normal', size='scalable')) = 10.05
2023-08-08 11:36:13 [DEBUG]: findfont: score(FontEntry(fname='C:\\Windows\\Fonts\\ITCBLKAD.TTF', name='Blackadder ITC', style='normal', variant='normal', weight=400, stretch='normal', size='scalable')) = 10.05
2023-08-08 11:36:13 [DEBUG]: findfont: score(FontEntry(fname='C:\\Windows\\Fonts\\FRADMIT.TTF', name='Franklin Gothic Demi', style='italic', variant='normal', weight=400, stretch='normal', size='scalable')) = 11.05
2023-08-08 11:36:13 [DEBUG]: findfont: score(FontEntry(fname='C:\\WINDOWS\\Fonts\\YuGothB.ttc', name='Yu Gothic', style='normal', variant='normal', weight=700, stretch='normal', size='scalable')) = 10.335
2023-08-08 11:36:13 [DEBUG]: findfont: score(FontEntry(fname='C:\\WINDOWS\\Fonts\\LSANSD.TTF', name='Lucida Sans', style='normal', variant='normal', weight=600, stretch='normal', size='scalable')) = 10.24
2023-08-08 11:36:13 [DEBUG]: findfont: score(FontEntry(fname='C:\\Windows\\Fonts\\segoeuiz.ttf', name='Segoe UI', style='italic', variant='normal', weight=700, stretch='normal', size='scalable')) = 11.335
2023-08-08 11:36:13 [DEBUG]: findfont: score(FontEntry(fname='C:\\Windows\\Fonts\\FRAHVIT.TTF', name='Franklin Gothic Heavy', style='italic', variant='normal', weight=400, stretch='normal', size='scalable')) = 11.05
2023-08-08 11:36:13 [DEBUG]: findfont: score(FontEntry(fname='C:\\Windows\\Fonts\\msjhbd.ttc', name='Microsoft JhengHei', style='normal', variant='normal', weight=700, stretch='normal', size='scalable')) = 10.335
2023-08-08 11:36:13 [DEBUG]: findfont: score(FontEntry(fname='C:\\WINDOWS\\Fonts\\STFANGSO.TTF', name='STFangsong', style='normal', variant='normal', weight=400, stretch='normal', size='scalable')) = 10.05
2023-08-08 11:36:13 [DEBUG]: findfont: score(FontEntry(fname='C:\\WINDOWS\\Fonts\\LBRITEI.TTF', name='Lucida Bright', style='italic', variant='normal', weight=400, stretch='normal', size='scalable')) = 11.05
2023-08-08 11:36:13 [DEBUG]: findfont: score(FontEntry(fname='C:\\Windows\\Fonts\\impact.ttf', name='Impact', style='normal', variant='normal', weight=400, stretch='normal', size='scalable')) = 10.05
2023-08-08 11:36:13 [DEBUG]: findfont: score(FontEntry(fname='C:\\WINDOWS\\Fonts\\方正粗黑宋简体.ttf', name='FZCuHeiSongS-B-GB', style='normal', variant='normal', weight=400, stretch='normal', size='scalable')) = 10.05
2023-08-08 11:36:13 [DEBUG]: findfont: score(FontEntry(fname='C:\\WINDOWS\\Fonts\\georgiai.ttf', name='Georgia', style='italic', variant='normal', weight=400, stretch='normal', size='scalable')) = 11.05
2023-08-08 11:36:13 [DEBUG]: findfont: score(FontEntry(fname='C:\\WINDOWS\\Fonts\\mmrtext.ttf', name='Myanmar Text', style='normal', variant='normal', weight=400, stretch='normal', size='scalable')) = 10.05
2023-08-08 11:36:13 [DEBUG]: findfont: score(FontEntry(fname='C:\\Windows\\Fonts\\seguibl.ttf', name='Segoe UI', style='normal', variant='normal', weight=900, stretch='normal', size='scalable')) = 10.525
2023-08-08 11:36:13 [DEBUG]: findfont: score(FontEntry(fname='C:\\Windows\\Fonts\\AGENCYR.TTF', name='Agency FB', style='normal', variant='normal', weight=400, stretch='normal', size='scalable')) = 10.05
2023-08-08 11:36:13 [DEBUG]: findfont: score(FontEntry(fname='C:\\Windows\\Fonts\\framd.ttf', name='Franklin Gothic Medium', style='normal', variant='normal', weight=400, stretch='normal', size='scalable')) = 10.05
2023-08-08 11:36:13 [DEBUG]: findfont: score(FontEntry(fname='C:\\Windows\\Fonts\\msyhbd.ttc', name='Microsoft YaHei', style='normal', variant='normal', weight=700, stretch='normal', size='scalable')) = 10.335
2023-08-08 11:36:13 [DEBUG]: findfont: score(FontEntry(fname='C:\\WINDOWS\\Fonts\\AGENCYB.TTF', name='Agency FB', style='normal', variant='normal', weight=700, stretch='normal', size='scalable')) = 10.335
2023-08-08 11:36:13 [DEBUG]: findfont: score(FontEntry(fname='C:\\WINDOWS\\Fonts\\GILSANUB.TTF', name='Gill Sans Ultra Bold', style='normal', variant='normal', weight=400, stretch='normal', size='scalable')) = 10.05
2023-08-08 11:36:13 [DEBUG]: findfont: score(FontEntry(fname='C:\\WINDOWS\\Fonts\\ROCKBI.TTF', name='Rockwell', style='italic', variant='normal', weight=700, stretch='normal', size='scalable')) = 11.335
2023-08-08 11:36:13 [DEBUG]: findfont: score(FontEntry(fname='C:\\Windows\\Fonts\\l_10646.ttf', name='Lucida Sans Unicode', style='normal', variant='normal', weight=400, stretch='normal', size='scalable')) = 10.05
2023-08-08 11:36:13 [DEBUG]: findfont: score(FontEntry(fname='C:\\Windows\\Fonts\\FELIXTI.TTF', name='Felix Titling', style='normal', variant='normal', weight=400, stretch='normal', size='scalable')) = 10.05
2023-08-08 11:36:13 [DEBUG]: findfont: score(FontEntry(fname='C:\\WINDOWS\\Fonts\\PERBI___.TTF', name='Perpetua', style='italic', variant='normal', weight=700, stretch='normal', size='scalable')) = 11.335
2023-08-08 11:36:13 [DEBUG]: findfont: score(FontEntry(fname='C:\\WINDOWS\\Fonts\\NumberOnly.ttf', name='NumberOnly', style='normal', variant='normal', weight=700, stretch='normal', size='scalable')) = 10.335
2023-08-08 11:36:13 [DEBUG]: findfont: score(FontEntry(fname='C:\\WINDOWS\\Fonts\\Candaral.ttf', name='Candara', style='normal', variant='normal', weight=400, stretch='normal', size='scalable')) = 10.05
2023-08-08 11:36:13 [DEBUG]: findfont: score(FontEntry(fname='C:\\WINDOWS\\Fonts\\corbelli.ttf', name='Corbel', style='italic', variant='normal', weight=300, stretch='normal', size='scalable')) = 11.145
2023-08-08 11:36:13 [DEBUG]: findfont: score(FontEntry(fname='C:\\WINDOWS\\Fonts\\VINERITC.TTF', name='Viner Hand ITC', style='normal', variant='normal', weight=400, stretch='normal', size='scalable')) = 10.05
2023-08-08 11:36:13 [DEBUG]: findfont: score(FontEntry(fname='C:\\WINDOWS\\Fonts\\LSANS.TTF', name='Lucida Sans', style='normal', variant='normal', weight=400, stretch='normal', size='scalable')) = 10.05
2023-08-08 11:36:13 [DEBUG]: findfont: score(FontEntry(fname='C:\\Windows\\Fonts\\constanb.ttf', name='Constantia', style='normal', variant='normal', weight=700, stretch='normal', size='scalable')) = 10.335
2023-08-08 11:36:13 [DEBUG]: findfont: score(FontEntry(fname='C:\\Windows\\Fonts\\BROADW.TTF', name='Broadway', style='normal', variant='normal', weight=400, stretch='normal', size='scalable')) = 10.05
2023-08-08 11:36:13 [DEBUG]: findfont: score(FontEntry(fname='C:\\Windows\\Fonts\\timesi.ttf', name='Times New Roman', style='italic', variant='normal', weight=400, stretch='normal', size='scalable')) = 11.05
2023-08-08 11:36:13 [DEBUG]: findfont: score(FontEntry(fname='C:\\Windows\\Fonts\\msyhl.ttc', name='Microsoft YaHei', style='normal', variant='normal', weight=290, stretch='normal', size='scalable')) = 10.1545
2023-08-08 11:36:13 [DEBUG]: findfont: score(FontEntry(fname='C:\\Windows\\Fonts\\YuGothM.ttc', name='Yu Gothic', style='normal', variant='normal', weight=500, stretch='normal', size='scalable')) = 10.145
2023-08-08 11:36:13 [DEBUG]: findfont: score(FontEntry(fname='C:\\WINDOWS\\Fonts\\CENTURY.TTF', name='Century', style='normal', variant='normal', weight=400, stretch='normal', size='scalable')) = 10.05
2023-08-08 11:36:13 [DEBUG]: findfont: score(FontEntry(fname='C:\\WINDOWS\\Fonts\\PERI____.TTF', name='Perpetua', style='italic', variant='normal', weight=400, stretch='normal', size='scalable')) = 11.05
2023-08-08 11:36:13 [DEBUG]: findfont: score(FontEntry(fname='C:\\Windows\\Fonts\\LTYPEB.TTF', name='Lucida Sans Typewriter', style='normal', variant='normal', weight=600, stretch='normal', size='scalable')) = 10.24
2023-08-08 11:36:13 [DEBUG]: findfont: score(FontEntry(fname='C:\\Windows\\Fonts\\ELEPHNTI.TTF', name='Elephant', style='italic', variant='normal', weight=400, stretch='normal', size='scalable')) = 11.05
2023-08-08 11:36:13 [DEBUG]: findfont: score(FontEntry(fname='C:\\Windows\\Fonts\\tahoma.ttf', name='Tahoma', style='normal', variant='normal', weight=400, stretch='normal', size='scalable')) = 10.05
2023-08-08 11:36:13 [DEBUG]: findfont: score(FontEntry(fname='C:\\Windows\\Fonts\\BOD_PSTC.TTF', name='Bodoni MT', style='normal', variant='normal', weight=300, stretch='normal', size='scalable')) = 10.145
2023-08-08 11:36:13 [DEBUG]: findfont: score(FontEntry(fname='C:\\Windows\\Fonts\\corbel.ttf', name='Corbel', style='normal', variant='normal', weight=400, stretch='normal', size='scalable')) = 10.05
2023-08-08 11:36:13 [DEBUG]: findfont: score(FontEntry(fname='C:\\WINDOWS\\Fonts\\MATURASC.TTF', name='Matura MT Script Capitals', style='normal', variant='normal', weight=400, stretch='normal', size='scalable')) = 10.05
2023-08-08 11:36:13 [DEBUG]: findfont: score(FontEntry(fname='C:\\Windows\\Fonts\\ariblk.ttf', name='Arial', style='normal', variant='normal', weight=900, stretch='normal', size='scalable')) = 0.525
2023-08-08 11:36:13 [DEBUG]: findfont: score(FontEntry(fname='C:\\Windows\\Fonts\\MAGNETOB.TTF', name='Magneto', style='normal', variant='normal', weight=700, stretch='normal', size='scalable')) = 10.335
2023-08-08 11:36:13 [DEBUG]: findfont: score(FontEntry(fname='C:\\WINDOWS\\Fonts\\cambriaz.ttf', name='Cambria', style='italic', variant='normal', weight=700, stretch='normal', size='scalable')) = 11.335
2023-08-08 11:36:13 [DEBUG]: findfont: score(FontEntry(fname='C:\\Windows\\Fonts\\cambriai.ttf', name='Cambria', style='italic', variant='normal', weight=400, stretch='normal', size='scalable')) = 11.05
2023-08-08 11:36:13 [DEBUG]: findfont: score(FontEntry(fname='C:\\WINDOWS\\Fonts\\GARA.TTF', name='Garamond', style='normal', variant='normal', weight=400, stretch='normal', size='scalable')) = 10.05
2023-08-08 11:36:13 [DEBUG]: findfont: score(FontEntry(fname='C:\\Windows\\Fonts\\TCCEB.TTF', name='Tw Cen MT Condensed Extra Bold', style='normal', variant='normal', weight=400, stretch='condensed', size='scalable')) = 10.25
2023-08-08 11:36:13 [DEBUG]: findfont: score(FontEntry(fname='C:\\WINDOWS\\Fonts\\calibrii.ttf', name='Calibri', style='italic', variant='normal', weight=400, stretch='normal', size='scalable')) = 11.05
2023-08-08 11:36:13 [DEBUG]: findfont: score(FontEntry(fname='C:\\Windows\\Fonts\\palai.ttf', name='Palatino Linotype', style='italic', variant='normal', weight=400, stretch='normal', size='scalable')) = 11.05
2023-08-08 11:36:13 [DEBUG]: findfont: score(FontEntry(fname='C:\\WINDOWS\\Fonts\\MSUIGHUR.TTF', name='Microsoft Uighur', style='normal', variant='normal', weight=400, stretch='normal', size='scalable')) = 10.05
2023-08-08 11:36:13 [DEBUG]: findfont: score(FontEntry(fname='C:\\Windows\\Fonts\\segoeuib.ttf', name='Segoe UI', style='normal', variant='normal', weight=700, stretch='normal', size='scalable')) = 10.335
2023-08-08 11:36:13 [DEBUG]: findfont: score(FontEntry(fname='C:\\WINDOWS\\Fonts\\Candaraz.ttf', name='Candara', style='italic', variant='normal', weight=700, stretch='normal', size='scalable')) = 11.335
2023-08-08 11:36:13 [DEBUG]: findfont: score(FontEntry(fname='C:\\Windows\\Fonts\\TCB_____.TTF', name='Tw Cen MT', style='normal', variant='normal', weight=700, stretch='normal', size='scalable')) = 10.335
2023-08-08 11:36:13 [DEBUG]: findfont: score(FontEntry(fname='C:\\WINDOWS\\Fonts\\BOD_R.TTF', name='Bodoni MT', style='normal', variant='normal', weight=400, stretch='normal', size='scalable')) = 10.05
2023-08-08 11:36:13 [DEBUG]: findfont: score(FontEntry(fname='C:\\WINDOWS\\Fonts\\STSONG.TTF', name='STSong', style='normal', variant='normal', weight=400, stretch='normal', size='scalable')) = 10.05
2023-08-08 11:36:13 [DEBUG]: findfont: score(FontEntry(fname='C:\\WINDOWS\\Fonts\\FELIXTI.TTF', name='Felix Titling', style='normal', variant='normal', weight=400, stretch='normal', size='scalable')) = 10.05
2023-08-08 11:36:13 [DEBUG]: findfont: score(FontEntry(fname='C:\\Windows\\Fonts\\YuGothB.ttc', name='Yu Gothic', style='normal', variant='normal', weight=700, stretch='normal', size='scalable')) = 10.335
2023-08-08 11:36:13 [DEBUG]: findfont: score(FontEntry(fname='C:\\Windows\\Fonts\\GARAIT.TTF', name='Garamond', style='italic', variant='normal', weight=400, stretch='normal', size='scalable')) = 11.05
2023-08-08 11:36:13 [DEBUG]: findfont: score(FontEntry(fname='C:\\Windows\\Fonts\\ROCKI.TTF', name='Rockwell', style='italic', variant='normal', weight=400, stretch='normal', size='scalable')) = 11.05
2023-08-08 11:36:13 [DEBUG]: findfont: score(FontEntry(fname='C:\\WINDOWS\\Fonts\\consolab.ttf', name='Consolas', style='normal', variant='normal', weight=700, stretch='normal', size='scalable')) = 10.335
2023-08-08 11:36:13 [DEBUG]: findfont: score(FontEntry(fname='C:\\Windows\\Fonts\\timesbi.ttf', name='Times New Roman', style='italic', variant='normal', weight=700, stretch='normal', size='scalable')) = 11.335
2023-08-08 11:36:13 [DEBUG]: findfont: score(FontEntry(fname='C:\\WINDOWS\\Fonts\\msyi.ttf', name='Microsoft Yi Baiti', style='normal', variant='normal', weight=400, stretch='normal', size='scalable')) = 10.05
2023-08-08 11:36:13 [DEBUG]: findfont: score(FontEntry(fname='C:\\WINDOWS\\Fonts\\MSUIGHUB.TTF', name='Microsoft Uighur', style='normal', variant='normal', weight=700, stretch='normal', size='scalable')) = 10.335
2023-08-08 11:36:13 [DEBUG]: findfont: score(FontEntry(fname='C:\\Windows\\Fonts\\FRSCRIPT.TTF', name='French Script MT', style='normal', variant='normal', weight=400, stretch='normal', size='scalable')) = 10.05
2023-08-08 11:36:13 [DEBUG]: findfont: score(FontEntry(fname='C:\\Windows\\Fonts\\NIAGENG.TTF', name='Niagara Engraved', style='normal', variant='normal', weight=400, stretch='normal', size='scalable')) = 10.05
2023-08-08 11:36:13 [DEBUG]: findfont: score(FontEntry(fname='C:\\WINDOWS\\Fonts\\BOD_I.TTF', name='Bodoni MT', style='italic', variant='normal', weight=400, stretch='normal', size='scalable')) = 11.05
2023-08-08 11:36:13 [DEBUG]: findfont: score(FontEntry(fname='C:\\Windows\\Fonts\\gadugi.ttf', name='Gadugi', style='normal', variant='normal', weight=400, stretch='normal', size='scalable')) = 10.05
2023-08-08 11:36:13 [DEBUG]: findfont: score(FontEntry(fname='C:\\WINDOWS\\Fonts\\comici.ttf', name='Comic Sans MS', style='italic', variant='normal', weight=400, stretch='normal', size='scalable')) = 11.05
2023-08-08 11:36:13 [DEBUG]: findfont: score(FontEntry(fname='C:\\WINDOWS\\Fonts\\trebucit.ttf', name='Trebuchet MS', style='italic', variant='normal', weight=400, stretch='normal', size='scalable')) = 11.05
2023-08-08 11:36:13 [DEBUG]: findfont: score(FontEntry(fname='C:\\Windows\\Fonts\\Candarai.ttf', name='Candara', style='italic', variant='normal', weight=400, stretch='normal', size='scalable')) = 11.05
2023-08-08 11:36:13 [DEBUG]: findfont: score(FontEntry(fname='C:\\Windows\\Fonts\\FZSTK.TTF', name='FZShuTi', style='normal', variant='normal', weight=400, stretch='normal', size='scalable')) = 10.05
2023-08-08 11:36:13 [DEBUG]: findfont: score(FontEntry(fname='C:\\WINDOWS\\Fonts\\CALISTI.TTF', name='Calisto MT', style='italic', variant='normal', weight=400, stretch='normal', size='scalable')) = 11.05
2023-08-08 11:36:13 [DEBUG]: findfont: score(FontEntry(fname='C:\\Windows\\Fonts\\ROCKB.TTF', name='Rockwell', style='normal', variant='normal', weight=700, stretch='normal', size='scalable')) = 10.335
2023-08-08 11:36:13 [DEBUG]: findfont: score(FontEntry(fname='C:\\Windows\\Fonts\\WINGDNG3.TTF', name='Wingdings 3', style='normal', variant='normal', weight=400, stretch='normal', size='scalable')) = 10.05
2023-08-08 11:36:13 [DEBUG]: findfont: score(FontEntry(fname='C:\\WINDOWS\\Fonts\\trebuc.ttf', name='Trebuchet MS', style='normal', variant='normal', weight=400, stretch='normal', size='scalable')) = 10.05
2023-08-08 11:36:13 [DEBUG]: findfont: score(FontEntry(fname='C:\\Windows\\Fonts\\FZYTK.TTF', name='FZYaoTi', style='normal', variant='normal', weight=400, stretch='normal', size='scalable')) = 10.05
2023-08-08 11:36:13 [DEBUG]: findfont: score(FontEntry(fname='C:\\Windows\\Fonts\\DUBAI-REGULAR.TTF', name='Dubai', style='normal', variant='normal', weight=400, stretch='normal', size='scalable')) = 10.05
2023-08-08 11:36:13 [DEBUG]: findfont: score(FontEntry(fname='C:\\WINDOWS\\Fonts\\georgiaz.ttf', name='Georgia', style='italic', variant='normal', weight=700, stretch='normal', size='scalable')) = 11.335
2023-08-08 11:36:13 [DEBUG]: findfont: score(FontEntry(fname='C:\\WINDOWS\\Fonts\\FRABKIT.TTF', name='Franklin Gothic Book', style='italic', variant='normal', weight=400, stretch='normal', size='scalable')) = 11.05
2023-08-08 11:36:13 [DEBUG]: findfont: score(FontEntry(fname='C:\\WINDOWS\\Fonts\\LeelaUIb.ttf', name='Leelawadee UI', style='normal', variant='normal', weight=700, stretch='normal', size='scalable')) = 10.335
2023-08-08 11:36:13 [DEBUG]: findfont: score(FontEntry(fname='C:\\Windows\\Fonts\\CALIST.TTF', name='Calisto MT', style='normal', variant='normal', weight=400, stretch='normal', size='scalable')) = 10.05
2023-08-08 11:36:13 [DEBUG]: findfont: score(FontEntry(fname='C:\\WINDOWS\\Fonts\\malgun.ttf', name='Malgun Gothic', style='normal', variant='normal', weight=400, stretch='normal', size='scalable')) = 10.05
2023-08-08 11:36:13 [DEBUG]: findfont: score(FontEntry(fname='C:\\WINDOWS\\Fonts\\FREESCPT.TTF', name='Freestyle Script', style='normal', variant='normal', weight=400, stretch='normal', size='scalable')) = 10.05
2023-08-08 11:36:13 [DEBUG]: findfont: score(FontEntry(fname='C:\\WINDOWS\\Fonts\\ROCCB___.TTF', name='Rockwell Condensed', style='normal', variant='normal', weight=700, stretch='condensed', size='scalable')) = 10.535
2023-08-08 11:36:13 [DEBUG]: findfont: score(FontEntry(fname='C:\\Windows\\Fonts\\consolaz.ttf', name='Consolas', style='italic', variant='normal', weight=700, stretch='normal', size='scalable')) = 11.335
2023-08-08 11:36:13 [DEBUG]: findfont: score(FontEntry(fname='C:\\Windows\\Fonts\\BOD_R.TTF', name='Bodoni MT', style='normal', variant='normal', weight=400, stretch='normal', size='scalable')) = 10.05
2023-08-08 11:36:13 [DEBUG]: findfont: score(FontEntry(fname='C:\\WINDOWS\\Fonts\\LTYPEB.TTF', name='Lucida Sans Typewriter', style='normal', variant='normal', weight=600, stretch='normal', size='scalable')) = 10.24
2023-08-08 11:36:13 [DEBUG]: findfont: score(FontEntry(fname='C:\\WINDOWS\\Fonts\\BROADW.TTF', name='Broadway', style='normal', variant='normal', weight=400, stretch='normal', size='scalable')) = 10.05
2023-08-08 11:36:13 [DEBUG]: findfont: score(FontEntry(fname='C:\\Windows\\Fonts\\malgunbd.ttf', name='Malgun Gothic', style='normal', variant='normal', weight=700, stretch='normal', size='scalable')) = 10.335
2023-08-08 11:36:13 [DEBUG]: findfont: score(FontEntry(fname='C:\\Windows\\Fonts\\MTEXTRA.TTF', name='MT Extra', style='normal', variant='normal', weight=400, stretch='normal', size='scalable')) = 10.05
2023-08-08 11:36:13 [DEBUG]: findfont: score(FontEntry(fname='C:\\Windows\\Fonts\\ariali.ttf', name='Arial', style='italic', variant='normal', weight=400, stretch='normal', size='scalable')) = 1.05
2023-08-08 11:36:13 [DEBUG]: findfont: score(FontEntry(fname='C:\\Windows\\Fonts\\PARCHM.TTF', name='Parchment', style='normal', variant='normal', weight=400, stretch='normal', size='scalable')) = 10.05
2023-08-08 11:36:13 [DEBUG]: findfont: score(FontEntry(fname='C:\\Windows\\Fonts\\Candaraz.ttf', name='Candara', style='italic', variant='normal', weight=700, stretch='normal', size='scalable')) = 11.335
2023-08-08 11:36:13 [DEBUG]: findfont: score(FontEntry(fname='C:\\WINDOWS\\Fonts\\ebrimabd.ttf', name='Ebrima', style='normal', variant='normal', weight=700, stretch='normal', size='scalable')) = 10.335
2023-08-08 11:36:13 [DEBUG]: findfont: score(FontEntry(fname='C:\\Windows\\Fonts\\BAUHS93.TTF', name='Bauhaus 93', style='normal', variant='normal', weight=400, stretch='normal', size='scalable')) = 10.05
2023-08-08 11:36:13 [DEBUG]: findfont: score(FontEntry(fname='C:\\Windows\\Fonts\\CENSCBK.TTF', name='Century Schoolbook', style='normal', variant='normal', weight=400, stretch='normal', size='scalable')) = 10.05
2023-08-08 11:36:13 [DEBUG]: findfont: score(FontEntry(fname='C:\\Windows\\Fonts\\mmrtext.ttf', name='Myanmar Text', style='normal', variant='normal', weight=400, stretch='normal', size='scalable')) = 10.05
2023-08-08 11:36:13 [DEBUG]: findfont: score(FontEntry(fname='C:\\WINDOWS\\Fonts\\FRAHVIT.TTF', name='Franklin Gothic Heavy', style='italic', variant='normal', weight=400, stretch='normal', size='scalable')) = 11.05
2023-08-08 11:36:13 [DEBUG]: findfont: score(FontEntry(fname='C:\\Windows\\Fonts\\ITCEDSCR.TTF', name='Edwardian Script ITC', style='normal', variant='normal', weight=400, stretch='normal', size='scalable')) = 10.05
2023-08-08 11:36:13 [DEBUG]: findfont: score(FontEntry(fname='C:\\WINDOWS\\Fonts\\verdanab.ttf', name='Verdana', style='normal', variant='normal', weight=700, stretch='normal', size='scalable')) = 10.335
2023-08-08 11:36:13 [DEBUG]: findfont: score(FontEntry(fname='C:\\Windows\\Fonts\\corbelb.ttf', name='Corbel', style='normal', variant='normal', weight=700, stretch='normal', size='scalable')) = 10.335
2023-08-08 11:36:13 [DEBUG]: findfont: score(FontEntry(fname='C:\\Windows\\Fonts\\LeelawUI.ttf', name='Leelawadee UI', style='normal', variant='normal', weight=400, stretch='normal', size='scalable')) = 10.05
2023-08-08 11:36:13 [DEBUG]: findfont: score(FontEntry(fname='C:\\Windows\\Fonts\\MATURASC.TTF', name='Matura MT Script Capitals', style='normal', variant='normal', weight=400, stretch='normal', size='scalable')) = 10.05
2023-08-08 11:36:13 [DEBUG]: findfont: score(FontEntry(fname='C:\\Windows\\Fonts\\MISTRAL.TTF', name='Mistral', style='normal', variant='normal', weight=400, stretch='normal', size='scalable')) = 10.05
2023-08-08 11:36:13 [DEBUG]: findfont: score(FontEntry(fname='C:\\Windows\\Fonts\\seguisli.ttf', name='Segoe UI', style='italic', variant='normal', weight=350, stretch='normal', size='scalable')) = 11.0975
2023-08-08 11:36:13 [DEBUG]: findfont: score(FontEntry(fname='C:\\WINDOWS\\Fonts\\GIL_____.TTF', name='Gill Sans MT', style='normal', variant='normal', weight=400, stretch='normal', size='scalable')) = 10.05
2023-08-08 11:36:13 [DEBUG]: findfont: score(FontEntry(fname='C:\\Windows\\Fonts\\HTOWERTI.TTF', name='High Tower Text', style='italic', variant='normal', weight=400, stretch='normal', size='scalable')) = 11.05
2023-08-08 11:36:13 [DEBUG]: findfont: score(FontEntry(fname='C:\\Windows\\Fonts\\BOOKOSBI.TTF', name='Bookman Old Style', style='italic', variant='normal', weight=600, stretch='normal', size='scalable')) = 11.24
2023-08-08 11:36:13 [DEBUG]: findfont: score(FontEntry(fname='C:\\Windows\\Fonts\\taile.ttf', name='Microsoft Tai Le', style='normal', variant='normal', weight=400, stretch='normal', size='scalable')) = 10.05
2023-08-08 11:36:13 [DEBUG]: findfont: score(FontEntry(fname='C:\\WINDOWS\\Fonts\\HTOWERTI.TTF', name='High Tower Text', style='italic', variant='normal', weight=400, stretch='normal', size='scalable')) = 11.05
2023-08-08 11:36:13 [DEBUG]: findfont: score(FontEntry(fname='C:\\Windows\\Fonts\\OCRAEXT.TTF', name='OCR A Extended', style='normal', variant='normal', weight=400, stretch='expanded', size='scalable')) = 10.25
2023-08-08 11:36:13 [DEBUG]: findfont: score(FontEntry(fname='C:\\WINDOWS\\Fonts\\KUNSTLER.TTF', name='Kunstler Script', style='normal', variant='normal', weight=400, stretch='normal', size='scalable')) = 10.05
2023-08-08 11:36:13 [DEBUG]: findfont: score(FontEntry(fname='C:\\Windows\\Fonts\\BOD_CI.TTF', name='Bodoni MT', style='italic', variant='normal', weight=400, stretch='condensed', size='scalable')) = 11.25
2023-08-08 11:36:13 [DEBUG]: findfont: score(FontEntry(fname='C:\\WINDOWS\\Fonts\\segoeprb.ttf', name='Segoe Print', style='normal', variant='normal', weight=700, stretch='normal', size='scalable')) = 10.335
2023-08-08 11:36:13 [DEBUG]: findfont: score(FontEntry(fname='C:\\WINDOWS\\Fonts\\SitkaI.ttc', name='Sitka Small', style='italic', variant='normal', weight=400, stretch='normal', size='scalable')) = 11.05
2023-08-08 11:36:13 [DEBUG]: findfont: score(FontEntry(fname='C:\\Windows\\Fonts\\constanz.ttf', name='Constantia', style='italic', variant='normal', weight=700, stretch='normal', size='scalable')) = 11.335
2023-08-08 11:36:13 [DEBUG]: findfont: score(FontEntry(fname='C:\\WINDOWS\\Fonts\\seguisb.ttf', name='Segoe UI', style='normal', variant='normal', weight=600, stretch='normal', size='scalable')) = 10.24
2023-08-08 11:36:13 [DEBUG]: findfont: score(FontEntry(fname='C:\\WINDOWS\\Fonts\\GILI____.TTF', name='Gill Sans MT', style='italic', variant='normal', weight=400, stretch='normal', size='scalable')) = 11.05
2023-08-08 11:36:13 [DEBUG]: findfont: score(FontEntry(fname='C:\\WINDOWS\\Fonts\\ntailub.ttf', name='Microsoft New Tai Lue', style='normal', variant='normal', weight=700, stretch='normal', size='scalable')) = 10.335
2023-08-08 11:36:13 [DEBUG]: findfont: score(FontEntry(fname='C:\\Windows\\Fonts\\pala.ttf', name='Palatino Linotype', style='normal', variant='normal', weight=400, stretch='normal', size='scalable')) = 10.05
2023-08-08 11:36:13 [DEBUG]: findfont: score(FontEntry(fname='C:\\Windows\\Fonts\\segoescb.ttf', name='Segoe Script', style='normal', variant='normal', weight=700, stretch='normal', size='scalable')) = 10.335
2023-08-08 11:36:13 [DEBUG]: findfont: score(FontEntry(fname='C:\\Windows\\Fonts\\NirmalaS.ttf', name='Nirmala UI', style='normal', variant='normal', weight=350, stretch='normal', size='scalable')) = 10.0975
2023-08-08 11:36:13 [DEBUG]: findfont: score(FontEntry(fname='C:\\WINDOWS\\Fonts\\arialbd.ttf', name='Arial', style='normal', variant='normal', weight=700, stretch='normal', size='scalable')) = 0.33499999999999996
2023-08-08 11:36:13 [DEBUG]: findfont: score(FontEntry(fname='C:\\WINDOWS\\Fonts\\FTLTLT.TTF', name='Footlight MT Light', style='normal', variant='normal', weight=300, stretch='normal', size='scalable')) = 10.145
2023-08-08 11:36:13 [DEBUG]: findfont: score(FontEntry(fname='C:\\Windows\\Fonts\\SIMLI.TTF', name='LiSu', style='normal', variant='normal', weight=400, stretch='normal', size='scalable')) = 10.05
2023-08-08 11:36:13 [DEBUG]: findfont: score(FontEntry(fname='C:\\Windows\\Fonts\\LBRITE.TTF', name='Lucida Bright', style='normal', variant='normal', weight=400, stretch='normal', size='scalable')) = 10.05
2023-08-08 11:36:13 [DEBUG]: findfont: score(FontEntry(fname='C:\\Windows\\Fonts\\palab.ttf', name='Palatino Linotype', style='normal', variant='normal', weight=700, stretch='normal', size='scalable')) = 10.335
2023-08-08 11:36:13 [DEBUG]: findfont: score(FontEntry(fname='C:\\Windows\\Fonts\\ROCKEB.TTF', name='Rockwell Extra Bold', style='normal', variant='normal', weight=800, stretch='normal', size='scalable')) = 10.43
2023-08-08 11:36:13 [DEBUG]: findfont: score(FontEntry(fname='C:\\Windows\\Fonts\\seguihis.ttf', name='Segoe UI Historic', style='normal', variant='normal', weight=400, stretch='normal', size='scalable')) = 10.05
2023-08-08 11:36:13 [DEBUG]: findfont: score(FontEntry(fname='C:\\WINDOWS\\Fonts\\ARLRDBD.TTF', name='Arial Rounded MT Bold', style='normal', variant='normal', weight=400, stretch='normal', size='scalable')) = 10.05
2023-08-08 11:36:13 [DEBUG]: findfont: score(FontEntry(fname='C:\\WINDOWS\\Fonts\\simhei.ttf', name='SimHei', style='normal', variant='normal', weight=400, stretch='normal', size='scalable')) = 10.05
2023-08-08 11:36:13 [DEBUG]: findfont: score(FontEntry(fname='C:\\WINDOWS\\Fonts\\CALISTB.TTF', name='Calisto MT', style='normal', variant='normal', weight=700, stretch='normal', size='scalable')) = 10.335
2023-08-08 11:36:13 [DEBUG]: findfont: score(FontEntry(fname='C:\\Windows\\Fonts\\NIAGSOL.TTF', name='Niagara Solid', style='normal', variant='normal', weight=400, stretch='normal', size='scalable')) = 10.05
2023-08-08 11:36:13 [DEBUG]: findfont: score(FontEntry(fname='C:\\Windows\\Fonts\\方正粗黑宋简体.ttf', name='FZCuHeiSongS-B-GB', style='normal', variant='normal', weight=400, stretch='normal', size='scalable')) = 10.05
2023-08-08 11:36:13 [DEBUG]: findfont: score(FontEntry(fname='C:\\Windows\\Fonts\\ERASLGHT.TTF', name='Eras Light ITC', style='normal', variant='normal', weight=400, stretch='normal', size='scalable')) = 10.05
2023-08-08 11:36:13 [DEBUG]: findfont: score(FontEntry(fname='C:\\Windows\\Fonts\\simfang.ttf', name='FangSong', style='normal', variant='normal', weight=400, stretch='normal', size='scalable')) = 10.05
2023-08-08 11:36:13 [DEBUG]: findfont: score(FontEntry(fname='C:\\WINDOWS\\Fonts\\GILLUBCD.TTF', name='Gill Sans Ultra Bold Condensed', style='normal', variant='normal', weight=400, stretch='condensed', size='scalable')) = 10.25
2023-08-08 11:36:13 [DEBUG]: findfont: score(FontEntry(fname='C:\\Windows\\Fonts\\BOD_BI.TTF', name='Bodoni MT', style='italic', variant='normal', weight=700, stretch='normal', size='scalable')) = 11.335
2023-08-08 11:36:13 [DEBUG]: findfont: score(FontEntry(fname='C:\\Windows\\Fonts\\comic.ttf', name='Comic Sans MS', style='normal', variant='normal', weight=400, stretch='normal', size='scalable')) = 10.05
2023-08-08 11:36:13 [DEBUG]: findfont: score(FontEntry(fname='C:\\WINDOWS\\Fonts\\ERASDEMI.TTF', name='Eras Demi ITC', style='normal', variant='normal', weight=400, stretch='normal', size='scalable')) = 10.05
2023-08-08 11:36:13 [DEBUG]: findfont: score(FontEntry(fname='C:\\Windows\\Fonts\\segoepr.ttf', name='Segoe Print', style='normal', variant='normal', weight=400, stretch='normal', size='scalable')) = 10.05
2023-08-08 11:36:13 [DEBUG]: findfont: score(FontEntry(fname='C:\\Windows\\Fonts\\courbd.ttf', name='Courier New', style='normal', variant='normal', weight=700, stretch='normal', size='scalable')) = 10.335
2023-08-08 11:36:13 [DEBUG]: findfont: score(FontEntry(fname='C:\\Windows\\Fonts\\verdana.ttf', name='Verdana', style='normal', variant='normal', weight=400, stretch='normal', size='scalable')) = 10.05
2023-08-08 11:36:13 [DEBUG]: findfont: score(FontEntry(fname='C:\\Windows\\Fonts\\SHOWG.TTF', name='Showcard Gothic', style='normal', variant='normal', weight=400, stretch='normal', size='scalable')) = 10.05
2023-08-08 11:36:13 [DEBUG]: findfont: score(FontEntry(fname='C:\\WINDOWS\\Fonts\\JOKERMAN.TTF', name='Jokerman', style='normal', variant='normal', weight=400, stretch='normal', size='scalable')) = 10.05
2023-08-08 11:36:13 [DEBUG]: findfont: score(FontEntry(fname='C:\\Windows\\Fonts\\FORTE.TTF', name='Forte', style='normal', variant='normal', weight=400, stretch='normal', size='scalable')) = 10.05
2023-08-08 11:36:13 [DEBUG]: findfont: score(FontEntry(fname='C:\\WINDOWS\\Fonts\\ELEPHNT.TTF', name='Elephant', style='normal', variant='normal', weight=400, stretch='normal', size='scalable')) = 10.05
2023-08-08 11:36:13 [DEBUG]: findfont: score(FontEntry(fname='C:\\WINDOWS\\Fonts\\BRUSHSCI.TTF', name='Brush Script MT', style='italic', variant='normal', weight=400, stretch='normal', size='scalable')) = 11.05
2023-08-08 11:36:13 [DEBUG]: findfont: score(FontEntry(fname='C:\\WINDOWS\\Fonts\\Candarali.ttf', name='Candara', style='italic', variant='normal', weight=400, stretch='normal', size='scalable')) = 11.05
2023-08-08 11:36:13 [DEBUG]: findfont: score(FontEntry(fname='C:\\WINDOWS\\Fonts\\palab.ttf', name='Palatino Linotype', style='normal', variant='normal', weight=700, stretch='normal', size='scalable')) = 10.335
2023-08-08 11:36:13 [DEBUG]: findfont: score(FontEntry(fname='C:\\Windows\\Fonts\\arialbd.ttf', name='Arial', style='normal', variant='normal', weight=700, stretch='normal', size='scalable')) = 0.33499999999999996
2023-08-08 11:36:13 [DEBUG]: findfont: score(FontEntry(fname='C:\\Windows\\Fonts\\LBRITED.TTF', name='Lucida Bright', style='normal', variant='normal', weight=600, stretch='normal', size='scalable')) = 10.24
2023-08-08 11:36:13 [DEBUG]: findfont: score(FontEntry(fname='C:\\WINDOWS\\Fonts\\CHILLER.TTF', name='Chiller', style='normal', variant='normal', weight=400, stretch='normal', size='scalable')) = 10.05
2023-08-08 11:36:13 [DEBUG]: findfont: score(FontEntry(fname='C:\\Windows\\Fonts\\CASTELAR.TTF', name='Castellar', style='normal', variant='normal', weight=400, stretch='normal', size='scalable')) = 10.05
2023-08-08 11:36:13 [DEBUG]: findfont: score(FontEntry(fname='C:\\WINDOWS\\Fonts\\cambriab.ttf', name='Cambria', style='normal', variant='normal', weight=700, stretch='normal', size='scalable')) = 10.335
2023-08-08 11:36:13 [DEBUG]: findfont: score(FontEntry(fname='C:\\WINDOWS\\Fonts\\SIMLI.TTF', name='LiSu', style='normal', variant='normal', weight=400, stretch='normal', size='scalable')) = 10.05
2023-08-08 11:36:13 [DEBUG]: findfont: score(FontEntry(fname='C:\\Windows\\Fonts\\SCHLBKB.TTF', name='Century Schoolbook', style='normal', variant='normal', weight=700, stretch='normal', size='scalable')) = 10.335
2023-08-08 11:36:13 [DEBUG]: findfont: score(FontEntry(fname='C:\\WINDOWS\\Fonts\\BRLNSDB.TTF', name='Berlin Sans FB Demi', style='normal', variant='normal', weight=700, stretch='normal', size='scalable')) = 10.335
2023-08-08 11:36:13 [DEBUG]: findfont: score(FontEntry(fname='C:\\WINDOWS\\Fonts\\tahomabd.ttf', name='Tahoma', style='normal', variant='normal', weight=700, stretch='normal', size='scalable')) = 10.335
2023-08-08 11:36:13 [DEBUG]: findfont: score(FontEntry(fname='C:\\Windows\\Fonts\\GOUDOSI.TTF', name='Goudy Old Style', style='italic', variant='normal', weight=400, stretch='normal', size='scalable')) = 11.05
2023-08-08 11:36:13 [DEBUG]: findfont: score(FontEntry(fname='C:\\WINDOWS\\Fonts\\BOD_CI.TTF', name='Bodoni MT', style='italic', variant='normal', weight=400, stretch='condensed', size='scalable')) = 11.25
2023-08-08 11:36:13 [DEBUG]: findfont: score(FontEntry(fname='C:\\WINDOWS\\Fonts\\CURLZ___.TTF', name='Curlz MT', style='normal', variant='normal', weight=400, stretch='normal', size='scalable')) = 10.05
2023-08-08 11:36:13 [DEBUG]: findfont: score(FontEntry(fname='C:\\WINDOWS\\Fonts\\PLAYBILL.TTF', name='Playbill', style='normal', variant='normal', weight=400, stretch='normal', size='scalable')) = 10.05
2023-08-08 11:36:13 [DEBUG]: findfont: score(FontEntry(fname='C:\\Windows\\Fonts\\DUBAI-LIGHT.TTF', name='Dubai', style='normal', variant='normal', weight=300, stretch='normal', size='scalable')) = 10.145
2023-08-08 11:36:13 [DEBUG]: findfont: score(FontEntry(fname='C:\\Windows\\Fonts\\MSUIGHUB.TTF', name='Microsoft Uighur', style='normal', variant='normal', weight=700, stretch='normal', size='scalable')) = 10.335
2023-08-08 11:36:13 [DEBUG]: findfont: score(FontEntry(fname='C:\\WINDOWS\\Fonts\\LFAXI.TTF', name='Lucida Fax', style='italic', variant='normal', weight=400, stretch='normal', size='scalable')) = 11.05
2023-08-08 11:36:13 [DEBUG]: findfont: score(FontEntry(fname='C:\\WINDOWS\\Fonts\\simkai.ttf', name='KaiTi', style='normal', variant='normal', weight=400, stretch='normal', size='scalable')) = 10.05
2023-08-08 11:36:13 [DEBUG]: findfont: score(FontEntry(fname='C:\\WINDOWS\\Fonts\\TCCEB.TTF', name='Tw Cen MT Condensed Extra Bold', style='normal', variant='normal', weight=400, stretch='condensed', size='scalable')) = 10.25
2023-08-08 11:36:13 [DEBUG]: findfont: score(FontEntry(fname='C:\\Windows\\Fonts\\ENGR.TTF', name='Engravers MT', style='normal', variant='normal', weight=500, stretch='normal', size='scalable')) = 10.145
2023-08-08 11:36:13 [DEBUG]: findfont: score(FontEntry(fname='C:\\Windows\\Fonts\\arialbi.ttf', name='Arial', style='italic', variant='normal', weight=700, stretch='normal', size='scalable')) = 1.335
2023-08-08 11:36:13 [DEBUG]: findfont: score(FontEntry(fname='C:\\Windows\\Fonts\\ebrima.ttf', name='Ebrima', style='normal', variant='normal', weight=400, stretch='normal', size='scalable')) = 10.05
2023-08-08 11:36:13 [DEBUG]: findfont: score(FontEntry(fname='C:\\WINDOWS\\Fonts\\BOOKOSBI.TTF', name='Bookman Old Style', style='italic', variant='normal', weight=600, stretch='normal', size='scalable')) = 11.24
2023-08-08 11:36:13 [DEBUG]: findfont: score(FontEntry(fname='C:\\WINDOWS\\Fonts\\Candarab.ttf', name='Candara', style='normal', variant='normal', weight=700, stretch='normal', size='scalable')) = 10.335
2023-08-08 11:36:13 [DEBUG]: findfont: score(FontEntry(fname='C:\\Windows\\Fonts\\BELL.TTF', name='Bell MT', style='normal', variant='normal', weight=400, stretch='normal', size='scalable')) = 10.05
2023-08-08 11:36:13 [DEBUG]: findfont: score(FontEntry(fname='C:\\Windows\\Fonts\\LSANSI.TTF', name='Lucida Sans', style='italic', variant='normal', weight=400, stretch='normal', size='scalable')) = 11.05
2023-08-08 11:36:13 [DEBUG]: findfont: score(FontEntry(fname='C:\\WINDOWS\\Fonts\\ariali.ttf', name='Arial', style='italic', variant='normal', weight=400, stretch='normal', size='scalable')) = 1.05
2023-08-08 11:36:13 [DEBUG]: findfont: score(FontEntry(fname='C:\\WINDOWS\\Fonts\\LeelUIsl.ttf', name='Leelawadee UI', style='normal', variant='normal', weight=350, stretch='normal', size='scalable')) = 10.0975
2023-08-08 11:36:13 [DEBUG]: findfont: score(FontEntry(fname='C:\\WINDOWS\\Fonts\\comicz.ttf', name='Comic Sans MS', style='italic', variant='normal', weight=700, stretch='normal', size='scalable')) = 11.335
2023-08-08 11:36:13 [DEBUG]: findfont: score(FontEntry(fname='C:\\Windows\\Fonts\\calibril.ttf', name='Calibri', style='normal', variant='normal', weight=300, stretch='normal', size='scalable')) = 10.145
2023-08-08 11:36:13 [DEBUG]: findfont: score(FontEntry(fname='C:\\Windows\\Fonts\\TCCB____.TTF', name='Tw Cen MT Condensed', style='normal', variant='normal', weight=700, stretch='condensed', size='scalable')) = 10.535
2023-08-08 11:36:13 [DEBUG]: findfont: score(FontEntry(fname='C:\\Windows\\Fonts\\calibrii.ttf', name='Calibri', style='italic', variant='normal', weight=400, stretch='normal', size='scalable')) = 11.05
2023-08-08 11:36:13 [DEBUG]: findfont: score(FontEntry(fname='C:\\Windows\\Fonts\\ARLRDBD.TTF', name='Arial Rounded MT Bold', style='normal', variant='normal', weight=400, stretch='normal', size='scalable')) = 10.05
2023-08-08 11:36:13 [DEBUG]: findfont: score(FontEntry(fname='C:\\Windows\\Fonts\\MOD20.TTF', name='Modern No. 20', style='normal', variant='normal', weight=400, stretch='normal', size='scalable')) = 10.05
2023-08-08 11:36:13 [DEBUG]: findfont: score(FontEntry(fname='C:\\Windows\\Fonts\\SCHLBKBI.TTF', name='Century Schoolbook', style='italic', variant='normal', weight=700, stretch='normal', size='scalable')) = 11.335
2023-08-08 11:36:13 [DEBUG]: findfont: score(FontEntry(fname='C:\\Windows\\Fonts\\monbaiti.ttf', name='Mongolian Baiti', style='normal', variant='normal', weight=400, stretch='normal', size='scalable')) = 10.05
2023-08-08 11:36:13 [DEBUG]: findfont: score(FontEntry(fname='C:\\WINDOWS\\Fonts\\GLSNECB.TTF', name='Gill Sans MT Ext Condensed Bold', style='normal', variant='normal', weight=400, stretch='condensed', size='scalable')) = 10.25
2023-08-08 11:36:13 [DEBUG]: findfont: score(FontEntry(fname='C:\\WINDOWS\\Fonts\\ONYX.TTF', name='Onyx', style='normal', variant='normal', weight=400, stretch='normal', size='scalable')) = 10.05
2023-08-08 11:36:13 [DEBUG]: findfont: score(FontEntry(fname='C:\\Windows\\Fonts\\phagspab.ttf', name='Microsoft PhagsPa', style='normal', variant='normal', weight=700, stretch='normal', size='scalable')) = 10.335
2023-08-08 11:36:13 [DEBUG]: findfont: score(FontEntry(fname='C:\\WINDOWS\\Fonts\\calibrib.ttf', name='Calibri', style='normal', variant='normal', weight=700, stretch='normal', size='scalable')) = 10.335
2023-08-08 11:36:13 [DEBUG]: findfont: score(FontEntry(fname='C:\\WINDOWS\\Fonts\\BELLI.TTF', name='Bell MT', style='italic', variant='normal', weight=400, stretch='normal', size='scalable')) = 11.05
2023-08-08 11:36:13 [DEBUG]: findfont: score(FontEntry(fname='C:\\WINDOWS\\Fonts\\ROCKEB.TTF', name='Rockwell Extra Bold', style='normal', variant='normal', weight=800, stretch='normal', size='scalable')) = 10.43
2023-08-08 11:36:13 [DEBUG]: findfont: score(FontEntry(fname='C:\\WINDOWS\\Fonts\\ROCC____.TTF', name='Rockwell Condensed', style='normal', variant='normal', weight=400, stretch='condensed', size='scalable')) = 10.25
2023-08-08 11:36:13 [DEBUG]: findfont: score(FontEntry(fname='C:\\Windows\\Fonts\\GILSANUB.TTF', name='Gill Sans Ultra Bold', style='normal', variant='normal', weight=400, stretch='normal', size='scalable')) = 10.05
2023-08-08 11:36:13 [DEBUG]: findfont: score(FontEntry(fname='C:\\WINDOWS\\Fonts\\TCCM____.TTF', name='Tw Cen MT Condensed', style='normal', variant='normal', weight=400, stretch='condensed', size='scalable')) = 10.25
2023-08-08 11:36:13 [DEBUG]: findfont: score(FontEntry(fname='C:\\Windows\\Fonts\\corbeli.ttf', name='Corbel', style='italic', variant='normal', weight=400, stretch='normal', size='scalable')) = 11.05
2023-08-08 11:36:13 [DEBUG]: findfont: score(FontEntry(fname='C:\\WINDOWS\\Fonts\\BKANT.TTF', name='Book Antiqua', style='normal', variant='normal', weight=400, stretch='normal', size='scalable')) = 10.05
2023-08-08 11:36:13 [DEBUG]: findfont: score(FontEntry(fname='C:\\WINDOWS\\Fonts\\lucon.ttf', name='Lucida Console', style='normal', variant='normal', weight=400, stretch='normal', size='scalable')) = 10.05
2023-08-08 11:36:13 [DEBUG]: findfont: score(FontEntry(fname='C:\\Windows\\Fonts\\times.ttf', name='Times New Roman', style='normal', variant='normal', weight=400, stretch='normal', size='scalable')) = 10.05
2023-08-08 11:36:13 [DEBUG]: findfont: score(FontEntry(fname='C:\\Windows\\Fonts\\HARNGTON.TTF', name='Harrington', style='normal', variant='normal', weight=400, stretch='normal', size='scalable')) = 10.05
2023-08-08 11:36:13 [DEBUG]: findfont: score(FontEntry(fname='C:\\Windows\\Fonts\\BOD_CB.TTF', name='Bodoni MT', style='normal', variant='normal', weight=700, stretch='condensed', size='scalable')) = 10.535
2023-08-08 11:36:13 [DEBUG]: findfont: score(FontEntry(fname='C:\\WINDOWS\\Fonts\\HARNGTON.TTF', name='Harrington', style='normal', variant='normal', weight=400, stretch='normal', size='scalable')) = 10.05
2023-08-08 11:36:13 [DEBUG]: findfont: score(FontEntry(fname='C:\\Windows\\Fonts\\consolab.ttf', name='Consolas', style='normal', variant='normal', weight=700, stretch='normal', size='scalable')) = 10.335
2023-08-08 11:36:13 [DEBUG]: findfont: score(FontEntry(fname='C:\\Windows\\Fonts\\ANTQUAI.TTF', name='Book Antiqua', style='italic', variant='normal', weight=400, stretch='normal', size='scalable')) = 11.05
2023-08-08 11:36:13 [DEBUG]: findfont: score(FontEntry(fname='C:\\WINDOWS\\Fonts\\verdana.ttf', name='Verdana', style='normal', variant='normal', weight=400, stretch='normal', size='scalable')) = 10.05
2023-08-08 11:36:13 [DEBUG]: findfont: score(FontEntry(fname='C:\\WINDOWS\\Fonts\\framd.ttf', name='Franklin Gothic Medium', style='normal', variant='normal', weight=400, stretch='normal', size='scalable')) = 10.05
2023-08-08 11:36:13 [DEBUG]: findfont: score(FontEntry(fname='C:\\Windows\\Fonts\\cambriaz.ttf', name='Cambria', style='italic', variant='normal', weight=700, stretch='normal', size='scalable')) = 11.335
2023-08-08 11:36:13 [DEBUG]: findfont: score(FontEntry(fname='C:\\WINDOWS\\Fonts\\CALIFI.TTF', name='Californian FB', style='italic', variant='normal', weight=400, stretch='normal', size='scalable')) = 11.05
2023-08-08 11:36:13 [DEBUG]: findfont: score(FontEntry(fname='C:\\WINDOWS\\Fonts\\SIMYOU.TTF', name='YouYuan', style='normal', variant='normal', weight=400, stretch='normal', size='scalable')) = 10.05
2023-08-08 11:36:13 [DEBUG]: findfont: score(FontEntry(fname='C:\\WINDOWS\\Fonts\\ALGER.TTF', name='Algerian', style='normal', variant='normal', weight=400, stretch='normal', size='scalable')) = 10.05
2023-08-08 11:36:13 [DEBUG]: findfont: score(FontEntry(fname='C:\\WINDOWS\\Fonts\\msgothic.ttc', name='MS Gothic', style='normal', variant='normal', weight=400, stretch='normal', size='scalable')) = 10.05
2023-08-08 11:36:13 [DEBUG]: findfont: score(FontEntry(fname='C:\\Windows\\Fonts\\LeelaUIb.ttf', name='Leelawadee UI', style='normal', variant='normal', weight=700, stretch='normal', size='scalable')) = 10.335
2023-08-08 11:36:13 [DEBUG]: findfont: score(FontEntry(fname='C:\\WINDOWS\\Fonts\\BRLNSR.TTF', name='Berlin Sans FB', style='normal', variant='normal', weight=400, stretch='normal', size='scalable')) = 10.05
2023-08-08 11:36:13 [DEBUG]: findfont: score(FontEntry(fname='C:\\Windows\\Fonts\\PERI____.TTF', name='Perpetua', style='italic', variant='normal', weight=400, stretch='normal', size='scalable')) = 11.05
2023-08-08 11:36:13 [DEBUG]: findfont: score(FontEntry(fname='C:\\WINDOWS\\Fonts\\PALSCRI.TTF', name='Palace Script MT', style='normal', variant='normal', weight=400, stretch='normal', size='scalable')) = 10.05
2023-08-08 11:36:13 [DEBUG]: findfont: score(FontEntry(fname='C:\\Windows\\Fonts\\Inkfree.ttf', name='Ink Free', style='normal', variant='normal', weight=400, stretch='normal', size='scalable')) = 10.05
2023-08-08 11:36:13 [DEBUG]: findfont: score(FontEntry(fname='C:\\Windows\\Fonts\\SitkaZ.ttc', name='Sitka Small', style='italic', variant='normal', weight=700, stretch='normal', size='scalable')) = 11.335
2023-08-08 11:36:13 [DEBUG]: findfont: score(FontEntry(fname='C:\\WINDOWS\\Fonts\\comic.ttf', name='Comic Sans MS', style='normal', variant='normal', weight=400, stretch='normal', size='scalable')) = 10.05
2023-08-08 11:36:13 [DEBUG]: findfont: score(FontEntry(fname='C:\\Windows\\Fonts\\trebuc.ttf', name='Trebuchet MS', style='normal', variant='normal', weight=400, stretch='normal', size='scalable')) = 10.05
2023-08-08 11:36:13 [DEBUG]: findfont: score(FontEntry(fname='C:\\WINDOWS\\Fonts\\GOTHIC.TTF', name='Century Gothic', style='normal', variant='normal', weight=400, stretch='normal', size='scalable')) = 10.05
2023-08-08 11:36:13 [DEBUG]: findfont: score(FontEntry(fname='C:\\WINDOWS\\Fonts\\mvboli.ttf', name='MV Boli', style='normal', variant='normal', weight=400, stretch='normal', size='scalable')) = 10.05
2023-08-08 11:36:13 [DEBUG]: findfont: score(FontEntry(fname='C:\\WINDOWS\\Fonts\\GOTHICBI.TTF', name='Century Gothic', style='italic', variant='normal', weight=700, stretch='normal', size='scalable')) = 11.335
2023-08-08 11:36:13 [DEBUG]: findfont: score(FontEntry(fname='C:\\Windows\\Fonts\\GOTHIC.TTF', name='Century Gothic', style='normal', variant='normal', weight=400, stretch='normal', size='scalable')) = 10.05
2023-08-08 11:36:13 [DEBUG]: findfont: score(FontEntry(fname='C:\\Windows\\Fonts\\BOD_B.TTF', name='Bodoni MT', style='normal', variant='normal', weight=700, stretch='normal', size='scalable')) = 10.335
2023-08-08 11:36:13 [DEBUG]: findfont: score(FontEntry(fname='C:\\WINDOWS\\Fonts\\Gabriola.ttf', name='Gabriola', style='normal', variant='normal', weight=400, stretch='normal', size='scalable')) = 10.05
2023-08-08 11:36:13 [DEBUG]: findfont: score(FontEntry(fname='C:\\WINDOWS\\Fonts\\seguili.ttf', name='Segoe UI', style='italic', variant='normal', weight=300, stretch='normal', size='scalable')) = 11.145
2023-08-08 11:36:13 [DEBUG]: findfont: score(FontEntry(fname='C:\\Windows\\Fonts\\FRADMCN.TTF', name='Franklin Gothic Demi Cond', style='normal', variant='normal', weight=400, stretch='condensed', size='scalable')) = 10.25
2023-08-08 11:36:13 [DEBUG]: findfont: score(FontEntry(fname='C:\\WINDOWS\\Fonts\\DUBAI-MEDIUM.TTF', name='Dubai', style='normal', variant='normal', weight=500, stretch='normal', size='scalable')) = 10.145
2023-08-08 11:36:13 [DEBUG]: findfont: score(FontEntry(fname='C:\\WINDOWS\\Fonts\\NIAGENG.TTF', name='Niagara Engraved', style='normal', variant='normal', weight=400, stretch='normal', size='scalable')) = 10.05
2023-08-08 11:36:13 [DEBUG]: findfont: score(FontEntry(fname='C:\\Windows\\Fonts\\javatext.ttf', name='Javanese Text', style='normal', variant='normal', weight=400, stretch='normal', size='scalable')) = 10.05
2023-08-08 11:36:13 [DEBUG]: findfont: score(FontEntry(fname='C:\\WINDOWS\\Fonts\\trebucbi.ttf', name='Trebuchet MS', style='italic', variant='normal', weight=700, stretch='normal', size='scalable')) = 11.335
2023-08-08 11:36:13 [DEBUG]: findfont: score(FontEntry(fname='C:\\Windows\\Fonts\\STFANGSO.TTF', name='STFangsong', style='normal', variant='normal', weight=400, stretch='normal', size='scalable')) = 10.05
2023-08-08 11:36:13 [DEBUG]: findfont: score(FontEntry(fname='C:\\Windows\\Fonts\\TCCM____.TTF', name='Tw Cen MT Condensed', style='normal', variant='normal', weight=400, stretch='condensed', size='scalable')) = 10.25
2023-08-08 11:36:13 [DEBUG]: findfont: score(FontEntry(fname='C:\\WINDOWS\\Fonts\\STXINWEI.TTF', name='STXinwei', style='normal', variant='normal', weight=400, stretch='normal', size='scalable')) = 10.05
2023-08-08 11:36:13 [DEBUG]: findfont: score(FontEntry(fname='C:\\WINDOWS\\Fonts\\taileb.ttf', name='Microsoft Tai Le', style='normal', variant='normal', weight=700, stretch='normal', size='scalable')) = 10.335
2023-08-08 11:36:13 [DEBUG]: findfont: score(FontEntry(fname='C:\\WINDOWS\\Fonts\\BOD_BLAR.TTF', name='Bodoni MT', style='normal', variant='normal', weight=900, stretch='normal', size='scalable')) = 10.525
2023-08-08 11:36:13 [DEBUG]: findfont: score(FontEntry(fname='C:\\Windows\\Fonts\\BOD_CR.TTF', name='Bodoni MT', style='normal', variant='normal', weight=400, stretch='condensed', size='scalable')) = 10.25
2023-08-08 11:36:13 [DEBUG]: findfont: score(FontEntry(fname='C:\\Windows\\Fonts\\INFROMAN.TTF', name='Informal Roman', style='normal', variant='normal', weight=400, stretch='normal', size='scalable')) = 10.05
2023-08-08 11:36:13 [DEBUG]: findfont: score(FontEntry(fname='C:\\WINDOWS\\Fonts\\FZSTK.TTF', name='FZShuTi', style='normal', variant='normal', weight=400, stretch='normal', size='scalable')) = 10.05
2023-08-08 11:36:13 [DEBUG]: findfont: score(FontEntry(fname='C:\\WINDOWS\\Fonts\\CENSCBK.TTF', name='Century Schoolbook', style='normal', variant='normal', weight=400, stretch='normal', size='scalable')) = 10.05
2023-08-08 11:36:13 [DEBUG]: findfont: score(FontEntry(fname='C:\\Windows\\Fonts\\msjh.ttc', name='Microsoft JhengHei', style='normal', variant='normal', weight=400, stretch='normal', size='scalable')) = 10.05
2023-08-08 11:36:13 [DEBUG]: findfont: score(FontEntry(fname='C:\\WINDOWS\\Fonts\\cambriai.ttf', name='Cambria', style='italic', variant='normal', weight=400, stretch='normal', size='scalable')) = 11.05
2023-08-08 11:36:13 [DEBUG]: findfont: score(FontEntry(fname='C:\\Windows\\Fonts\\ROCCB___.TTF', name='Rockwell Condensed', style='normal', variant='normal', weight=700, stretch='condensed', size='scalable')) = 10.535
2023-08-08 11:36:13 [DEBUG]: findfont: score(FontEntry(fname='C:\\WINDOWS\\Fonts\\courbi.ttf', name='Courier New', style='italic', variant='normal', weight=700, stretch='normal', size='scalable')) = 11.335
2023-08-08 11:36:13 [DEBUG]: findfont: score(FontEntry(fname='C:\\Windows\\Fonts\\GIL_____.TTF', name='Gill Sans MT', style='normal', variant='normal', weight=400, stretch='normal', size='scalable')) = 10.05
2023-08-08 11:36:13 [DEBUG]: findfont: score(FontEntry(fname='C:\\WINDOWS\\Fonts\\ARIALN.TTF', name='Arial', style='normal', variant='normal', weight=400, stretch='condensed', size='scalable')) = 0.25
2023-08-08 11:36:13 [DEBUG]: findfont: score(FontEntry(fname='C:\\WINDOWS\\Fonts\\STHUPO.TTF', name='STHupo', style='normal', variant='normal', weight=400, stretch='normal', size='scalable')) = 10.05
2023-08-08 11:36:13 [DEBUG]: findfont: score(FontEntry(fname='C:\\Windows\\Fonts\\consola.ttf', name='Consolas', style='normal', variant='normal', weight=400, stretch='normal', size='scalable')) = 10.05
2023-08-08 11:36:13 [DEBUG]: findfont: score(FontEntry(fname='C:\\Windows\\Fonts\\seguisbi.ttf', name='Segoe UI', style='italic', variant='normal', weight=600, stretch='normal', size='scalable')) = 11.24
2023-08-08 11:36:13 [DEBUG]: findfont: score(FontEntry(fname='C:\\WINDOWS\\Fonts\\malgunsl.ttf', name='Malgun Gothic', style='normal', variant='normal', weight=300, stretch='normal', size='scalable')) = 10.145
2023-08-08 11:36:13 [DEBUG]: findfont: score(FontEntry(fname='C:\\Windows\\Fonts\\REFSPCL.TTF', name='MS Reference Specialty', style='normal', variant='normal', weight=400, stretch='normal', size='scalable')) = 10.05
2023-08-08 11:36:13 [DEBUG]: findfont: score(FontEntry(fname='C:\\WINDOWS\\Fonts\\OLDENGL.TTF', name='Old English Text MT', style='normal', variant='normal', weight=400, stretch='normal', size='scalable')) = 10.05
2023-08-08 11:36:13 [DEBUG]: findfont: score(FontEntry(fname='C:\\WINDOWS\\Fonts\\LSANSDI.TTF', name='Lucida Sans', style='italic', variant='normal', weight=600, stretch='normal', size='scalable')) = 11.24
2023-08-08 11:36:13 [DEBUG]: findfont: score(FontEntry(fname='C:\\WINDOWS\\Fonts\\pala.ttf', name='Palatino Linotype', style='normal', variant='normal', weight=400, stretch='normal', size='scalable')) = 10.05
2023-08-08 11:36:13 [DEBUG]: findfont: score(FontEntry(fname='C:\\Windows\\Fonts\\simkai.ttf', name='KaiTi', style='normal', variant='normal', weight=400, stretch='normal', size='scalable')) = 10.05
2023-08-08 11:36:13 [DEBUG]: findfont: score(FontEntry(fname='C:\\Windows\\Fonts\\trebucit.ttf', name='Trebuchet MS', style='italic', variant='normal', weight=400, stretch='normal', size='scalable')) = 11.05
2023-08-08 11:36:13 [DEBUG]: findfont: score(FontEntry(fname='C:\\WINDOWS\\Fonts\\phagspa.ttf', name='Microsoft PhagsPa', style='normal', variant='normal', weight=400, stretch='normal', size='scalable')) = 10.05
2023-08-08 11:36:13 [DEBUG]: findfont: score(FontEntry(fname='C:\\Windows\\Fonts\\BOOKOS.TTF', name='Bookman Old Style', style='normal', variant='normal', weight=300, stretch='normal', size='scalable')) = 10.145
2023-08-08 11:36:13 [DEBUG]: findfont: score(FontEntry(fname='C:\\WINDOWS\\Fonts\\constanb.ttf', name='Constantia', style='normal', variant='normal', weight=700, stretch='normal', size='scalable')) = 10.335
2023-08-08 11:36:13 [DEBUG]: findfont: score(FontEntry(fname='C:\\Windows\\Fonts\\comicbd.ttf', name='Comic Sans MS', style='normal', variant='normal', weight=700, stretch='normal', size='scalable')) = 10.335
2023-08-08 11:36:13 [DEBUG]: findfont: score(FontEntry(fname='C:\\WINDOWS\\Fonts\\webdings.ttf', name='Webdings', style='normal', variant='normal', weight=400, stretch='normal', size='scalable')) = 10.05
2023-08-08 11:36:13 [DEBUG]: findfont: score(FontEntry(fname='C:\\WINDOWS\\Fonts\\FRADM.TTF', name='Franklin Gothic Demi', style='normal', variant='normal', weight=400, stretch='normal', size='scalable')) = 10.05
2023-08-08 11:36:13 [DEBUG]: findfont: score(FontEntry(fname='C:\\WINDOWS\\Fonts\\CALISTBI.TTF', name='Calisto MT', style='italic', variant='normal', weight=700, stretch='normal', size='scalable')) = 11.335
2023-08-08 11:36:13 [DEBUG]: findfont: score(FontEntry(fname='C:\\Windows\\Fonts\\BERNHC.TTF', name='Bernard MT Condensed', style='normal', variant='normal', weight=400, stretch='condensed', size='scalable')) = 10.25
2023-08-08 11:36:13 [DEBUG]: findfont: score(FontEntry(fname='C:\\WINDOWS\\Fonts\\FRABK.TTF', name='Franklin Gothic Book', style='normal', variant='normal', weight=400, stretch='normal', size='scalable')) = 10.05
2023-08-08 11:36:13 [DEBUG]: findfont: score(FontEntry(fname='C:\\Windows\\Fonts\\ntailu.ttf', name='Microsoft New Tai Lue', style='normal', variant='normal', weight=400, stretch='normal', size='scalable')) = 10.05
2023-08-08 11:36:13 [DEBUG]: findfont: score(FontEntry(fname='C:\\Windows\\Fonts\\GIGI.TTF', name='Gigi', style='normal', variant='normal', weight=400, stretch='normal', size='scalable')) = 10.05
2023-08-08 11:36:13 [DEBUG]: findfont: score(FontEntry(fname='C:\\Windows\\Fonts\\malgunsl.ttf', name='Malgun Gothic', style='normal', variant='normal', weight=300, stretch='normal', size='scalable')) = 10.145
2023-08-08 11:36:13 [DEBUG]: findfont: score(FontEntry(fname='C:\\Windows\\Fonts\\CHILLER.TTF', name='Chiller', style='normal', variant='normal', weight=400, stretch='normal', size='scalable')) = 10.05
2023-08-08 11:36:13 [DEBUG]: findfont: score(FontEntry(fname='C:\\Windows\\Fonts\\msyi.ttf', name='Microsoft Yi Baiti', style='normal', variant='normal', weight=400, stretch='normal', size='scalable')) = 10.05
2023-08-08 11:36:13 [DEBUG]: findfont: score(FontEntry(fname='C:\\WINDOWS\\Fonts\\PERB____.TTF', name='Perpetua', style='normal', variant='normal', weight=700, stretch='normal', size='scalable')) = 10.335
2023-08-08 11:36:13 [DEBUG]: findfont: score(FontEntry(fname='C:\\Windows\\Fonts\\himalaya.ttf', name='Microsoft Himalaya', style='normal', variant='normal', weight=400, stretch='normal', size='scalable')) = 10.05
2023-08-08 11:36:13 [DEBUG]: findfont: score(FontEntry(fname='C:\\WINDOWS\\Fonts\\HATTEN.TTF', name='Haettenschweiler', style='normal', variant='normal', weight=400, stretch='normal', size='scalable')) = 10.05
2023-08-08 11:36:13 [DEBUG]: findfont: score(FontEntry(fname='C:\\Windows\\Fonts\\CALIFI.TTF', name='Californian FB', style='italic', variant='normal', weight=400, stretch='normal', size='scalable')) = 11.05
2023-08-08 11:36:13 [DEBUG]: findfont: score(FontEntry(fname='C:\\WINDOWS\\Fonts\\gadugib.ttf', name='Gadugi', style='normal', variant='normal', weight=700, stretch='normal', size='scalable')) = 10.335
2023-08-08 11:36:13 [DEBUG]: findfont: score(FontEntry(fname='C:\\WINDOWS\\Fonts\\ERASMD.TTF', name='Eras Medium ITC', style='normal', variant='normal', weight=400, stretch='normal', size='scalable')) = 10.05
2023-08-08 11:36:13 [DEBUG]: findfont: score(FontEntry(fname='C:\\Windows\\Fonts\\TEMPSITC.TTF', name='Tempus Sans ITC', style='normal', variant='normal', weight=400, stretch='normal', size='scalable')) = 10.05
2023-08-08 11:36:13 [DEBUG]: findfont: score(FontEntry(fname='C:\\Windows\\Fonts\\STSONG.TTF', name='STSong', style='normal', variant='normal', weight=400, stretch='normal', size='scalable')) = 10.05
2023-08-08 11:36:13 [DEBUG]: findfont: score(FontEntry(fname='C:\\WINDOWS\\Fonts\\LTYPEO.TTF', name='Lucida Sans Typewriter', style='oblique', variant='normal', weight=400, stretch='normal', size='scalable')) = 11.05
2023-08-08 11:36:13 [DEBUG]: findfont: score(FontEntry(fname='C:\\WINDOWS\\Fonts\\segoescb.ttf', name='Segoe Script', style='normal', variant='normal', weight=700, stretch='normal', size='scalable')) = 10.335
2023-08-08 11:36:13 [DEBUG]: findfont: score(FontEntry(fname='C:\\WINDOWS\\Fonts\\segoesc.ttf', name='Segoe Script', style='normal', variant='normal', weight=400, stretch='normal', size='scalable')) = 10.05
2023-08-08 11:36:13 [DEBUG]: findfont: score(FontEntry(fname='C:\\WINDOWS\\Fonts\\CALIFB.TTF', name='Californian FB', style='normal', variant='normal', weight=700, stretch='normal', size='scalable')) = 10.335
2023-08-08 11:36:13 [DEBUG]: findfont: score(FontEntry(fname='C:\\Windows\\Fonts\\ebrimabd.ttf', name='Ebrima', style='normal', variant='normal', weight=700, stretch='normal', size='scalable')) = 10.335
2023-08-08 11:36:13 [DEBUG]: findfont: score(FontEntry(fname='C:\\Windows\\Fonts\\BRITANIC.TTF', name='Britannic Bold', style='normal', variant='normal', weight=400, stretch='normal', size='scalable')) = 10.05
2023-08-08 11:36:13 [DEBUG]: findfont: score(FontEntry(fname='C:\\WINDOWS\\Fonts\\STZHONGS.TTF', name='STZhongsong', style='normal', variant='normal', weight=400, stretch='normal', size='scalable')) = 10.05
2023-08-08 11:36:13 [DEBUG]: findfont: score(FontEntry(fname='C:\\WINDOWS\\Fonts\\calibriz.ttf', name='Calibri', style='italic', variant='normal', weight=700, stretch='normal', size='scalable')) = 11.335
2023-08-08 11:36:13 [DEBUG]: findfont: score(FontEntry(fname='C:\\WINDOWS\\Fonts\\segoeuisl.ttf', name='Segoe UI', style='normal', variant='normal', weight=350, stretch='normal', size='scalable')) = 10.0975
2023-08-08 11:36:13 [DEBUG]: findfont: score(FontEntry(fname='C:\\Windows\\Fonts\\STXINGKA.TTF', name='STXingkai', style='normal', variant='normal', weight=400, stretch='normal', size='scalable')) = 10.05
2023-08-08 11:36:13 [DEBUG]: findfont: score(FontEntry(fname='C:\\Windows\\Fonts\\malgun.ttf', name='Malgun Gothic', style='normal', variant='normal', weight=400, stretch='normal', size='scalable')) = 10.05
2023-08-08 11:36:13 [DEBUG]: findfont: score(FontEntry(fname='C:\\WINDOWS\\Fonts\\MOD20.TTF', name='Modern No. 20', style='normal', variant='normal', weight=400, stretch='normal', size='scalable')) = 10.05
2023-08-08 11:36:13 [DEBUG]: findfont: score(FontEntry(fname='C:\\WINDOWS\\Fonts\\FRAHV.TTF', name='Franklin Gothic Heavy', style='normal', variant='normal', weight=400, stretch='normal', size='scalable')) = 10.05
2023-08-08 11:36:13 [DEBUG]: findfont: score(FontEntry(fname='C:\\Windows\\Fonts\\symbol.ttf', name='Symbol', style='normal', variant='normal', weight=400, stretch='normal', size='scalable')) = 10.05
2023-08-08 11:36:13 [DEBUG]: findfont: score(FontEntry(fname='C:\\Windows\\Fonts\\PALSCRI.TTF', name='Palace Script MT', style='normal', variant='normal', weight=400, stretch='normal', size='scalable')) = 10.05
2023-08-08 11:36:13 [DEBUG]: findfont: score(FontEntry(fname='C:\\WINDOWS\\Fonts\\COLONNA.TTF', name='Colonna MT', style='normal', variant='normal', weight=400, stretch='normal', size='scalable')) = 10.05
2023-08-08 11:36:13 [DEBUG]: findfont: score(FontEntry(fname='C:\\WINDOWS\\Fonts\\VIVALDII.TTF', name='Vivaldi', style='italic', variant='normal', weight=400, stretch='normal', size='scalable')) = 11.05
2023-08-08 11:36:13 [DEBUG]: findfont: score(FontEntry(fname='C:\\Windows\\Fonts\\IMPRISHA.TTF', name='Imprint MT Shadow', style='normal', variant='normal', weight=400, stretch='normal', size='scalable')) = 10.05
2023-08-08 11:36:13 [DEBUG]: findfont: score(FontEntry(fname='C:\\WINDOWS\\Fonts\\segoeuil.ttf', name='Segoe UI', style='normal', variant='normal', weight=300, stretch='normal', size='scalable')) = 10.145
2023-08-08 11:36:13 [DEBUG]: findfont: score(FontEntry(fname='C:\\Windows\\Fonts\\taileb.ttf', name='Microsoft Tai Le', style='normal', variant='normal', weight=700, stretch='normal', size='scalable')) = 10.335
2023-08-08 11:36:13 [DEBUG]: findfont: score(FontEntry(fname='C:\\WINDOWS\\Fonts\\PER_____.TTF', name='Perpetua', style='normal', variant='normal', weight=400, stretch='normal', size='scalable')) = 10.05
2023-08-08 11:36:13 [DEBUG]: findfont: score(FontEntry(fname='C:\\WINDOWS\\Fonts\\IMPRISHA.TTF', name='Imprint MT Shadow', style='normal', variant='normal', weight=400, stretch='normal', size='scalable')) = 10.05
2023-08-08 11:36:13 [DEBUG]: findfont: score(FontEntry(fname='C:\\Windows\\Fonts\\LFAXD.TTF', name='Lucida Fax', style='normal', variant='normal', weight=600, stretch='normal', size='scalable')) = 10.24
2023-08-08 11:36:13 [DEBUG]: findfont: score(FontEntry(fname='C:\\Windows\\Fonts\\SCHLBKI.TTF', name='Century Schoolbook', style='italic', variant='normal', weight=400, stretch='normal', size='scalable')) = 11.05
2023-08-08 11:36:13 [DEBUG]: findfont: score(FontEntry(fname='C:\\Windows\\Fonts\\segmdl2.ttf', name='Segoe MDL2 Assets', style='normal', variant='normal', weight=400, stretch='normal', size='scalable')) = 10.05
2023-08-08 11:36:13 [DEBUG]: findfont: score(FontEntry(fname='C:\\WINDOWS\\Fonts\\BOD_BLAI.TTF', name='Bodoni MT', style='italic', variant='normal', weight=900, stretch='normal', size='scalable')) = 11.525
2023-08-08 11:36:13 [DEBUG]: findfont: score(FontEntry(fname='C:\\WINDOWS\\Fonts\\monbaiti.ttf', name='Mongolian Baiti', style='normal', variant='normal', weight=400, stretch='normal', size='scalable')) = 10.05
2023-08-08 11:36:13 [DEBUG]: findfont: score(FontEntry(fname='C:\\WINDOWS\\Fonts\\MAGNETOB.TTF', name='Magneto', style='normal', variant='normal', weight=700, stretch='normal', size='scalable')) = 10.335
2023-08-08 11:36:13 [DEBUG]: findfont: score(FontEntry(fname='C:\\Windows\\Fonts\\STCAIYUN.TTF', name='STCaiyun', style='normal', variant='normal', weight=400, stretch='normal', size='scalable')) = 10.05
2023-08-08 11:36:13 [DEBUG]: findfont: score(FontEntry(fname='C:\\WINDOWS\\Fonts\\cambria.ttc', name='Cambria', style='normal', variant='normal', weight=400, stretch='normal', size='scalable')) = 10.05
2023-08-08 11:36:13 [DEBUG]: findfont: score(FontEntry(fname='C:\\WINDOWS\\Fonts\\seguihis.ttf', name='Segoe UI Historic', style='normal', variant='normal', weight=400, stretch='normal', size='scalable')) = 10.05
2023-08-08 11:36:13 [DEBUG]: findfont: score(FontEntry(fname='C:\\Windows\\Fonts\\ITCKRIST.TTF', name='Kristen ITC', style='normal', variant='normal', weight=400, stretch='normal', size='scalable')) = 10.05
2023-08-08 11:36:13 [DEBUG]: findfont: score(FontEntry(fname='C:\\Windows\\Fonts\\georgia.ttf', name='Georgia', style='normal', variant='normal', weight=400, stretch='normal', size='scalable')) = 10.05
2023-08-08 11:36:13 [DEBUG]: findfont: score(FontEntry(fname='C:\\Windows\\Fonts\\msyh.ttc', name='Microsoft YaHei', style='normal', variant='normal', weight=400, stretch='normal', size='scalable')) = 10.05
2023-08-08 11:36:13 [DEBUG]: findfont: score(FontEntry(fname='C:\\Windows\\Fonts\\trebucbi.ttf', name='Trebuchet MS', style='italic', variant='normal', weight=700, stretch='normal', size='scalable')) = 11.335
2023-08-08 11:36:13 [DEBUG]: findfont: score(FontEntry(fname='C:\\WINDOWS\\Fonts\\constan.ttf', name='Constantia', style='normal', variant='normal', weight=400, stretch='normal', size='scalable')) = 10.05
2023-08-08 11:36:13 [DEBUG]: findfont: score(FontEntry(fname='C:\\Windows\\Fonts\\Candara.ttf', name='Candara', style='normal', variant='normal', weight=400, stretch='normal', size='scalable')) = 10.05
2023-08-08 11:36:13 [DEBUG]: findfont: score(FontEntry(fname='C:\\WINDOWS\\Fonts\\ARIALNB.TTF', name='Arial', style='normal', variant='normal', weight=700, stretch='condensed', size='scalable')) = 0.5349999999999999
2023-08-08 11:36:13 [DEBUG]: findfont: score(FontEntry(fname='C:\\WINDOWS\\Fonts\\RAVIE.TTF', name='Ravie', style='normal', variant='normal', weight=400, stretch='normal', size='scalable')) = 10.05
2023-08-08 11:36:13 [DEBUG]: findfont: score(FontEntry(fname='C:\\Windows\\Fonts\\LFAXI.TTF', name='Lucida Fax', style='italic', variant='normal', weight=400, stretch='normal', size='scalable')) = 11.05
2023-08-08 11:36:13 [DEBUG]: findfont: score(FontEntry(fname='C:\\Windows\\Fonts\\MSUIGHUR.TTF', name='Microsoft Uighur', style='normal', variant='normal', weight=400, stretch='normal', size='scalable')) = 10.05
2023-08-08 11:36:13 [DEBUG]: findfont: score(FontEntry(fname='C:\\WINDOWS\\Fonts\\wingding.ttf', name='Wingdings', style='normal', variant='normal', weight=400, stretch='normal', size='scalable')) = 10.05
2023-08-08 11:36:13 [DEBUG]: findfont: score(FontEntry(fname='C:\\Windows\\Fonts\\RAVIE.TTF', name='Ravie', style='normal', variant='normal', weight=400, stretch='normal', size='scalable')) = 10.05
2023-08-08 11:36:13 [DEBUG]: findfont: score(FontEntry(fname='C:\\Windows\\Fonts\\LSANSDI.TTF', name='Lucida Sans', style='italic', variant='normal', weight=600, stretch='normal', size='scalable')) = 11.24
2023-08-08 11:36:13 [DEBUG]: findfont: score(FontEntry(fname='C:\\WINDOWS\\Fonts\\georgiab.ttf', name='Georgia', style='normal', variant='normal', weight=700, stretch='normal', size='scalable')) = 10.335
2023-08-08 11:36:13 [DEBUG]: findfont: score(FontEntry(fname='C:\\WINDOWS\\Fonts\\VLADIMIR.TTF', name='Vladimir Script', style='normal', variant='normal', weight=400, stretch='normal', size='scalable')) = 10.05
2023-08-08 11:36:13 [DEBUG]: findfont: score(FontEntry(fname='C:\\WINDOWS\\Fonts\\HARLOWSI.TTF', name='Harlow Solid Italic', style='italic', variant='normal', weight=400, stretch='normal', size='scalable')) = 11.05
2023-08-08 11:36:13 [DEBUG]: findfont: score(FontEntry(fname='C:\\WINDOWS\\Fonts\\mmrtextb.ttf', name='Myanmar Text', style='normal', variant='normal', weight=700, stretch='normal', size='scalable')) = 10.335
2023-08-08 11:36:13 [DEBUG]: findfont: score(FontEntry(fname='C:\\WINDOWS\\Fonts\\Dengb.ttf', name='DengXian', style='normal', variant='normal', weight=700, stretch='normal', size='scalable')) = 10.335
2023-08-08 11:36:13 [DEBUG]: findfont: score(FontEntry(fname='C:\\Windows\\Fonts\\corbelz.ttf', name='Corbel', style='italic', variant='normal', weight=700, stretch='normal', size='scalable')) = 11.335
2023-08-08 11:36:13 [DEBUG]: findfont: Matching sans\-serif:style=normal:variant=normal:weight=normal:stretch=normal:size=16.5 to Arial ('C:\\WINDOWS\\Fonts\\arial.ttf') with score of 0.050000.
2023-08-08 11:36:14 [DEBUG]: findfont: Matching sans\-serif:style=normal:variant=normal:weight=normal:stretch=normal:size=34.0.
2023-08-08 11:36:14 [DEBUG]: findfont: score(FontEntry(fname='C:\\Users\\86151\\anaconda3\\envs\\LightGBM\\lib\\site-packages\\matplotlib\\mpl-data\\fonts\\ttf\\STIXNonUni.ttf', name='STIXNonUnicode', style='normal', variant='normal', weight=400, stretch='normal', size='scalable')) = 10.05
2023-08-08 11:36:14 [DEBUG]: findfont: score(FontEntry(fname='C:\\Users\\86151\\anaconda3\\envs\\LightGBM\\lib\\site-packages\\matplotlib\\mpl-data\\fonts\\ttf\\DejaVuSansMono-Oblique.ttf', name='DejaVu Sans Mono', style='oblique', variant='normal', weight=400, stretch='normal', size='scalable')) = 11.05
2023-08-08 11:36:14 [DEBUG]: findfont: score(FontEntry(fname='C:\\Users\\86151\\anaconda3\\envs\\LightGBM\\lib\\site-packages\\matplotlib\\mpl-data\\fonts\\ttf\\DejaVuSansMono.ttf', name='DejaVu Sans Mono', style='normal', variant='normal', weight=400, stretch='normal', size='scalable')) = 10.05
2023-08-08 11:36:14 [DEBUG]: findfont: score(FontEntry(fname='C:\\Users\\86151\\anaconda3\\envs\\LightGBM\\lib\\site-packages\\matplotlib\\mpl-data\\fonts\\ttf\\DejaVuSerif-BoldItalic.ttf', name='DejaVu Serif', style='italic', variant='normal', weight=700, stretch='normal', size='scalable')) = 11.335
2023-08-08 11:36:14 [DEBUG]: findfont: score(FontEntry(fname='C:\\Users\\86151\\anaconda3\\envs\\LightGBM\\lib\\site-packages\\matplotlib\\mpl-data\\fonts\\ttf\\cmmi10.ttf', name='cmmi10', style='normal', variant='normal', weight=400, stretch='normal', size='scalable')) = 10.05
2023-08-08 11:36:14 [DEBUG]: findfont: score(FontEntry(fname='C:\\Users\\86151\\anaconda3\\envs\\LightGBM\\lib\\site-packages\\matplotlib\\mpl-data\\fonts\\ttf\\STIXSizOneSymReg.ttf', name='STIXSizeOneSym', style='normal', variant='normal', weight=400, stretch='normal', size='scalable')) = 10.05
2023-08-08 11:36:14 [DEBUG]: findfont: score(FontEntry(fname='C:\\Users\\86151\\anaconda3\\envs\\LightGBM\\lib\\site-packages\\matplotlib\\mpl-data\\fonts\\ttf\\STIXSizTwoSymReg.ttf', name='STIXSizeTwoSym', style='normal', variant='normal', weight=400, stretch='normal', size='scalable')) = 10.05
2023-08-08 11:36:14 [DEBUG]: findfont: score(FontEntry(fname='C:\\Users\\86151\\anaconda3\\envs\\LightGBM\\lib\\site-packages\\matplotlib\\mpl-data\\fonts\\ttf\\STIXSizTwoSymBol.ttf', name='STIXSizeTwoSym', style='normal', variant='normal', weight=700, stretch='normal', size='scalable')) = 10.335
2023-08-08 11:36:14 [DEBUG]: findfont: score(FontEntry(fname='C:\\Users\\86151\\anaconda3\\envs\\LightGBM\\lib\\site-packages\\matplotlib\\mpl-data\\fonts\\ttf\\cmb10.ttf', name='cmb10', style='normal', variant='normal', weight=400, stretch='normal', size='scalable')) = 10.05
2023-08-08 11:36:14 [DEBUG]: findfont: score(FontEntry(fname='C:\\Users\\86151\\anaconda3\\envs\\LightGBM\\lib\\site-packages\\matplotlib\\mpl-data\\fonts\\ttf\\STIXNonUniBol.ttf', name='STIXNonUnicode', style='normal', variant='normal', weight=700, stretch='normal', size='scalable')) = 10.335
2023-08-08 11:36:14 [DEBUG]: findfont: score(FontEntry(fname='C:\\Users\\86151\\anaconda3\\envs\\LightGBM\\lib\\site-packages\\matplotlib\\mpl-data\\fonts\\ttf\\STIXSizFiveSymReg.ttf', name='STIXSizeFiveSym', style='normal', variant='normal', weight=400, stretch='normal', size='scalable')) = 10.05
2023-08-08 11:36:14 [DEBUG]: findfont: score(FontEntry(fname='C:\\Users\\86151\\anaconda3\\envs\\LightGBM\\lib\\site-packages\\matplotlib\\mpl-data\\fonts\\ttf\\STIXSizFourSymBol.ttf', name='STIXSizeFourSym', style='normal', variant='normal', weight=700, stretch='normal', size='scalable')) = 10.335
2023-08-08 11:36:14 [DEBUG]: findfont: score(FontEntry(fname='C:\\Users\\86151\\anaconda3\\envs\\LightGBM\\lib\\site-packages\\matplotlib\\mpl-data\\fonts\\ttf\\STIXSizFourSymReg.ttf', name='STIXSizeFourSym', style='normal', variant='normal', weight=400, stretch='normal', size='scalable')) = 10.05
2023-08-08 11:36:14 [DEBUG]: findfont: score(FontEntry(fname='C:\\Users\\86151\\anaconda3\\envs\\LightGBM\\lib\\site-packages\\matplotlib\\mpl-data\\fonts\\ttf\\DejaVuSans-Bold.ttf', name='DejaVu Sans', style='normal', variant='normal', weight=700, stretch='normal', size='scalable')) = 2.335
2023-08-08 11:36:14 [DEBUG]: findfont: score(FontEntry(fname='C:\\Users\\86151\\anaconda3\\envs\\LightGBM\\lib\\site-packages\\matplotlib\\mpl-data\\fonts\\ttf\\cmsy10.ttf', name='cmsy10', style='normal', variant='normal', weight=400, stretch='normal', size='scalable')) = 10.05
2023-08-08 11:36:14 [DEBUG]: findfont: score(FontEntry(fname='C:\\Users\\86151\\anaconda3\\envs\\LightGBM\\lib\\site-packages\\matplotlib\\mpl-data\\fonts\\ttf\\DejaVuSerif-Bold.ttf', name='DejaVu Serif', style='normal', variant='normal', weight=700, stretch='normal', size='scalable')) = 10.335
2023-08-08 11:36:14 [DEBUG]: findfont: score(FontEntry(fname='C:\\Users\\86151\\anaconda3\\envs\\LightGBM\\lib\\site-packages\\matplotlib\\mpl-data\\fonts\\ttf\\STIXGeneralBol.ttf', name='STIXGeneral', style='normal', variant='normal', weight=700, stretch='normal', size='scalable')) = 10.335
2023-08-08 11:36:14 [DEBUG]: findfont: score(FontEntry(fname='C:\\Users\\86151\\anaconda3\\envs\\LightGBM\\lib\\site-packages\\matplotlib\\mpl-data\\fonts\\ttf\\STIXGeneralBolIta.ttf', name='STIXGeneral', style='italic', variant='normal', weight=700, stretch='normal', size='scalable')) = 11.335
2023-08-08 11:36:14 [DEBUG]: findfont: score(FontEntry(fname='C:\\Users\\86151\\anaconda3\\envs\\LightGBM\\lib\\site-packages\\matplotlib\\mpl-data\\fonts\\ttf\\cmr10.ttf', name='cmr10', style='normal', variant='normal', weight=400, stretch='normal', size='scalable')) = 10.05
2023-08-08 11:36:14 [DEBUG]: findfont: score(FontEntry(fname='C:\\Users\\86151\\anaconda3\\envs\\LightGBM\\lib\\site-packages\\matplotlib\\mpl-data\\fonts\\ttf\\DejaVuSansMono-Bold.ttf', name='DejaVu Sans Mono', style='normal', variant='normal', weight=700, stretch='normal', size='scalable')) = 10.335
2023-08-08 11:36:14 [DEBUG]: findfont: score(FontEntry(fname='C:\\Users\\86151\\anaconda3\\envs\\LightGBM\\lib\\site-packages\\matplotlib\\mpl-data\\fonts\\ttf\\STIXSizOneSymBol.ttf', name='STIXSizeOneSym', style='normal', variant='normal', weight=700, stretch='normal', size='scalable')) = 10.335
2023-08-08 11:36:14 [DEBUG]: findfont: score(FontEntry(fname='C:\\Users\\86151\\anaconda3\\envs\\LightGBM\\lib\\site-packages\\matplotlib\\mpl-data\\fonts\\ttf\\DejaVuSerifDisplay.ttf', name='DejaVu Serif Display', style='normal', variant='normal', weight=400, stretch='normal', size='scalable')) = 10.05
2023-08-08 11:36:14 [DEBUG]: findfont: score(FontEntry(fname='C:\\Users\\86151\\anaconda3\\envs\\LightGBM\\lib\\site-packages\\matplotlib\\mpl-data\\fonts\\ttf\\STIXNonUniBolIta.ttf', name='STIXNonUnicode', style='italic', variant='normal', weight=700, stretch='normal', size='scalable')) = 11.335
2023-08-08 11:36:14 [DEBUG]: findfont: score(FontEntry(fname='C:\\Users\\86151\\anaconda3\\envs\\LightGBM\\lib\\site-packages\\matplotlib\\mpl-data\\fonts\\ttf\\STIXNonUniIta.ttf', name='STIXNonUnicode', style='italic', variant='normal', weight=400, stretch='normal', size='scalable')) = 11.05
2023-08-08 11:36:14 [DEBUG]: findfont: score(FontEntry(fname='C:\\Users\\86151\\anaconda3\\envs\\LightGBM\\lib\\site-packages\\matplotlib\\mpl-data\\fonts\\ttf\\DejaVuSansDisplay.ttf', name='DejaVu Sans Display', style='normal', variant='normal', weight=400, stretch='normal', size='scalable')) = 10.05
2023-08-08 11:36:14 [DEBUG]: findfont: score(FontEntry(fname='C:\\Users\\86151\\anaconda3\\envs\\LightGBM\\lib\\site-packages\\matplotlib\\mpl-data\\fonts\\ttf\\cmss10.ttf', name='cmss10', style='normal', variant='normal', weight=400, stretch='normal', size='scalable')) = 10.05
2023-08-08 11:36:14 [DEBUG]: findfont: score(FontEntry(fname='C:\\Users\\86151\\anaconda3\\envs\\LightGBM\\lib\\site-packages\\matplotlib\\mpl-data\\fonts\\ttf\\DejaVuSans-BoldOblique.ttf', name='DejaVu Sans', style='oblique', variant='normal', weight=700, stretch='normal', size='scalable')) = 3.335
2023-08-08 11:36:14 [DEBUG]: findfont: score(FontEntry(fname='C:\\Users\\86151\\anaconda3\\envs\\LightGBM\\lib\\site-packages\\matplotlib\\mpl-data\\fonts\\ttf\\STIXSizThreeSymBol.ttf', name='STIXSizeThreeSym', style='normal', variant='normal', weight=700, stretch='normal', size='scalable')) = 10.335
2023-08-08 11:36:14 [DEBUG]: findfont: score(FontEntry(fname='C:\\Users\\86151\\anaconda3\\envs\\LightGBM\\lib\\site-packages\\matplotlib\\mpl-data\\fonts\\ttf\\DejaVuSans.ttf', name='DejaVu Sans', style='normal', variant='normal', weight=400, stretch='normal', size='scalable')) = 2.05
2023-08-08 11:36:14 [DEBUG]: findfont: score(FontEntry(fname='C:\\Users\\86151\\anaconda3\\envs\\LightGBM\\lib\\site-packages\\matplotlib\\mpl-data\\fonts\\ttf\\cmex10.ttf', name='cmex10', style='normal', variant='normal', weight=400, stretch='normal', size='scalable')) = 10.05
2023-08-08 11:36:14 [DEBUG]: findfont: score(FontEntry(fname='C:\\Users\\86151\\anaconda3\\envs\\LightGBM\\lib\\site-packages\\matplotlib\\mpl-data\\fonts\\ttf\\cmtt10.ttf', name='cmtt10', style='normal', variant='normal', weight=400, stretch='normal', size='scalable')) = 10.05
2023-08-08 11:36:14 [DEBUG]: findfont: score(FontEntry(fname='C:\\Users\\86151\\anaconda3\\envs\\LightGBM\\lib\\site-packages\\matplotlib\\mpl-data\\fonts\\ttf\\DejaVuSans-Oblique.ttf', name='DejaVu Sans', style='oblique', variant='normal', weight=400, stretch='normal', size='scalable')) = 3.05
2023-08-08 11:36:14 [DEBUG]: findfont: score(FontEntry(fname='C:\\Users\\86151\\anaconda3\\envs\\LightGBM\\lib\\site-packages\\matplotlib\\mpl-data\\fonts\\ttf\\DejaVuSansMono-BoldOblique.ttf', name='DejaVu Sans Mono', style='oblique', variant='normal', weight=700, stretch='normal', size='scalable')) = 11.335
2023-08-08 11:36:14 [DEBUG]: findfont: score(FontEntry(fname='C:\\Users\\86151\\anaconda3\\envs\\LightGBM\\lib\\site-packages\\matplotlib\\mpl-data\\fonts\\ttf\\DejaVuSerif-Italic.ttf', name='DejaVu Serif', style='italic', variant='normal', weight=400, stretch='normal', size='scalable')) = 11.05
2023-08-08 11:36:14 [DEBUG]: findfont: score(FontEntry(fname='C:\\Users\\86151\\anaconda3\\envs\\LightGBM\\lib\\site-packages\\matplotlib\\mpl-data\\fonts\\ttf\\STIXGeneralItalic.ttf', name='STIXGeneral', style='italic', variant='normal', weight=400, stretch='normal', size='scalable')) = 11.05
2023-08-08 11:36:14 [DEBUG]: findfont: score(FontEntry(fname='C:\\Users\\86151\\anaconda3\\envs\\LightGBM\\lib\\site-packages\\matplotlib\\mpl-data\\fonts\\ttf\\DejaVuSerif.ttf', name='DejaVu Serif', style='normal', variant='normal', weight=400, stretch='normal', size='scalable')) = 10.05
2023-08-08 11:36:14 [DEBUG]: findfont: score(FontEntry(fname='C:\\Users\\86151\\anaconda3\\envs\\LightGBM\\lib\\site-packages\\matplotlib\\mpl-data\\fonts\\ttf\\STIXGeneral.ttf', name='STIXGeneral', style='normal', variant='normal', weight=400, stretch='normal', size='scalable')) = 10.05
2023-08-08 11:36:14 [DEBUG]: findfont: score(FontEntry(fname='C:\\Users\\86151\\anaconda3\\envs\\LightGBM\\lib\\site-packages\\matplotlib\\mpl-data\\fonts\\ttf\\STIXSizThreeSymReg.ttf', name='STIXSizeThreeSym', style='normal', variant='normal', weight=400, stretch='normal', size='scalable')) = 10.05
2023-08-08 11:36:14 [DEBUG]: findfont: score(FontEntry(fname='C:\\WINDOWS\\Fonts\\gadugi.ttf', name='Gadugi', style='normal', variant='normal', weight=400, stretch='normal', size='scalable')) = 10.05
2023-08-08 11:36:14 [DEBUG]: findfont: score(FontEntry(fname='C:\\WINDOWS\\Fonts\\MISTRAL.TTF', name='Mistral', style='normal', variant='normal', weight=400, stretch='normal', size='scalable')) = 10.05
2023-08-08 11:36:14 [DEBUG]: findfont: score(FontEntry(fname='C:\\Windows\\Fonts\\ERASBD.TTF', name='Eras Bold ITC', style='normal', variant='normal', weight=400, stretch='normal', size='scalable')) = 10.05
2023-08-08 11:36:14 [DEBUG]: findfont: score(FontEntry(fname='C:\\WINDOWS\\Fonts\\segmdl2.ttf', name='Segoe MDL2 Assets', style='normal', variant='normal', weight=400, stretch='normal', size='scalable')) = 10.05
2023-08-08 11:36:14 [DEBUG]: findfont: score(FontEntry(fname='C:\\WINDOWS\\Fonts\\GOUDYSTO.TTF', name='Goudy Stout', style='normal', variant='normal', weight=400, stretch='normal', size='scalable')) = 10.05
2023-08-08 11:36:14 [DEBUG]: findfont: score(FontEntry(fname='C:\\WINDOWS\\Fonts\\POORICH.TTF', name='Poor Richard', style='normal', variant='normal', weight=400, stretch='normal', size='scalable')) = 10.05
2023-08-08 11:36:14 [DEBUG]: findfont: score(FontEntry(fname='C:\\WINDOWS\\Fonts\\INFROMAN.TTF', name='Informal Roman', style='normal', variant='normal', weight=400, stretch='normal', size='scalable')) = 10.05
2023-08-08 11:36:14 [DEBUG]: findfont: score(FontEntry(fname='C:\\Windows\\Fonts\\CURLZ___.TTF', name='Curlz MT', style='normal', variant='normal', weight=400, stretch='normal', size='scalable')) = 10.05
2023-08-08 11:36:14 [DEBUG]: findfont: score(FontEntry(fname='C:\\WINDOWS\\Fonts\\simsun.ttc', name='SimSun', style='normal', variant='normal', weight=400, stretch='normal', size='scalable')) = 10.05
2023-08-08 11:36:14 [DEBUG]: findfont: score(FontEntry(fname='C:\\Windows\\Fonts\\constan.ttf', name='Constantia', style='normal', variant='normal', weight=400, stretch='normal', size='scalable')) = 10.05
2023-08-08 11:36:14 [DEBUG]: findfont: score(FontEntry(fname='C:\\WINDOWS\\Fonts\\STXIHEI.TTF', name='STXihei', style='normal', variant='normal', weight=400, stretch='normal', size='scalable')) = 10.05
2023-08-08 11:36:14 [DEBUG]: findfont: score(FontEntry(fname='C:\\WINDOWS\\Fonts\\trebucbd.ttf', name='Trebuchet MS', style='normal', variant='normal', weight=700, stretch='normal', size='scalable')) = 10.335
2023-08-08 11:36:14 [DEBUG]: findfont: score(FontEntry(fname='C:\\Windows\\Fonts\\seguisb.ttf', name='Segoe UI', style='normal', variant='normal', weight=600, stretch='normal', size='scalable')) = 10.24
2023-08-08 11:36:14 [DEBUG]: findfont: score(FontEntry(fname='C:\\WINDOWS\\Fonts\\georgia.ttf', name='Georgia', style='normal', variant='normal', weight=400, stretch='normal', size='scalable')) = 10.05
2023-08-08 11:36:14 [DEBUG]: findfont: score(FontEntry(fname='C:\\WINDOWS\\Fonts\\msjhl.ttc', name='Microsoft JhengHei', style='normal', variant='normal', weight=290, stretch='normal', size='scalable')) = 10.1545
2023-08-08 11:36:14 [DEBUG]: findfont: score(FontEntry(fname='C:\\Windows\\Fonts\\COOPBL.TTF', name='Cooper Black', style='normal', variant='normal', weight=400, stretch='normal', size='scalable')) = 10.05
2023-08-08 11:36:14 [DEBUG]: findfont: score(FontEntry(fname='C:\\WINDOWS\\Fonts\\CASTELAR.TTF', name='Castellar', style='normal', variant='normal', weight=400, stretch='normal', size='scalable')) = 10.05
2023-08-08 11:36:14 [DEBUG]: findfont: score(FontEntry(fname='C:\\Windows\\Fonts\\STHUPO.TTF', name='STHupo', style='normal', variant='normal', weight=400, stretch='normal', size='scalable')) = 10.05
2023-08-08 11:36:14 [DEBUG]: findfont: score(FontEntry(fname='C:\\Windows\\Fonts\\sylfaen.ttf', name='Sylfaen', style='normal', variant='normal', weight=400, stretch='normal', size='scalable')) = 10.05
2023-08-08 11:36:14 [DEBUG]: findfont: score(FontEntry(fname='C:\\WINDOWS\\Fonts\\WINGDNG2.TTF', name='Wingdings 2', style='normal', variant='normal', weight=400, stretch='normal', size='scalable')) = 10.05
2023-08-08 11:36:14 [DEBUG]: findfont: score(FontEntry(fname='C:\\WINDOWS\\Fonts\\arial.ttf', name='Arial', style='normal', variant='normal', weight=400, stretch='normal', size='scalable')) = 0.05
2023-08-08 11:36:14 [DEBUG]: findfont: score(FontEntry(fname='C:\\WINDOWS\\Fonts\\impact.ttf', name='Impact', style='normal', variant='normal', weight=400, stretch='normal', size='scalable')) = 10.05
2023-08-08 11:36:14 [DEBUG]: findfont: score(FontEntry(fname='C:\\WINDOWS\\Fonts\\seguisym.ttf', name='Segoe UI Symbol', style='normal', variant='normal', weight=400, stretch='normal', size='scalable')) = 10.05
2023-08-08 11:36:14 [DEBUG]: findfont: score(FontEntry(fname='C:\\Windows\\Fonts\\GILLUBCD.TTF', name='Gill Sans Ultra Bold Condensed', style='normal', variant='normal', weight=400, stretch='condensed', size='scalable')) = 10.25
2023-08-08 11:36:14 [DEBUG]: findfont: score(FontEntry(fname='C:\\Windows\\Fonts\\corbelli.ttf', name='Corbel', style='italic', variant='normal', weight=300, stretch='normal', size='scalable')) = 11.145
2023-08-08 11:36:14 [DEBUG]: findfont: score(FontEntry(fname='C:\\WINDOWS\\Fonts\\DUBAI-LIGHT.TTF', name='Dubai', style='normal', variant='normal', weight=300, stretch='normal', size='scalable')) = 10.145
2023-08-08 11:36:14 [DEBUG]: findfont: score(FontEntry(fname='C:\\WINDOWS\\Fonts\\holomdl2.ttf', name='HoloLens MDL2 Assets', style='normal', variant='normal', weight=400, stretch='normal', size='scalable')) = 10.05
2023-08-08 11:36:14 [DEBUG]: findfont: score(FontEntry(fname='C:\\WINDOWS\\Fonts\\ENGR.TTF', name='Engravers MT', style='normal', variant='normal', weight=500, stretch='normal', size='scalable')) = 10.145
2023-08-08 11:36:14 [DEBUG]: findfont: score(FontEntry(fname='C:\\WINDOWS\\Fonts\\BASKVILL.TTF', name='Baskerville Old Face', style='normal', variant='normal', weight=400, stretch='normal', size='scalable')) = 10.05
2023-08-08 11:36:14 [DEBUG]: findfont: score(FontEntry(fname='C:\\Windows\\Fonts\\ARIALNB.TTF', name='Arial', style='normal', variant='normal', weight=700, stretch='condensed', size='scalable')) = 0.5349999999999999
2023-08-08 11:36:14 [DEBUG]: findfont: score(FontEntry(fname='C:\\Windows\\Fonts\\SIMYOU.TTF', name='YouYuan', style='normal', variant='normal', weight=400, stretch='normal', size='scalable')) = 10.05
2023-08-08 11:36:14 [DEBUG]: findfont: score(FontEntry(fname='C:\\Windows\\Fonts\\simhei.ttf', name='SimHei', style='normal', variant='normal', weight=400, stretch='normal', size='scalable')) = 10.05
2023-08-08 11:36:14 [DEBUG]: findfont: score(FontEntry(fname='C:\\Windows\\Fonts\\LFAXDI.TTF', name='Lucida Fax', style='italic', variant='normal', weight=600, stretch='normal', size='scalable')) = 11.24
2023-08-08 11:36:14 [DEBUG]: findfont: score(FontEntry(fname='C:\\Windows\\Fonts\\CALIFR.TTF', name='Californian FB', style='normal', variant='normal', weight=400, stretch='normal', size='scalable')) = 10.05
2023-08-08 11:36:14 [DEBUG]: findfont: score(FontEntry(fname='C:\\WINDOWS\\Fonts\\ITCKRIST.TTF', name='Kristen ITC', style='normal', variant='normal', weight=400, stretch='normal', size='scalable')) = 10.05
2023-08-08 11:36:14 [DEBUG]: findfont: score(FontEntry(fname='C:\\Windows\\Fonts\\SNAP____.TTF', name='Snap ITC', style='normal', variant='normal', weight=400, stretch='normal', size='scalable')) = 10.05
2023-08-08 11:36:14 [DEBUG]: findfont: score(FontEntry(fname='C:\\Windows\\Fonts\\calibrib.ttf', name='Calibri', style='normal', variant='normal', weight=700, stretch='normal', size='scalable')) = 10.335
2023-08-08 11:36:14 [DEBUG]: findfont: score(FontEntry(fname='C:\\Windows\\Fonts\\msjhl.ttc', name='Microsoft JhengHei', style='normal', variant='normal', weight=290, stretch='normal', size='scalable')) = 10.1545
2023-08-08 11:36:14 [DEBUG]: findfont: score(FontEntry(fname='C:\\WINDOWS\\Fonts\\GOUDOSI.TTF', name='Goudy Old Style', style='italic', variant='normal', weight=400, stretch='normal', size='scalable')) = 11.05
2023-08-08 11:36:14 [DEBUG]: findfont: score(FontEntry(fname='C:\\WINDOWS\\Fonts\\LTYPE.TTF', name='Lucida Sans Typewriter', style='normal', variant='normal', weight=400, stretch='normal', size='scalable')) = 10.05
2023-08-08 11:36:14 [DEBUG]: findfont: score(FontEntry(fname='C:\\Windows\\Fonts\\LCALLIG.TTF', name='Lucida Calligraphy', style='italic', variant='normal', weight=400, stretch='normal', size='scalable')) = 11.05
2023-08-08 11:36:14 [DEBUG]: findfont: score(FontEntry(fname='C:\\WINDOWS\\Fonts\\Candara.ttf', name='Candara', style='normal', variant='normal', weight=400, stretch='normal', size='scalable')) = 10.05
2023-08-08 11:36:14 [DEBUG]: findfont: score(FontEntry(fname='C:\\WINDOWS\\Fonts\\LFAXDI.TTF', name='Lucida Fax', style='italic', variant='normal', weight=600, stretch='normal', size='scalable')) = 11.24
2023-08-08 11:36:14 [DEBUG]: findfont: score(FontEntry(fname='C:\\Windows\\Fonts\\gadugib.ttf', name='Gadugi', style='normal', variant='normal', weight=700, stretch='normal', size='scalable')) = 10.335
2023-08-08 11:36:14 [DEBUG]: findfont: score(FontEntry(fname='C:\\WINDOWS\\Fonts\\LBRITEDI.TTF', name='Lucida Bright', style='italic', variant='normal', weight=600, stretch='normal', size='scalable')) = 11.24
2023-08-08 11:36:14 [DEBUG]: findfont: score(FontEntry(fname='C:\\WINDOWS\\Fonts\\GARABD.TTF', name='Garamond', style='normal', variant='normal', weight=700, stretch='normal', size='scalable')) = 10.335
2023-08-08 11:36:14 [DEBUG]: findfont: score(FontEntry(fname='C:\\WINDOWS\\Fonts\\ntailu.ttf', name='Microsoft New Tai Lue', style='normal', variant='normal', weight=400, stretch='normal', size='scalable')) = 10.05
2023-08-08 11:36:14 [DEBUG]: findfont: score(FontEntry(fname='C:\\WINDOWS\\Fonts\\GLECB.TTF', name='Gloucester MT Extra Condensed', style='normal', variant='normal', weight=400, stretch='condensed', size='scalable')) = 10.25
2023-08-08 11:36:14 [DEBUG]: findfont: score(FontEntry(fname='C:\\Windows\\Fonts\\georgiai.ttf', name='Georgia', style='italic', variant='normal', weight=400, stretch='normal', size='scalable')) = 11.05
2023-08-08 11:36:14 [DEBUG]: findfont: score(FontEntry(fname='C:\\WINDOWS\\Fonts\\ITCBLKAD.TTF', name='Blackadder ITC', style='normal', variant='normal', weight=400, stretch='normal', size='scalable')) = 10.05
2023-08-08 11:36:14 [DEBUG]: findfont: score(FontEntry(fname='C:\\Windows\\Fonts\\Deng.ttf', name='DengXian', style='normal', variant='normal', weight=400, stretch='normal', size='scalable')) = 10.05
2023-08-08 11:36:14 [DEBUG]: findfont: score(FontEntry(fname='C:\\Windows\\Fonts\\JUICE___.TTF', name='Juice ITC', style='normal', variant='normal', weight=400, stretch='normal', size='scalable')) = 10.05
2023-08-08 11:36:14 [DEBUG]: findfont: score(FontEntry(fname='C:\\WINDOWS\\Fonts\\GOTHICI.TTF', name='Century Gothic', style='italic', variant='normal', weight=400, stretch='normal', size='scalable')) = 11.05
2023-08-08 11:36:14 [DEBUG]: findfont: score(FontEntry(fname='C:\\WINDOWS\\Fonts\\OUTLOOK.TTF', name='MS Outlook', style='normal', variant='normal', weight=400, stretch='normal', size='scalable')) = 10.05
2023-08-08 11:36:14 [DEBUG]: findfont: score(FontEntry(fname='C:\\Windows\\Fonts\\LHANDW.TTF', name='Lucida Handwriting', style='italic', variant='normal', weight=400, stretch='normal', size='scalable')) = 11.05
2023-08-08 11:36:14 [DEBUG]: findfont: score(FontEntry(fname='C:\\Windows\\Fonts\\FRABK.TTF', name='Franklin Gothic Book', style='normal', variant='normal', weight=400, stretch='normal', size='scalable')) = 10.05
2023-08-08 11:36:14 [DEBUG]: findfont: score(FontEntry(fname='C:\\Windows\\Fonts\\arial.ttf', name='Arial', style='normal', variant='normal', weight=400, stretch='normal', size='scalable')) = 0.05
2023-08-08 11:36:14 [DEBUG]: findfont: score(FontEntry(fname='C:\\WINDOWS\\Fonts\\consolai.ttf', name='Consolas', style='italic', variant='normal', weight=400, stretch='normal', size='scalable')) = 11.05
2023-08-08 11:36:14 [DEBUG]: findfont: score(FontEntry(fname='C:\\WINDOWS\\Fonts\\LATINWD.TTF', name='Wide Latin', style='normal', variant='normal', weight=400, stretch='expanded', size='scalable')) = 10.25
2023-08-08 11:36:14 [DEBUG]: findfont: score(FontEntry(fname='C:\\WINDOWS\\Fonts\\JUICE___.TTF', name='Juice ITC', style='normal', variant='normal', weight=400, stretch='normal', size='scalable')) = 10.05
2023-08-08 11:36:14 [DEBUG]: findfont: score(FontEntry(fname='C:\\Windows\\Fonts\\ONYX.TTF', name='Onyx', style='normal', variant='normal', weight=400, stretch='normal', size='scalable')) = 10.05
2023-08-08 11:36:14 [DEBUG]: findfont: score(FontEntry(fname='C:\\Windows\\Fonts\\VLADIMIR.TTF', name='Vladimir Script', style='normal', variant='normal', weight=400, stretch='normal', size='scalable')) = 10.05
2023-08-08 11:36:14 [DEBUG]: findfont: score(FontEntry(fname='C:\\WINDOWS\\Fonts\\seguibli.ttf', name='Segoe UI', style='italic', variant='normal', weight=900, stretch='normal', size='scalable')) = 11.525
2023-08-08 11:36:14 [DEBUG]: findfont: score(FontEntry(fname='C:\\Windows\\Fonts\\LBRITEDI.TTF', name='Lucida Bright', style='italic', variant='normal', weight=600, stretch='normal', size='scalable')) = 11.24
2023-08-08 11:36:14 [DEBUG]: findfont: score(FontEntry(fname='C:\\Windows\\Fonts\\phagspa.ttf', name='Microsoft PhagsPa', style='normal', variant='normal', weight=400, stretch='normal', size='scalable')) = 10.05
2023-08-08 11:36:14 [DEBUG]: findfont: score(FontEntry(fname='C:\\Windows\\Fonts\\GARA.TTF', name='Garamond', style='normal', variant='normal', weight=400, stretch='normal', size='scalable')) = 10.05
2023-08-08 11:36:14 [DEBUG]: findfont: score(FontEntry(fname='C:\\Windows\\Fonts\\NirmalaB.ttf', name='Nirmala UI', style='normal', variant='normal', weight=700, stretch='normal', size='scalable')) = 10.335
2023-08-08 11:36:14 [DEBUG]: findfont: score(FontEntry(fname='C:\\WINDOWS\\Fonts\\TCB_____.TTF', name='Tw Cen MT', style='normal', variant='normal', weight=700, stretch='normal', size='scalable')) = 10.335
2023-08-08 11:36:14 [DEBUG]: findfont: score(FontEntry(fname='C:\\WINDOWS\\Fonts\\LFAX.TTF', name='Lucida Fax', style='normal', variant='normal', weight=400, stretch='normal', size='scalable')) = 10.05
2023-08-08 11:36:14 [DEBUG]: findfont: score(FontEntry(fname='C:\\Windows\\Fonts\\STXINWEI.TTF', name='STXinwei', style='normal', variant='normal', weight=400, stretch='normal', size='scalable')) = 10.05
2023-08-08 11:36:14 [DEBUG]: findfont: score(FontEntry(fname='C:\\WINDOWS\\Fonts\\GARAIT.TTF', name='Garamond', style='italic', variant='normal', weight=400, stretch='normal', size='scalable')) = 11.05
2023-08-08 11:36:14 [DEBUG]: findfont: score(FontEntry(fname='C:\\WINDOWS\\Fonts\\BSSYM7.TTF', name='Bookshelf Symbol 7', style='normal', variant='normal', weight=400, stretch='normal', size='scalable')) = 10.05
2023-08-08 11:36:14 [DEBUG]: findfont: score(FontEntry(fname='C:\\Windows\\Fonts\\PRISTINA.TTF', name='Pristina', style='normal', variant='normal', weight=400, stretch='normal', size='scalable')) = 10.05
2023-08-08 11:36:14 [DEBUG]: findfont: score(FontEntry(fname='C:\\WINDOWS\\Fonts\\ANTQUABI.TTF', name='Book Antiqua', style='italic', variant='normal', weight=700, stretch='normal', size='scalable')) = 11.335
2023-08-08 11:36:14 [DEBUG]: findfont: score(FontEntry(fname='C:\\Windows\\Fonts\\STZHONGS.TTF', name='STZhongsong', style='normal', variant='normal', weight=400, stretch='normal', size='scalable')) = 10.05
2023-08-08 11:36:14 [DEBUG]: findfont: score(FontEntry(fname='C:\\WINDOWS\\Fonts\\courbd.ttf', name='Courier New', style='normal', variant='normal', weight=700, stretch='normal', size='scalable')) = 10.335
2023-08-08 11:36:14 [DEBUG]: findfont: score(FontEntry(fname='C:\\Windows\\Fonts\\OUTLOOK.TTF', name='MS Outlook', style='normal', variant='normal', weight=400, stretch='normal', size='scalable')) = 10.05
2023-08-08 11:36:14 [DEBUG]: findfont: score(FontEntry(fname='C:\\Windows\\Fonts\\cambriab.ttf', name='Cambria', style='normal', variant='normal', weight=700, stretch='normal', size='scalable')) = 10.335
2023-08-08 11:36:14 [DEBUG]: findfont: score(FontEntry(fname='C:\\Windows\\Fonts\\BOOKOSB.TTF', name='Bookman Old Style', style='normal', variant='normal', weight=600, stretch='normal', size='scalable')) = 10.24
2023-08-08 11:36:14 [DEBUG]: findfont: score(FontEntry(fname='C:\\Windows\\Fonts\\TCM_____.TTF', name='Tw Cen MT', style='normal', variant='normal', weight=400, stretch='normal', size='scalable')) = 10.05
2023-08-08 11:36:14 [DEBUG]: findfont: score(FontEntry(fname='C:\\Windows\\Fonts\\calibrili.ttf', name='Calibri', style='italic', variant='normal', weight=300, stretch='normal', size='scalable')) = 11.145
2023-08-08 11:36:14 [DEBUG]: findfont: score(FontEntry(fname='C:\\WINDOWS\\Fonts\\BELLB.TTF', name='Bell MT', style='normal', variant='normal', weight=700, stretch='normal', size='scalable')) = 10.335
2023-08-08 11:36:14 [DEBUG]: findfont: score(FontEntry(fname='C:\\Windows\\Fonts\\COLONNA.TTF', name='Colonna MT', style='normal', variant='normal', weight=400, stretch='normal', size='scalable')) = 10.05
2023-08-08 11:36:14 [DEBUG]: findfont: score(FontEntry(fname='C:\\WINDOWS\\Fonts\\segoepr.ttf', name='Segoe Print', style='normal', variant='normal', weight=400, stretch='normal', size='scalable')) = 10.05
2023-08-08 11:36:14 [DEBUG]: findfont: score(FontEntry(fname='C:\\WINDOWS\\Fonts\\ELEPHNTI.TTF', name='Elephant', style='italic', variant='normal', weight=400, stretch='normal', size='scalable')) = 11.05
2023-08-08 11:36:14 [DEBUG]: findfont: score(FontEntry(fname='C:\\WINDOWS\\Fonts\\AGENCYR.TTF', name='Agency FB', style='normal', variant='normal', weight=400, stretch='normal', size='scalable')) = 10.05
2023-08-08 11:36:14 [DEBUG]: findfont: score(FontEntry(fname='C:\\WINDOWS\\Fonts\\corbell.ttf', name='Corbel', style='normal', variant='normal', weight=300, stretch='normal', size='scalable')) = 10.145
2023-08-08 11:36:14 [DEBUG]: findfont: score(FontEntry(fname='C:\\WINDOWS\\Fonts\\micross.ttf', name='Microsoft Sans Serif', style='normal', variant='normal', weight=400, stretch='normal', size='scalable')) = 10.05
2023-08-08 11:36:14 [DEBUG]: findfont: score(FontEntry(fname='C:\\Windows\\Fonts\\lucon.ttf', name='Lucida Console', style='normal', variant='normal', weight=400, stretch='normal', size='scalable')) = 10.05
2023-08-08 11:36:14 [DEBUG]: findfont: score(FontEntry(fname='C:\\Windows\\Fonts\\NumberOnly.ttf', name='NumberOnly', style='normal', variant='normal', weight=700, stretch='normal', size='scalable')) = 10.335
2023-08-08 11:36:14 [DEBUG]: findfont: score(FontEntry(fname='C:\\Windows\\Fonts\\PERB____.TTF', name='Perpetua', style='normal', variant='normal', weight=700, stretch='normal', size='scalable')) = 10.335
2023-08-08 11:36:14 [DEBUG]: findfont: score(FontEntry(fname='C:\\Windows\\Fonts\\calibriz.ttf', name='Calibri', style='italic', variant='normal', weight=700, stretch='normal', size='scalable')) = 11.335
2023-08-08 11:36:14 [DEBUG]: findfont: score(FontEntry(fname='C:\\WINDOWS\\Fonts\\CALIFR.TTF', name='Californian FB', style='normal', variant='normal', weight=400, stretch='normal', size='scalable')) = 10.05
2023-08-08 11:36:14 [DEBUG]: findfont: score(FontEntry(fname='C:\\Windows\\Fonts\\GOTHICB.TTF', name='Century Gothic', style='normal', variant='normal', weight=700, stretch='normal', size='scalable')) = 10.335
2023-08-08 11:36:14 [DEBUG]: findfont: score(FontEntry(fname='C:\\WINDOWS\\Fonts\\TEMPSITC.TTF', name='Tempus Sans ITC', style='normal', variant='normal', weight=400, stretch='normal', size='scalable')) = 10.05
2023-08-08 11:36:14 [DEBUG]: findfont: score(FontEntry(fname='C:\\WINDOWS\\Fonts\\LBRITE.TTF', name='Lucida Bright', style='normal', variant='normal', weight=400, stretch='normal', size='scalable')) = 10.05
2023-08-08 11:36:14 [DEBUG]: findfont: score(FontEntry(fname='C:\\WINDOWS\\Fonts\\TCBI____.TTF', name='Tw Cen MT', style='italic', variant='normal', weight=700, stretch='normal', size='scalable')) = 11.335
2023-08-08 11:36:14 [DEBUG]: findfont: score(FontEntry(fname='C:\\Windows\\Fonts\\GOUDYSTO.TTF', name='Goudy Stout', style='normal', variant='normal', weight=400, stretch='normal', size='scalable')) = 10.05
2023-08-08 11:36:14 [DEBUG]: findfont: score(FontEntry(fname='C:\\Windows\\Fonts\\ROCC____.TTF', name='Rockwell Condensed', style='normal', variant='normal', weight=400, stretch='condensed', size='scalable')) = 10.25
2023-08-08 11:36:14 [DEBUG]: findfont: score(FontEntry(fname='C:\\WINDOWS\\Fonts\\BOD_B.TTF', name='Bodoni MT', style='normal', variant='normal', weight=700, stretch='normal', size='scalable')) = 10.335
2023-08-08 11:36:14 [DEBUG]: findfont: score(FontEntry(fname='C:\\Windows\\Fonts\\Dengb.ttf', name='DengXian', style='normal', variant='normal', weight=700, stretch='normal', size='scalable')) = 10.335
2023-08-08 11:36:14 [DEBUG]: findfont: score(FontEntry(fname='C:\\Windows\\Fonts\\CENTAUR.TTF', name='Centaur', style='normal', variant='normal', weight=400, stretch='normal', size='scalable')) = 10.05
2023-08-08 11:36:14 [DEBUG]: findfont: score(FontEntry(fname='C:\\WINDOWS\\Fonts\\SCHLBKI.TTF', name='Century Schoolbook', style='italic', variant='normal', weight=400, stretch='normal', size='scalable')) = 11.05
2023-08-08 11:36:14 [DEBUG]: findfont: score(FontEntry(fname='C:\\Windows\\Fonts\\holomdl2.ttf', name='HoloLens MDL2 Assets', style='normal', variant='normal', weight=400, stretch='normal', size='scalable')) = 10.05
2023-08-08 11:36:14 [DEBUG]: findfont: score(FontEntry(fname='C:\\WINDOWS\\Fonts\\GILBI___.TTF', name='Gill Sans MT', style='italic', variant='normal', weight=700, stretch='normal', size='scalable')) = 11.335
2023-08-08 11:36:14 [DEBUG]: findfont: score(FontEntry(fname='C:\\WINDOWS\\Fonts\\TCMI____.TTF', name='Tw Cen MT', style='italic', variant='normal', weight=400, stretch='normal', size='scalable')) = 11.05
2023-08-08 11:36:14 [DEBUG]: findfont: score(FontEntry(fname='C:\\Windows\\Fonts\\ROCK.TTF', name='Rockwell', style='normal', variant='normal', weight=400, stretch='normal', size='scalable')) = 10.05
2023-08-08 11:36:14 [DEBUG]: findfont: score(FontEntry(fname='C:\\Windows\\Fonts\\VINERITC.TTF', name='Viner Hand ITC', style='normal', variant='normal', weight=400, stretch='normal', size='scalable')) = 10.05
2023-08-08 11:36:14 [DEBUG]: findfont: score(FontEntry(fname='C:\\WINDOWS\\Fonts\\WINGDNG3.TTF', name='Wingdings 3', style='normal', variant='normal', weight=400, stretch='normal', size='scalable')) = 10.05
2023-08-08 11:36:14 [DEBUG]: findfont: score(FontEntry(fname='C:\\Windows\\Fonts\\mvboli.ttf', name='MV Boli', style='normal', variant='normal', weight=400, stretch='normal', size='scalable')) = 10.05
2023-08-08 11:36:14 [DEBUG]: findfont: score(FontEntry(fname='C:\\Windows\\Fonts\\ARIALN.TTF', name='Arial', style='normal', variant='normal', weight=400, stretch='condensed', size='scalable')) = 0.25
2023-08-08 11:36:14 [DEBUG]: findfont: score(FontEntry(fname='C:\\Windows\\Fonts\\SitkaI.ttc', name='Sitka Small', style='italic', variant='normal', weight=400, stretch='normal', size='scalable')) = 11.05
2023-08-08 11:36:14 [DEBUG]: findfont: score(FontEntry(fname='C:\\Windows\\Fonts\\msgothic.ttc', name='MS Gothic', style='normal', variant='normal', weight=400, stretch='normal', size='scalable')) = 10.05
2023-08-08 11:36:14 [DEBUG]: findfont: score(FontEntry(fname='C:\\Windows\\Fonts\\COPRGTB.TTF', name='Copperplate Gothic Bold', style='normal', variant='normal', weight=400, stretch='normal', size='scalable')) = 10.05
2023-08-08 11:36:14 [DEBUG]: findfont: score(FontEntry(fname='C:\\Windows\\Fonts\\BELLI.TTF', name='Bell MT', style='italic', variant='normal', weight=400, stretch='normal', size='scalable')) = 11.05
2023-08-08 11:36:14 [DEBUG]: findfont: score(FontEntry(fname='C:\\WINDOWS\\Fonts\\LSANSI.TTF', name='Lucida Sans', style='italic', variant='normal', weight=400, stretch='normal', size='scalable')) = 11.05
2023-08-08 11:36:14 [DEBUG]: findfont: score(FontEntry(fname='C:\\WINDOWS\\Fonts\\PRISTINA.TTF', name='Pristina', style='normal', variant='normal', weight=400, stretch='normal', size='scalable')) = 10.05
2023-08-08 11:36:14 [DEBUG]: findfont: score(FontEntry(fname='C:\\Windows\\Fonts\\CALISTB.TTF', name='Calisto MT', style='normal', variant='normal', weight=700, stretch='normal', size='scalable')) = 10.335
2023-08-08 11:36:14 [DEBUG]: findfont: score(FontEntry(fname='C:\\WINDOWS\\Fonts\\BOD_CR.TTF', name='Bodoni MT', style='normal', variant='normal', weight=400, stretch='condensed', size='scalable')) = 10.25
2023-08-08 11:36:14 [DEBUG]: findfont: score(FontEntry(fname='C:\\WINDOWS\\Fonts\\msyhbd.ttc', name='Microsoft YaHei', style='normal', variant='normal', weight=700, stretch='normal', size='scalable')) = 10.335
2023-08-08 11:36:14 [DEBUG]: findfont: score(FontEntry(fname='C:\\WINDOWS\\Fonts\\FORTE.TTF', name='Forte', style='normal', variant='normal', weight=400, stretch='normal', size='scalable')) = 10.05
2023-08-08 11:36:14 [DEBUG]: findfont: score(FontEntry(fname='C:\\Windows\\Fonts\\HATTEN.TTF', name='Haettenschweiler', style='normal', variant='normal', weight=400, stretch='normal', size='scalable')) = 10.05
2023-08-08 11:36:14 [DEBUG]: findfont: score(FontEntry(fname='C:\\WINDOWS\\Fonts\\COOPBL.TTF', name='Cooper Black', style='normal', variant='normal', weight=400, stretch='normal', size='scalable')) = 10.05
2023-08-08 11:36:14 [DEBUG]: findfont: score(FontEntry(fname='C:\\Windows\\Fonts\\seguisym.ttf', name='Segoe UI Symbol', style='normal', variant='normal', weight=400, stretch='normal', size='scalable')) = 10.05
2023-08-08 11:36:14 [DEBUG]: findfont: score(FontEntry(fname='C:\\Windows\\Fonts\\GOTHICBI.TTF', name='Century Gothic', style='italic', variant='normal', weight=700, stretch='normal', size='scalable')) = 11.335
2023-08-08 11:36:14 [DEBUG]: findfont: score(FontEntry(fname='C:\\WINDOWS\\Fonts\\BOOKOSI.TTF', name='Bookman Old Style', style='italic', variant='normal', weight=300, stretch='normal', size='scalable')) = 11.145
2023-08-08 11:36:14 [DEBUG]: findfont: score(FontEntry(fname='C:\\WINDOWS\\Fonts\\phagspab.ttf', name='Microsoft PhagsPa', style='normal', variant='normal', weight=700, stretch='normal', size='scalable')) = 10.335
2023-08-08 11:36:14 [DEBUG]: findfont: score(FontEntry(fname='C:\\Windows\\Fonts\\FRAHV.TTF', name='Franklin Gothic Heavy', style='normal', variant='normal', weight=400, stretch='normal', size='scalable')) = 10.05
2023-08-08 11:36:14 [DEBUG]: findfont: score(FontEntry(fname='C:\\WINDOWS\\Fonts\\HTOWERT.TTF', name='High Tower Text', style='normal', variant='normal', weight=400, stretch='normal', size='scalable')) = 10.05
2023-08-08 11:36:14 [DEBUG]: findfont: score(FontEntry(fname='C:\\Windows\\Fonts\\BOD_I.TTF', name='Bodoni MT', style='italic', variant='normal', weight=400, stretch='normal', size='scalable')) = 11.05
2023-08-08 11:36:14 [DEBUG]: findfont: score(FontEntry(fname='C:\\WINDOWS\\Fonts\\BOOKOS.TTF', name='Bookman Old Style', style='normal', variant='normal', weight=300, stretch='normal', size='scalable')) = 10.145
2023-08-08 11:36:14 [DEBUG]: findfont: score(FontEntry(fname='C:\\WINDOWS\\Fonts\\OCRAEXT.TTF', name='OCR A Extended', style='normal', variant='normal', weight=400, stretch='expanded', size='scalable')) = 10.25
2023-08-08 11:36:14 [DEBUG]: findfont: score(FontEntry(fname='C:\\WINDOWS\\Fonts\\calibri.ttf', name='Calibri', style='normal', variant='normal', weight=400, stretch='normal', size='scalable')) = 10.05
2023-08-08 11:36:14 [DEBUG]: findfont: score(FontEntry(fname='C:\\Windows\\Fonts\\timesbd.ttf', name='Times New Roman', style='normal', variant='normal', weight=700, stretch='normal', size='scalable')) = 10.335
2023-08-08 11:36:14 [DEBUG]: findfont: score(FontEntry(fname='C:\\Windows\\Fonts\\GILBI___.TTF', name='Gill Sans MT', style='italic', variant='normal', weight=700, stretch='normal', size='scalable')) = 11.335
2023-08-08 11:36:14 [DEBUG]: findfont: score(FontEntry(fname='C:\\WINDOWS\\Fonts\\taile.ttf', name='Microsoft Tai Le', style='normal', variant='normal', weight=400, stretch='normal', size='scalable')) = 10.05
2023-08-08 11:36:14 [DEBUG]: findfont: score(FontEntry(fname='C:\\WINDOWS\\Fonts\\STCAIYUN.TTF', name='STCaiyun', style='normal', variant='normal', weight=400, stretch='normal', size='scalable')) = 10.05
2023-08-08 11:36:14 [DEBUG]: findfont: score(FontEntry(fname='C:\\Windows\\Fonts\\palabi.ttf', name='Palatino Linotype', style='italic', variant='normal', weight=700, stretch='normal', size='scalable')) = 11.335
2023-08-08 11:36:14 [DEBUG]: findfont: score(FontEntry(fname='C:\\Windows\\Fonts\\BOD_BLAI.TTF', name='Bodoni MT', style='italic', variant='normal', weight=900, stretch='normal', size='scalable')) = 11.525
2023-08-08 11:36:14 [DEBUG]: findfont: score(FontEntry(fname='C:\\Windows\\Fonts\\BELLB.TTF', name='Bell MT', style='normal', variant='normal', weight=700, stretch='normal', size='scalable')) = 10.335
2023-08-08 11:36:14 [DEBUG]: findfont: score(FontEntry(fname='C:\\WINDOWS\\Fonts\\msyh.ttc', name='Microsoft YaHei', style='normal', variant='normal', weight=400, stretch='normal', size='scalable')) = 10.05
2023-08-08 11:36:14 [DEBUG]: findfont: score(FontEntry(fname='C:\\WINDOWS\\Fonts\\msyhl.ttc', name='Microsoft YaHei', style='normal', variant='normal', weight=290, stretch='normal', size='scalable')) = 10.1545
2023-08-08 11:36:14 [DEBUG]: findfont: score(FontEntry(fname='C:\\WINDOWS\\Fonts\\PERTILI.TTF', name='Perpetua Titling MT', style='normal', variant='normal', weight=300, stretch='normal', size='scalable')) = 10.145
2023-08-08 11:36:14 [DEBUG]: findfont: score(FontEntry(fname='C:\\WINDOWS\\Fonts\\SitkaZ.ttc', name='Sitka Small', style='italic', variant='normal', weight=700, stretch='normal', size='scalable')) = 11.335
2023-08-08 11:36:14 [DEBUG]: findfont: score(FontEntry(fname='C:\\WINDOWS\\Fonts\\timesbi.ttf', name='Times New Roman', style='italic', variant='normal', weight=700, stretch='normal', size='scalable')) = 11.335
2023-08-08 11:36:14 [DEBUG]: findfont: score(FontEntry(fname='C:\\Windows\\Fonts\\TCMI____.TTF', name='Tw Cen MT', style='italic', variant='normal', weight=400, stretch='normal', size='scalable')) = 11.05
2023-08-08 11:36:14 [DEBUG]: findfont: score(FontEntry(fname='C:\\Windows\\Fonts\\SitkaB.ttc', name='Sitka Small', style='normal', variant='normal', weight=700, stretch='normal', size='scalable')) = 10.335
2023-08-08 11:36:14 [DEBUG]: findfont: score(FontEntry(fname='C:\\Windows\\Fonts\\STENCIL.TTF', name='Stencil', style='normal', variant='normal', weight=400, stretch='normal', size='scalable')) = 10.05
2023-08-08 11:36:14 [DEBUG]: findfont: score(FontEntry(fname='C:\\Windows\\Fonts\\Candarab.ttf', name='Candara', style='normal', variant='normal', weight=700, stretch='normal', size='scalable')) = 10.335
2023-08-08 11:36:14 [DEBUG]: findfont: score(FontEntry(fname='C:\\WINDOWS\\Fonts\\ARIALNI.TTF', name='Arial', style='italic', variant='normal', weight=400, stretch='condensed', size='scalable')) = 1.25
2023-08-08 11:36:14 [DEBUG]: findfont: score(FontEntry(fname='C:\\WINDOWS\\Fonts\\constani.ttf', name='Constantia', style='italic', variant='normal', weight=400, stretch='normal', size='scalable')) = 11.05
2023-08-08 11:36:14 [DEBUG]: findfont: score(FontEntry(fname='C:\\WINDOWS\\Fonts\\GOUDOSB.TTF', name='Goudy Old Style', style='normal', variant='normal', weight=700, stretch='normal', size='scalable')) = 10.335
2023-08-08 11:36:14 [DEBUG]: findfont: score(FontEntry(fname='C:\\Windows\\Fonts\\GARABD.TTF', name='Garamond', style='normal', variant='normal', weight=700, stretch='normal', size='scalable')) = 10.335
2023-08-08 11:36:14 [DEBUG]: findfont: score(FontEntry(fname='C:\\Windows\\Fonts\\PERTILI.TTF', name='Perpetua Titling MT', style='normal', variant='normal', weight=300, stretch='normal', size='scalable')) = 10.145
2023-08-08 11:36:14 [DEBUG]: findfont: score(FontEntry(fname='C:\\Windows\\Fonts\\Candaral.ttf', name='Candara', style='normal', variant='normal', weight=400, stretch='normal', size='scalable')) = 10.05
2023-08-08 11:36:14 [DEBUG]: findfont: score(FontEntry(fname='C:\\Windows\\Fonts\\CALIFB.TTF', name='Californian FB', style='normal', variant='normal', weight=700, stretch='normal', size='scalable')) = 10.335
2023-08-08 11:36:14 [DEBUG]: findfont: score(FontEntry(fname='C:\\Windows\\Fonts\\PAPYRUS.TTF', name='Papyrus', style='normal', variant='normal', weight=400, stretch='normal', size='scalable')) = 10.05
2023-08-08 11:36:14 [DEBUG]: findfont: score(FontEntry(fname='C:\\Windows\\Fonts\\consolai.ttf', name='Consolas', style='italic', variant='normal', weight=400, stretch='normal', size='scalable')) = 11.05
2023-08-08 11:36:14 [DEBUG]: findfont: score(FontEntry(fname='C:\\WINDOWS\\Fonts\\COPRGTL.TTF', name='Copperplate Gothic Light', style='normal', variant='normal', weight=400, stretch='normal', size='scalable')) = 10.05
2023-08-08 11:36:14 [DEBUG]: findfont: score(FontEntry(fname='C:\\WINDOWS\\Fonts\\LEELAWDB.TTF', name='Leelawadee', style='normal', variant='normal', weight=700, stretch='normal', size='scalable')) = 10.335
2023-08-08 11:36:14 [DEBUG]: findfont: score(FontEntry(fname='C:\\Windows\\Fonts\\verdanai.ttf', name='Verdana', style='italic', variant='normal', weight=400, stretch='normal', size='scalable')) = 11.05
2023-08-08 11:36:14 [DEBUG]: findfont: score(FontEntry(fname='C:\\Windows\\Fonts\\YuGothR.ttc', name='Yu Gothic', style='normal', variant='normal', weight=400, stretch='normal', size='scalable')) = 10.05
2023-08-08 11:36:14 [DEBUG]: findfont: score(FontEntry(fname='C:\\WINDOWS\\Fonts\\RAGE.TTF', name='Rage Italic', style='italic', variant='normal', weight=400, stretch='normal', size='scalable')) = 11.05
2023-08-08 11:36:14 [DEBUG]: findfont: score(FontEntry(fname='C:\\Windows\\Fonts\\BOD_CBI.TTF', name='Bodoni MT', style='italic', variant='normal', weight=700, stretch='condensed', size='scalable')) = 11.535
2023-08-08 11:36:14 [DEBUG]: findfont: score(FontEntry(fname='C:\\Windows\\Fonts\\TCBI____.TTF', name='Tw Cen MT', style='italic', variant='normal', weight=700, stretch='normal', size='scalable')) = 11.335
2023-08-08 11:36:14 [DEBUG]: findfont: score(FontEntry(fname='C:\\WINDOWS\\Fonts\\simsunb.ttf', name='SimSun-ExtB', style='normal', variant='normal', weight=400, stretch='normal', size='scalable')) = 10.05
2023-08-08 11:36:14 [DEBUG]: findfont: score(FontEntry(fname='C:\\Windows\\Fonts\\courbi.ttf', name='Courier New', style='italic', variant='normal', weight=700, stretch='normal', size='scalable')) = 11.335
2023-08-08 11:36:14 [DEBUG]: findfont: score(FontEntry(fname='C:\\WINDOWS\\Fonts\\constanz.ttf', name='Constantia', style='italic', variant='normal', weight=700, stretch='normal', size='scalable')) = 11.335
2023-08-08 11:36:14 [DEBUG]: findfont: score(FontEntry(fname='C:\\WINDOWS\\Fonts\\LEELAWAD.TTF', name='Leelawadee', style='normal', variant='normal', weight=400, stretch='normal', size='scalable')) = 10.05
2023-08-08 11:36:14 [DEBUG]: findfont: score(FontEntry(fname='C:\\WINDOWS\\Fonts\\BOD_BI.TTF', name='Bodoni MT', style='italic', variant='normal', weight=700, stretch='normal', size='scalable')) = 11.335
2023-08-08 11:36:14 [DEBUG]: findfont: score(FontEntry(fname='C:\\Windows\\Fonts\\ALGER.TTF', name='Algerian', style='normal', variant='normal', weight=400, stretch='normal', size='scalable')) = 10.05
2023-08-08 11:36:14 [DEBUG]: findfont: score(FontEntry(fname='C:\\WINDOWS\\Fonts\\SCRIPTBL.TTF', name='Script MT Bold', style='normal', variant='normal', weight=700, stretch='normal', size='scalable')) = 10.335
2023-08-08 11:36:14 [DEBUG]: findfont: score(FontEntry(fname='C:\\Windows\\Fonts\\couri.ttf', name='Courier New', style='italic', variant='normal', weight=400, stretch='normal', size='scalable')) = 11.05
2023-08-08 11:36:14 [DEBUG]: findfont: score(FontEntry(fname='C:\\Windows\\Fonts\\tahomabd.ttf', name='Tahoma', style='normal', variant='normal', weight=700, stretch='normal', size='scalable')) = 10.335
2023-08-08 11:36:14 [DEBUG]: findfont: score(FontEntry(fname='C:\\Windows\\Fonts\\cambria.ttc', name='Cambria', style='normal', variant='normal', weight=400, stretch='normal', size='scalable')) = 10.05
2023-08-08 11:36:14 [DEBUG]: findfont: score(FontEntry(fname='C:\\WINDOWS\\Fonts\\Nirmala.ttf', name='Nirmala UI', style='normal', variant='normal', weight=400, stretch='normal', size='scalable')) = 10.05
2023-08-08 11:36:14 [DEBUG]: findfont: score(FontEntry(fname='C:\\WINDOWS\\Fonts\\BERNHC.TTF', name='Bernard MT Condensed', style='normal', variant='normal', weight=400, stretch='condensed', size='scalable')) = 10.25
2023-08-08 11:36:14 [DEBUG]: findfont: score(FontEntry(fname='C:\\Windows\\Fonts\\REFSAN.TTF', name='MS Reference Sans Serif', style='normal', variant='normal', weight=400, stretch='normal', size='scalable')) = 10.05
2023-08-08 11:36:14 [DEBUG]: findfont: score(FontEntry(fname='C:\\WINDOWS\\Fonts\\STLITI.TTF', name='STLiti', style='normal', variant='normal', weight=400, stretch='normal', size='scalable')) = 10.05
2023-08-08 11:36:14 [DEBUG]: findfont: score(FontEntry(fname='C:\\WINDOWS\\Fonts\\Inkfree.ttf', name='Ink Free', style='normal', variant='normal', weight=400, stretch='normal', size='scalable')) = 10.05
2023-08-08 11:36:14 [DEBUG]: findfont: score(FontEntry(fname='C:\\WINDOWS\\Fonts\\mingliub.ttc', name='MingLiU-ExtB', style='normal', variant='normal', weight=400, stretch='normal', size='scalable')) = 10.05
2023-08-08 11:36:14 [DEBUG]: findfont: score(FontEntry(fname='C:\\Windows\\Fonts\\ARIALNI.TTF', name='Arial', style='italic', variant='normal', weight=400, stretch='condensed', size='scalable')) = 1.25
2023-08-08 11:36:14 [DEBUG]: findfont: score(FontEntry(fname='C:\\Windows\\Fonts\\GILB____.TTF', name='Gill Sans MT', style='normal', variant='normal', weight=700, stretch='normal', size='scalable')) = 10.335
2023-08-08 11:36:14 [DEBUG]: findfont: score(FontEntry(fname='C:\\Windows\\Fonts\\georgiaz.ttf', name='Georgia', style='italic', variant='normal', weight=700, stretch='normal', size='scalable')) = 11.335
2023-08-08 11:36:14 [DEBUG]: findfont: score(FontEntry(fname='C:\\WINDOWS\\Fonts\\SNAP____.TTF', name='Snap ITC', style='normal', variant='normal', weight=400, stretch='normal', size='scalable')) = 10.05
2023-08-08 11:36:14 [DEBUG]: findfont: score(FontEntry(fname='C:\\Windows\\Fonts\\POORICH.TTF', name='Poor Richard', style='normal', variant='normal', weight=400, stretch='normal', size='scalable')) = 10.05
2023-08-08 11:36:14 [DEBUG]: findfont: score(FontEntry(fname='C:\\Windows\\Fonts\\GOUDOSB.TTF', name='Goudy Old Style', style='normal', variant='normal', weight=700, stretch='normal', size='scalable')) = 10.335
2023-08-08 11:36:14 [DEBUG]: findfont: score(FontEntry(fname='C:\\WINDOWS\\Fonts\\tahoma.ttf', name='Tahoma', style='normal', variant='normal', weight=400, stretch='normal', size='scalable')) = 10.05
2023-08-08 11:36:14 [DEBUG]: findfont: score(FontEntry(fname='C:\\Windows\\Fonts\\webdings.ttf', name='Webdings', style='normal', variant='normal', weight=400, stretch='normal', size='scalable')) = 10.05
2023-08-08 11:36:14 [DEBUG]: findfont: score(FontEntry(fname='C:\\WINDOWS\\Fonts\\BOD_CBI.TTF', name='Bodoni MT', style='italic', variant='normal', weight=700, stretch='condensed', size='scalable')) = 11.535
2023-08-08 11:36:14 [DEBUG]: findfont: score(FontEntry(fname='C:\\Windows\\Fonts\\RAGE.TTF', name='Rage Italic', style='italic', variant='normal', weight=400, stretch='normal', size='scalable')) = 11.05
2023-08-08 11:36:14 [DEBUG]: findfont: score(FontEntry(fname='C:\\Windows\\Fonts\\LFAX.TTF', name='Lucida Fax', style='normal', variant='normal', weight=400, stretch='normal', size='scalable')) = 10.05
2023-08-08 11:36:14 [DEBUG]: findfont: score(FontEntry(fname='C:\\Windows\\Fonts\\simsun.ttc', name='SimSun', style='normal', variant='normal', weight=400, stretch='normal', size='scalable')) = 10.05
2023-08-08 11:36:14 [DEBUG]: findfont: score(FontEntry(fname='C:\\Windows\\Fonts\\STKAITI.TTF', name='STKaiti', style='normal', variant='normal', weight=400, stretch='normal', size='scalable')) = 10.05
2023-08-08 11:36:14 [DEBUG]: findfont: score(FontEntry(fname='C:\\Windows\\Fonts\\LTYPEBO.TTF', name='Lucida Sans Typewriter', style='oblique', variant='normal', weight=600, stretch='normal', size='scalable')) = 11.24
2023-08-08 11:36:14 [DEBUG]: findfont: score(FontEntry(fname='C:\\Windows\\Fonts\\PLAYBILL.TTF', name='Playbill', style='normal', variant='normal', weight=400, stretch='normal', size='scalable')) = 10.05
2023-08-08 11:36:14 [DEBUG]: findfont: score(FontEntry(fname='C:\\WINDOWS\\Fonts\\consolaz.ttf', name='Consolas', style='italic', variant='normal', weight=700, stretch='normal', size='scalable')) = 11.335
2023-08-08 11:36:14 [DEBUG]: findfont: score(FontEntry(fname='C:\\Windows\\Fonts\\ERASMD.TTF', name='Eras Medium ITC', style='normal', variant='normal', weight=400, stretch='normal', size='scalable')) = 10.05
2023-08-08 11:36:14 [DEBUG]: findfont: score(FontEntry(fname='C:\\WINDOWS\\Fonts\\PERTIBD.TTF', name='Perpetua Titling MT', style='normal', variant='normal', weight=700, stretch='normal', size='scalable')) = 10.335
2023-08-08 11:36:14 [DEBUG]: findfont: score(FontEntry(fname='C:\\WINDOWS\\Fonts\\BRITANIC.TTF', name='Britannic Bold', style='normal', variant='normal', weight=400, stretch='normal', size='scalable')) = 10.05
2023-08-08 11:36:14 [DEBUG]: findfont: score(FontEntry(fname='C:\\Windows\\Fonts\\ANTQUAB.TTF', name='Book Antiqua', style='normal', variant='normal', weight=700, stretch='normal', size='scalable')) = 10.335
2023-08-08 11:36:14 [DEBUG]: findfont: score(FontEntry(fname='C:\\WINDOWS\\Fonts\\himalaya.ttf', name='Microsoft Himalaya', style='normal', variant='normal', weight=400, stretch='normal', size='scalable')) = 10.05
2023-08-08 11:36:14 [DEBUG]: findfont: score(FontEntry(fname='C:\\WINDOWS\\Fonts\\seguisbi.ttf', name='Segoe UI', style='italic', variant='normal', weight=600, stretch='normal', size='scalable')) = 11.24
2023-08-08 11:36:14 [DEBUG]: findfont: score(FontEntry(fname='C:\\Windows\\Fonts\\GILC____.TTF', name='Gill Sans MT Condensed', style='normal', variant='normal', weight=400, stretch='condensed', size='scalable')) = 10.25
2023-08-08 11:36:14 [DEBUG]: findfont: score(FontEntry(fname='C:\\Windows\\Fonts\\LBRITEI.TTF', name='Lucida Bright', style='italic', variant='normal', weight=400, stretch='normal', size='scalable')) = 11.05
2023-08-08 11:36:14 [DEBUG]: findfont: score(FontEntry(fname='C:\\WINDOWS\\Fonts\\corbel.ttf', name='Corbel', style='normal', variant='normal', weight=400, stretch='normal', size='scalable')) = 10.05
2023-08-08 11:36:14 [DEBUG]: findfont: score(FontEntry(fname='C:\\WINDOWS\\Fonts\\REFSAN.TTF', name='MS Reference Sans Serif', style='normal', variant='normal', weight=400, stretch='normal', size='scalable')) = 10.05
2023-08-08 11:36:14 [DEBUG]: findfont: score(FontEntry(fname='C:\\WINDOWS\\Fonts\\palabi.ttf', name='Palatino Linotype', style='italic', variant='normal', weight=700, stretch='normal', size='scalable')) = 11.335
2023-08-08 11:36:14 [DEBUG]: findfont: score(FontEntry(fname='C:\\Windows\\Fonts\\CENTURY.TTF', name='Century', style='normal', variant='normal', weight=400, stretch='normal', size='scalable')) = 10.05
2023-08-08 11:36:14 [DEBUG]: findfont: score(FontEntry(fname='C:\\WINDOWS\\Fonts\\seguibl.ttf', name='Segoe UI', style='normal', variant='normal', weight=900, stretch='normal', size='scalable')) = 10.525
2023-08-08 11:36:14 [DEBUG]: findfont: score(FontEntry(fname='C:\\Windows\\Fonts\\bahnschrift.ttf', name='Bahnschrift', style='normal', variant='normal', weight=400, stretch='normal', size='scalable')) = 10.05
2023-08-08 11:36:14 [DEBUG]: findfont: score(FontEntry(fname='C:\\Windows\\Fonts\\LTYPE.TTF', name='Lucida Sans Typewriter', style='normal', variant='normal', weight=400, stretch='normal', size='scalable')) = 10.05
2023-08-08 11:36:14 [DEBUG]: findfont: score(FontEntry(fname='C:\\Windows\\Fonts\\ARIALNBI.TTF', name='Arial', style='italic', variant='normal', weight=700, stretch='condensed', size='scalable')) = 1.535
2023-08-08 11:36:14 [DEBUG]: findfont: score(FontEntry(fname='C:\\WINDOWS\\Fonts\\BAUHS93.TTF', name='Bauhaus 93', style='normal', variant='normal', weight=400, stretch='normal', size='scalable')) = 10.05
2023-08-08 11:36:14 [DEBUG]: findfont: score(FontEntry(fname='C:\\Windows\\Fonts\\seguibli.ttf', name='Segoe UI', style='italic', variant='normal', weight=900, stretch='normal', size='scalable')) = 11.525
2023-08-08 11:36:14 [DEBUG]: findfont: score(FontEntry(fname='C:\\WINDOWS\\Fonts\\ebrima.ttf', name='Ebrima', style='normal', variant='normal', weight=400, stretch='normal', size='scalable')) = 10.05
2023-08-08 11:36:14 [DEBUG]: findfont: score(FontEntry(fname='C:\\Windows\\Fonts\\PERBI___.TTF', name='Perpetua', style='italic', variant='normal', weight=700, stretch='normal', size='scalable')) = 11.335
2023-08-08 11:36:14 [DEBUG]: findfont: score(FontEntry(fname='C:\\WINDOWS\\Fonts\\calibrili.ttf', name='Calibri', style='italic', variant='normal', weight=300, stretch='normal', size='scalable')) = 11.145
2023-08-08 11:36:14 [DEBUG]: findfont: score(FontEntry(fname='C:\\Windows\\Fonts\\segoeuisl.ttf', name='Segoe UI', style='normal', variant='normal', weight=350, stretch='normal', size='scalable')) = 10.0975
2023-08-08 11:36:14 [DEBUG]: findfont: score(FontEntry(fname='C:\\WINDOWS\\Fonts\\STXINGKA.TTF', name='STXingkai', style='normal', variant='normal', weight=400, stretch='normal', size='scalable')) = 10.05
2023-08-08 11:36:14 [DEBUG]: findfont: score(FontEntry(fname='C:\\Windows\\Fonts\\KUNSTLER.TTF', name='Kunstler Script', style='normal', variant='normal', weight=400, stretch='normal', size='scalable')) = 10.05
2023-08-08 11:36:14 [DEBUG]: findfont: score(FontEntry(fname='C:\\WINDOWS\\Fonts\\YuGothL.ttc', name='Yu Gothic', style='normal', variant='normal', weight=300, stretch='normal', size='scalable')) = 10.145
2023-08-08 11:36:14 [DEBUG]: findfont: score(FontEntry(fname='C:\\Windows\\Fonts\\ELEPHNT.TTF', name='Elephant', style='normal', variant='normal', weight=400, stretch='normal', size='scalable')) = 10.05
2023-08-08 11:36:14 [DEBUG]: findfont: score(FontEntry(fname='C:\\Windows\\Fonts\\VIVALDII.TTF', name='Vivaldi', style='italic', variant='normal', weight=400, stretch='normal', size='scalable')) = 11.05
2023-08-08 11:36:14 [DEBUG]: findfont: score(FontEntry(fname='C:\\WINDOWS\\Fonts\\STENCIL.TTF', name='Stencil', style='normal', variant='normal', weight=400, stretch='normal', size='scalable')) = 10.05
2023-08-08 11:36:14 [DEBUG]: findfont: score(FontEntry(fname='C:\\Windows\\Fonts\\FRAMDCN.TTF', name='Franklin Gothic Medium Cond', style='normal', variant='normal', weight=400, stretch='condensed', size='scalable')) = 10.25
2023-08-08 11:36:14 [DEBUG]: findfont: score(FontEntry(fname='C:\\WINDOWS\\Fonts\\segoeuib.ttf', name='Segoe UI', style='normal', variant='normal', weight=700, stretch='normal', size='scalable')) = 10.335
2023-08-08 11:36:14 [DEBUG]: findfont: score(FontEntry(fname='C:\\Windows\\Fonts\\cour.ttf', name='Courier New', style='normal', variant='normal', weight=400, stretch='normal', size='scalable')) = 10.05
2023-08-08 11:36:14 [DEBUG]: findfont: score(FontEntry(fname='C:\\WINDOWS\\Fonts\\LTYPEBO.TTF', name='Lucida Sans Typewriter', style='oblique', variant='normal', weight=600, stretch='normal', size='scalable')) = 11.24
2023-08-08 11:36:14 [DEBUG]: findfont: score(FontEntry(fname='C:\\WINDOWS\\Fonts\\Deng.ttf', name='DengXian', style='normal', variant='normal', weight=400, stretch='normal', size='scalable')) = 10.05
2023-08-08 11:36:14 [DEBUG]: findfont: score(FontEntry(fname='C:\\Windows\\Fonts\\CALISTBI.TTF', name='Calisto MT', style='italic', variant='normal', weight=700, stretch='normal', size='scalable')) = 11.335
2023-08-08 11:36:14 [DEBUG]: findfont: score(FontEntry(fname='C:\\Windows\\Fonts\\COPRGTL.TTF', name='Copperplate Gothic Light', style='normal', variant='normal', weight=400, stretch='normal', size='scalable')) = 10.05
2023-08-08 11:36:14 [DEBUG]: findfont: score(FontEntry(fname='C:\\WINDOWS\\Fonts\\BOOKOSB.TTF', name='Bookman Old Style', style='normal', variant='normal', weight=600, stretch='normal', size='scalable')) = 10.24
2023-08-08 11:36:14 [DEBUG]: findfont: score(FontEntry(fname='C:\\Windows\\Fonts\\segoeuii.ttf', name='Segoe UI', style='italic', variant='normal', weight=400, stretch='normal', size='scalable')) = 11.05
2023-08-08 11:36:14 [DEBUG]: findfont: score(FontEntry(fname='C:\\WINDOWS\\Fonts\\DUBAI-REGULAR.TTF', name='Dubai', style='normal', variant='normal', weight=400, stretch='normal', size='scalable')) = 10.05
2023-08-08 11:36:14 [DEBUG]: findfont: score(FontEntry(fname='C:\\Windows\\Fonts\\BRUSHSCI.TTF', name='Brush Script MT', style='italic', variant='normal', weight=400, stretch='normal', size='scalable')) = 11.05
2023-08-08 11:36:14 [DEBUG]: findfont: score(FontEntry(fname='C:\\Windows\\Fonts\\WINGDNG2.TTF', name='Wingdings 2', style='normal', variant='normal', weight=400, stretch='normal', size='scalable')) = 10.05
2023-08-08 11:36:14 [DEBUG]: findfont: score(FontEntry(fname='C:\\Windows\\Fonts\\trebucbd.ttf', name='Trebuchet MS', style='normal', variant='normal', weight=700, stretch='normal', size='scalable')) = 10.335
2023-08-08 11:36:14 [DEBUG]: findfont: score(FontEntry(fname='C:\\WINDOWS\\Fonts\\seguisli.ttf', name='Segoe UI', style='italic', variant='normal', weight=350, stretch='normal', size='scalable')) = 11.0975
2023-08-08 11:36:14 [DEBUG]: findfont: score(FontEntry(fname='C:\\WINDOWS\\Fonts\\SCHLBKBI.TTF', name='Century Schoolbook', style='italic', variant='normal', weight=700, stretch='normal', size='scalable')) = 11.335
2023-08-08 11:36:14 [DEBUG]: findfont: score(FontEntry(fname='C:\\WINDOWS\\Fonts\\CENTAUR.TTF', name='Centaur', style='normal', variant='normal', weight=400, stretch='normal', size='scalable')) = 10.05
2023-08-08 11:36:14 [DEBUG]: findfont: score(FontEntry(fname='C:\\Windows\\Fonts\\LEELAWAD.TTF', name='Leelawadee', style='normal', variant='normal', weight=400, stretch='normal', size='scalable')) = 10.05
2023-08-08 11:36:14 [DEBUG]: findfont: score(FontEntry(fname='C:\\WINDOWS\\Fonts\\sylfaen.ttf', name='Sylfaen', style='normal', variant='normal', weight=400, stretch='normal', size='scalable')) = 10.05
2023-08-08 11:36:14 [DEBUG]: findfont: score(FontEntry(fname='C:\\WINDOWS\\Fonts\\LBRITED.TTF', name='Lucida Bright', style='normal', variant='normal', weight=600, stretch='normal', size='scalable')) = 10.24
2023-08-08 11:36:14 [DEBUG]: findfont: score(FontEntry(fname='C:\\WINDOWS\\Fonts\\DUBAI-BOLD.TTF', name='Dubai', style='normal', variant='normal', weight=700, stretch='normal', size='scalable')) = 10.335
2023-08-08 11:36:14 [DEBUG]: findfont: score(FontEntry(fname='C:\\WINDOWS\\Fonts\\LeelawUI.ttf', name='Leelawadee UI', style='normal', variant='normal', weight=400, stretch='normal', size='scalable')) = 10.05
2023-08-08 11:36:14 [DEBUG]: findfont: score(FontEntry(fname='C:\\WINDOWS\\Fonts\\l_10646.ttf', name='Lucida Sans Unicode', style='normal', variant='normal', weight=400, stretch='normal', size='scalable')) = 10.05
2023-08-08 11:36:14 [DEBUG]: findfont: score(FontEntry(fname='C:\\WINDOWS\\Fonts\\verdanaz.ttf', name='Verdana', style='italic', variant='normal', weight=700, stretch='normal', size='scalable')) = 11.335
2023-08-08 11:36:14 [DEBUG]: findfont: score(FontEntry(fname='C:\\Windows\\Fonts\\LeelUIsl.ttf', name='Leelawadee UI', style='normal', variant='normal', weight=350, stretch='normal', size='scalable')) = 10.0975
2023-08-08 11:36:14 [DEBUG]: findfont: score(FontEntry(fname='C:\\WINDOWS\\Fonts\\FRADMIT.TTF', name='Franklin Gothic Demi', style='italic', variant='normal', weight=400, stretch='normal', size='scalable')) = 11.05
2023-08-08 11:36:14 [DEBUG]: findfont: score(FontEntry(fname='C:\\WINDOWS\\Fonts\\CALIST.TTF', name='Calisto MT', style='normal', variant='normal', weight=400, stretch='normal', size='scalable')) = 10.05
2023-08-08 11:36:14 [DEBUG]: findfont: score(FontEntry(fname='C:\\Windows\\Fonts\\STXIHEI.TTF', name='STXihei', style='normal', variant='normal', weight=400, stretch='normal', size='scalable')) = 10.05
2023-08-08 11:36:14 [DEBUG]: findfont: score(FontEntry(fname='C:\\Windows\\Fonts\\LATINWD.TTF', name='Wide Latin', style='normal', variant='normal', weight=400, stretch='expanded', size='scalable')) = 10.25
2023-08-08 11:36:14 [DEBUG]: findfont: score(FontEntry(fname='C:\\WINDOWS\\Fonts\\msjh.ttc', name='Microsoft JhengHei', style='normal', variant='normal', weight=400, stretch='normal', size='scalable')) = 10.05
2023-08-08 11:36:14 [DEBUG]: findfont: score(FontEntry(fname='C:\\WINDOWS\\Fonts\\GIGI.TTF', name='Gigi', style='normal', variant='normal', weight=400, stretch='normal', size='scalable')) = 10.05
2023-08-08 11:36:14 [DEBUG]: findfont: score(FontEntry(fname='C:\\WINDOWS\\Fonts\\cour.ttf', name='Courier New', style='normal', variant='normal', weight=400, stretch='normal', size='scalable')) = 10.05
2023-08-08 11:36:14 [DEBUG]: findfont: score(FontEntry(fname='C:\\WINDOWS\\Fonts\\corbelb.ttf', name='Corbel', style='normal', variant='normal', weight=700, stretch='normal', size='scalable')) = 10.335
2023-08-08 11:36:14 [DEBUG]: findfont: score(FontEntry(fname='C:\\WINDOWS\\Fonts\\NirmalaB.ttf', name='Nirmala UI', style='normal', variant='normal', weight=700, stretch='normal', size='scalable')) = 10.335
2023-08-08 11:36:14 [DEBUG]: findfont: score(FontEntry(fname='C:\\Windows\\Fonts\\georgiab.ttf', name='Georgia', style='normal', variant='normal', weight=700, stretch='normal', size='scalable')) = 10.335
2023-08-08 11:36:14 [DEBUG]: findfont: score(FontEntry(fname='C:\\WINDOWS\\Fonts\\couri.ttf', name='Courier New', style='italic', variant='normal', weight=400, stretch='normal', size='scalable')) = 11.05
2023-08-08 11:36:14 [DEBUG]: findfont: score(FontEntry(fname='C:\\Windows\\Fonts\\LEELAWDB.TTF', name='Leelawadee', style='normal', variant='normal', weight=700, stretch='normal', size='scalable')) = 10.335
2023-08-08 11:36:14 [DEBUG]: findfont: score(FontEntry(fname='C:\\WINDOWS\\Fonts\\FRADMCN.TTF', name='Franklin Gothic Demi Cond', style='normal', variant='normal', weight=400, stretch='condensed', size='scalable')) = 10.25
2023-08-08 11:36:14 [DEBUG]: findfont: score(FontEntry(fname='C:\\Windows\\Fonts\\corbell.ttf', name='Corbel', style='normal', variant='normal', weight=300, stretch='normal', size='scalable')) = 10.145
2023-08-08 11:36:14 [DEBUG]: findfont: score(FontEntry(fname='C:\\Windows\\Fonts\\MAIAN.TTF', name='Maiandra GD', style='normal', variant='normal', weight=400, stretch='normal', size='scalable')) = 10.05
2023-08-08 11:36:14 [DEBUG]: findfont: score(FontEntry(fname='C:\\WINDOWS\\Fonts\\BOD_PSTC.TTF', name='Bodoni MT', style='normal', variant='normal', weight=300, stretch='normal', size='scalable')) = 10.145
2023-08-08 11:36:14 [DEBUG]: findfont: score(FontEntry(fname='C:\\WINDOWS\\Fonts\\arialbi.ttf', name='Arial', style='italic', variant='normal', weight=700, stretch='normal', size='scalable')) = 1.335
2023-08-08 11:36:14 [DEBUG]: findfont: score(FontEntry(fname='C:\\Windows\\Fonts\\verdanab.ttf', name='Verdana', style='normal', variant='normal', weight=700, stretch='normal', size='scalable')) = 10.335
2023-08-08 11:36:14 [DEBUG]: findfont: score(FontEntry(fname='C:\\WINDOWS\\Fonts\\BRLNSB.TTF', name='Berlin Sans FB', style='normal', variant='normal', weight=700, stretch='normal', size='scalable')) = 10.335
2023-08-08 11:36:14 [DEBUG]: findfont: score(FontEntry(fname='C:\\WINDOWS\\Fonts\\consola.ttf', name='Consolas', style='normal', variant='normal', weight=400, stretch='normal', size='scalable')) = 10.05
2023-08-08 11:36:14 [DEBUG]: findfont: score(FontEntry(fname='C:\\WINDOWS\\Fonts\\msjhbd.ttc', name='Microsoft JhengHei', style='normal', variant='normal', weight=700, stretch='normal', size='scalable')) = 10.335
2023-08-08 11:36:14 [DEBUG]: findfont: score(FontEntry(fname='C:\\WINDOWS\\Fonts\\PAPYRUS.TTF', name='Papyrus', style='normal', variant='normal', weight=400, stretch='normal', size='scalable')) = 10.05
2023-08-08 11:36:14 [DEBUG]: findfont: score(FontEntry(fname='C:\\Windows\\Fonts\\GOUDOS.TTF', name='Goudy Old Style', style='normal', variant='normal', weight=400, stretch='normal', size='scalable')) = 10.05
2023-08-08 11:36:14 [DEBUG]: findfont: score(FontEntry(fname='C:\\Windows\\Fonts\\Candarali.ttf', name='Candara', style='italic', variant='normal', weight=400, stretch='normal', size='scalable')) = 11.05
2023-08-08 11:36:14 [DEBUG]: findfont: score(FontEntry(fname='C:\\Windows\\Fonts\\simsunb.ttf', name='SimSun-ExtB', style='normal', variant='normal', weight=400, stretch='normal', size='scalable')) = 10.05
2023-08-08 11:36:14 [DEBUG]: findfont: score(FontEntry(fname='C:\\Windows\\Fonts\\BRLNSR.TTF', name='Berlin Sans FB', style='normal', variant='normal', weight=400, stretch='normal', size='scalable')) = 10.05
2023-08-08 11:36:14 [DEBUG]: findfont: score(FontEntry(fname='C:\\Windows\\Fonts\\seguili.ttf', name='Segoe UI', style='italic', variant='normal', weight=300, stretch='normal', size='scalable')) = 11.145
2023-08-08 11:36:14 [DEBUG]: findfont: score(FontEntry(fname='C:\\Windows\\Fonts\\constani.ttf', name='Constantia', style='italic', variant='normal', weight=400, stretch='normal', size='scalable')) = 11.05
2023-08-08 11:36:14 [DEBUG]: findfont: score(FontEntry(fname='C:\\WINDOWS\\Fonts\\BOD_CB.TTF', name='Bodoni MT', style='normal', variant='normal', weight=700, stretch='condensed', size='scalable')) = 10.535
2023-08-08 11:36:14 [DEBUG]: findfont: score(FontEntry(fname='C:\\Windows\\Fonts\\OLDENGL.TTF', name='Old English Text MT', style='normal', variant='normal', weight=400, stretch='normal', size='scalable')) = 10.05
2023-08-08 11:36:14 [DEBUG]: findfont: score(FontEntry(fname='C:\\WINDOWS\\Fonts\\ROCK.TTF', name='Rockwell', style='normal', variant='normal', weight=400, stretch='normal', size='scalable')) = 10.05
2023-08-08 11:36:14 [DEBUG]: findfont: score(FontEntry(fname='C:\\Windows\\Fonts\\DUBAI-MEDIUM.TTF', name='Dubai', style='normal', variant='normal', weight=500, stretch='normal', size='scalable')) = 10.145
2023-08-08 11:36:14 [DEBUG]: findfont: score(FontEntry(fname='C:\\Windows\\Fonts\\JOKERMAN.TTF', name='Jokerman', style='normal', variant='normal', weight=400, stretch='normal', size='scalable')) = 10.05
2023-08-08 11:36:14 [DEBUG]: findfont: score(FontEntry(fname='C:\\Windows\\Fonts\\LSANS.TTF', name='Lucida Sans', style='normal', variant='normal', weight=400, stretch='normal', size='scalable')) = 10.05
2023-08-08 11:36:14 [DEBUG]: findfont: score(FontEntry(fname='C:\\WINDOWS\\Fonts\\simfang.ttf', name='FangSong', style='normal', variant='normal', weight=400, stretch='normal', size='scalable')) = 10.05
2023-08-08 11:36:14 [DEBUG]: findfont: score(FontEntry(fname='C:\\WINDOWS\\Fonts\\marlett.ttf', name='Marlett', style='normal', variant='normal', weight=500, stretch='normal', size='scalable')) = 10.145
2023-08-08 11:36:14 [DEBUG]: findfont: score(FontEntry(fname='C:\\WINDOWS\\Fonts\\YuGothR.ttc', name='Yu Gothic', style='normal', variant='normal', weight=400, stretch='normal', size='scalable')) = 10.05
2023-08-08 11:36:14 [DEBUG]: findfont: score(FontEntry(fname='C:\\WINDOWS\\Fonts\\LHANDW.TTF', name='Lucida Handwriting', style='italic', variant='normal', weight=400, stretch='normal', size='scalable')) = 11.05
2023-08-08 11:36:14 [DEBUG]: findfont: score(FontEntry(fname='C:\\WINDOWS\\Fonts\\TCCB____.TTF', name='Tw Cen MT Condensed', style='normal', variant='normal', weight=700, stretch='condensed', size='scalable')) = 10.535
2023-08-08 11:36:14 [DEBUG]: findfont: score(FontEntry(fname='C:\\WINDOWS\\Fonts\\palai.ttf', name='Palatino Linotype', style='italic', variant='normal', weight=400, stretch='normal', size='scalable')) = 11.05
2023-08-08 11:36:14 [DEBUG]: findfont: score(FontEntry(fname='C:\\WINDOWS\\Fonts\\YuGothM.ttc', name='Yu Gothic', style='normal', variant='normal', weight=500, stretch='normal', size='scalable')) = 10.145
2023-08-08 11:36:14 [DEBUG]: findfont: score(FontEntry(fname='C:\\WINDOWS\\Fonts\\FZYTK.TTF', name='FZYaoTi', style='normal', variant='normal', weight=400, stretch='normal', size='scalable')) = 10.05
2023-08-08 11:36:14 [DEBUG]: findfont: score(FontEntry(fname='C:\\WINDOWS\\Fonts\\times.ttf', name='Times New Roman', style='normal', variant='normal', weight=400, stretch='normal', size='scalable')) = 10.05
2023-08-08 11:36:14 [DEBUG]: findfont: score(FontEntry(fname='C:\\Windows\\Fonts\\BKANT.TTF', name='Book Antiqua', style='normal', variant='normal', weight=400, stretch='normal', size='scalable')) = 10.05
2023-08-08 11:36:14 [DEBUG]: findfont: score(FontEntry(fname='C:\\WINDOWS\\Fonts\\GOUDOS.TTF', name='Goudy Old Style', style='normal', variant='normal', weight=400, stretch='normal', size='scalable')) = 10.05
2023-08-08 11:36:14 [DEBUG]: findfont: score(FontEntry(fname='C:\\Windows\\Fonts\\verdanaz.ttf', name='Verdana', style='italic', variant='normal', weight=700, stretch='normal', size='scalable')) = 11.335
2023-08-08 11:36:14 [DEBUG]: findfont: score(FontEntry(fname='C:\\Windows\\Fonts\\seguiemj.ttf', name='Segoe UI Emoji', style='normal', variant='normal', weight=400, stretch='normal', size='scalable')) = 10.05
2023-08-08 11:36:14 [DEBUG]: findfont: score(FontEntry(fname='C:\\Windows\\Fonts\\FRABKIT.TTF', name='Franklin Gothic Book', style='italic', variant='normal', weight=400, stretch='normal', size='scalable')) = 11.05
2023-08-08 11:36:14 [DEBUG]: findfont: score(FontEntry(fname='C:\\WINDOWS\\Fonts\\ROCKB.TTF', name='Rockwell', style='normal', variant='normal', weight=700, stretch='normal', size='scalable')) = 10.335
2023-08-08 11:36:14 [DEBUG]: findfont: score(FontEntry(fname='C:\\Windows\\Fonts\\HTOWERT.TTF', name='High Tower Text', style='normal', variant='normal', weight=400, stretch='normal', size='scalable')) = 10.05
2023-08-08 11:36:14 [DEBUG]: findfont: score(FontEntry(fname='C:\\Windows\\Fonts\\FTLTLT.TTF', name='Footlight MT Light', style='normal', variant='normal', weight=300, stretch='normal', size='scalable')) = 10.145
2023-08-08 11:36:14 [DEBUG]: findfont: score(FontEntry(fname='C:\\Windows\\Fonts\\SCRIPTBL.TTF', name='Script MT Bold', style='normal', variant='normal', weight=700, stretch='normal', size='scalable')) = 10.335
2023-08-08 11:36:14 [DEBUG]: findfont: score(FontEntry(fname='C:\\WINDOWS\\Fonts\\calibril.ttf', name='Calibri', style='normal', variant='normal', weight=300, stretch='normal', size='scalable')) = 10.145
2023-08-08 11:36:14 [DEBUG]: findfont: score(FontEntry(fname='C:\\WINDOWS\\Fonts\\MAIAN.TTF', name='Maiandra GD', style='normal', variant='normal', weight=400, stretch='normal', size='scalable')) = 10.05
2023-08-08 11:36:14 [DEBUG]: findfont: score(FontEntry(fname='C:\\WINDOWS\\Fonts\\TCM_____.TTF', name='Tw Cen MT', style='normal', variant='normal', weight=400, stretch='normal', size='scalable')) = 10.05
2023-08-08 11:36:14 [DEBUG]: findfont: score(FontEntry(fname='C:\\WINDOWS\\Fonts\\GOTHICB.TTF', name='Century Gothic', style='normal', variant='normal', weight=700, stretch='normal', size='scalable')) = 10.335
2023-08-08 11:36:14 [DEBUG]: findfont: score(FontEntry(fname='C:\\WINDOWS\\Fonts\\NirmalaS.ttf', name='Nirmala UI', style='normal', variant='normal', weight=350, stretch='normal', size='scalable')) = 10.0975
2023-08-08 11:36:14 [DEBUG]: findfont: score(FontEntry(fname='C:\\WINDOWS\\Fonts\\SitkaB.ttc', name='Sitka Small', style='normal', variant='normal', weight=700, stretch='normal', size='scalable')) = 10.335
2023-08-08 11:36:14 [DEBUG]: findfont: score(FontEntry(fname='C:\\Windows\\Fonts\\ROCKBI.TTF', name='Rockwell', style='italic', variant='normal', weight=700, stretch='normal', size='scalable')) = 11.335
2023-08-08 11:36:14 [DEBUG]: findfont: score(FontEntry(fname='C:\\WINDOWS\\Fonts\\corbeli.ttf', name='Corbel', style='italic', variant='normal', weight=400, stretch='normal', size='scalable')) = 11.05
2023-08-08 11:36:14 [DEBUG]: findfont: score(FontEntry(fname='C:\\Windows\\Fonts\\segoesc.ttf', name='Segoe Script', style='normal', variant='normal', weight=400, stretch='normal', size='scalable')) = 10.05
2023-08-08 11:36:14 [DEBUG]: findfont: score(FontEntry(fname='C:\\Windows\\Fonts\\Sitka.ttc', name='Sitka Small', style='normal', variant='normal', weight=400, stretch='normal', size='scalable')) = 10.05
2023-08-08 11:36:14 [DEBUG]: findfont: score(FontEntry(fname='C:\\WINDOWS\\Fonts\\ANTQUAB.TTF', name='Book Antiqua', style='normal', variant='normal', weight=700, stretch='normal', size='scalable')) = 10.335
2023-08-08 11:36:14 [DEBUG]: findfont: score(FontEntry(fname='C:\\WINDOWS\\Fonts\\comicbd.ttf', name='Comic Sans MS', style='normal', variant='normal', weight=700, stretch='normal', size='scalable')) = 10.335
2023-08-08 11:36:14 [DEBUG]: findfont: score(FontEntry(fname='C:\\Windows\\Fonts\\GLSNECB.TTF', name='Gill Sans MT Ext Condensed Bold', style='normal', variant='normal', weight=400, stretch='condensed', size='scalable')) = 10.25
2023-08-08 11:36:14 [DEBUG]: findfont: score(FontEntry(fname='C:\\Windows\\Fonts\\mingliub.ttc', name='MingLiU-ExtB', style='normal', variant='normal', weight=400, stretch='normal', size='scalable')) = 10.05
2023-08-08 11:36:14 [DEBUG]: findfont: score(FontEntry(fname='C:\\WINDOWS\\Fonts\\Dengl.ttf', name='DengXian', style='normal', variant='normal', weight=300, stretch='normal', size='scalable')) = 10.145
2023-08-08 11:36:14 [DEBUG]: findfont: score(FontEntry(fname='C:\\WINDOWS\\Fonts\\segoeuiz.ttf', name='Segoe UI', style='italic', variant='normal', weight=700, stretch='normal', size='scalable')) = 11.335
2023-08-08 11:36:14 [DEBUG]: findfont: score(FontEntry(fname='C:\\WINDOWS\\Fonts\\REFSPCL.TTF', name='MS Reference Specialty', style='normal', variant='normal', weight=400, stretch='normal', size='scalable')) = 10.05
2023-08-08 11:36:14 [DEBUG]: findfont: score(FontEntry(fname='C:\\WINDOWS\\Fonts\\framdit.ttf', name='Franklin Gothic Medium', style='italic', variant='normal', weight=400, stretch='normal', size='scalable')) = 11.05
2023-08-08 11:36:14 [DEBUG]: findfont: score(FontEntry(fname='C:\\WINDOWS\\Fonts\\symbol.ttf', name='Symbol', style='normal', variant='normal', weight=400, stretch='normal', size='scalable')) = 10.05
2023-08-08 11:36:14 [DEBUG]: findfont: score(FontEntry(fname='C:\\WINDOWS\\Fonts\\ITCEDSCR.TTF', name='Edwardian Script ITC', style='normal', variant='normal', weight=400, stretch='normal', size='scalable')) = 10.05
2023-08-08 11:36:14 [DEBUG]: findfont: score(FontEntry(fname='C:\\Windows\\Fonts\\PERTIBD.TTF', name='Perpetua Titling MT', style='normal', variant='normal', weight=700, stretch='normal', size='scalable')) = 10.335
2023-08-08 11:36:14 [DEBUG]: findfont: score(FontEntry(fname='C:\\WINDOWS\\Fonts\\NIAGSOL.TTF', name='Niagara Solid', style='normal', variant='normal', weight=400, stretch='normal', size='scalable')) = 10.05
2023-08-08 11:36:14 [DEBUG]: findfont: score(FontEntry(fname='C:\\Windows\\Fonts\\segoeprb.ttf', name='Segoe Print', style='normal', variant='normal', weight=700, stretch='normal', size='scalable')) = 10.335
2023-08-08 11:36:14 [DEBUG]: findfont: score(FontEntry(fname='C:\\Windows\\Fonts\\comicz.ttf', name='Comic Sans MS', style='italic', variant='normal', weight=700, stretch='normal', size='scalable')) = 11.335
2023-08-08 11:36:14 [DEBUG]: findfont: score(FontEntry(fname='C:\\Windows\\Fonts\\framdit.ttf', name='Franklin Gothic Medium', style='italic', variant='normal', weight=400, stretch='normal', size='scalable')) = 11.05
2023-08-08 11:36:14 [DEBUG]: findfont: score(FontEntry(fname='C:\\WINDOWS\\Fonts\\malgunbd.ttf', name='Malgun Gothic', style='normal', variant='normal', weight=700, stretch='normal', size='scalable')) = 10.335
2023-08-08 11:36:14 [DEBUG]: findfont: score(FontEntry(fname='C:\\Windows\\Fonts\\GILI____.TTF', name='Gill Sans MT', style='italic', variant='normal', weight=400, stretch='normal', size='scalable')) = 11.05
2023-08-08 11:36:14 [DEBUG]: findfont: score(FontEntry(fname='C:\\WINDOWS\\Fonts\\FRAMDCN.TTF', name='Franklin Gothic Medium Cond', style='normal', variant='normal', weight=400, stretch='condensed', size='scalable')) = 10.25
2023-08-08 11:36:14 [DEBUG]: findfont: score(FontEntry(fname='C:\\Windows\\Fonts\\segoeui.ttf', name='Segoe UI', style='normal', variant='normal', weight=400, stretch='normal', size='scalable')) = 10.05
2023-08-08 11:36:14 [DEBUG]: findfont: score(FontEntry(fname='C:\\Windows\\Fonts\\FRADM.TTF', name='Franklin Gothic Demi', style='normal', variant='normal', weight=400, stretch='normal', size='scalable')) = 10.05
2023-08-08 11:36:14 [DEBUG]: findfont: score(FontEntry(fname='C:\\Windows\\Fonts\\AGENCYB.TTF', name='Agency FB', style='normal', variant='normal', weight=700, stretch='normal', size='scalable')) = 10.335
2023-08-08 11:36:14 [DEBUG]: findfont: score(FontEntry(fname='C:\\Windows\\Fonts\\ERASDEMI.TTF', name='Eras Demi ITC', style='normal', variant='normal', weight=400, stretch='normal', size='scalable')) = 10.05
2023-08-08 11:36:14 [DEBUG]: findfont: score(FontEntry(fname='C:\\Windows\\Fonts\\DUBAI-BOLD.TTF', name='Dubai', style='normal', variant='normal', weight=700, stretch='normal', size='scalable')) = 10.335
2023-08-08 11:36:14 [DEBUG]: findfont: score(FontEntry(fname='C:\\WINDOWS\\Fonts\\corbelz.ttf', name='Corbel', style='italic', variant='normal', weight=700, stretch='normal', size='scalable')) = 11.335
2023-08-08 11:36:14 [DEBUG]: findfont: score(FontEntry(fname='C:\\WINDOWS\\Fonts\\GILB____.TTF', name='Gill Sans MT', style='normal', variant='normal', weight=700, stretch='normal', size='scalable')) = 10.335
2023-08-08 11:36:14 [DEBUG]: findfont: score(FontEntry(fname='C:\\Windows\\Fonts\\STLITI.TTF', name='STLiti', style='normal', variant='normal', weight=400, stretch='normal', size='scalable')) = 10.05
2023-08-08 11:36:14 [DEBUG]: findfont: score(FontEntry(fname='C:\\WINDOWS\\Fonts\\segoeuii.ttf', name='Segoe UI', style='italic', variant='normal', weight=400, stretch='normal', size='scalable')) = 11.05
2023-08-08 11:36:14 [DEBUG]: findfont: score(FontEntry(fname='C:\\WINDOWS\\Fonts\\verdanai.ttf', name='Verdana', style='italic', variant='normal', weight=400, stretch='normal', size='scalable')) = 11.05
2023-08-08 11:36:14 [DEBUG]: findfont: score(FontEntry(fname='C:\\WINDOWS\\Fonts\\PARCHM.TTF', name='Parchment', style='normal', variant='normal', weight=400, stretch='normal', size='scalable')) = 10.05
2023-08-08 11:36:14 [DEBUG]: findfont: score(FontEntry(fname='C:\\Windows\\Fonts\\segoeuil.ttf', name='Segoe UI', style='normal', variant='normal', weight=300, stretch='normal', size='scalable')) = 10.145
2023-08-08 11:36:14 [DEBUG]: findfont: score(FontEntry(fname='C:\\Windows\\Fonts\\Nirmala.ttf', name='Nirmala UI', style='normal', variant='normal', weight=400, stretch='normal', size='scalable')) = 10.05
2023-08-08 11:36:14 [DEBUG]: findfont: score(FontEntry(fname='C:\\WINDOWS\\Fonts\\LFAXD.TTF', name='Lucida Fax', style='normal', variant='normal', weight=600, stretch='normal', size='scalable')) = 10.24
2023-08-08 11:36:14 [DEBUG]: findfont: score(FontEntry(fname='C:\\Windows\\Fonts\\BASKVILL.TTF', name='Baskerville Old Face', style='normal', variant='normal', weight=400, stretch='normal', size='scalable')) = 10.05
2023-08-08 11:36:14 [DEBUG]: findfont: score(FontEntry(fname='C:\\WINDOWS\\Fonts\\ERASBD.TTF', name='Eras Bold ITC', style='normal', variant='normal', weight=400, stretch='normal', size='scalable')) = 10.05
2023-08-08 11:36:14 [DEBUG]: findfont: score(FontEntry(fname='C:\\WINDOWS\\Fonts\\STKAITI.TTF', name='STKaiti', style='normal', variant='normal', weight=400, stretch='normal', size='scalable')) = 10.05
2023-08-08 11:36:14 [DEBUG]: findfont: score(FontEntry(fname='C:\\Windows\\Fonts\\BSSYM7.TTF', name='Bookshelf Symbol 7', style='normal', variant='normal', weight=400, stretch='normal', size='scalable')) = 10.05
2023-08-08 11:36:14 [DEBUG]: findfont: score(FontEntry(fname='C:\\Windows\\Fonts\\HARLOWSI.TTF', name='Harlow Solid Italic', style='italic', variant='normal', weight=400, stretch='normal', size='scalable')) = 11.05
2023-08-08 11:36:14 [DEBUG]: findfont: score(FontEntry(fname='C:\\Windows\\Fonts\\BOOKOSI.TTF', name='Bookman Old Style', style='italic', variant='normal', weight=300, stretch='normal', size='scalable')) = 11.145
2023-08-08 11:36:14 [DEBUG]: findfont: score(FontEntry(fname='C:\\Windows\\Fonts\\YuGothL.ttc', name='Yu Gothic', style='normal', variant='normal', weight=300, stretch='normal', size='scalable')) = 10.145
2023-08-08 11:36:14 [DEBUG]: findfont: score(FontEntry(fname='C:\\Windows\\Fonts\\LSANSD.TTF', name='Lucida Sans', style='normal', variant='normal', weight=600, stretch='normal', size='scalable')) = 10.24
2023-08-08 11:36:14 [DEBUG]: findfont: score(FontEntry(fname='C:\\Windows\\Fonts\\LTYPEO.TTF', name='Lucida Sans Typewriter', style='oblique', variant='normal', weight=400, stretch='normal', size='scalable')) = 11.05
2023-08-08 11:36:14 [DEBUG]: findfont: score(FontEntry(fname='C:\\WINDOWS\\Fonts\\FRSCRIPT.TTF', name='French Script MT', style='normal', variant='normal', weight=400, stretch='normal', size='scalable')) = 10.05
2023-08-08 11:36:14 [DEBUG]: findfont: score(FontEntry(fname='C:\\WINDOWS\\Fonts\\Candarai.ttf', name='Candara', style='italic', variant='normal', weight=400, stretch='normal', size='scalable')) = 11.05
2023-08-08 11:36:14 [DEBUG]: findfont: score(FontEntry(fname='C:\\Windows\\Fonts\\calibri.ttf', name='Calibri', style='normal', variant='normal', weight=400, stretch='normal', size='scalable')) = 10.05
2023-08-08 11:36:14 [DEBUG]: findfont: score(FontEntry(fname='C:\\WINDOWS\\Fonts\\Sitka.ttc', name='Sitka Small', style='normal', variant='normal', weight=400, stretch='normal', size='scalable')) = 10.05
2023-08-08 11:36:14 [DEBUG]: findfont: score(FontEntry(fname='C:\\Windows\\Fonts\\CALISTI.TTF', name='Calisto MT', style='italic', variant='normal', weight=400, stretch='normal', size='scalable')) = 11.05
2023-08-08 11:36:14 [DEBUG]: findfont: score(FontEntry(fname='C:\\WINDOWS\\Fonts\\BRADHITC.TTF', name='Bradley Hand ITC', style='normal', variant='normal', weight=400, stretch='normal', size='scalable')) = 10.05
2023-08-08 11:36:14 [DEBUG]: findfont: score(FontEntry(fname='C:\\Windows\\Fonts\\ANTQUABI.TTF', name='Book Antiqua', style='italic', variant='normal', weight=700, stretch='normal', size='scalable')) = 11.335
2023-08-08 11:36:14 [DEBUG]: findfont: score(FontEntry(fname='C:\\WINDOWS\\Fonts\\ROCKI.TTF', name='Rockwell', style='italic', variant='normal', weight=400, stretch='normal', size='scalable')) = 11.05
2023-08-08 11:36:14 [DEBUG]: findfont: score(FontEntry(fname='C:\\Windows\\Fonts\\PER_____.TTF', name='Perpetua', style='normal', variant='normal', weight=400, stretch='normal', size='scalable')) = 10.05
2023-08-08 11:36:14 [DEBUG]: findfont: score(FontEntry(fname='C:\\WINDOWS\\Fonts\\timesi.ttf', name='Times New Roman', style='italic', variant='normal', weight=400, stretch='normal', size='scalable')) = 11.05
2023-08-08 11:36:14 [DEBUG]: findfont: score(FontEntry(fname='C:\\Windows\\Fonts\\mmrtextb.ttf', name='Myanmar Text', style='normal', variant='normal', weight=700, stretch='normal', size='scalable')) = 10.335
2023-08-08 11:36:14 [DEBUG]: findfont: score(FontEntry(fname='C:\\WINDOWS\\Fonts\\COPRGTB.TTF', name='Copperplate Gothic Bold', style='normal', variant='normal', weight=400, stretch='normal', size='scalable')) = 10.05
2023-08-08 11:36:14 [DEBUG]: findfont: score(FontEntry(fname='C:\\WINDOWS\\Fonts\\GILC____.TTF', name='Gill Sans MT Condensed', style='normal', variant='normal', weight=400, stretch='condensed', size='scalable')) = 10.25
2023-08-08 11:36:14 [DEBUG]: findfont: score(FontEntry(fname='C:\\Windows\\Fonts\\GLECB.TTF', name='Gloucester MT Extra Condensed', style='normal', variant='normal', weight=400, stretch='condensed', size='scalable')) = 10.25
2023-08-08 11:36:14 [DEBUG]: findfont: score(FontEntry(fname='C:\\WINDOWS\\Fonts\\ariblk.ttf', name='Arial', style='normal', variant='normal', weight=900, stretch='normal', size='scalable')) = 0.525
2023-08-08 11:36:14 [DEBUG]: findfont: score(FontEntry(fname='C:\\Windows\\Fonts\\micross.ttf', name='Microsoft Sans Serif', style='normal', variant='normal', weight=400, stretch='normal', size='scalable')) = 10.05
2023-08-08 11:36:14 [DEBUG]: findfont: score(FontEntry(fname='C:\\WINDOWS\\Fonts\\SCHLBKB.TTF', name='Century Schoolbook', style='normal', variant='normal', weight=700, stretch='normal', size='scalable')) = 10.335
2023-08-08 11:36:14 [DEBUG]: findfont: score(FontEntry(fname='C:\\Windows\\Fonts\\FREESCPT.TTF', name='Freestyle Script', style='normal', variant='normal', weight=400, stretch='normal', size='scalable')) = 10.05
2023-08-08 11:36:14 [DEBUG]: findfont: score(FontEntry(fname='C:\\Windows\\Fonts\\Dengl.ttf', name='DengXian', style='normal', variant='normal', weight=300, stretch='normal', size='scalable')) = 10.145
2023-08-08 11:36:14 [DEBUG]: findfont: score(FontEntry(fname='C:\\Windows\\Fonts\\BOD_BLAR.TTF', name='Bodoni MT', style='normal', variant='normal', weight=900, stretch='normal', size='scalable')) = 10.525
2023-08-08 11:36:14 [DEBUG]: findfont: score(FontEntry(fname='C:\\WINDOWS\\Fonts\\LCALLIG.TTF', name='Lucida Calligraphy', style='italic', variant='normal', weight=400, stretch='normal', size='scalable')) = 11.05
2023-08-08 11:36:14 [DEBUG]: findfont: score(FontEntry(fname='C:\\Windows\\Fonts\\Gabriola.ttf', name='Gabriola', style='normal', variant='normal', weight=400, stretch='normal', size='scalable')) = 10.05
2023-08-08 11:36:14 [DEBUG]: findfont: score(FontEntry(fname='C:\\Windows\\Fonts\\ntailub.ttf', name='Microsoft New Tai Lue', style='normal', variant='normal', weight=700, stretch='normal', size='scalable')) = 10.335
2023-08-08 11:36:14 [DEBUG]: findfont: score(FontEntry(fname='C:\\Windows\\Fonts\\GOTHICI.TTF', name='Century Gothic', style='italic', variant='normal', weight=400, stretch='normal', size='scalable')) = 11.05
2023-08-08 11:36:14 [DEBUG]: findfont: score(FontEntry(fname='C:\\WINDOWS\\Fonts\\SHOWG.TTF', name='Showcard Gothic', style='normal', variant='normal', weight=400, stretch='normal', size='scalable')) = 10.05
2023-08-08 11:36:14 [DEBUG]: findfont: score(FontEntry(fname='C:\\Windows\\Fonts\\BRLNSDB.TTF', name='Berlin Sans FB Demi', style='normal', variant='normal', weight=700, stretch='normal', size='scalable')) = 10.335
2023-08-08 11:36:14 [DEBUG]: findfont: score(FontEntry(fname='C:\\Windows\\Fonts\\wingding.ttf', name='Wingdings', style='normal', variant='normal', weight=400, stretch='normal', size='scalable')) = 10.05
2023-08-08 11:36:14 [DEBUG]: findfont: score(FontEntry(fname='C:\\Windows\\Fonts\\BRLNSB.TTF', name='Berlin Sans FB', style='normal', variant='normal', weight=700, stretch='normal', size='scalable')) = 10.335
2023-08-08 11:36:14 [DEBUG]: findfont: score(FontEntry(fname='C:\\WINDOWS\\Fonts\\ANTQUAI.TTF', name='Book Antiqua', style='italic', variant='normal', weight=400, stretch='normal', size='scalable')) = 11.05
2023-08-08 11:36:14 [DEBUG]: findfont: score(FontEntry(fname='C:\\WINDOWS\\Fonts\\timesbd.ttf', name='Times New Roman', style='normal', variant='normal', weight=700, stretch='normal', size='scalable')) = 10.335
2023-08-08 11:36:14 [DEBUG]: findfont: score(FontEntry(fname='C:\\WINDOWS\\Fonts\\BELL.TTF', name='Bell MT', style='normal', variant='normal', weight=400, stretch='normal', size='scalable')) = 10.05
2023-08-08 11:36:14 [DEBUG]: findfont: score(FontEntry(fname='C:\\WINDOWS\\Fonts\\ARIALNBI.TTF', name='Arial', style='italic', variant='normal', weight=700, stretch='condensed', size='scalable')) = 1.535
2023-08-08 11:36:14 [DEBUG]: findfont: score(FontEntry(fname='C:\\WINDOWS\\Fonts\\segoeui.ttf', name='Segoe UI', style='normal', variant='normal', weight=400, stretch='normal', size='scalable')) = 10.05
2023-08-08 11:36:14 [DEBUG]: findfont: score(FontEntry(fname='C:\\WINDOWS\\Fonts\\seguiemj.ttf', name='Segoe UI Emoji', style='normal', variant='normal', weight=400, stretch='normal', size='scalable')) = 10.05
2023-08-08 11:36:14 [DEBUG]: findfont: score(FontEntry(fname='C:\\Windows\\Fonts\\comici.ttf', name='Comic Sans MS', style='italic', variant='normal', weight=400, stretch='normal', size='scalable')) = 11.05
2023-08-08 11:36:14 [DEBUG]: findfont: score(FontEntry(fname='C:\\Windows\\Fonts\\MTCORSVA.TTF', name='Monotype Corsiva', style='normal', variant='normal', weight=400, stretch='normal', size='scalable')) = 10.05
2023-08-08 11:36:14 [DEBUG]: findfont: score(FontEntry(fname='C:\\WINDOWS\\Fonts\\MTEXTRA.TTF', name='MT Extra', style='normal', variant='normal', weight=400, stretch='normal', size='scalable')) = 10.05
2023-08-08 11:36:14 [DEBUG]: findfont: score(FontEntry(fname='C:\\WINDOWS\\Fonts\\bahnschrift.ttf', name='Bahnschrift', style='normal', variant='normal', weight=400, stretch='normal', size='scalable')) = 10.05
2023-08-08 11:36:14 [DEBUG]: findfont: score(FontEntry(fname='C:\\Windows\\Fonts\\BRADHITC.TTF', name='Bradley Hand ITC', style='normal', variant='normal', weight=400, stretch='normal', size='scalable')) = 10.05
2023-08-08 11:36:14 [DEBUG]: findfont: score(FontEntry(fname='C:\\WINDOWS\\Fonts\\ERASLGHT.TTF', name='Eras Light ITC', style='normal', variant='normal', weight=400, stretch='normal', size='scalable')) = 10.05
2023-08-08 11:36:14 [DEBUG]: findfont: score(FontEntry(fname='C:\\WINDOWS\\Fonts\\javatext.ttf', name='Javanese Text', style='normal', variant='normal', weight=400, stretch='normal', size='scalable')) = 10.05
2023-08-08 11:36:14 [DEBUG]: findfont: score(FontEntry(fname='C:\\WINDOWS\\Fonts\\MTCORSVA.TTF', name='Monotype Corsiva', style='normal', variant='normal', weight=400, stretch='normal', size='scalable')) = 10.05
2023-08-08 11:36:14 [DEBUG]: findfont: score(FontEntry(fname='C:\\Windows\\Fonts\\ITCBLKAD.TTF', name='Blackadder ITC', style='normal', variant='normal', weight=400, stretch='normal', size='scalable')) = 10.05
2023-08-08 11:36:14 [DEBUG]: findfont: score(FontEntry(fname='C:\\Windows\\Fonts\\FRADMIT.TTF', name='Franklin Gothic Demi', style='italic', variant='normal', weight=400, stretch='normal', size='scalable')) = 11.05
2023-08-08 11:36:14 [DEBUG]: findfont: score(FontEntry(fname='C:\\WINDOWS\\Fonts\\YuGothB.ttc', name='Yu Gothic', style='normal', variant='normal', weight=700, stretch='normal', size='scalable')) = 10.335
2023-08-08 11:36:14 [DEBUG]: findfont: score(FontEntry(fname='C:\\WINDOWS\\Fonts\\LSANSD.TTF', name='Lucida Sans', style='normal', variant='normal', weight=600, stretch='normal', size='scalable')) = 10.24
2023-08-08 11:36:14 [DEBUG]: findfont: score(FontEntry(fname='C:\\Windows\\Fonts\\segoeuiz.ttf', name='Segoe UI', style='italic', variant='normal', weight=700, stretch='normal', size='scalable')) = 11.335
2023-08-08 11:36:14 [DEBUG]: findfont: score(FontEntry(fname='C:\\Windows\\Fonts\\FRAHVIT.TTF', name='Franklin Gothic Heavy', style='italic', variant='normal', weight=400, stretch='normal', size='scalable')) = 11.05
2023-08-08 11:36:14 [DEBUG]: findfont: score(FontEntry(fname='C:\\Windows\\Fonts\\msjhbd.ttc', name='Microsoft JhengHei', style='normal', variant='normal', weight=700, stretch='normal', size='scalable')) = 10.335
2023-08-08 11:36:14 [DEBUG]: findfont: score(FontEntry(fname='C:\\WINDOWS\\Fonts\\STFANGSO.TTF', name='STFangsong', style='normal', variant='normal', weight=400, stretch='normal', size='scalable')) = 10.05
2023-08-08 11:36:14 [DEBUG]: findfont: score(FontEntry(fname='C:\\WINDOWS\\Fonts\\LBRITEI.TTF', name='Lucida Bright', style='italic', variant='normal', weight=400, stretch='normal', size='scalable')) = 11.05
2023-08-08 11:36:14 [DEBUG]: findfont: score(FontEntry(fname='C:\\Windows\\Fonts\\impact.ttf', name='Impact', style='normal', variant='normal', weight=400, stretch='normal', size='scalable')) = 10.05
2023-08-08 11:36:14 [DEBUG]: findfont: score(FontEntry(fname='C:\\WINDOWS\\Fonts\\方正粗黑宋简体.ttf', name='FZCuHeiSongS-B-GB', style='normal', variant='normal', weight=400, stretch='normal', size='scalable')) = 10.05
2023-08-08 11:36:14 [DEBUG]: findfont: score(FontEntry(fname='C:\\WINDOWS\\Fonts\\georgiai.ttf', name='Georgia', style='italic', variant='normal', weight=400, stretch='normal', size='scalable')) = 11.05
2023-08-08 11:36:14 [DEBUG]: findfont: score(FontEntry(fname='C:\\WINDOWS\\Fonts\\mmrtext.ttf', name='Myanmar Text', style='normal', variant='normal', weight=400, stretch='normal', size='scalable')) = 10.05
2023-08-08 11:36:14 [DEBUG]: findfont: score(FontEntry(fname='C:\\Windows\\Fonts\\seguibl.ttf', name='Segoe UI', style='normal', variant='normal', weight=900, stretch='normal', size='scalable')) = 10.525
2023-08-08 11:36:14 [DEBUG]: findfont: score(FontEntry(fname='C:\\Windows\\Fonts\\AGENCYR.TTF', name='Agency FB', style='normal', variant='normal', weight=400, stretch='normal', size='scalable')) = 10.05
2023-08-08 11:36:14 [DEBUG]: findfont: score(FontEntry(fname='C:\\Windows\\Fonts\\framd.ttf', name='Franklin Gothic Medium', style='normal', variant='normal', weight=400, stretch='normal', size='scalable')) = 10.05
2023-08-08 11:36:14 [DEBUG]: findfont: score(FontEntry(fname='C:\\Windows\\Fonts\\msyhbd.ttc', name='Microsoft YaHei', style='normal', variant='normal', weight=700, stretch='normal', size='scalable')) = 10.335
2023-08-08 11:36:14 [DEBUG]: findfont: score(FontEntry(fname='C:\\WINDOWS\\Fonts\\AGENCYB.TTF', name='Agency FB', style='normal', variant='normal', weight=700, stretch='normal', size='scalable')) = 10.335
2023-08-08 11:36:14 [DEBUG]: findfont: score(FontEntry(fname='C:\\WINDOWS\\Fonts\\GILSANUB.TTF', name='Gill Sans Ultra Bold', style='normal', variant='normal', weight=400, stretch='normal', size='scalable')) = 10.05
2023-08-08 11:36:14 [DEBUG]: findfont: score(FontEntry(fname='C:\\WINDOWS\\Fonts\\ROCKBI.TTF', name='Rockwell', style='italic', variant='normal', weight=700, stretch='normal', size='scalable')) = 11.335
2023-08-08 11:36:14 [DEBUG]: findfont: score(FontEntry(fname='C:\\Windows\\Fonts\\l_10646.ttf', name='Lucida Sans Unicode', style='normal', variant='normal', weight=400, stretch='normal', size='scalable')) = 10.05
2023-08-08 11:36:14 [DEBUG]: findfont: score(FontEntry(fname='C:\\Windows\\Fonts\\FELIXTI.TTF', name='Felix Titling', style='normal', variant='normal', weight=400, stretch='normal', size='scalable')) = 10.05
2023-08-08 11:36:14 [DEBUG]: findfont: score(FontEntry(fname='C:\\WINDOWS\\Fonts\\PERBI___.TTF', name='Perpetua', style='italic', variant='normal', weight=700, stretch='normal', size='scalable')) = 11.335
2023-08-08 11:36:14 [DEBUG]: findfont: score(FontEntry(fname='C:\\WINDOWS\\Fonts\\NumberOnly.ttf', name='NumberOnly', style='normal', variant='normal', weight=700, stretch='normal', size='scalable')) = 10.335
2023-08-08 11:36:14 [DEBUG]: findfont: score(FontEntry(fname='C:\\WINDOWS\\Fonts\\Candaral.ttf', name='Candara', style='normal', variant='normal', weight=400, stretch='normal', size='scalable')) = 10.05
2023-08-08 11:36:14 [DEBUG]: findfont: score(FontEntry(fname='C:\\WINDOWS\\Fonts\\corbelli.ttf', name='Corbel', style='italic', variant='normal', weight=300, stretch='normal', size='scalable')) = 11.145
2023-08-08 11:36:14 [DEBUG]: findfont: score(FontEntry(fname='C:\\WINDOWS\\Fonts\\VINERITC.TTF', name='Viner Hand ITC', style='normal', variant='normal', weight=400, stretch='normal', size='scalable')) = 10.05
2023-08-08 11:36:14 [DEBUG]: findfont: score(FontEntry(fname='C:\\WINDOWS\\Fonts\\LSANS.TTF', name='Lucida Sans', style='normal', variant='normal', weight=400, stretch='normal', size='scalable')) = 10.05
2023-08-08 11:36:14 [DEBUG]: findfont: score(FontEntry(fname='C:\\Windows\\Fonts\\constanb.ttf', name='Constantia', style='normal', variant='normal', weight=700, stretch='normal', size='scalable')) = 10.335
2023-08-08 11:36:14 [DEBUG]: findfont: score(FontEntry(fname='C:\\Windows\\Fonts\\BROADW.TTF', name='Broadway', style='normal', variant='normal', weight=400, stretch='normal', size='scalable')) = 10.05
2023-08-08 11:36:14 [DEBUG]: findfont: score(FontEntry(fname='C:\\Windows\\Fonts\\timesi.ttf', name='Times New Roman', style='italic', variant='normal', weight=400, stretch='normal', size='scalable')) = 11.05
2023-08-08 11:36:14 [DEBUG]: findfont: score(FontEntry(fname='C:\\Windows\\Fonts\\msyhl.ttc', name='Microsoft YaHei', style='normal', variant='normal', weight=290, stretch='normal', size='scalable')) = 10.1545
2023-08-08 11:36:14 [DEBUG]: findfont: score(FontEntry(fname='C:\\Windows\\Fonts\\YuGothM.ttc', name='Yu Gothic', style='normal', variant='normal', weight=500, stretch='normal', size='scalable')) = 10.145
2023-08-08 11:36:14 [DEBUG]: findfont: score(FontEntry(fname='C:\\WINDOWS\\Fonts\\CENTURY.TTF', name='Century', style='normal', variant='normal', weight=400, stretch='normal', size='scalable')) = 10.05
2023-08-08 11:36:14 [DEBUG]: findfont: score(FontEntry(fname='C:\\WINDOWS\\Fonts\\PERI____.TTF', name='Perpetua', style='italic', variant='normal', weight=400, stretch='normal', size='scalable')) = 11.05
2023-08-08 11:36:14 [DEBUG]: findfont: score(FontEntry(fname='C:\\Windows\\Fonts\\LTYPEB.TTF', name='Lucida Sans Typewriter', style='normal', variant='normal', weight=600, stretch='normal', size='scalable')) = 10.24
2023-08-08 11:36:14 [DEBUG]: findfont: score(FontEntry(fname='C:\\Windows\\Fonts\\ELEPHNTI.TTF', name='Elephant', style='italic', variant='normal', weight=400, stretch='normal', size='scalable')) = 11.05
2023-08-08 11:36:14 [DEBUG]: findfont: score(FontEntry(fname='C:\\Windows\\Fonts\\tahoma.ttf', name='Tahoma', style='normal', variant='normal', weight=400, stretch='normal', size='scalable')) = 10.05
2023-08-08 11:36:14 [DEBUG]: findfont: score(FontEntry(fname='C:\\Windows\\Fonts\\BOD_PSTC.TTF', name='Bodoni MT', style='normal', variant='normal', weight=300, stretch='normal', size='scalable')) = 10.145
2023-08-08 11:36:14 [DEBUG]: findfont: score(FontEntry(fname='C:\\Windows\\Fonts\\corbel.ttf', name='Corbel', style='normal', variant='normal', weight=400, stretch='normal', size='scalable')) = 10.05
2023-08-08 11:36:14 [DEBUG]: findfont: score(FontEntry(fname='C:\\WINDOWS\\Fonts\\MATURASC.TTF', name='Matura MT Script Capitals', style='normal', variant='normal', weight=400, stretch='normal', size='scalable')) = 10.05
2023-08-08 11:36:14 [DEBUG]: findfont: score(FontEntry(fname='C:\\Windows\\Fonts\\ariblk.ttf', name='Arial', style='normal', variant='normal', weight=900, stretch='normal', size='scalable')) = 0.525
2023-08-08 11:36:14 [DEBUG]: findfont: score(FontEntry(fname='C:\\Windows\\Fonts\\MAGNETOB.TTF', name='Magneto', style='normal', variant='normal', weight=700, stretch='normal', size='scalable')) = 10.335
2023-08-08 11:36:14 [DEBUG]: findfont: score(FontEntry(fname='C:\\WINDOWS\\Fonts\\cambriaz.ttf', name='Cambria', style='italic', variant='normal', weight=700, stretch='normal', size='scalable')) = 11.335
2023-08-08 11:36:14 [DEBUG]: findfont: score(FontEntry(fname='C:\\Windows\\Fonts\\cambriai.ttf', name='Cambria', style='italic', variant='normal', weight=400, stretch='normal', size='scalable')) = 11.05
2023-08-08 11:36:14 [DEBUG]: findfont: score(FontEntry(fname='C:\\WINDOWS\\Fonts\\GARA.TTF', name='Garamond', style='normal', variant='normal', weight=400, stretch='normal', size='scalable')) = 10.05
2023-08-08 11:36:14 [DEBUG]: findfont: score(FontEntry(fname='C:\\Windows\\Fonts\\TCCEB.TTF', name='Tw Cen MT Condensed Extra Bold', style='normal', variant='normal', weight=400, stretch='condensed', size='scalable')) = 10.25
2023-08-08 11:36:14 [DEBUG]: findfont: score(FontEntry(fname='C:\\WINDOWS\\Fonts\\calibrii.ttf', name='Calibri', style='italic', variant='normal', weight=400, stretch='normal', size='scalable')) = 11.05
2023-08-08 11:36:14 [DEBUG]: findfont: score(FontEntry(fname='C:\\Windows\\Fonts\\palai.ttf', name='Palatino Linotype', style='italic', variant='normal', weight=400, stretch='normal', size='scalable')) = 11.05
2023-08-08 11:36:14 [DEBUG]: findfont: score(FontEntry(fname='C:\\WINDOWS\\Fonts\\MSUIGHUR.TTF', name='Microsoft Uighur', style='normal', variant='normal', weight=400, stretch='normal', size='scalable')) = 10.05
2023-08-08 11:36:14 [DEBUG]: findfont: score(FontEntry(fname='C:\\Windows\\Fonts\\segoeuib.ttf', name='Segoe UI', style='normal', variant='normal', weight=700, stretch='normal', size='scalable')) = 10.335
2023-08-08 11:36:14 [DEBUG]: findfont: score(FontEntry(fname='C:\\WINDOWS\\Fonts\\Candaraz.ttf', name='Candara', style='italic', variant='normal', weight=700, stretch='normal', size='scalable')) = 11.335
2023-08-08 11:36:14 [DEBUG]: findfont: score(FontEntry(fname='C:\\Windows\\Fonts\\TCB_____.TTF', name='Tw Cen MT', style='normal', variant='normal', weight=700, stretch='normal', size='scalable')) = 10.335
2023-08-08 11:36:14 [DEBUG]: findfont: score(FontEntry(fname='C:\\WINDOWS\\Fonts\\BOD_R.TTF', name='Bodoni MT', style='normal', variant='normal', weight=400, stretch='normal', size='scalable')) = 10.05
2023-08-08 11:36:14 [DEBUG]: findfont: score(FontEntry(fname='C:\\WINDOWS\\Fonts\\STSONG.TTF', name='STSong', style='normal', variant='normal', weight=400, stretch='normal', size='scalable')) = 10.05
2023-08-08 11:36:14 [DEBUG]: findfont: score(FontEntry(fname='C:\\WINDOWS\\Fonts\\FELIXTI.TTF', name='Felix Titling', style='normal', variant='normal', weight=400, stretch='normal', size='scalable')) = 10.05
2023-08-08 11:36:14 [DEBUG]: findfont: score(FontEntry(fname='C:\\Windows\\Fonts\\YuGothB.ttc', name='Yu Gothic', style='normal', variant='normal', weight=700, stretch='normal', size='scalable')) = 10.335
2023-08-08 11:36:14 [DEBUG]: findfont: score(FontEntry(fname='C:\\Windows\\Fonts\\GARAIT.TTF', name='Garamond', style='italic', variant='normal', weight=400, stretch='normal', size='scalable')) = 11.05
2023-08-08 11:36:14 [DEBUG]: findfont: score(FontEntry(fname='C:\\Windows\\Fonts\\ROCKI.TTF', name='Rockwell', style='italic', variant='normal', weight=400, stretch='normal', size='scalable')) = 11.05
2023-08-08 11:36:14 [DEBUG]: findfont: score(FontEntry(fname='C:\\WINDOWS\\Fonts\\consolab.ttf', name='Consolas', style='normal', variant='normal', weight=700, stretch='normal', size='scalable')) = 10.335
2023-08-08 11:36:14 [DEBUG]: findfont: score(FontEntry(fname='C:\\Windows\\Fonts\\timesbi.ttf', name='Times New Roman', style='italic', variant='normal', weight=700, stretch='normal', size='scalable')) = 11.335
2023-08-08 11:36:14 [DEBUG]: findfont: score(FontEntry(fname='C:\\WINDOWS\\Fonts\\msyi.ttf', name='Microsoft Yi Baiti', style='normal', variant='normal', weight=400, stretch='normal', size='scalable')) = 10.05
2023-08-08 11:36:14 [DEBUG]: findfont: score(FontEntry(fname='C:\\WINDOWS\\Fonts\\MSUIGHUB.TTF', name='Microsoft Uighur', style='normal', variant='normal', weight=700, stretch='normal', size='scalable')) = 10.335
2023-08-08 11:36:14 [DEBUG]: findfont: score(FontEntry(fname='C:\\Windows\\Fonts\\FRSCRIPT.TTF', name='French Script MT', style='normal', variant='normal', weight=400, stretch='normal', size='scalable')) = 10.05
2023-08-08 11:36:14 [DEBUG]: findfont: score(FontEntry(fname='C:\\Windows\\Fonts\\NIAGENG.TTF', name='Niagara Engraved', style='normal', variant='normal', weight=400, stretch='normal', size='scalable')) = 10.05
2023-08-08 11:36:14 [DEBUG]: findfont: score(FontEntry(fname='C:\\WINDOWS\\Fonts\\BOD_I.TTF', name='Bodoni MT', style='italic', variant='normal', weight=400, stretch='normal', size='scalable')) = 11.05
2023-08-08 11:36:14 [DEBUG]: findfont: score(FontEntry(fname='C:\\Windows\\Fonts\\gadugi.ttf', name='Gadugi', style='normal', variant='normal', weight=400, stretch='normal', size='scalable')) = 10.05
2023-08-08 11:36:14 [DEBUG]: findfont: score(FontEntry(fname='C:\\WINDOWS\\Fonts\\comici.ttf', name='Comic Sans MS', style='italic', variant='normal', weight=400, stretch='normal', size='scalable')) = 11.05
2023-08-08 11:36:14 [DEBUG]: findfont: score(FontEntry(fname='C:\\WINDOWS\\Fonts\\trebucit.ttf', name='Trebuchet MS', style='italic', variant='normal', weight=400, stretch='normal', size='scalable')) = 11.05
2023-08-08 11:36:14 [DEBUG]: findfont: score(FontEntry(fname='C:\\Windows\\Fonts\\Candarai.ttf', name='Candara', style='italic', variant='normal', weight=400, stretch='normal', size='scalable')) = 11.05
2023-08-08 11:36:14 [DEBUG]: findfont: score(FontEntry(fname='C:\\Windows\\Fonts\\FZSTK.TTF', name='FZShuTi', style='normal', variant='normal', weight=400, stretch='normal', size='scalable')) = 10.05
2023-08-08 11:36:14 [DEBUG]: findfont: score(FontEntry(fname='C:\\WINDOWS\\Fonts\\CALISTI.TTF', name='Calisto MT', style='italic', variant='normal', weight=400, stretch='normal', size='scalable')) = 11.05
2023-08-08 11:36:14 [DEBUG]: findfont: score(FontEntry(fname='C:\\Windows\\Fonts\\ROCKB.TTF', name='Rockwell', style='normal', variant='normal', weight=700, stretch='normal', size='scalable')) = 10.335
2023-08-08 11:36:14 [DEBUG]: findfont: score(FontEntry(fname='C:\\Windows\\Fonts\\WINGDNG3.TTF', name='Wingdings 3', style='normal', variant='normal', weight=400, stretch='normal', size='scalable')) = 10.05
2023-08-08 11:36:14 [DEBUG]: findfont: score(FontEntry(fname='C:\\WINDOWS\\Fonts\\trebuc.ttf', name='Trebuchet MS', style='normal', variant='normal', weight=400, stretch='normal', size='scalable')) = 10.05
2023-08-08 11:36:14 [DEBUG]: findfont: score(FontEntry(fname='C:\\Windows\\Fonts\\FZYTK.TTF', name='FZYaoTi', style='normal', variant='normal', weight=400, stretch='normal', size='scalable')) = 10.05
2023-08-08 11:36:14 [DEBUG]: findfont: score(FontEntry(fname='C:\\Windows\\Fonts\\DUBAI-REGULAR.TTF', name='Dubai', style='normal', variant='normal', weight=400, stretch='normal', size='scalable')) = 10.05
2023-08-08 11:36:14 [DEBUG]: findfont: score(FontEntry(fname='C:\\WINDOWS\\Fonts\\georgiaz.ttf', name='Georgia', style='italic', variant='normal', weight=700, stretch='normal', size='scalable')) = 11.335
2023-08-08 11:36:14 [DEBUG]: findfont: score(FontEntry(fname='C:\\WINDOWS\\Fonts\\FRABKIT.TTF', name='Franklin Gothic Book', style='italic', variant='normal', weight=400, stretch='normal', size='scalable')) = 11.05
2023-08-08 11:36:14 [DEBUG]: findfont: score(FontEntry(fname='C:\\WINDOWS\\Fonts\\LeelaUIb.ttf', name='Leelawadee UI', style='normal', variant='normal', weight=700, stretch='normal', size='scalable')) = 10.335
2023-08-08 11:36:14 [DEBUG]: findfont: score(FontEntry(fname='C:\\Windows\\Fonts\\CALIST.TTF', name='Calisto MT', style='normal', variant='normal', weight=400, stretch='normal', size='scalable')) = 10.05
2023-08-08 11:36:14 [DEBUG]: findfont: score(FontEntry(fname='C:\\WINDOWS\\Fonts\\malgun.ttf', name='Malgun Gothic', style='normal', variant='normal', weight=400, stretch='normal', size='scalable')) = 10.05
2023-08-08 11:36:14 [DEBUG]: findfont: score(FontEntry(fname='C:\\WINDOWS\\Fonts\\FREESCPT.TTF', name='Freestyle Script', style='normal', variant='normal', weight=400, stretch='normal', size='scalable')) = 10.05
2023-08-08 11:36:14 [DEBUG]: findfont: score(FontEntry(fname='C:\\WINDOWS\\Fonts\\ROCCB___.TTF', name='Rockwell Condensed', style='normal', variant='normal', weight=700, stretch='condensed', size='scalable')) = 10.535
2023-08-08 11:36:14 [DEBUG]: findfont: score(FontEntry(fname='C:\\Windows\\Fonts\\consolaz.ttf', name='Consolas', style='italic', variant='normal', weight=700, stretch='normal', size='scalable')) = 11.335
2023-08-08 11:36:14 [DEBUG]: findfont: score(FontEntry(fname='C:\\Windows\\Fonts\\BOD_R.TTF', name='Bodoni MT', style='normal', variant='normal', weight=400, stretch='normal', size='scalable')) = 10.05
2023-08-08 11:36:14 [DEBUG]: findfont: score(FontEntry(fname='C:\\WINDOWS\\Fonts\\LTYPEB.TTF', name='Lucida Sans Typewriter', style='normal', variant='normal', weight=600, stretch='normal', size='scalable')) = 10.24
2023-08-08 11:36:14 [DEBUG]: findfont: score(FontEntry(fname='C:\\WINDOWS\\Fonts\\BROADW.TTF', name='Broadway', style='normal', variant='normal', weight=400, stretch='normal', size='scalable')) = 10.05
2023-08-08 11:36:14 [DEBUG]: findfont: score(FontEntry(fname='C:\\Windows\\Fonts\\malgunbd.ttf', name='Malgun Gothic', style='normal', variant='normal', weight=700, stretch='normal', size='scalable')) = 10.335
2023-08-08 11:36:14 [DEBUG]: findfont: score(FontEntry(fname='C:\\Windows\\Fonts\\MTEXTRA.TTF', name='MT Extra', style='normal', variant='normal', weight=400, stretch='normal', size='scalable')) = 10.05
2023-08-08 11:36:14 [DEBUG]: findfont: score(FontEntry(fname='C:\\Windows\\Fonts\\ariali.ttf', name='Arial', style='italic', variant='normal', weight=400, stretch='normal', size='scalable')) = 1.05
2023-08-08 11:36:14 [DEBUG]: findfont: score(FontEntry(fname='C:\\Windows\\Fonts\\PARCHM.TTF', name='Parchment', style='normal', variant='normal', weight=400, stretch='normal', size='scalable')) = 10.05
2023-08-08 11:36:14 [DEBUG]: findfont: score(FontEntry(fname='C:\\Windows\\Fonts\\Candaraz.ttf', name='Candara', style='italic', variant='normal', weight=700, stretch='normal', size='scalable')) = 11.335
2023-08-08 11:36:14 [DEBUG]: findfont: score(FontEntry(fname='C:\\WINDOWS\\Fonts\\ebrimabd.ttf', name='Ebrima', style='normal', variant='normal', weight=700, stretch='normal', size='scalable')) = 10.335
2023-08-08 11:36:14 [DEBUG]: findfont: score(FontEntry(fname='C:\\Windows\\Fonts\\BAUHS93.TTF', name='Bauhaus 93', style='normal', variant='normal', weight=400, stretch='normal', size='scalable')) = 10.05
2023-08-08 11:36:14 [DEBUG]: findfont: score(FontEntry(fname='C:\\Windows\\Fonts\\CENSCBK.TTF', name='Century Schoolbook', style='normal', variant='normal', weight=400, stretch='normal', size='scalable')) = 10.05
2023-08-08 11:36:14 [DEBUG]: findfont: score(FontEntry(fname='C:\\Windows\\Fonts\\mmrtext.ttf', name='Myanmar Text', style='normal', variant='normal', weight=400, stretch='normal', size='scalable')) = 10.05
2023-08-08 11:36:14 [DEBUG]: findfont: score(FontEntry(fname='C:\\WINDOWS\\Fonts\\FRAHVIT.TTF', name='Franklin Gothic Heavy', style='italic', variant='normal', weight=400, stretch='normal', size='scalable')) = 11.05
2023-08-08 11:36:14 [DEBUG]: findfont: score(FontEntry(fname='C:\\Windows\\Fonts\\ITCEDSCR.TTF', name='Edwardian Script ITC', style='normal', variant='normal', weight=400, stretch='normal', size='scalable')) = 10.05
2023-08-08 11:36:14 [DEBUG]: findfont: score(FontEntry(fname='C:\\WINDOWS\\Fonts\\verdanab.ttf', name='Verdana', style='normal', variant='normal', weight=700, stretch='normal', size='scalable')) = 10.335
2023-08-08 11:36:14 [DEBUG]: findfont: score(FontEntry(fname='C:\\Windows\\Fonts\\corbelb.ttf', name='Corbel', style='normal', variant='normal', weight=700, stretch='normal', size='scalable')) = 10.335
2023-08-08 11:36:14 [DEBUG]: findfont: score(FontEntry(fname='C:\\Windows\\Fonts\\LeelawUI.ttf', name='Leelawadee UI', style='normal', variant='normal', weight=400, stretch='normal', size='scalable')) = 10.05
2023-08-08 11:36:14 [DEBUG]: findfont: score(FontEntry(fname='C:\\Windows\\Fonts\\MATURASC.TTF', name='Matura MT Script Capitals', style='normal', variant='normal', weight=400, stretch='normal', size='scalable')) = 10.05
2023-08-08 11:36:14 [DEBUG]: findfont: score(FontEntry(fname='C:\\Windows\\Fonts\\MISTRAL.TTF', name='Mistral', style='normal', variant='normal', weight=400, stretch='normal', size='scalable')) = 10.05
2023-08-08 11:36:14 [DEBUG]: findfont: score(FontEntry(fname='C:\\Windows\\Fonts\\seguisli.ttf', name='Segoe UI', style='italic', variant='normal', weight=350, stretch='normal', size='scalable')) = 11.0975
2023-08-08 11:36:14 [DEBUG]: findfont: score(FontEntry(fname='C:\\WINDOWS\\Fonts\\GIL_____.TTF', name='Gill Sans MT', style='normal', variant='normal', weight=400, stretch='normal', size='scalable')) = 10.05
2023-08-08 11:36:14 [DEBUG]: findfont: score(FontEntry(fname='C:\\Windows\\Fonts\\HTOWERTI.TTF', name='High Tower Text', style='italic', variant='normal', weight=400, stretch='normal', size='scalable')) = 11.05
2023-08-08 11:36:14 [DEBUG]: findfont: score(FontEntry(fname='C:\\Windows\\Fonts\\BOOKOSBI.TTF', name='Bookman Old Style', style='italic', variant='normal', weight=600, stretch='normal', size='scalable')) = 11.24
2023-08-08 11:36:14 [DEBUG]: findfont: score(FontEntry(fname='C:\\Windows\\Fonts\\taile.ttf', name='Microsoft Tai Le', style='normal', variant='normal', weight=400, stretch='normal', size='scalable')) = 10.05
2023-08-08 11:36:14 [DEBUG]: findfont: score(FontEntry(fname='C:\\WINDOWS\\Fonts\\HTOWERTI.TTF', name='High Tower Text', style='italic', variant='normal', weight=400, stretch='normal', size='scalable')) = 11.05
2023-08-08 11:36:14 [DEBUG]: findfont: score(FontEntry(fname='C:\\Windows\\Fonts\\OCRAEXT.TTF', name='OCR A Extended', style='normal', variant='normal', weight=400, stretch='expanded', size='scalable')) = 10.25
2023-08-08 11:36:14 [DEBUG]: findfont: score(FontEntry(fname='C:\\WINDOWS\\Fonts\\KUNSTLER.TTF', name='Kunstler Script', style='normal', variant='normal', weight=400, stretch='normal', size='scalable')) = 10.05
2023-08-08 11:36:14 [DEBUG]: findfont: score(FontEntry(fname='C:\\Windows\\Fonts\\BOD_CI.TTF', name='Bodoni MT', style='italic', variant='normal', weight=400, stretch='condensed', size='scalable')) = 11.25
2023-08-08 11:36:14 [DEBUG]: findfont: score(FontEntry(fname='C:\\WINDOWS\\Fonts\\segoeprb.ttf', name='Segoe Print', style='normal', variant='normal', weight=700, stretch='normal', size='scalable')) = 10.335
2023-08-08 11:36:14 [DEBUG]: findfont: score(FontEntry(fname='C:\\WINDOWS\\Fonts\\SitkaI.ttc', name='Sitka Small', style='italic', variant='normal', weight=400, stretch='normal', size='scalable')) = 11.05
2023-08-08 11:36:14 [DEBUG]: findfont: score(FontEntry(fname='C:\\Windows\\Fonts\\constanz.ttf', name='Constantia', style='italic', variant='normal', weight=700, stretch='normal', size='scalable')) = 11.335
2023-08-08 11:36:14 [DEBUG]: findfont: score(FontEntry(fname='C:\\WINDOWS\\Fonts\\seguisb.ttf', name='Segoe UI', style='normal', variant='normal', weight=600, stretch='normal', size='scalable')) = 10.24
2023-08-08 11:36:14 [DEBUG]: findfont: score(FontEntry(fname='C:\\WINDOWS\\Fonts\\GILI____.TTF', name='Gill Sans MT', style='italic', variant='normal', weight=400, stretch='normal', size='scalable')) = 11.05
2023-08-08 11:36:14 [DEBUG]: findfont: score(FontEntry(fname='C:\\WINDOWS\\Fonts\\ntailub.ttf', name='Microsoft New Tai Lue', style='normal', variant='normal', weight=700, stretch='normal', size='scalable')) = 10.335
2023-08-08 11:36:14 [DEBUG]: findfont: score(FontEntry(fname='C:\\Windows\\Fonts\\pala.ttf', name='Palatino Linotype', style='normal', variant='normal', weight=400, stretch='normal', size='scalable')) = 10.05
2023-08-08 11:36:14 [DEBUG]: findfont: score(FontEntry(fname='C:\\Windows\\Fonts\\segoescb.ttf', name='Segoe Script', style='normal', variant='normal', weight=700, stretch='normal', size='scalable')) = 10.335
2023-08-08 11:36:14 [DEBUG]: findfont: score(FontEntry(fname='C:\\Windows\\Fonts\\NirmalaS.ttf', name='Nirmala UI', style='normal', variant='normal', weight=350, stretch='normal', size='scalable')) = 10.0975
2023-08-08 11:36:14 [DEBUG]: findfont: score(FontEntry(fname='C:\\WINDOWS\\Fonts\\arialbd.ttf', name='Arial', style='normal', variant='normal', weight=700, stretch='normal', size='scalable')) = 0.33499999999999996
2023-08-08 11:36:14 [DEBUG]: findfont: score(FontEntry(fname='C:\\WINDOWS\\Fonts\\FTLTLT.TTF', name='Footlight MT Light', style='normal', variant='normal', weight=300, stretch='normal', size='scalable')) = 10.145
2023-08-08 11:36:14 [DEBUG]: findfont: score(FontEntry(fname='C:\\Windows\\Fonts\\SIMLI.TTF', name='LiSu', style='normal', variant='normal', weight=400, stretch='normal', size='scalable')) = 10.05
2023-08-08 11:36:14 [DEBUG]: findfont: score(FontEntry(fname='C:\\Windows\\Fonts\\LBRITE.TTF', name='Lucida Bright', style='normal', variant='normal', weight=400, stretch='normal', size='scalable')) = 10.05
2023-08-08 11:36:14 [DEBUG]: findfont: score(FontEntry(fname='C:\\Windows\\Fonts\\palab.ttf', name='Palatino Linotype', style='normal', variant='normal', weight=700, stretch='normal', size='scalable')) = 10.335
2023-08-08 11:36:14 [DEBUG]: findfont: score(FontEntry(fname='C:\\Windows\\Fonts\\ROCKEB.TTF', name='Rockwell Extra Bold', style='normal', variant='normal', weight=800, stretch='normal', size='scalable')) = 10.43
2023-08-08 11:36:14 [DEBUG]: findfont: score(FontEntry(fname='C:\\Windows\\Fonts\\seguihis.ttf', name='Segoe UI Historic', style='normal', variant='normal', weight=400, stretch='normal', size='scalable')) = 10.05
2023-08-08 11:36:14 [DEBUG]: findfont: score(FontEntry(fname='C:\\WINDOWS\\Fonts\\ARLRDBD.TTF', name='Arial Rounded MT Bold', style='normal', variant='normal', weight=400, stretch='normal', size='scalable')) = 10.05
2023-08-08 11:36:14 [DEBUG]: findfont: score(FontEntry(fname='C:\\WINDOWS\\Fonts\\simhei.ttf', name='SimHei', style='normal', variant='normal', weight=400, stretch='normal', size='scalable')) = 10.05
2023-08-08 11:36:14 [DEBUG]: findfont: score(FontEntry(fname='C:\\WINDOWS\\Fonts\\CALISTB.TTF', name='Calisto MT', style='normal', variant='normal', weight=700, stretch='normal', size='scalable')) = 10.335
2023-08-08 11:36:14 [DEBUG]: findfont: score(FontEntry(fname='C:\\Windows\\Fonts\\NIAGSOL.TTF', name='Niagara Solid', style='normal', variant='normal', weight=400, stretch='normal', size='scalable')) = 10.05
2023-08-08 11:36:14 [DEBUG]: findfont: score(FontEntry(fname='C:\\Windows\\Fonts\\方正粗黑宋简体.ttf', name='FZCuHeiSongS-B-GB', style='normal', variant='normal', weight=400, stretch='normal', size='scalable')) = 10.05
2023-08-08 11:36:14 [DEBUG]: findfont: score(FontEntry(fname='C:\\Windows\\Fonts\\ERASLGHT.TTF', name='Eras Light ITC', style='normal', variant='normal', weight=400, stretch='normal', size='scalable')) = 10.05
2023-08-08 11:36:14 [DEBUG]: findfont: score(FontEntry(fname='C:\\Windows\\Fonts\\simfang.ttf', name='FangSong', style='normal', variant='normal', weight=400, stretch='normal', size='scalable')) = 10.05
2023-08-08 11:36:14 [DEBUG]: findfont: score(FontEntry(fname='C:\\WINDOWS\\Fonts\\GILLUBCD.TTF', name='Gill Sans Ultra Bold Condensed', style='normal', variant='normal', weight=400, stretch='condensed', size='scalable')) = 10.25
2023-08-08 11:36:14 [DEBUG]: findfont: score(FontEntry(fname='C:\\Windows\\Fonts\\BOD_BI.TTF', name='Bodoni MT', style='italic', variant='normal', weight=700, stretch='normal', size='scalable')) = 11.335
2023-08-08 11:36:14 [DEBUG]: findfont: score(FontEntry(fname='C:\\Windows\\Fonts\\comic.ttf', name='Comic Sans MS', style='normal', variant='normal', weight=400, stretch='normal', size='scalable')) = 10.05
2023-08-08 11:36:14 [DEBUG]: findfont: score(FontEntry(fname='C:\\WINDOWS\\Fonts\\ERASDEMI.TTF', name='Eras Demi ITC', style='normal', variant='normal', weight=400, stretch='normal', size='scalable')) = 10.05
2023-08-08 11:36:14 [DEBUG]: findfont: score(FontEntry(fname='C:\\Windows\\Fonts\\segoepr.ttf', name='Segoe Print', style='normal', variant='normal', weight=400, stretch='normal', size='scalable')) = 10.05
2023-08-08 11:36:14 [DEBUG]: findfont: score(FontEntry(fname='C:\\Windows\\Fonts\\courbd.ttf', name='Courier New', style='normal', variant='normal', weight=700, stretch='normal', size='scalable')) = 10.335
2023-08-08 11:36:14 [DEBUG]: findfont: score(FontEntry(fname='C:\\Windows\\Fonts\\verdana.ttf', name='Verdana', style='normal', variant='normal', weight=400, stretch='normal', size='scalable')) = 10.05
2023-08-08 11:36:14 [DEBUG]: findfont: score(FontEntry(fname='C:\\Windows\\Fonts\\SHOWG.TTF', name='Showcard Gothic', style='normal', variant='normal', weight=400, stretch='normal', size='scalable')) = 10.05
2023-08-08 11:36:14 [DEBUG]: findfont: score(FontEntry(fname='C:\\WINDOWS\\Fonts\\JOKERMAN.TTF', name='Jokerman', style='normal', variant='normal', weight=400, stretch='normal', size='scalable')) = 10.05
2023-08-08 11:36:14 [DEBUG]: findfont: score(FontEntry(fname='C:\\Windows\\Fonts\\FORTE.TTF', name='Forte', style='normal', variant='normal', weight=400, stretch='normal', size='scalable')) = 10.05
2023-08-08 11:36:14 [DEBUG]: findfont: score(FontEntry(fname='C:\\WINDOWS\\Fonts\\ELEPHNT.TTF', name='Elephant', style='normal', variant='normal', weight=400, stretch='normal', size='scalable')) = 10.05
2023-08-08 11:36:14 [DEBUG]: findfont: score(FontEntry(fname='C:\\WINDOWS\\Fonts\\BRUSHSCI.TTF', name='Brush Script MT', style='italic', variant='normal', weight=400, stretch='normal', size='scalable')) = 11.05
2023-08-08 11:36:14 [DEBUG]: findfont: score(FontEntry(fname='C:\\WINDOWS\\Fonts\\Candarali.ttf', name='Candara', style='italic', variant='normal', weight=400, stretch='normal', size='scalable')) = 11.05
2023-08-08 11:36:14 [DEBUG]: findfont: score(FontEntry(fname='C:\\WINDOWS\\Fonts\\palab.ttf', name='Palatino Linotype', style='normal', variant='normal', weight=700, stretch='normal', size='scalable')) = 10.335
2023-08-08 11:36:14 [DEBUG]: findfont: score(FontEntry(fname='C:\\Windows\\Fonts\\arialbd.ttf', name='Arial', style='normal', variant='normal', weight=700, stretch='normal', size='scalable')) = 0.33499999999999996
2023-08-08 11:36:14 [DEBUG]: findfont: score(FontEntry(fname='C:\\Windows\\Fonts\\LBRITED.TTF', name='Lucida Bright', style='normal', variant='normal', weight=600, stretch='normal', size='scalable')) = 10.24
2023-08-08 11:36:14 [DEBUG]: findfont: score(FontEntry(fname='C:\\WINDOWS\\Fonts\\CHILLER.TTF', name='Chiller', style='normal', variant='normal', weight=400, stretch='normal', size='scalable')) = 10.05
2023-08-08 11:36:14 [DEBUG]: findfont: score(FontEntry(fname='C:\\Windows\\Fonts\\CASTELAR.TTF', name='Castellar', style='normal', variant='normal', weight=400, stretch='normal', size='scalable')) = 10.05
2023-08-08 11:36:14 [DEBUG]: findfont: score(FontEntry(fname='C:\\WINDOWS\\Fonts\\cambriab.ttf', name='Cambria', style='normal', variant='normal', weight=700, stretch='normal', size='scalable')) = 10.335
2023-08-08 11:36:14 [DEBUG]: findfont: score(FontEntry(fname='C:\\WINDOWS\\Fonts\\SIMLI.TTF', name='LiSu', style='normal', variant='normal', weight=400, stretch='normal', size='scalable')) = 10.05
2023-08-08 11:36:14 [DEBUG]: findfont: score(FontEntry(fname='C:\\Windows\\Fonts\\SCHLBKB.TTF', name='Century Schoolbook', style='normal', variant='normal', weight=700, stretch='normal', size='scalable')) = 10.335
2023-08-08 11:36:14 [DEBUG]: findfont: score(FontEntry(fname='C:\\WINDOWS\\Fonts\\BRLNSDB.TTF', name='Berlin Sans FB Demi', style='normal', variant='normal', weight=700, stretch='normal', size='scalable')) = 10.335
2023-08-08 11:36:14 [DEBUG]: findfont: score(FontEntry(fname='C:\\WINDOWS\\Fonts\\tahomabd.ttf', name='Tahoma', style='normal', variant='normal', weight=700, stretch='normal', size='scalable')) = 10.335
2023-08-08 11:36:14 [DEBUG]: findfont: score(FontEntry(fname='C:\\Windows\\Fonts\\GOUDOSI.TTF', name='Goudy Old Style', style='italic', variant='normal', weight=400, stretch='normal', size='scalable')) = 11.05
2023-08-08 11:36:14 [DEBUG]: findfont: score(FontEntry(fname='C:\\WINDOWS\\Fonts\\BOD_CI.TTF', name='Bodoni MT', style='italic', variant='normal', weight=400, stretch='condensed', size='scalable')) = 11.25
2023-08-08 11:36:14 [DEBUG]: findfont: score(FontEntry(fname='C:\\WINDOWS\\Fonts\\CURLZ___.TTF', name='Curlz MT', style='normal', variant='normal', weight=400, stretch='normal', size='scalable')) = 10.05
2023-08-08 11:36:14 [DEBUG]: findfont: score(FontEntry(fname='C:\\WINDOWS\\Fonts\\PLAYBILL.TTF', name='Playbill', style='normal', variant='normal', weight=400, stretch='normal', size='scalable')) = 10.05
2023-08-08 11:36:14 [DEBUG]: findfont: score(FontEntry(fname='C:\\Windows\\Fonts\\DUBAI-LIGHT.TTF', name='Dubai', style='normal', variant='normal', weight=300, stretch='normal', size='scalable')) = 10.145
2023-08-08 11:36:14 [DEBUG]: findfont: score(FontEntry(fname='C:\\Windows\\Fonts\\MSUIGHUB.TTF', name='Microsoft Uighur', style='normal', variant='normal', weight=700, stretch='normal', size='scalable')) = 10.335
2023-08-08 11:36:14 [DEBUG]: findfont: score(FontEntry(fname='C:\\WINDOWS\\Fonts\\LFAXI.TTF', name='Lucida Fax', style='italic', variant='normal', weight=400, stretch='normal', size='scalable')) = 11.05
2023-08-08 11:36:14 [DEBUG]: findfont: score(FontEntry(fname='C:\\WINDOWS\\Fonts\\simkai.ttf', name='KaiTi', style='normal', variant='normal', weight=400, stretch='normal', size='scalable')) = 10.05
2023-08-08 11:36:14 [DEBUG]: findfont: score(FontEntry(fname='C:\\WINDOWS\\Fonts\\TCCEB.TTF', name='Tw Cen MT Condensed Extra Bold', style='normal', variant='normal', weight=400, stretch='condensed', size='scalable')) = 10.25
2023-08-08 11:36:14 [DEBUG]: findfont: score(FontEntry(fname='C:\\Windows\\Fonts\\ENGR.TTF', name='Engravers MT', style='normal', variant='normal', weight=500, stretch='normal', size='scalable')) = 10.145
2023-08-08 11:36:14 [DEBUG]: findfont: score(FontEntry(fname='C:\\Windows\\Fonts\\arialbi.ttf', name='Arial', style='italic', variant='normal', weight=700, stretch='normal', size='scalable')) = 1.335
2023-08-08 11:36:14 [DEBUG]: findfont: score(FontEntry(fname='C:\\Windows\\Fonts\\ebrima.ttf', name='Ebrima', style='normal', variant='normal', weight=400, stretch='normal', size='scalable')) = 10.05
2023-08-08 11:36:14 [DEBUG]: findfont: score(FontEntry(fname='C:\\WINDOWS\\Fonts\\BOOKOSBI.TTF', name='Bookman Old Style', style='italic', variant='normal', weight=600, stretch='normal', size='scalable')) = 11.24
2023-08-08 11:36:14 [DEBUG]: findfont: score(FontEntry(fname='C:\\WINDOWS\\Fonts\\Candarab.ttf', name='Candara', style='normal', variant='normal', weight=700, stretch='normal', size='scalable')) = 10.335
2023-08-08 11:36:14 [DEBUG]: findfont: score(FontEntry(fname='C:\\Windows\\Fonts\\BELL.TTF', name='Bell MT', style='normal', variant='normal', weight=400, stretch='normal', size='scalable')) = 10.05
2023-08-08 11:36:14 [DEBUG]: findfont: score(FontEntry(fname='C:\\Windows\\Fonts\\LSANSI.TTF', name='Lucida Sans', style='italic', variant='normal', weight=400, stretch='normal', size='scalable')) = 11.05
2023-08-08 11:36:14 [DEBUG]: findfont: score(FontEntry(fname='C:\\WINDOWS\\Fonts\\ariali.ttf', name='Arial', style='italic', variant='normal', weight=400, stretch='normal', size='scalable')) = 1.05
2023-08-08 11:36:14 [DEBUG]: findfont: score(FontEntry(fname='C:\\WINDOWS\\Fonts\\LeelUIsl.ttf', name='Leelawadee UI', style='normal', variant='normal', weight=350, stretch='normal', size='scalable')) = 10.0975
2023-08-08 11:36:14 [DEBUG]: findfont: score(FontEntry(fname='C:\\WINDOWS\\Fonts\\comicz.ttf', name='Comic Sans MS', style='italic', variant='normal', weight=700, stretch='normal', size='scalable')) = 11.335
2023-08-08 11:36:14 [DEBUG]: findfont: score(FontEntry(fname='C:\\Windows\\Fonts\\calibril.ttf', name='Calibri', style='normal', variant='normal', weight=300, stretch='normal', size='scalable')) = 10.145
2023-08-08 11:36:14 [DEBUG]: findfont: score(FontEntry(fname='C:\\Windows\\Fonts\\TCCB____.TTF', name='Tw Cen MT Condensed', style='normal', variant='normal', weight=700, stretch='condensed', size='scalable')) = 10.535
2023-08-08 11:36:14 [DEBUG]: findfont: score(FontEntry(fname='C:\\Windows\\Fonts\\calibrii.ttf', name='Calibri', style='italic', variant='normal', weight=400, stretch='normal', size='scalable')) = 11.05
2023-08-08 11:36:14 [DEBUG]: findfont: score(FontEntry(fname='C:\\Windows\\Fonts\\ARLRDBD.TTF', name='Arial Rounded MT Bold', style='normal', variant='normal', weight=400, stretch='normal', size='scalable')) = 10.05
2023-08-08 11:36:14 [DEBUG]: findfont: score(FontEntry(fname='C:\\Windows\\Fonts\\MOD20.TTF', name='Modern No. 20', style='normal', variant='normal', weight=400, stretch='normal', size='scalable')) = 10.05
2023-08-08 11:36:14 [DEBUG]: findfont: score(FontEntry(fname='C:\\Windows\\Fonts\\SCHLBKBI.TTF', name='Century Schoolbook', style='italic', variant='normal', weight=700, stretch='normal', size='scalable')) = 11.335
2023-08-08 11:36:14 [DEBUG]: findfont: score(FontEntry(fname='C:\\Windows\\Fonts\\monbaiti.ttf', name='Mongolian Baiti', style='normal', variant='normal', weight=400, stretch='normal', size='scalable')) = 10.05
2023-08-08 11:36:14 [DEBUG]: findfont: score(FontEntry(fname='C:\\WINDOWS\\Fonts\\GLSNECB.TTF', name='Gill Sans MT Ext Condensed Bold', style='normal', variant='normal', weight=400, stretch='condensed', size='scalable')) = 10.25
2023-08-08 11:36:14 [DEBUG]: findfont: score(FontEntry(fname='C:\\WINDOWS\\Fonts\\ONYX.TTF', name='Onyx', style='normal', variant='normal', weight=400, stretch='normal', size='scalable')) = 10.05
2023-08-08 11:36:14 [DEBUG]: findfont: score(FontEntry(fname='C:\\Windows\\Fonts\\phagspab.ttf', name='Microsoft PhagsPa', style='normal', variant='normal', weight=700, stretch='normal', size='scalable')) = 10.335
2023-08-08 11:36:14 [DEBUG]: findfont: score(FontEntry(fname='C:\\WINDOWS\\Fonts\\calibrib.ttf', name='Calibri', style='normal', variant='normal', weight=700, stretch='normal', size='scalable')) = 10.335
2023-08-08 11:36:14 [DEBUG]: findfont: score(FontEntry(fname='C:\\WINDOWS\\Fonts\\BELLI.TTF', name='Bell MT', style='italic', variant='normal', weight=400, stretch='normal', size='scalable')) = 11.05
2023-08-08 11:36:14 [DEBUG]: findfont: score(FontEntry(fname='C:\\WINDOWS\\Fonts\\ROCKEB.TTF', name='Rockwell Extra Bold', style='normal', variant='normal', weight=800, stretch='normal', size='scalable')) = 10.43
2023-08-08 11:36:14 [DEBUG]: findfont: score(FontEntry(fname='C:\\WINDOWS\\Fonts\\ROCC____.TTF', name='Rockwell Condensed', style='normal', variant='normal', weight=400, stretch='condensed', size='scalable')) = 10.25
2023-08-08 11:36:14 [DEBUG]: findfont: score(FontEntry(fname='C:\\Windows\\Fonts\\GILSANUB.TTF', name='Gill Sans Ultra Bold', style='normal', variant='normal', weight=400, stretch='normal', size='scalable')) = 10.05
2023-08-08 11:36:14 [DEBUG]: findfont: score(FontEntry(fname='C:\\WINDOWS\\Fonts\\TCCM____.TTF', name='Tw Cen MT Condensed', style='normal', variant='normal', weight=400, stretch='condensed', size='scalable')) = 10.25
2023-08-08 11:36:14 [DEBUG]: findfont: score(FontEntry(fname='C:\\Windows\\Fonts\\corbeli.ttf', name='Corbel', style='italic', variant='normal', weight=400, stretch='normal', size='scalable')) = 11.05
2023-08-08 11:36:14 [DEBUG]: findfont: score(FontEntry(fname='C:\\WINDOWS\\Fonts\\BKANT.TTF', name='Book Antiqua', style='normal', variant='normal', weight=400, stretch='normal', size='scalable')) = 10.05
2023-08-08 11:36:14 [DEBUG]: findfont: score(FontEntry(fname='C:\\WINDOWS\\Fonts\\lucon.ttf', name='Lucida Console', style='normal', variant='normal', weight=400, stretch='normal', size='scalable')) = 10.05
2023-08-08 11:36:14 [DEBUG]: findfont: score(FontEntry(fname='C:\\Windows\\Fonts\\times.ttf', name='Times New Roman', style='normal', variant='normal', weight=400, stretch='normal', size='scalable')) = 10.05
2023-08-08 11:36:14 [DEBUG]: findfont: score(FontEntry(fname='C:\\Windows\\Fonts\\HARNGTON.TTF', name='Harrington', style='normal', variant='normal', weight=400, stretch='normal', size='scalable')) = 10.05
2023-08-08 11:36:14 [DEBUG]: findfont: score(FontEntry(fname='C:\\Windows\\Fonts\\BOD_CB.TTF', name='Bodoni MT', style='normal', variant='normal', weight=700, stretch='condensed', size='scalable')) = 10.535
2023-08-08 11:36:14 [DEBUG]: findfont: score(FontEntry(fname='C:\\WINDOWS\\Fonts\\HARNGTON.TTF', name='Harrington', style='normal', variant='normal', weight=400, stretch='normal', size='scalable')) = 10.05
2023-08-08 11:36:14 [DEBUG]: findfont: score(FontEntry(fname='C:\\Windows\\Fonts\\consolab.ttf', name='Consolas', style='normal', variant='normal', weight=700, stretch='normal', size='scalable')) = 10.335
2023-08-08 11:36:14 [DEBUG]: findfont: score(FontEntry(fname='C:\\Windows\\Fonts\\ANTQUAI.TTF', name='Book Antiqua', style='italic', variant='normal', weight=400, stretch='normal', size='scalable')) = 11.05
2023-08-08 11:36:14 [DEBUG]: findfont: score(FontEntry(fname='C:\\WINDOWS\\Fonts\\verdana.ttf', name='Verdana', style='normal', variant='normal', weight=400, stretch='normal', size='scalable')) = 10.05
2023-08-08 11:36:14 [DEBUG]: findfont: score(FontEntry(fname='C:\\WINDOWS\\Fonts\\framd.ttf', name='Franklin Gothic Medium', style='normal', variant='normal', weight=400, stretch='normal', size='scalable')) = 10.05
2023-08-08 11:36:14 [DEBUG]: findfont: score(FontEntry(fname='C:\\Windows\\Fonts\\cambriaz.ttf', name='Cambria', style='italic', variant='normal', weight=700, stretch='normal', size='scalable')) = 11.335
2023-08-08 11:36:14 [DEBUG]: findfont: score(FontEntry(fname='C:\\WINDOWS\\Fonts\\CALIFI.TTF', name='Californian FB', style='italic', variant='normal', weight=400, stretch='normal', size='scalable')) = 11.05
2023-08-08 11:36:14 [DEBUG]: findfont: score(FontEntry(fname='C:\\WINDOWS\\Fonts\\SIMYOU.TTF', name='YouYuan', style='normal', variant='normal', weight=400, stretch='normal', size='scalable')) = 10.05
2023-08-08 11:36:14 [DEBUG]: findfont: score(FontEntry(fname='C:\\WINDOWS\\Fonts\\ALGER.TTF', name='Algerian', style='normal', variant='normal', weight=400, stretch='normal', size='scalable')) = 10.05
2023-08-08 11:36:14 [DEBUG]: findfont: score(FontEntry(fname='C:\\WINDOWS\\Fonts\\msgothic.ttc', name='MS Gothic', style='normal', variant='normal', weight=400, stretch='normal', size='scalable')) = 10.05
2023-08-08 11:36:14 [DEBUG]: findfont: score(FontEntry(fname='C:\\Windows\\Fonts\\LeelaUIb.ttf', name='Leelawadee UI', style='normal', variant='normal', weight=700, stretch='normal', size='scalable')) = 10.335
2023-08-08 11:36:14 [DEBUG]: findfont: score(FontEntry(fname='C:\\WINDOWS\\Fonts\\BRLNSR.TTF', name='Berlin Sans FB', style='normal', variant='normal', weight=400, stretch='normal', size='scalable')) = 10.05
2023-08-08 11:36:14 [DEBUG]: findfont: score(FontEntry(fname='C:\\Windows\\Fonts\\PERI____.TTF', name='Perpetua', style='italic', variant='normal', weight=400, stretch='normal', size='scalable')) = 11.05
2023-08-08 11:36:14 [DEBUG]: findfont: score(FontEntry(fname='C:\\WINDOWS\\Fonts\\PALSCRI.TTF', name='Palace Script MT', style='normal', variant='normal', weight=400, stretch='normal', size='scalable')) = 10.05
2023-08-08 11:36:14 [DEBUG]: findfont: score(FontEntry(fname='C:\\Windows\\Fonts\\Inkfree.ttf', name='Ink Free', style='normal', variant='normal', weight=400, stretch='normal', size='scalable')) = 10.05
2023-08-08 11:36:14 [DEBUG]: findfont: score(FontEntry(fname='C:\\Windows\\Fonts\\SitkaZ.ttc', name='Sitka Small', style='italic', variant='normal', weight=700, stretch='normal', size='scalable')) = 11.335
2023-08-08 11:36:14 [DEBUG]: findfont: score(FontEntry(fname='C:\\WINDOWS\\Fonts\\comic.ttf', name='Comic Sans MS', style='normal', variant='normal', weight=400, stretch='normal', size='scalable')) = 10.05
2023-08-08 11:36:14 [DEBUG]: findfont: score(FontEntry(fname='C:\\Windows\\Fonts\\trebuc.ttf', name='Trebuchet MS', style='normal', variant='normal', weight=400, stretch='normal', size='scalable')) = 10.05
2023-08-08 11:36:14 [DEBUG]: findfont: score(FontEntry(fname='C:\\WINDOWS\\Fonts\\GOTHIC.TTF', name='Century Gothic', style='normal', variant='normal', weight=400, stretch='normal', size='scalable')) = 10.05
2023-08-08 11:36:14 [DEBUG]: findfont: score(FontEntry(fname='C:\\WINDOWS\\Fonts\\mvboli.ttf', name='MV Boli', style='normal', variant='normal', weight=400, stretch='normal', size='scalable')) = 10.05
2023-08-08 11:36:14 [DEBUG]: findfont: score(FontEntry(fname='C:\\WINDOWS\\Fonts\\GOTHICBI.TTF', name='Century Gothic', style='italic', variant='normal', weight=700, stretch='normal', size='scalable')) = 11.335
2023-08-08 11:36:14 [DEBUG]: findfont: score(FontEntry(fname='C:\\Windows\\Fonts\\GOTHIC.TTF', name='Century Gothic', style='normal', variant='normal', weight=400, stretch='normal', size='scalable')) = 10.05
2023-08-08 11:36:14 [DEBUG]: findfont: score(FontEntry(fname='C:\\Windows\\Fonts\\BOD_B.TTF', name='Bodoni MT', style='normal', variant='normal', weight=700, stretch='normal', size='scalable')) = 10.335
2023-08-08 11:36:14 [DEBUG]: findfont: score(FontEntry(fname='C:\\WINDOWS\\Fonts\\Gabriola.ttf', name='Gabriola', style='normal', variant='normal', weight=400, stretch='normal', size='scalable')) = 10.05
2023-08-08 11:36:14 [DEBUG]: findfont: score(FontEntry(fname='C:\\WINDOWS\\Fonts\\seguili.ttf', name='Segoe UI', style='italic', variant='normal', weight=300, stretch='normal', size='scalable')) = 11.145
2023-08-08 11:36:14 [DEBUG]: findfont: score(FontEntry(fname='C:\\Windows\\Fonts\\FRADMCN.TTF', name='Franklin Gothic Demi Cond', style='normal', variant='normal', weight=400, stretch='condensed', size='scalable')) = 10.25
2023-08-08 11:36:14 [DEBUG]: findfont: score(FontEntry(fname='C:\\WINDOWS\\Fonts\\DUBAI-MEDIUM.TTF', name='Dubai', style='normal', variant='normal', weight=500, stretch='normal', size='scalable')) = 10.145
2023-08-08 11:36:14 [DEBUG]: findfont: score(FontEntry(fname='C:\\WINDOWS\\Fonts\\NIAGENG.TTF', name='Niagara Engraved', style='normal', variant='normal', weight=400, stretch='normal', size='scalable')) = 10.05
2023-08-08 11:36:14 [DEBUG]: findfont: score(FontEntry(fname='C:\\Windows\\Fonts\\javatext.ttf', name='Javanese Text', style='normal', variant='normal', weight=400, stretch='normal', size='scalable')) = 10.05
2023-08-08 11:36:14 [DEBUG]: findfont: score(FontEntry(fname='C:\\WINDOWS\\Fonts\\trebucbi.ttf', name='Trebuchet MS', style='italic', variant='normal', weight=700, stretch='normal', size='scalable')) = 11.335
2023-08-08 11:36:14 [DEBUG]: findfont: score(FontEntry(fname='C:\\Windows\\Fonts\\STFANGSO.TTF', name='STFangsong', style='normal', variant='normal', weight=400, stretch='normal', size='scalable')) = 10.05
2023-08-08 11:36:14 [DEBUG]: findfont: score(FontEntry(fname='C:\\Windows\\Fonts\\TCCM____.TTF', name='Tw Cen MT Condensed', style='normal', variant='normal', weight=400, stretch='condensed', size='scalable')) = 10.25
2023-08-08 11:36:14 [DEBUG]: findfont: score(FontEntry(fname='C:\\WINDOWS\\Fonts\\STXINWEI.TTF', name='STXinwei', style='normal', variant='normal', weight=400, stretch='normal', size='scalable')) = 10.05
2023-08-08 11:36:14 [DEBUG]: findfont: score(FontEntry(fname='C:\\WINDOWS\\Fonts\\taileb.ttf', name='Microsoft Tai Le', style='normal', variant='normal', weight=700, stretch='normal', size='scalable')) = 10.335
2023-08-08 11:36:14 [DEBUG]: findfont: score(FontEntry(fname='C:\\WINDOWS\\Fonts\\BOD_BLAR.TTF', name='Bodoni MT', style='normal', variant='normal', weight=900, stretch='normal', size='scalable')) = 10.525
2023-08-08 11:36:14 [DEBUG]: findfont: score(FontEntry(fname='C:\\Windows\\Fonts\\BOD_CR.TTF', name='Bodoni MT', style='normal', variant='normal', weight=400, stretch='condensed', size='scalable')) = 10.25
2023-08-08 11:36:14 [DEBUG]: findfont: score(FontEntry(fname='C:\\Windows\\Fonts\\INFROMAN.TTF', name='Informal Roman', style='normal', variant='normal', weight=400, stretch='normal', size='scalable')) = 10.05
2023-08-08 11:36:14 [DEBUG]: findfont: score(FontEntry(fname='C:\\WINDOWS\\Fonts\\FZSTK.TTF', name='FZShuTi', style='normal', variant='normal', weight=400, stretch='normal', size='scalable')) = 10.05
2023-08-08 11:36:14 [DEBUG]: findfont: score(FontEntry(fname='C:\\WINDOWS\\Fonts\\CENSCBK.TTF', name='Century Schoolbook', style='normal', variant='normal', weight=400, stretch='normal', size='scalable')) = 10.05
2023-08-08 11:36:14 [DEBUG]: findfont: score(FontEntry(fname='C:\\Windows\\Fonts\\msjh.ttc', name='Microsoft JhengHei', style='normal', variant='normal', weight=400, stretch='normal', size='scalable')) = 10.05
2023-08-08 11:36:14 [DEBUG]: findfont: score(FontEntry(fname='C:\\WINDOWS\\Fonts\\cambriai.ttf', name='Cambria', style='italic', variant='normal', weight=400, stretch='normal', size='scalable')) = 11.05
2023-08-08 11:36:14 [DEBUG]: findfont: score(FontEntry(fname='C:\\Windows\\Fonts\\ROCCB___.TTF', name='Rockwell Condensed', style='normal', variant='normal', weight=700, stretch='condensed', size='scalable')) = 10.535
2023-08-08 11:36:14 [DEBUG]: findfont: score(FontEntry(fname='C:\\WINDOWS\\Fonts\\courbi.ttf', name='Courier New', style='italic', variant='normal', weight=700, stretch='normal', size='scalable')) = 11.335
2023-08-08 11:36:14 [DEBUG]: findfont: score(FontEntry(fname='C:\\Windows\\Fonts\\GIL_____.TTF', name='Gill Sans MT', style='normal', variant='normal', weight=400, stretch='normal', size='scalable')) = 10.05
2023-08-08 11:36:14 [DEBUG]: findfont: score(FontEntry(fname='C:\\WINDOWS\\Fonts\\ARIALN.TTF', name='Arial', style='normal', variant='normal', weight=400, stretch='condensed', size='scalable')) = 0.25
2023-08-08 11:36:14 [DEBUG]: findfont: score(FontEntry(fname='C:\\WINDOWS\\Fonts\\STHUPO.TTF', name='STHupo', style='normal', variant='normal', weight=400, stretch='normal', size='scalable')) = 10.05
2023-08-08 11:36:14 [DEBUG]: findfont: score(FontEntry(fname='C:\\Windows\\Fonts\\consola.ttf', name='Consolas', style='normal', variant='normal', weight=400, stretch='normal', size='scalable')) = 10.05
2023-08-08 11:36:14 [DEBUG]: findfont: score(FontEntry(fname='C:\\Windows\\Fonts\\seguisbi.ttf', name='Segoe UI', style='italic', variant='normal', weight=600, stretch='normal', size='scalable')) = 11.24
2023-08-08 11:36:14 [DEBUG]: findfont: score(FontEntry(fname='C:\\WINDOWS\\Fonts\\malgunsl.ttf', name='Malgun Gothic', style='normal', variant='normal', weight=300, stretch='normal', size='scalable')) = 10.145
2023-08-08 11:36:14 [DEBUG]: findfont: score(FontEntry(fname='C:\\Windows\\Fonts\\REFSPCL.TTF', name='MS Reference Specialty', style='normal', variant='normal', weight=400, stretch='normal', size='scalable')) = 10.05
2023-08-08 11:36:14 [DEBUG]: findfont: score(FontEntry(fname='C:\\WINDOWS\\Fonts\\OLDENGL.TTF', name='Old English Text MT', style='normal', variant='normal', weight=400, stretch='normal', size='scalable')) = 10.05
2023-08-08 11:36:14 [DEBUG]: findfont: score(FontEntry(fname='C:\\WINDOWS\\Fonts\\LSANSDI.TTF', name='Lucida Sans', style='italic', variant='normal', weight=600, stretch='normal', size='scalable')) = 11.24
2023-08-08 11:36:14 [DEBUG]: findfont: score(FontEntry(fname='C:\\WINDOWS\\Fonts\\pala.ttf', name='Palatino Linotype', style='normal', variant='normal', weight=400, stretch='normal', size='scalable')) = 10.05
2023-08-08 11:36:14 [DEBUG]: findfont: score(FontEntry(fname='C:\\Windows\\Fonts\\simkai.ttf', name='KaiTi', style='normal', variant='normal', weight=400, stretch='normal', size='scalable')) = 10.05
2023-08-08 11:36:14 [DEBUG]: findfont: score(FontEntry(fname='C:\\Windows\\Fonts\\trebucit.ttf', name='Trebuchet MS', style='italic', variant='normal', weight=400, stretch='normal', size='scalable')) = 11.05
2023-08-08 11:36:14 [DEBUG]: findfont: score(FontEntry(fname='C:\\WINDOWS\\Fonts\\phagspa.ttf', name='Microsoft PhagsPa', style='normal', variant='normal', weight=400, stretch='normal', size='scalable')) = 10.05
2023-08-08 11:36:14 [DEBUG]: findfont: score(FontEntry(fname='C:\\Windows\\Fonts\\BOOKOS.TTF', name='Bookman Old Style', style='normal', variant='normal', weight=300, stretch='normal', size='scalable')) = 10.145
2023-08-08 11:36:14 [DEBUG]: findfont: score(FontEntry(fname='C:\\WINDOWS\\Fonts\\constanb.ttf', name='Constantia', style='normal', variant='normal', weight=700, stretch='normal', size='scalable')) = 10.335
2023-08-08 11:36:14 [DEBUG]: findfont: score(FontEntry(fname='C:\\Windows\\Fonts\\comicbd.ttf', name='Comic Sans MS', style='normal', variant='normal', weight=700, stretch='normal', size='scalable')) = 10.335
2023-08-08 11:36:14 [DEBUG]: findfont: score(FontEntry(fname='C:\\WINDOWS\\Fonts\\webdings.ttf', name='Webdings', style='normal', variant='normal', weight=400, stretch='normal', size='scalable')) = 10.05
2023-08-08 11:36:14 [DEBUG]: findfont: score(FontEntry(fname='C:\\WINDOWS\\Fonts\\FRADM.TTF', name='Franklin Gothic Demi', style='normal', variant='normal', weight=400, stretch='normal', size='scalable')) = 10.05
2023-08-08 11:36:14 [DEBUG]: findfont: score(FontEntry(fname='C:\\WINDOWS\\Fonts\\CALISTBI.TTF', name='Calisto MT', style='italic', variant='normal', weight=700, stretch='normal', size='scalable')) = 11.335
2023-08-08 11:36:14 [DEBUG]: findfont: score(FontEntry(fname='C:\\Windows\\Fonts\\BERNHC.TTF', name='Bernard MT Condensed', style='normal', variant='normal', weight=400, stretch='condensed', size='scalable')) = 10.25
2023-08-08 11:36:14 [DEBUG]: findfont: score(FontEntry(fname='C:\\WINDOWS\\Fonts\\FRABK.TTF', name='Franklin Gothic Book', style='normal', variant='normal', weight=400, stretch='normal', size='scalable')) = 10.05
2023-08-08 11:36:14 [DEBUG]: findfont: score(FontEntry(fname='C:\\Windows\\Fonts\\ntailu.ttf', name='Microsoft New Tai Lue', style='normal', variant='normal', weight=400, stretch='normal', size='scalable')) = 10.05
2023-08-08 11:36:14 [DEBUG]: findfont: score(FontEntry(fname='C:\\Windows\\Fonts\\GIGI.TTF', name='Gigi', style='normal', variant='normal', weight=400, stretch='normal', size='scalable')) = 10.05
2023-08-08 11:36:14 [DEBUG]: findfont: score(FontEntry(fname='C:\\Windows\\Fonts\\malgunsl.ttf', name='Malgun Gothic', style='normal', variant='normal', weight=300, stretch='normal', size='scalable')) = 10.145
2023-08-08 11:36:14 [DEBUG]: findfont: score(FontEntry(fname='C:\\Windows\\Fonts\\CHILLER.TTF', name='Chiller', style='normal', variant='normal', weight=400, stretch='normal', size='scalable')) = 10.05
2023-08-08 11:36:14 [DEBUG]: findfont: score(FontEntry(fname='C:\\Windows\\Fonts\\msyi.ttf', name='Microsoft Yi Baiti', style='normal', variant='normal', weight=400, stretch='normal', size='scalable')) = 10.05
2023-08-08 11:36:14 [DEBUG]: findfont: score(FontEntry(fname='C:\\WINDOWS\\Fonts\\PERB____.TTF', name='Perpetua', style='normal', variant='normal', weight=700, stretch='normal', size='scalable')) = 10.335
2023-08-08 11:36:14 [DEBUG]: findfont: score(FontEntry(fname='C:\\Windows\\Fonts\\himalaya.ttf', name='Microsoft Himalaya', style='normal', variant='normal', weight=400, stretch='normal', size='scalable')) = 10.05
2023-08-08 11:36:14 [DEBUG]: findfont: score(FontEntry(fname='C:\\WINDOWS\\Fonts\\HATTEN.TTF', name='Haettenschweiler', style='normal', variant='normal', weight=400, stretch='normal', size='scalable')) = 10.05
2023-08-08 11:36:14 [DEBUG]: findfont: score(FontEntry(fname='C:\\Windows\\Fonts\\CALIFI.TTF', name='Californian FB', style='italic', variant='normal', weight=400, stretch='normal', size='scalable')) = 11.05
2023-08-08 11:36:14 [DEBUG]: findfont: score(FontEntry(fname='C:\\WINDOWS\\Fonts\\gadugib.ttf', name='Gadugi', style='normal', variant='normal', weight=700, stretch='normal', size='scalable')) = 10.335
2023-08-08 11:36:14 [DEBUG]: findfont: score(FontEntry(fname='C:\\WINDOWS\\Fonts\\ERASMD.TTF', name='Eras Medium ITC', style='normal', variant='normal', weight=400, stretch='normal', size='scalable')) = 10.05
2023-08-08 11:36:14 [DEBUG]: findfont: score(FontEntry(fname='C:\\Windows\\Fonts\\TEMPSITC.TTF', name='Tempus Sans ITC', style='normal', variant='normal', weight=400, stretch='normal', size='scalable')) = 10.05
2023-08-08 11:36:14 [DEBUG]: findfont: score(FontEntry(fname='C:\\Windows\\Fonts\\STSONG.TTF', name='STSong', style='normal', variant='normal', weight=400, stretch='normal', size='scalable')) = 10.05
2023-08-08 11:36:14 [DEBUG]: findfont: score(FontEntry(fname='C:\\WINDOWS\\Fonts\\LTYPEO.TTF', name='Lucida Sans Typewriter', style='oblique', variant='normal', weight=400, stretch='normal', size='scalable')) = 11.05
2023-08-08 11:36:14 [DEBUG]: findfont: score(FontEntry(fname='C:\\WINDOWS\\Fonts\\segoescb.ttf', name='Segoe Script', style='normal', variant='normal', weight=700, stretch='normal', size='scalable')) = 10.335
2023-08-08 11:36:14 [DEBUG]: findfont: score(FontEntry(fname='C:\\WINDOWS\\Fonts\\segoesc.ttf', name='Segoe Script', style='normal', variant='normal', weight=400, stretch='normal', size='scalable')) = 10.05
2023-08-08 11:36:14 [DEBUG]: findfont: score(FontEntry(fname='C:\\WINDOWS\\Fonts\\CALIFB.TTF', name='Californian FB', style='normal', variant='normal', weight=700, stretch='normal', size='scalable')) = 10.335
2023-08-08 11:36:14 [DEBUG]: findfont: score(FontEntry(fname='C:\\Windows\\Fonts\\ebrimabd.ttf', name='Ebrima', style='normal', variant='normal', weight=700, stretch='normal', size='scalable')) = 10.335
2023-08-08 11:36:14 [DEBUG]: findfont: score(FontEntry(fname='C:\\Windows\\Fonts\\BRITANIC.TTF', name='Britannic Bold', style='normal', variant='normal', weight=400, stretch='normal', size='scalable')) = 10.05
2023-08-08 11:36:14 [DEBUG]: findfont: score(FontEntry(fname='C:\\WINDOWS\\Fonts\\STZHONGS.TTF', name='STZhongsong', style='normal', variant='normal', weight=400, stretch='normal', size='scalable')) = 10.05
2023-08-08 11:36:14 [DEBUG]: findfont: score(FontEntry(fname='C:\\WINDOWS\\Fonts\\calibriz.ttf', name='Calibri', style='italic', variant='normal', weight=700, stretch='normal', size='scalable')) = 11.335
2023-08-08 11:36:14 [DEBUG]: findfont: score(FontEntry(fname='C:\\WINDOWS\\Fonts\\segoeuisl.ttf', name='Segoe UI', style='normal', variant='normal', weight=350, stretch='normal', size='scalable')) = 10.0975
2023-08-08 11:36:14 [DEBUG]: findfont: score(FontEntry(fname='C:\\Windows\\Fonts\\STXINGKA.TTF', name='STXingkai', style='normal', variant='normal', weight=400, stretch='normal', size='scalable')) = 10.05
2023-08-08 11:36:14 [DEBUG]: findfont: score(FontEntry(fname='C:\\Windows\\Fonts\\malgun.ttf', name='Malgun Gothic', style='normal', variant='normal', weight=400, stretch='normal', size='scalable')) = 10.05
2023-08-08 11:36:14 [DEBUG]: findfont: score(FontEntry(fname='C:\\WINDOWS\\Fonts\\MOD20.TTF', name='Modern No. 20', style='normal', variant='normal', weight=400, stretch='normal', size='scalable')) = 10.05
2023-08-08 11:36:14 [DEBUG]: findfont: score(FontEntry(fname='C:\\WINDOWS\\Fonts\\FRAHV.TTF', name='Franklin Gothic Heavy', style='normal', variant='normal', weight=400, stretch='normal', size='scalable')) = 10.05
2023-08-08 11:36:14 [DEBUG]: findfont: score(FontEntry(fname='C:\\Windows\\Fonts\\symbol.ttf', name='Symbol', style='normal', variant='normal', weight=400, stretch='normal', size='scalable')) = 10.05
2023-08-08 11:36:14 [DEBUG]: findfont: score(FontEntry(fname='C:\\Windows\\Fonts\\PALSCRI.TTF', name='Palace Script MT', style='normal', variant='normal', weight=400, stretch='normal', size='scalable')) = 10.05
2023-08-08 11:36:14 [DEBUG]: findfont: score(FontEntry(fname='C:\\WINDOWS\\Fonts\\COLONNA.TTF', name='Colonna MT', style='normal', variant='normal', weight=400, stretch='normal', size='scalable')) = 10.05
2023-08-08 11:36:14 [DEBUG]: findfont: score(FontEntry(fname='C:\\WINDOWS\\Fonts\\VIVALDII.TTF', name='Vivaldi', style='italic', variant='normal', weight=400, stretch='normal', size='scalable')) = 11.05
2023-08-08 11:36:14 [DEBUG]: findfont: score(FontEntry(fname='C:\\Windows\\Fonts\\IMPRISHA.TTF', name='Imprint MT Shadow', style='normal', variant='normal', weight=400, stretch='normal', size='scalable')) = 10.05
2023-08-08 11:36:14 [DEBUG]: findfont: score(FontEntry(fname='C:\\WINDOWS\\Fonts\\segoeuil.ttf', name='Segoe UI', style='normal', variant='normal', weight=300, stretch='normal', size='scalable')) = 10.145
2023-08-08 11:36:14 [DEBUG]: findfont: score(FontEntry(fname='C:\\Windows\\Fonts\\taileb.ttf', name='Microsoft Tai Le', style='normal', variant='normal', weight=700, stretch='normal', size='scalable')) = 10.335
2023-08-08 11:36:14 [DEBUG]: findfont: score(FontEntry(fname='C:\\WINDOWS\\Fonts\\PER_____.TTF', name='Perpetua', style='normal', variant='normal', weight=400, stretch='normal', size='scalable')) = 10.05
2023-08-08 11:36:14 [DEBUG]: findfont: score(FontEntry(fname='C:\\WINDOWS\\Fonts\\IMPRISHA.TTF', name='Imprint MT Shadow', style='normal', variant='normal', weight=400, stretch='normal', size='scalable')) = 10.05
2023-08-08 11:36:14 [DEBUG]: findfont: score(FontEntry(fname='C:\\Windows\\Fonts\\LFAXD.TTF', name='Lucida Fax', style='normal', variant='normal', weight=600, stretch='normal', size='scalable')) = 10.24
2023-08-08 11:36:14 [DEBUG]: findfont: score(FontEntry(fname='C:\\Windows\\Fonts\\SCHLBKI.TTF', name='Century Schoolbook', style='italic', variant='normal', weight=400, stretch='normal', size='scalable')) = 11.05
2023-08-08 11:36:14 [DEBUG]: findfont: score(FontEntry(fname='C:\\Windows\\Fonts\\segmdl2.ttf', name='Segoe MDL2 Assets', style='normal', variant='normal', weight=400, stretch='normal', size='scalable')) = 10.05
2023-08-08 11:36:14 [DEBUG]: findfont: score(FontEntry(fname='C:\\WINDOWS\\Fonts\\BOD_BLAI.TTF', name='Bodoni MT', style='italic', variant='normal', weight=900, stretch='normal', size='scalable')) = 11.525
2023-08-08 11:36:14 [DEBUG]: findfont: score(FontEntry(fname='C:\\WINDOWS\\Fonts\\monbaiti.ttf', name='Mongolian Baiti', style='normal', variant='normal', weight=400, stretch='normal', size='scalable')) = 10.05
2023-08-08 11:36:14 [DEBUG]: findfont: score(FontEntry(fname='C:\\WINDOWS\\Fonts\\MAGNETOB.TTF', name='Magneto', style='normal', variant='normal', weight=700, stretch='normal', size='scalable')) = 10.335
2023-08-08 11:36:14 [DEBUG]: findfont: score(FontEntry(fname='C:\\Windows\\Fonts\\STCAIYUN.TTF', name='STCaiyun', style='normal', variant='normal', weight=400, stretch='normal', size='scalable')) = 10.05
2023-08-08 11:36:14 [DEBUG]: findfont: score(FontEntry(fname='C:\\WINDOWS\\Fonts\\cambria.ttc', name='Cambria', style='normal', variant='normal', weight=400, stretch='normal', size='scalable')) = 10.05
2023-08-08 11:36:14 [DEBUG]: findfont: score(FontEntry(fname='C:\\WINDOWS\\Fonts\\seguihis.ttf', name='Segoe UI Historic', style='normal', variant='normal', weight=400, stretch='normal', size='scalable')) = 10.05
2023-08-08 11:36:14 [DEBUG]: findfont: score(FontEntry(fname='C:\\Windows\\Fonts\\ITCKRIST.TTF', name='Kristen ITC', style='normal', variant='normal', weight=400, stretch='normal', size='scalable')) = 10.05
2023-08-08 11:36:14 [DEBUG]: findfont: score(FontEntry(fname='C:\\Windows\\Fonts\\georgia.ttf', name='Georgia', style='normal', variant='normal', weight=400, stretch='normal', size='scalable')) = 10.05
2023-08-08 11:36:14 [DEBUG]: findfont: score(FontEntry(fname='C:\\Windows\\Fonts\\msyh.ttc', name='Microsoft YaHei', style='normal', variant='normal', weight=400, stretch='normal', size='scalable')) = 10.05
2023-08-08 11:36:14 [DEBUG]: findfont: score(FontEntry(fname='C:\\Windows\\Fonts\\trebucbi.ttf', name='Trebuchet MS', style='italic', variant='normal', weight=700, stretch='normal', size='scalable')) = 11.335
2023-08-08 11:36:14 [DEBUG]: findfont: score(FontEntry(fname='C:\\WINDOWS\\Fonts\\constan.ttf', name='Constantia', style='normal', variant='normal', weight=400, stretch='normal', size='scalable')) = 10.05
2023-08-08 11:36:14 [DEBUG]: findfont: score(FontEntry(fname='C:\\Windows\\Fonts\\Candara.ttf', name='Candara', style='normal', variant='normal', weight=400, stretch='normal', size='scalable')) = 10.05
2023-08-08 11:36:14 [DEBUG]: findfont: score(FontEntry(fname='C:\\WINDOWS\\Fonts\\ARIALNB.TTF', name='Arial', style='normal', variant='normal', weight=700, stretch='condensed', size='scalable')) = 0.5349999999999999
2023-08-08 11:36:14 [DEBUG]: findfont: score(FontEntry(fname='C:\\WINDOWS\\Fonts\\RAVIE.TTF', name='Ravie', style='normal', variant='normal', weight=400, stretch='normal', size='scalable')) = 10.05
2023-08-08 11:36:14 [DEBUG]: findfont: score(FontEntry(fname='C:\\Windows\\Fonts\\LFAXI.TTF', name='Lucida Fax', style='italic', variant='normal', weight=400, stretch='normal', size='scalable')) = 11.05
2023-08-08 11:36:14 [DEBUG]: findfont: score(FontEntry(fname='C:\\Windows\\Fonts\\MSUIGHUR.TTF', name='Microsoft Uighur', style='normal', variant='normal', weight=400, stretch='normal', size='scalable')) = 10.05
2023-08-08 11:36:14 [DEBUG]: findfont: score(FontEntry(fname='C:\\WINDOWS\\Fonts\\wingding.ttf', name='Wingdings', style='normal', variant='normal', weight=400, stretch='normal', size='scalable')) = 10.05
2023-08-08 11:36:14 [DEBUG]: findfont: score(FontEntry(fname='C:\\Windows\\Fonts\\RAVIE.TTF', name='Ravie', style='normal', variant='normal', weight=400, stretch='normal', size='scalable')) = 10.05
2023-08-08 11:36:14 [DEBUG]: findfont: score(FontEntry(fname='C:\\Windows\\Fonts\\LSANSDI.TTF', name='Lucida Sans', style='italic', variant='normal', weight=600, stretch='normal', size='scalable')) = 11.24
2023-08-08 11:36:14 [DEBUG]: findfont: score(FontEntry(fname='C:\\WINDOWS\\Fonts\\georgiab.ttf', name='Georgia', style='normal', variant='normal', weight=700, stretch='normal', size='scalable')) = 10.335
2023-08-08 11:36:14 [DEBUG]: findfont: score(FontEntry(fname='C:\\WINDOWS\\Fonts\\VLADIMIR.TTF', name='Vladimir Script', style='normal', variant='normal', weight=400, stretch='normal', size='scalable')) = 10.05
2023-08-08 11:36:14 [DEBUG]: findfont: score(FontEntry(fname='C:\\WINDOWS\\Fonts\\HARLOWSI.TTF', name='Harlow Solid Italic', style='italic', variant='normal', weight=400, stretch='normal', size='scalable')) = 11.05
2023-08-08 11:36:14 [DEBUG]: findfont: score(FontEntry(fname='C:\\WINDOWS\\Fonts\\mmrtextb.ttf', name='Myanmar Text', style='normal', variant='normal', weight=700, stretch='normal', size='scalable')) = 10.335
2023-08-08 11:36:14 [DEBUG]: findfont: score(FontEntry(fname='C:\\WINDOWS\\Fonts\\Dengb.ttf', name='DengXian', style='normal', variant='normal', weight=700, stretch='normal', size='scalable')) = 10.335
2023-08-08 11:36:14 [DEBUG]: findfont: score(FontEntry(fname='C:\\Windows\\Fonts\\corbelz.ttf', name='Corbel', style='italic', variant='normal', weight=700, stretch='normal', size='scalable')) = 11.335
2023-08-08 11:36:14 [DEBUG]: findfont: Matching sans\-serif:style=normal:variant=normal:weight=normal:stretch=normal:size=34.0 to Arial ('C:\\WINDOWS\\Fonts\\arial.ttf') with score of 0.050000.
2023-08-16 20:07:17 [DEBUG]: delete repeated samples
2023-08-16 20:07:17 [INFO]: train [[1],[2]]
2023-08-16 20:07:24 [DEBUG]: 
              precision    recall  f1-score   support

           0     0.8993    1.0000    0.9470       661
           1     1.0000    0.9272    0.9622      1016

    accuracy                         0.9559      1677
   macro avg     0.9497    0.9636    0.9546      1677
weighted avg     0.9603    0.9559    0.9562      1677

2023-08-16 20:07:24 [DEBUG]: 
              precision    recall  f1-score   support

           0     0.7630    0.9699    0.8541       166
           1     0.9603    0.7076    0.8148       171

    accuracy                         0.8368       337
   macro avg     0.8617    0.8387    0.8345       337
weighted avg     0.8631    0.8368    0.8342       337

2023-08-16 20:07:39 [DEBUG]: delete repeated samples
2023-08-16 20:07:39 [INFO]: train [[0,1,2], [3,4,5]]
2023-08-16 20:07:45 [DEBUG]: 
              precision    recall  f1-score   support

           0     0.9998    0.9882    0.9940      4921
           1     0.9595    0.9993    0.9790      1375

    accuracy                         0.9906      6296
   macro avg     0.9796    0.9937    0.9865      6296
weighted avg     0.9910    0.9906    0.9907      6296

2023-08-16 20:07:45 [DEBUG]: 
              precision    recall  f1-score   support

           0     0.9902    0.9844    0.9873       513
           1     0.9837    0.9897    0.9867       487

    accuracy                         0.9870      1000
   macro avg     0.9869    0.9871    0.9870      1000
weighted avg     0.9870    0.9870    0.9870      1000

2023-08-16 20:07:45 [INFO]: train [[0],[1,2]]
2023-08-16 20:07:49 [DEBUG]: 
              precision    recall  f1-score   support

           0     0.9825    0.9679    0.9752      3244
           1     0.9397    0.9666    0.9530      1677

    accuracy                         0.9675      4921
   macro avg     0.9611    0.9673    0.9641      4921
weighted avg     0.9679    0.9675    0.9676      4921

2023-08-16 20:07:49 [DEBUG]: 
              precision    recall  f1-score   support

           0     0.8172    0.8636    0.8398       176
           1     0.9266    0.8991    0.9127       337

    accuracy                         0.8869       513
   macro avg     0.8719    0.8814    0.8762       513
weighted avg     0.8891    0.8869    0.8876       513

2023-08-16 20:07:49 [INFO]: train [[1],[2]]
2023-08-16 20:07:55 [DEBUG]: 
              precision    recall  f1-score   support

           0     0.8993    1.0000    0.9470       661
           1     1.0000    0.9272    0.9622      1016

    accuracy                         0.9559      1677
   macro avg     0.9497    0.9636    0.9546      1677
weighted avg     0.9603    0.9559    0.9562      1677

2023-08-16 20:07:55 [DEBUG]: 
              precision    recall  f1-score   support

           0     0.7630    0.9699    0.8541       166
           1     0.9603    0.7076    0.8148       171

    accuracy                         0.8368       337
   macro avg     0.8617    0.8387    0.8345       337
weighted avg     0.8631    0.8368    0.8342       337

2023-08-16 20:07:55 [INFO]: train [[3],[4],[5]]
2023-08-16 20:08:01 [DEBUG]: 
              precision    recall  f1-score   support

           0     1.0000    1.0000    1.0000       554
           1     1.0000    1.0000    1.0000       351
           2     1.0000    1.0000    1.0000       470

    accuracy                         1.0000      1375
   macro avg     1.0000    1.0000    1.0000      1375
weighted avg     1.0000    1.0000    1.0000      1375

2023-08-16 20:08:01 [DEBUG]: 
              precision    recall  f1-score   support

           0     1.0000    0.9822    0.9910       169
           1     0.9811    1.0000    0.9905       156
           2     1.0000    1.0000    1.0000       162

    accuracy                         0.9938       487
   macro avg     0.9937    0.9941    0.9938       487
weighted avg     0.9940    0.9938    0.9938       487

2023-08-16 20:08:06 [DEBUG]: 
              precision    recall  f1-score   support

           0     0.9819    0.9510    0.9662      3244
           1     0.8379    0.9697    0.8990       661
           2     0.9436    0.8888    0.9154      1016
           3     0.9601    1.0000    0.9797       554
           4     0.9461    1.0000    0.9723       351
           5     0.9690    0.9979    0.9832       470

    accuracy                         0.9535      6296
   macro avg     0.9398    0.9679    0.9526      6296
weighted avg     0.9557    0.9535    0.9537      6296

2023-08-16 20:08:07 [DEBUG]: 
              precision    recall  f1-score   support

           0     0.8054    0.8466    0.8255       176
           1     0.7256    0.9398    0.8189       166
           2     0.9727    0.6257    0.7616       171
           3     0.9820    0.9704    0.9762       169
           4     0.9571    1.0000    0.9781       156
           5     0.9938    0.9815    0.9876       162

    accuracy                         0.8910      1000
   macro avg     0.9061    0.8940    0.8913      1000
weighted avg     0.9048    0.8910    0.8890      1000

2023-08-16 20:25:20 [DEBUG]: delete repeated samples
2023-08-16 20:25:20 [INFO]: train [[3],[4],[5]]
2023-08-16 20:25:26 [DEBUG]: 
              precision    recall  f1-score   support

           0     1.0000    1.0000    1.0000       554
           1     1.0000    1.0000    1.0000       351
           2     1.0000    1.0000    1.0000       470

    accuracy                         1.0000      1375
   macro avg     1.0000    1.0000    1.0000      1375
weighted avg     1.0000    1.0000    1.0000      1375

2023-08-16 20:25:26 [DEBUG]: 
              precision    recall  f1-score   support

           0     1.0000    0.9822    0.9910       169
           1     0.9811    1.0000    0.9905       156
           2     1.0000    1.0000    1.0000       162

    accuracy                         0.9938       487
   macro avg     0.9937    0.9941    0.9938       487
weighted avg     0.9940    0.9938    0.9938       487

2023-08-16 20:25:39 [DEBUG]: delete repeated samples
2023-08-16 20:25:39 [INFO]: train [[3],[4],[5]]
2023-08-16 20:25:48 [DEBUG]: 
              precision    recall  f1-score   support

           0     1.0000    1.0000    1.0000       554
           1     1.0000    1.0000    1.0000       351
           2     1.0000    1.0000    1.0000       470

    accuracy                         1.0000      1375
   macro avg     1.0000    1.0000    1.0000      1375
weighted avg     1.0000    1.0000    1.0000      1375

2023-08-16 20:25:48 [DEBUG]: 
              precision    recall  f1-score   support

           0     1.0000    0.9822    0.9910       169
           1     0.9811    1.0000    0.9905       156
           2     1.0000    1.0000    1.0000       162

    accuracy                         0.9938       487
   macro avg     0.9937    0.9941    0.9938       487
weighted avg     0.9940    0.9938    0.9938       487

